<!doctype html public "-//w3c//dtd html 4.0 transitional//en">
<html><head>
<title>Static Call Graph - [.\Objects\LoRaWAN_Car_Lock.axf]</title></head>
<body><HR>
<H1>Static Call Graph for image .\Objects\LoRaWAN_Car_Lock.axf</H1><HR>
<BR><P>#&#060CALLGRAPH&#062# ARM Linker, 5060960: Last Updated: Mon Apr 14 13:52:56 2025
<BR><P>
<H3>Maximum Stack Usage =        296 bytes + Unknown(Cycles, Untraceable Function Pointers)</H3><H3>
Call chain for Maximum Stack Depth:</H3>
main &rArr; LoRaWAN_Init &rArr; AT_LoRaWAN_setAPPKEY &rArr; AT_Exec_SendCMD &rArr; INFO &rArr; INFO_SendData
<P>
<H3>
Mutually Recursive functions
</H3> <LI><a href="#[11]">ADC1_COMP_IRQHandler</a>&nbsp;&nbsp;&nbsp;&rArr;&nbsp;&nbsp;&nbsp;<a href="#[11]">ADC1_COMP_IRQHandler</a><BR>
</UL>
<P>
<H3>
Function Pointers
</H3><UL>
 <LI><a href="#[11]">ADC1_COMP_IRQHandler</a> from startup_stm32l051xx.o(.text) referenced from startup_stm32l051xx.o(RESET)
 <LI><a href="#[e]">DMA1_Channel1_IRQHandler</a> from startup_stm32l051xx.o(.text) referenced from startup_stm32l051xx.o(RESET)
 <LI><a href="#[f]">DMA1_Channel2_3_IRQHandler</a> from startup_stm32l051xx.o(.text) referenced from startup_stm32l051xx.o(RESET)
 <LI><a href="#[10]">DMA1_Channel4_5_6_7_IRQHandler</a> from startup_stm32l051xx.o(.text) referenced from startup_stm32l051xx.o(RESET)
 <LI><a href="#[b]">EXTI0_1_IRQHandler</a> from gpio.o(i.EXTI0_1_IRQHandler) referenced from startup_stm32l051xx.o(RESET)
 <LI><a href="#[c]">EXTI2_3_IRQHandler</a> from startup_stm32l051xx.o(.text) referenced from startup_stm32l051xx.o(RESET)
 <LI><a href="#[d]">EXTI4_15_IRQHandler</a> from gpio.o(i.EXTI4_15_IRQHandler) referenced from startup_stm32l051xx.o(RESET)
 <LI><a href="#[9]">FLASH_IRQHandler</a> from startup_stm32l051xx.o(.text) referenced from startup_stm32l051xx.o(RESET)
 <LI><a href="#[2]">HardFault_Handler</a> from stm32l0xx_it.o(i.HardFault_Handler) referenced from startup_stm32l051xx.o(RESET)
 <LI><a href="#[17]">I2C1_IRQHandler</a> from startup_stm32l051xx.o(.text) referenced from startup_stm32l051xx.o(RESET)
 <LI><a href="#[18]">I2C2_IRQHandler</a> from startup_stm32l051xx.o(.text) referenced from startup_stm32l051xx.o(RESET)
 <LI><a href="#[12]">LPTIM1_IRQHandler</a> from startup_stm32l051xx.o(.text) referenced from startup_stm32l051xx.o(RESET)
 <LI><a href="#[1d]">LPUART1_IRQHandler</a> from uart.o(i.LPUART1_IRQHandler) referenced from startup_stm32l051xx.o(RESET)
 <LI><a href="#[1]">NMI_Handler</a> from stm32l0xx_it.o(i.NMI_Handler) referenced from startup_stm32l051xx.o(RESET)
 <LI><a href="#[7]">PVD_IRQHandler</a> from startup_stm32l051xx.o(.text) referenced from startup_stm32l051xx.o(RESET)
 <LI><a href="#[4]">PendSV_Handler</a> from stm32l0xx_it.o(i.PendSV_Handler) referenced from startup_stm32l051xx.o(RESET)
 <LI><a href="#[a]">RCC_IRQHandler</a> from startup_stm32l051xx.o(.text) referenced from startup_stm32l051xx.o(RESET)
 <LI><a href="#[8]">RTC_IRQHandler</a> from startup_stm32l051xx.o(.text) referenced from startup_stm32l051xx.o(RESET)
 <LI><a href="#[24]">Reset_Handler</a> from startup_stm32l051xx.o(.text) referenced from startup_stm32l051xx.o(RESET)
 <LI><a href="#[19]">SPI1_IRQHandler</a> from startup_stm32l051xx.o(.text) referenced from startup_stm32l051xx.o(RESET)
 <LI><a href="#[1a]">SPI2_IRQHandler</a> from startup_stm32l051xx.o(.text) referenced from startup_stm32l051xx.o(RESET)
 <LI><a href="#[3]">SVC_Handler</a> from stm32l0xx_it.o(i.SVC_Handler) referenced from startup_stm32l051xx.o(RESET)
 <LI><a href="#[5]">SysTick_Handler</a> from systick.o(i.SysTick_Handler) referenced from startup_stm32l051xx.o(RESET)
 <LI><a href="#[1f]">SystemInit</a> from system_stm32l0xx.o(i.SystemInit) referenced from startup_stm32l051xx.o(.text)
 <LI><a href="#[15]">TIM21_IRQHandler</a> from startup_stm32l051xx.o(.text) referenced from startup_stm32l051xx.o(RESET)
 <LI><a href="#[16]">TIM22_IRQHandler</a> from startup_stm32l051xx.o(.text) referenced from startup_stm32l051xx.o(RESET)
 <LI><a href="#[13]">TIM2_IRQHandler</a> from startup_stm32l051xx.o(.text) referenced from startup_stm32l051xx.o(RESET)
 <LI><a href="#[14]">TIM6_IRQHandler</a> from tim.o(i.TIM6_IRQHandler) referenced from startup_stm32l051xx.o(RESET)
 <LI><a href="#[1b]">USART1_IRQHandler</a> from uart.o(i.USART1_IRQHandler) referenced from startup_stm32l051xx.o(RESET)
 <LI><a href="#[1c]">USART2_IRQHandler</a> from uart.o(i.USART2_IRQHandler) referenced from startup_stm32l051xx.o(RESET)
 <LI><a href="#[6]">WWDG_IRQHandler</a> from startup_stm32l051xx.o(.text) referenced from startup_stm32l051xx.o(RESET)
 <LI><a href="#[20]">__main</a> from entry.o(.ARM.Collect$$$$00000000) referenced from startup_stm32l051xx.o(.text)
 <LI><a href="#[21]">_snputc</a> from printfa.o(i._snputc) referenced from printfa.o(i.__0snprintf)
 <LI><a href="#[22]">_sputc</a> from printfa.o(i._sputc) referenced from printfa.o(i.__0sprintf)
 <LI><a href="#[22]">_sputc</a> from printfa.o(i._sputc) referenced from printfa.o(i.__0vsprintf)
 <LI><a href="#[1e]">main</a> from main.o(i.main) referenced from entry9a.o(.ARM.Collect$$$$0000000B)
 <LI><a href="#[23]">my_buff_evt_fn</a> from communicate.o(i.my_buff_evt_fn) referenced from communicate.o(i.lwrbDataInit)
</UL>
<P>
<H3>
Global Symbols
</H3>
<P><STRONG><a name="[20]"></a>__main</STRONG> (Thumb, 0 bytes, Stack size unknown bytes, entry.o(.ARM.Collect$$$$00000000))
<BR>[Address Reference Count : 1]<UL><LI> startup_stm32l051xx.o(.text)
</UL>
<P><STRONG><a name="[d7]"></a>_main_stk</STRONG> (Thumb, 0 bytes, Stack size unknown bytes, entry2.o(.ARM.Collect$$$$00000001))

<P><STRONG><a name="[25]"></a>_main_scatterload</STRONG> (Thumb, 0 bytes, Stack size unknown bytes, entry5.o(.ARM.Collect$$$$00000004))
<BR><BR>[Calls]<UL><LI><a href="#[26]">&gt;&gt;</a>&nbsp;&nbsp;&nbsp;__scatterload
</UL>

<P><STRONG><a name="[38]"></a>__main_after_scatterload</STRONG> (Thumb, 0 bytes, Stack size unknown bytes, entry5.o(.ARM.Collect$$$$00000004))
<BR><BR>[Called By]<UL><LI><a href="#[26]">&gt;&gt;</a>&nbsp;&nbsp;&nbsp;__scatterload
</UL>

<P><STRONG><a name="[d8]"></a>_main_clock</STRONG> (Thumb, 0 bytes, Stack size unknown bytes, entry7b.o(.ARM.Collect$$$$00000008))

<P><STRONG><a name="[d9]"></a>_main_cpp_init</STRONG> (Thumb, 0 bytes, Stack size unknown bytes, entry8b.o(.ARM.Collect$$$$0000000A))

<P><STRONG><a name="[da]"></a>_main_init</STRONG> (Thumb, 0 bytes, Stack size unknown bytes, entry9a.o(.ARM.Collect$$$$0000000B))

<P><STRONG><a name="[27]"></a>__rt_lib_shutdown_fini</STRONG> (Thumb, 0 bytes, Stack size unknown bytes, entry12b.o(.ARM.Collect$$$$0000000E))
<BR><BR>[Calls]<UL><LI><a href="#[28]">&gt;&gt;</a>&nbsp;&nbsp;&nbsp;__arm_fini_ (Weak Reference)
</UL>

<P><STRONG><a name="[db]"></a>__rt_final_cpp</STRONG> (Thumb, 0 bytes, Stack size unknown bytes, entry10a.o(.ARM.Collect$$$$0000000F))

<P><STRONG><a name="[dc]"></a>__rt_final_exit</STRONG> (Thumb, 0 bytes, Stack size unknown bytes, entry11a.o(.ARM.Collect$$$$00000011))

<P><STRONG><a name="[24]"></a>Reset_Handler</STRONG> (Thumb, 8 bytes, Stack size 0 bytes, startup_stm32l051xx.o(.text))

<P><STRONG><a name="[11]"></a>ADC1_COMP_IRQHandler</STRONG> (Thumb, 0 bytes, Stack size 0 bytes, startup_stm32l051xx.o(.text))
<BR><BR>[Calls]<UL><LI><a href="#[11]">&gt;&gt;</a>&nbsp;&nbsp;&nbsp;ADC1_COMP_IRQHandler
</UL>
<BR>[Called By]<UL><LI><a href="#[11]">&gt;&gt;</a>&nbsp;&nbsp;&nbsp;ADC1_COMP_IRQHandler
</UL>
<BR>[Address Reference Count : 1]<UL><LI> startup_stm32l051xx.o(RESET)
</UL>
<P><STRONG><a name="[e]"></a>DMA1_Channel1_IRQHandler</STRONG> (Thumb, 0 bytes, Stack size 0 bytes, startup_stm32l051xx.o(.text))
<BR>[Address Reference Count : 1]<UL><LI> startup_stm32l051xx.o(RESET)
</UL>
<P><STRONG><a name="[f]"></a>DMA1_Channel2_3_IRQHandler</STRONG> (Thumb, 0 bytes, Stack size 0 bytes, startup_stm32l051xx.o(.text))
<BR>[Address Reference Count : 1]<UL><LI> startup_stm32l051xx.o(RESET)
</UL>
<P><STRONG><a name="[10]"></a>DMA1_Channel4_5_6_7_IRQHandler</STRONG> (Thumb, 0 bytes, Stack size 0 bytes, startup_stm32l051xx.o(.text))
<BR>[Address Reference Count : 1]<UL><LI> startup_stm32l051xx.o(RESET)
</UL>
<P><STRONG><a name="[c]"></a>EXTI2_3_IRQHandler</STRONG> (Thumb, 0 bytes, Stack size 0 bytes, startup_stm32l051xx.o(.text))
<BR>[Address Reference Count : 1]<UL><LI> startup_stm32l051xx.o(RESET)
</UL>
<P><STRONG><a name="[9]"></a>FLASH_IRQHandler</STRONG> (Thumb, 0 bytes, Stack size 0 bytes, startup_stm32l051xx.o(.text))
<BR>[Address Reference Count : 1]<UL><LI> startup_stm32l051xx.o(RESET)
</UL>
<P><STRONG><a name="[17]"></a>I2C1_IRQHandler</STRONG> (Thumb, 0 bytes, Stack size 0 bytes, startup_stm32l051xx.o(.text))
<BR>[Address Reference Count : 1]<UL><LI> startup_stm32l051xx.o(RESET)
</UL>
<P><STRONG><a name="[18]"></a>I2C2_IRQHandler</STRONG> (Thumb, 0 bytes, Stack size 0 bytes, startup_stm32l051xx.o(.text))
<BR>[Address Reference Count : 1]<UL><LI> startup_stm32l051xx.o(RESET)
</UL>
<P><STRONG><a name="[12]"></a>LPTIM1_IRQHandler</STRONG> (Thumb, 0 bytes, Stack size 0 bytes, startup_stm32l051xx.o(.text))
<BR>[Address Reference Count : 1]<UL><LI> startup_stm32l051xx.o(RESET)
</UL>
<P><STRONG><a name="[7]"></a>PVD_IRQHandler</STRONG> (Thumb, 0 bytes, Stack size 0 bytes, startup_stm32l051xx.o(.text))
<BR>[Address Reference Count : 1]<UL><LI> startup_stm32l051xx.o(RESET)
</UL>
<P><STRONG><a name="[a]"></a>RCC_IRQHandler</STRONG> (Thumb, 0 bytes, Stack size 0 bytes, startup_stm32l051xx.o(.text))
<BR>[Address Reference Count : 1]<UL><LI> startup_stm32l051xx.o(RESET)
</UL>
<P><STRONG><a name="[8]"></a>RTC_IRQHandler</STRONG> (Thumb, 0 bytes, Stack size 0 bytes, startup_stm32l051xx.o(.text))
<BR>[Address Reference Count : 1]<UL><LI> startup_stm32l051xx.o(RESET)
</UL>
<P><STRONG><a name="[19]"></a>SPI1_IRQHandler</STRONG> (Thumb, 0 bytes, Stack size 0 bytes, startup_stm32l051xx.o(.text))
<BR>[Address Reference Count : 1]<UL><LI> startup_stm32l051xx.o(RESET)
</UL>
<P><STRONG><a name="[1a]"></a>SPI2_IRQHandler</STRONG> (Thumb, 0 bytes, Stack size 0 bytes, startup_stm32l051xx.o(.text))
<BR>[Address Reference Count : 1]<UL><LI> startup_stm32l051xx.o(RESET)
</UL>
<P><STRONG><a name="[15]"></a>TIM21_IRQHandler</STRONG> (Thumb, 0 bytes, Stack size 0 bytes, startup_stm32l051xx.o(.text))
<BR>[Address Reference Count : 1]<UL><LI> startup_stm32l051xx.o(RESET)
</UL>
<P><STRONG><a name="[16]"></a>TIM22_IRQHandler</STRONG> (Thumb, 0 bytes, Stack size 0 bytes, startup_stm32l051xx.o(.text))
<BR>[Address Reference Count : 1]<UL><LI> startup_stm32l051xx.o(RESET)
</UL>
<P><STRONG><a name="[13]"></a>TIM2_IRQHandler</STRONG> (Thumb, 0 bytes, Stack size 0 bytes, startup_stm32l051xx.o(.text))
<BR>[Address Reference Count : 1]<UL><LI> startup_stm32l051xx.o(RESET)
</UL>
<P><STRONG><a name="[6]"></a>WWDG_IRQHandler</STRONG> (Thumb, 0 bytes, Stack size 0 bytes, startup_stm32l051xx.o(.text))
<BR>[Address Reference Count : 1]<UL><LI> startup_stm32l051xx.o(RESET)
</UL>
<P><STRONG><a name="[dd]"></a>__aeabi_uidiv</STRONG> (Thumb, 0 bytes, Stack size 12 bytes, uidiv.o(.text), UNUSED)

<P><STRONG><a name="[9f]"></a>__aeabi_uidivmod</STRONG> (Thumb, 44 bytes, Stack size 12 bytes, uidiv.o(.text))
<BR><BR>[Stack]<UL><LI>Max Depth = 12<LI>Call Chain = __aeabi_uidivmod
</UL>
<BR>[Called By]<UL><LI><a href="#[81]">&gt;&gt;</a>&nbsp;&nbsp;&nbsp;LL_USART_Init
<LI><a href="#[9e]">&gt;&gt;</a>&nbsp;&nbsp;&nbsp;LL_Init1msTick
<LI><a href="#[b6]">&gt;&gt;</a>&nbsp;&nbsp;&nbsp;RCC_PLL_GetFreqDomain_SYS
<LI><a href="#[c4]">&gt;&gt;</a>&nbsp;&nbsp;&nbsp;_printf_core
</UL>

<P><STRONG><a name="[29]"></a>__aeabi_uldivmod</STRONG> (Thumb, 96 bytes, Stack size 48 bytes, uldiv.o(.text))
<BR><BR>[Stack]<UL><LI>Max Depth = 56<LI>Call Chain = __aeabi_uldivmod &rArr; __aeabi_llsr
</UL>
<BR>[Calls]<UL><LI><a href="#[2a]">&gt;&gt;</a>&nbsp;&nbsp;&nbsp;__aeabi_llsr
<LI><a href="#[2b]">&gt;&gt;</a>&nbsp;&nbsp;&nbsp;__aeabi_llsl
</UL>
<BR>[Called By]<UL><LI><a href="#[72]">&gt;&gt;</a>&nbsp;&nbsp;&nbsp;LL_LPUART_Init
<LI><a href="#[c4]">&gt;&gt;</a>&nbsp;&nbsp;&nbsp;_printf_core
<LI><a href="#[c7]">&gt;&gt;</a>&nbsp;&nbsp;&nbsp;_fp_digits
</UL>

<P><STRONG><a name="[6b]"></a>__aeabi_memcpy</STRONG> (Thumb, 36 bytes, Stack size 0 bytes, memcpya.o(.text))
<BR><BR>[Called By]<UL><LI><a href="#[cc]">&gt;&gt;</a>&nbsp;&nbsp;&nbsp;lwrb_write
<LI><a href="#[8d]">&gt;&gt;</a>&nbsp;&nbsp;&nbsp;lwrb_read
<LI><a href="#[8e]">&gt;&gt;</a>&nbsp;&nbsp;&nbsp;sendLoRaWANData
<LI><a href="#[cb]">&gt;&gt;</a>&nbsp;&nbsp;&nbsp;fromBTDataHandle
<LI><a href="#[ac]">&gt;&gt;</a>&nbsp;&nbsp;&nbsp;LoRaWAN_Init
<LI><a href="#[6a]">&gt;&gt;</a>&nbsp;&nbsp;&nbsp;App_Init
</UL>

<P><STRONG><a name="[58]"></a>__aeabi_memcpy4</STRONG> (Thumb, 0 bytes, Stack size 0 bytes, memcpya.o(.text))
<BR><BR>[Called By]<UL><LI><a href="#[69]">&gt;&gt;</a>&nbsp;&nbsp;&nbsp;AT_LoRaWAN_setSleep
<LI><a href="#[68]">&gt;&gt;</a>&nbsp;&nbsp;&nbsp;AT_LoRaWAN_setRX2
<LI><a href="#[67]">&gt;&gt;</a>&nbsp;&nbsp;&nbsp;AT_LoRaWAN_setPORT
<LI><a href="#[60]">&gt;&gt;</a>&nbsp;&nbsp;&nbsp;AT_LoRaWAN_setCHMASK
<LI><a href="#[5a]">&gt;&gt;</a>&nbsp;&nbsp;&nbsp;AT_LoRaWAN_setAPPKEY
<LI><a href="#[57]">&gt;&gt;</a>&nbsp;&nbsp;&nbsp;AT_LoRaWAN_setAPPEUI
</UL>

<P><STRONG><a name="[de]"></a>__aeabi_memcpy8</STRONG> (Thumb, 0 bytes, Stack size 0 bytes, memcpya.o(.text), UNUSED)

<P><STRONG><a name="[2d]"></a>__aeabi_memset</STRONG> (Thumb, 14 bytes, Stack size 0 bytes, memseta.o(.text))
<BR><BR>[Called By]<UL><LI><a href="#[2e]">&gt;&gt;</a>&nbsp;&nbsp;&nbsp;_memset$wrapper
<LI><a href="#[2c]">&gt;&gt;</a>&nbsp;&nbsp;&nbsp;__aeabi_memclr
</UL>

<P><STRONG><a name="[df]"></a>__aeabi_memset4</STRONG> (Thumb, 0 bytes, Stack size 0 bytes, memseta.o(.text), UNUSED)

<P><STRONG><a name="[e0]"></a>__aeabi_memset8</STRONG> (Thumb, 0 bytes, Stack size 0 bytes, memseta.o(.text), UNUSED)

<P><STRONG><a name="[2c]"></a>__aeabi_memclr</STRONG> (Thumb, 4 bytes, Stack size 0 bytes, memseta.o(.text))
<BR><BR>[Calls]<UL><LI><a href="#[2d]">&gt;&gt;</a>&nbsp;&nbsp;&nbsp;__aeabi_memset
</UL>
<BR>[Called By]<UL><LI><a href="#[5c]">&gt;&gt;</a>&nbsp;&nbsp;&nbsp;AT_LoRaWAN_setATExit
<LI><a href="#[cf]">&gt;&gt;</a>&nbsp;&nbsp;&nbsp;fromUartDataHandle
<LI><a href="#[8c]">&gt;&gt;</a>&nbsp;&nbsp;&nbsp;DeviceStateProcess
<LI><a href="#[3a]">&gt;&gt;</a>&nbsp;&nbsp;&nbsp;AT_Exec_SendCMD
</UL>

<P><STRONG><a name="[5e]"></a>__aeabi_memclr4</STRONG> (Thumb, 0 bytes, Stack size 0 bytes, memseta.o(.text))
<BR><BR>[Called By]<UL><LI><a href="#[d2]">&gt;&gt;</a>&nbsp;&nbsp;&nbsp;lwrb_init
<LI><a href="#[cb]">&gt;&gt;</a>&nbsp;&nbsp;&nbsp;fromBTDataHandle
<LI><a href="#[8c]">&gt;&gt;</a>&nbsp;&nbsp;&nbsp;DeviceStateProcess
<LI><a href="#[87]">&gt;&gt;</a>&nbsp;&nbsp;&nbsp;App_Uart2Cfg
<LI><a href="#[80]">&gt;&gt;</a>&nbsp;&nbsp;&nbsp;App_Uart1Cfg
<LI><a href="#[75]">&gt;&gt;</a>&nbsp;&nbsp;&nbsp;App_PortCfg
<LI><a href="#[6c]">&gt;&gt;</a>&nbsp;&nbsp;&nbsp;App_LpUart1Cfg
<LI><a href="#[5d]">&gt;&gt;</a>&nbsp;&nbsp;&nbsp;AT_LoRaWAN_setBand
</UL>

<P><STRONG><a name="[e1]"></a>__aeabi_memclr8</STRONG> (Thumb, 0 bytes, Stack size 0 bytes, memseta.o(.text), UNUSED)

<P><STRONG><a name="[2e]"></a>_memset$wrapper</STRONG> (Thumb, 18 bytes, Stack size 8 bytes, memseta.o(.text), UNUSED)
<BR><BR>[Calls]<UL><LI><a href="#[2d]">&gt;&gt;</a>&nbsp;&nbsp;&nbsp;__aeabi_memset
</UL>

<P><STRONG><a name="[3e]"></a>strstr</STRONG> (Thumb, 40 bytes, Stack size 12 bytes, strstr.o(.text))
<BR><BR>[Stack]<UL><LI>Max Depth = 12<LI>Call Chain = strstr
</UL>
<BR>[Called By]<UL><LI><a href="#[4a]">&gt;&gt;</a>&nbsp;&nbsp;&nbsp;AT_LoRaWAN_getJOIN
<LI><a href="#[4b]">&gt;&gt;</a>&nbsp;&nbsp;&nbsp;AT_LoRaWAN_getJOIN_1
<LI><a href="#[3a]">&gt;&gt;</a>&nbsp;&nbsp;&nbsp;AT_Exec_SendCMD
</UL>

<P><STRONG><a name="[89]"></a>strlen</STRONG> (Thumb, 14 bytes, Stack size 0 bytes, strlen.o(.text))
<BR><BR>[Called By]<UL><LI><a href="#[3d]">&gt;&gt;</a>&nbsp;&nbsp;&nbsp;LoRa_SendCMD
<LI><a href="#[88]">&gt;&gt;</a>&nbsp;&nbsp;&nbsp;BT_SendCMD
<LI><a href="#[3c]">&gt;&gt;</a>&nbsp;&nbsp;&nbsp;INFO
</UL>

<P><STRONG><a name="[2b]"></a>__aeabi_llsl</STRONG> (Thumb, 32 bytes, Stack size 8 bytes, llshl.o(.text))
<BR><BR>[Stack]<UL><LI>Max Depth = 8<LI>Call Chain = __aeabi_llsl
</UL>
<BR>[Called By]<UL><LI><a href="#[29]">&gt;&gt;</a>&nbsp;&nbsp;&nbsp;__aeabi_uldivmod
<LI><a href="#[31]">&gt;&gt;</a>&nbsp;&nbsp;&nbsp;_double_epilogue
<LI><a href="#[2f]">&gt;&gt;</a>&nbsp;&nbsp;&nbsp;__aeabi_dadd
<LI><a href="#[37]">&gt;&gt;</a>&nbsp;&nbsp;&nbsp;__aeabi_d2ulz
</UL>

<P><STRONG><a name="[e2]"></a>_ll_shift_l</STRONG> (Thumb, 0 bytes, Stack size 8 bytes, llshl.o(.text), UNUSED)

<P><STRONG><a name="[2a]"></a>__aeabi_llsr</STRONG> (Thumb, 34 bytes, Stack size 8 bytes, llushr.o(.text))
<BR><BR>[Stack]<UL><LI>Max Depth = 8<LI>Call Chain = __aeabi_llsr
</UL>
<BR>[Called By]<UL><LI><a href="#[29]">&gt;&gt;</a>&nbsp;&nbsp;&nbsp;__aeabi_uldivmod
<LI><a href="#[31]">&gt;&gt;</a>&nbsp;&nbsp;&nbsp;_double_epilogue
<LI><a href="#[37]">&gt;&gt;</a>&nbsp;&nbsp;&nbsp;__aeabi_d2ulz
</UL>

<P><STRONG><a name="[e3]"></a>_ll_ushift_r</STRONG> (Thumb, 0 bytes, Stack size 8 bytes, llushr.o(.text), UNUSED)

<P><STRONG><a name="[e4]"></a>__I$use$fp</STRONG> (Thumb, 0 bytes, Stack size 48 bytes, iusefp.o(.text), UNUSED)

<P><STRONG><a name="[2f]"></a>__aeabi_dadd</STRONG> (Thumb, 330 bytes, Stack size 48 bytes, dadd.o(.text), UNUSED)
<BR><BR>[Calls]<UL><LI><a href="#[30]">&gt;&gt;</a>&nbsp;&nbsp;&nbsp;__aeabi_lasr
<LI><a href="#[32]">&gt;&gt;</a>&nbsp;&nbsp;&nbsp;_double_round
<LI><a href="#[31]">&gt;&gt;</a>&nbsp;&nbsp;&nbsp;_double_epilogue
<LI><a href="#[2b]">&gt;&gt;</a>&nbsp;&nbsp;&nbsp;__aeabi_llsl
</UL>
<BR>[Called By]<UL><LI><a href="#[34]">&gt;&gt;</a>&nbsp;&nbsp;&nbsp;__aeabi_drsub
<LI><a href="#[33]">&gt;&gt;</a>&nbsp;&nbsp;&nbsp;__aeabi_dsub
<LI><a href="#[c7]">&gt;&gt;</a>&nbsp;&nbsp;&nbsp;_fp_digits
</UL>

<P><STRONG><a name="[33]"></a>__aeabi_dsub</STRONG> (Thumb, 12 bytes, Stack size 8 bytes, dadd.o(.text), UNUSED)
<BR><BR>[Calls]<UL><LI><a href="#[2f]">&gt;&gt;</a>&nbsp;&nbsp;&nbsp;__aeabi_dadd
</UL>

<P><STRONG><a name="[34]"></a>__aeabi_drsub</STRONG> (Thumb, 12 bytes, Stack size 8 bytes, dadd.o(.text), UNUSED)
<BR><BR>[Calls]<UL><LI><a href="#[2f]">&gt;&gt;</a>&nbsp;&nbsp;&nbsp;__aeabi_dadd
</UL>

<P><STRONG><a name="[35]"></a>__aeabi_dmul</STRONG> (Thumb, 202 bytes, Stack size 72 bytes, dmul.o(.text), UNUSED)
<BR><BR>[Calls]<UL><LI><a href="#[31]">&gt;&gt;</a>&nbsp;&nbsp;&nbsp;_double_epilogue
</UL>
<BR>[Called By]<UL><LI><a href="#[c7]">&gt;&gt;</a>&nbsp;&nbsp;&nbsp;_fp_digits
</UL>

<P><STRONG><a name="[36]"></a>__aeabi_ddiv</STRONG> (Thumb, 234 bytes, Stack size 40 bytes, ddiv.o(.text), UNUSED)
<BR><BR>[Calls]<UL><LI><a href="#[32]">&gt;&gt;</a>&nbsp;&nbsp;&nbsp;_double_round
</UL>
<BR>[Called By]<UL><LI><a href="#[c7]">&gt;&gt;</a>&nbsp;&nbsp;&nbsp;_fp_digits
</UL>

<P><STRONG><a name="[37]"></a>__aeabi_d2ulz</STRONG> (Thumb, 54 bytes, Stack size 8 bytes, dfixul.o(.text), UNUSED)
<BR><BR>[Calls]<UL><LI><a href="#[2a]">&gt;&gt;</a>&nbsp;&nbsp;&nbsp;__aeabi_llsr
<LI><a href="#[2b]">&gt;&gt;</a>&nbsp;&nbsp;&nbsp;__aeabi_llsl
</UL>
<BR>[Called By]<UL><LI><a href="#[c7]">&gt;&gt;</a>&nbsp;&nbsp;&nbsp;_fp_digits
</UL>

<P><STRONG><a name="[c8]"></a>__aeabi_cdrcmple</STRONG> (Thumb, 38 bytes, Stack size 0 bytes, cdrcmple.o(.text), UNUSED)
<BR><BR>[Called By]<UL><LI><a href="#[c7]">&gt;&gt;</a>&nbsp;&nbsp;&nbsp;_fp_digits
</UL>

<P><STRONG><a name="[26]"></a>__scatterload</STRONG> (Thumb, 28 bytes, Stack size 0 bytes, init.o(.text))
<BR><BR>[Calls]<UL><LI><a href="#[38]">&gt;&gt;</a>&nbsp;&nbsp;&nbsp;__main_after_scatterload
</UL>
<BR>[Called By]<UL><LI><a href="#[25]">&gt;&gt;</a>&nbsp;&nbsp;&nbsp;_main_scatterload
</UL>

<P><STRONG><a name="[e5]"></a>__scatterload_rt2</STRONG> (Thumb, 0 bytes, Stack size 0 bytes, init.o(.text), UNUSED)

<P><STRONG><a name="[30]"></a>__aeabi_lasr</STRONG> (Thumb, 38 bytes, Stack size 8 bytes, llsshr.o(.text), UNUSED)
<BR><BR>[Called By]<UL><LI><a href="#[2f]">&gt;&gt;</a>&nbsp;&nbsp;&nbsp;__aeabi_dadd
</UL>

<P><STRONG><a name="[e6]"></a>_ll_sshift_r</STRONG> (Thumb, 0 bytes, Stack size 8 bytes, llsshr.o(.text), UNUSED)

<P><STRONG><a name="[32]"></a>_double_round</STRONG> (Thumb, 26 bytes, Stack size 8 bytes, depilogue.o(.text), UNUSED)
<BR><BR>[Called By]<UL><LI><a href="#[31]">&gt;&gt;</a>&nbsp;&nbsp;&nbsp;_double_epilogue
<LI><a href="#[36]">&gt;&gt;</a>&nbsp;&nbsp;&nbsp;__aeabi_ddiv
<LI><a href="#[2f]">&gt;&gt;</a>&nbsp;&nbsp;&nbsp;__aeabi_dadd
</UL>

<P><STRONG><a name="[31]"></a>_double_epilogue</STRONG> (Thumb, 164 bytes, Stack size 48 bytes, depilogue.o(.text), UNUSED)
<BR><BR>[Calls]<UL><LI><a href="#[39]">&gt;&gt;</a>&nbsp;&nbsp;&nbsp;__ARM_clz
<LI><a href="#[32]">&gt;&gt;</a>&nbsp;&nbsp;&nbsp;_double_round
<LI><a href="#[2a]">&gt;&gt;</a>&nbsp;&nbsp;&nbsp;__aeabi_llsr
<LI><a href="#[2b]">&gt;&gt;</a>&nbsp;&nbsp;&nbsp;__aeabi_llsl
</UL>
<BR>[Called By]<UL><LI><a href="#[35]">&gt;&gt;</a>&nbsp;&nbsp;&nbsp;__aeabi_dmul
<LI><a href="#[2f]">&gt;&gt;</a>&nbsp;&nbsp;&nbsp;__aeabi_dadd
</UL>

<P><STRONG><a name="[3a]"></a>AT_Exec_SendCMD</STRONG> (Thumb, 230 bytes, Stack size 40 bytes, lorawan_atcmd.o(i.AT_Exec_SendCMD))
<BR><BR>[Stack]<UL><LI>Max Depth = 96<LI>Call Chain = AT_Exec_SendCMD &rArr; INFO &rArr; INFO_SendData
</UL>
<BR>[Calls]<UL><LI><a href="#[3b]">&gt;&gt;</a>&nbsp;&nbsp;&nbsp;getLoRaWANStatus
<LI><a href="#[3d]">&gt;&gt;</a>&nbsp;&nbsp;&nbsp;LoRa_SendCMD
<LI><a href="#[3c]">&gt;&gt;</a>&nbsp;&nbsp;&nbsp;INFO
<LI><a href="#[3f]">&gt;&gt;</a>&nbsp;&nbsp;&nbsp;LoRa_DelayMs
<LI><a href="#[3e]">&gt;&gt;</a>&nbsp;&nbsp;&nbsp;strstr
<LI><a href="#[2c]">&gt;&gt;</a>&nbsp;&nbsp;&nbsp;__aeabi_memclr
</UL>
<BR>[Called By]<UL><LI><a href="#[5c]">&gt;&gt;</a>&nbsp;&nbsp;&nbsp;AT_LoRaWAN_setATExit
<LI><a href="#[5b]">&gt;&gt;</a>&nbsp;&nbsp;&nbsp;AT_LoRaWAN_setATEnter
<LI><a href="#[4a]">&gt;&gt;</a>&nbsp;&nbsp;&nbsp;AT_LoRaWAN_getJOIN
<LI><a href="#[69]">&gt;&gt;</a>&nbsp;&nbsp;&nbsp;AT_LoRaWAN_setSleep
<LI><a href="#[68]">&gt;&gt;</a>&nbsp;&nbsp;&nbsp;AT_LoRaWAN_setRX2
<LI><a href="#[67]">&gt;&gt;</a>&nbsp;&nbsp;&nbsp;AT_LoRaWAN_setPORT
<LI><a href="#[66]">&gt;&gt;</a>&nbsp;&nbsp;&nbsp;AT_LoRaWAN_setLoRaWANMode
<LI><a href="#[65]">&gt;&gt;</a>&nbsp;&nbsp;&nbsp;AT_LoRaWAN_setJOIN_Close
<LI><a href="#[64]">&gt;&gt;</a>&nbsp;&nbsp;&nbsp;AT_LoRaWAN_setJOIN
<LI><a href="#[63]">&gt;&gt;</a>&nbsp;&nbsp;&nbsp;AT_LoRaWAN_setIrq
<LI><a href="#[62]">&gt;&gt;</a>&nbsp;&nbsp;&nbsp;AT_LoRaWAN_setDataRate
<LI><a href="#[61]">&gt;&gt;</a>&nbsp;&nbsp;&nbsp;AT_LoRaWAN_setClass
<LI><a href="#[60]">&gt;&gt;</a>&nbsp;&nbsp;&nbsp;AT_LoRaWAN_setCHMASK
<LI><a href="#[5d]">&gt;&gt;</a>&nbsp;&nbsp;&nbsp;AT_LoRaWAN_setBand
<LI><a href="#[5a]">&gt;&gt;</a>&nbsp;&nbsp;&nbsp;AT_LoRaWAN_setAPPKEY
<LI><a href="#[57]">&gt;&gt;</a>&nbsp;&nbsp;&nbsp;AT_LoRaWAN_setAPPEUI
<LI><a href="#[56]">&gt;&gt;</a>&nbsp;&nbsp;&nbsp;AT_LoRaWAN_restFactory
<LI><a href="#[55]">&gt;&gt;</a>&nbsp;&nbsp;&nbsp;AT_LoRaWAN_reboot
<LI><a href="#[54]">&gt;&gt;</a>&nbsp;&nbsp;&nbsp;AT_LoRaWAN_getVer
<LI><a href="#[53]">&gt;&gt;</a>&nbsp;&nbsp;&nbsp;AT_LoRaWAN_getSleep
<LI><a href="#[52]">&gt;&gt;</a>&nbsp;&nbsp;&nbsp;AT_LoRaWAN_getRxChext
<LI><a href="#[51]">&gt;&gt;</a>&nbsp;&nbsp;&nbsp;AT_LoRaWAN_getRx1
<LI><a href="#[50]">&gt;&gt;</a>&nbsp;&nbsp;&nbsp;AT_LoRaWAN_getRX2
<LI><a href="#[4f]">&gt;&gt;</a>&nbsp;&nbsp;&nbsp;AT_LoRaWAN_getParam
<LI><a href="#[4e]">&gt;&gt;</a>&nbsp;&nbsp;&nbsp;AT_LoRaWAN_getPORT
<LI><a href="#[4d]">&gt;&gt;</a>&nbsp;&nbsp;&nbsp;AT_LoRaWAN_getMacMode
<LI><a href="#[4c]">&gt;&gt;</a>&nbsp;&nbsp;&nbsp;AT_LoRaWAN_getLpcpin
<LI><a href="#[4b]">&gt;&gt;</a>&nbsp;&nbsp;&nbsp;AT_LoRaWAN_getJOIN_1
<LI><a href="#[49]">&gt;&gt;</a>&nbsp;&nbsp;&nbsp;AT_LoRaWAN_getIrq
<LI><a href="#[48]">&gt;&gt;</a>&nbsp;&nbsp;&nbsp;AT_LoRaWAN_getDataRate
<LI><a href="#[47]">&gt;&gt;</a>&nbsp;&nbsp;&nbsp;AT_LoRaWAN_getDEVEUI
<LI><a href="#[46]">&gt;&gt;</a>&nbsp;&nbsp;&nbsp;AT_LoRaWAN_getDEVADDR
<LI><a href="#[45]">&gt;&gt;</a>&nbsp;&nbsp;&nbsp;AT_LoRaWAN_getClass
<LI><a href="#[44]">&gt;&gt;</a>&nbsp;&nbsp;&nbsp;AT_LoRaWAN_getCHMASK
<LI><a href="#[43]">&gt;&gt;</a>&nbsp;&nbsp;&nbsp;AT_LoRaWAN_getBand
<LI><a href="#[42]">&gt;&gt;</a>&nbsp;&nbsp;&nbsp;AT_LoRaWAN_getAPPKEY
<LI><a href="#[40]">&gt;&gt;</a>&nbsp;&nbsp;&nbsp;AT_LoRaWAN_getAPPEUI
</UL>

<P><STRONG><a name="[40]"></a>AT_LoRaWAN_getAPPEUI</STRONG> (Thumb, 134 bytes, Stack size 32 bytes, lorawan_atcmd.o(i.AT_LoRaWAN_getAPPEUI))
<BR><BR>[Stack]<UL><LI>Max Depth = 128<LI>Call Chain = AT_LoRaWAN_getAPPEUI &rArr; AT_Exec_SendCMD &rArr; INFO &rArr; INFO_SendData
</UL>
<BR>[Calls]<UL><LI><a href="#[3c]">&gt;&gt;</a>&nbsp;&nbsp;&nbsp;INFO
<LI><a href="#[3f]">&gt;&gt;</a>&nbsp;&nbsp;&nbsp;LoRa_DelayMs
<LI><a href="#[41]">&gt;&gt;</a>&nbsp;&nbsp;&nbsp;cmd_get_hexstr2hex
<LI><a href="#[3a]">&gt;&gt;</a>&nbsp;&nbsp;&nbsp;AT_Exec_SendCMD
</UL>
<BR>[Called By]<UL><LI><a href="#[ac]">&gt;&gt;</a>&nbsp;&nbsp;&nbsp;LoRaWAN_Init
</UL>

<P><STRONG><a name="[42]"></a>AT_LoRaWAN_getAPPKEY</STRONG> (Thumb, 190 bytes, Stack size 64 bytes, lorawan_atcmd.o(i.AT_LoRaWAN_getAPPKEY))
<BR><BR>[Stack]<UL><LI>Max Depth = 160<LI>Call Chain = AT_LoRaWAN_getAPPKEY &rArr; AT_Exec_SendCMD &rArr; INFO &rArr; INFO_SendData
</UL>
<BR>[Calls]<UL><LI><a href="#[3c]">&gt;&gt;</a>&nbsp;&nbsp;&nbsp;INFO
<LI><a href="#[3f]">&gt;&gt;</a>&nbsp;&nbsp;&nbsp;LoRa_DelayMs
<LI><a href="#[41]">&gt;&gt;</a>&nbsp;&nbsp;&nbsp;cmd_get_hexstr2hex
<LI><a href="#[3a]">&gt;&gt;</a>&nbsp;&nbsp;&nbsp;AT_Exec_SendCMD
</UL>
<BR>[Called By]<UL><LI><a href="#[ac]">&gt;&gt;</a>&nbsp;&nbsp;&nbsp;LoRaWAN_Init
</UL>

<P><STRONG><a name="[43]"></a>AT_LoRaWAN_getBand</STRONG> (Thumb, 60 bytes, Stack size 8 bytes, lorawan_atcmd.o(i.AT_LoRaWAN_getBand))
<BR><BR>[Stack]<UL><LI>Max Depth = 104<LI>Call Chain = AT_LoRaWAN_getBand &rArr; AT_Exec_SendCMD &rArr; INFO &rArr; INFO_SendData
</UL>
<BR>[Calls]<UL><LI><a href="#[3c]">&gt;&gt;</a>&nbsp;&nbsp;&nbsp;INFO
<LI><a href="#[3f]">&gt;&gt;</a>&nbsp;&nbsp;&nbsp;LoRa_DelayMs
<LI><a href="#[3a]">&gt;&gt;</a>&nbsp;&nbsp;&nbsp;AT_Exec_SendCMD
</UL>
<BR>[Called By]<UL><LI><a href="#[ac]">&gt;&gt;</a>&nbsp;&nbsp;&nbsp;LoRaWAN_Init
</UL>

<P><STRONG><a name="[44]"></a>AT_LoRaWAN_getCHMASK</STRONG> (Thumb, 60 bytes, Stack size 8 bytes, lorawan_atcmd.o(i.AT_LoRaWAN_getCHMASK))
<BR><BR>[Stack]<UL><LI>Max Depth = 104<LI>Call Chain = AT_LoRaWAN_getCHMASK &rArr; AT_Exec_SendCMD &rArr; INFO &rArr; INFO_SendData
</UL>
<BR>[Calls]<UL><LI><a href="#[3c]">&gt;&gt;</a>&nbsp;&nbsp;&nbsp;INFO
<LI><a href="#[3f]">&gt;&gt;</a>&nbsp;&nbsp;&nbsp;LoRa_DelayMs
<LI><a href="#[3a]">&gt;&gt;</a>&nbsp;&nbsp;&nbsp;AT_Exec_SendCMD
</UL>
<BR>[Called By]<UL><LI><a href="#[ac]">&gt;&gt;</a>&nbsp;&nbsp;&nbsp;LoRaWAN_Init
</UL>

<P><STRONG><a name="[45]"></a>AT_LoRaWAN_getClass</STRONG> (Thumb, 60 bytes, Stack size 8 bytes, lorawan_atcmd.o(i.AT_LoRaWAN_getClass))
<BR><BR>[Stack]<UL><LI>Max Depth = 104<LI>Call Chain = AT_LoRaWAN_getClass &rArr; AT_Exec_SendCMD &rArr; INFO &rArr; INFO_SendData
</UL>
<BR>[Calls]<UL><LI><a href="#[3c]">&gt;&gt;</a>&nbsp;&nbsp;&nbsp;INFO
<LI><a href="#[3f]">&gt;&gt;</a>&nbsp;&nbsp;&nbsp;LoRa_DelayMs
<LI><a href="#[3a]">&gt;&gt;</a>&nbsp;&nbsp;&nbsp;AT_Exec_SendCMD
</UL>
<BR>[Called By]<UL><LI><a href="#[ac]">&gt;&gt;</a>&nbsp;&nbsp;&nbsp;LoRaWAN_Init
</UL>

<P><STRONG><a name="[46]"></a>AT_LoRaWAN_getDEVADDR</STRONG> (Thumb, 104 bytes, Stack size 16 bytes, lorawan_atcmd.o(i.AT_LoRaWAN_getDEVADDR))
<BR><BR>[Stack]<UL><LI>Max Depth = 112<LI>Call Chain = AT_LoRaWAN_getDEVADDR &rArr; AT_Exec_SendCMD &rArr; INFO &rArr; INFO_SendData
</UL>
<BR>[Calls]<UL><LI><a href="#[3c]">&gt;&gt;</a>&nbsp;&nbsp;&nbsp;INFO
<LI><a href="#[3f]">&gt;&gt;</a>&nbsp;&nbsp;&nbsp;LoRa_DelayMs
<LI><a href="#[41]">&gt;&gt;</a>&nbsp;&nbsp;&nbsp;cmd_get_hexstr2hex
<LI><a href="#[3a]">&gt;&gt;</a>&nbsp;&nbsp;&nbsp;AT_Exec_SendCMD
</UL>
<BR>[Called By]<UL><LI><a href="#[ac]">&gt;&gt;</a>&nbsp;&nbsp;&nbsp;LoRaWAN_Init
</UL>

<P><STRONG><a name="[47]"></a>AT_LoRaWAN_getDEVEUI</STRONG> (Thumb, 134 bytes, Stack size 32 bytes, lorawan_atcmd.o(i.AT_LoRaWAN_getDEVEUI))
<BR><BR>[Stack]<UL><LI>Max Depth = 128<LI>Call Chain = AT_LoRaWAN_getDEVEUI &rArr; AT_Exec_SendCMD &rArr; INFO &rArr; INFO_SendData
</UL>
<BR>[Calls]<UL><LI><a href="#[3c]">&gt;&gt;</a>&nbsp;&nbsp;&nbsp;INFO
<LI><a href="#[3f]">&gt;&gt;</a>&nbsp;&nbsp;&nbsp;LoRa_DelayMs
<LI><a href="#[41]">&gt;&gt;</a>&nbsp;&nbsp;&nbsp;cmd_get_hexstr2hex
<LI><a href="#[3a]">&gt;&gt;</a>&nbsp;&nbsp;&nbsp;AT_Exec_SendCMD
</UL>
<BR>[Called By]<UL><LI><a href="#[ac]">&gt;&gt;</a>&nbsp;&nbsp;&nbsp;LoRaWAN_Init
</UL>

<P><STRONG><a name="[48]"></a>AT_LoRaWAN_getDataRate</STRONG> (Thumb, 60 bytes, Stack size 8 bytes, lorawan_atcmd.o(i.AT_LoRaWAN_getDataRate))
<BR><BR>[Stack]<UL><LI>Max Depth = 104<LI>Call Chain = AT_LoRaWAN_getDataRate &rArr; AT_Exec_SendCMD &rArr; INFO &rArr; INFO_SendData
</UL>
<BR>[Calls]<UL><LI><a href="#[3c]">&gt;&gt;</a>&nbsp;&nbsp;&nbsp;INFO
<LI><a href="#[3f]">&gt;&gt;</a>&nbsp;&nbsp;&nbsp;LoRa_DelayMs
<LI><a href="#[3a]">&gt;&gt;</a>&nbsp;&nbsp;&nbsp;AT_Exec_SendCMD
</UL>
<BR>[Called By]<UL><LI><a href="#[ac]">&gt;&gt;</a>&nbsp;&nbsp;&nbsp;LoRaWAN_Init
</UL>

<P><STRONG><a name="[49]"></a>AT_LoRaWAN_getIrq</STRONG> (Thumb, 60 bytes, Stack size 8 bytes, lorawan_atcmd.o(i.AT_LoRaWAN_getIrq))
<BR><BR>[Stack]<UL><LI>Max Depth = 104<LI>Call Chain = AT_LoRaWAN_getIrq &rArr; AT_Exec_SendCMD &rArr; INFO &rArr; INFO_SendData
</UL>
<BR>[Calls]<UL><LI><a href="#[3c]">&gt;&gt;</a>&nbsp;&nbsp;&nbsp;INFO
<LI><a href="#[3f]">&gt;&gt;</a>&nbsp;&nbsp;&nbsp;LoRa_DelayMs
<LI><a href="#[3a]">&gt;&gt;</a>&nbsp;&nbsp;&nbsp;AT_Exec_SendCMD
</UL>
<BR>[Called By]<UL><LI><a href="#[ac]">&gt;&gt;</a>&nbsp;&nbsp;&nbsp;LoRaWAN_Init
</UL>

<P><STRONG><a name="[4a]"></a>AT_LoRaWAN_getJOIN</STRONG> (Thumb, 72 bytes, Stack size 8 bytes, lorawan_atcmd.o(i.AT_LoRaWAN_getJOIN))
<BR><BR>[Stack]<UL><LI>Max Depth = 104<LI>Call Chain = AT_LoRaWAN_getJOIN &rArr; AT_Exec_SendCMD &rArr; INFO &rArr; INFO_SendData
</UL>
<BR>[Calls]<UL><LI><a href="#[3c]">&gt;&gt;</a>&nbsp;&nbsp;&nbsp;INFO
<LI><a href="#[3f]">&gt;&gt;</a>&nbsp;&nbsp;&nbsp;LoRa_DelayMs
<LI><a href="#[3a]">&gt;&gt;</a>&nbsp;&nbsp;&nbsp;AT_Exec_SendCMD
<LI><a href="#[3e]">&gt;&gt;</a>&nbsp;&nbsp;&nbsp;strstr
</UL>
<BR>[Called By]<UL><LI><a href="#[8e]">&gt;&gt;</a>&nbsp;&nbsp;&nbsp;sendLoRaWANData
</UL>

<P><STRONG><a name="[4b]"></a>AT_LoRaWAN_getJOIN_1</STRONG> (Thumb, 52 bytes, Stack size 8 bytes, lorawan_atcmd.o(i.AT_LoRaWAN_getJOIN_1))
<BR><BR>[Stack]<UL><LI>Max Depth = 104<LI>Call Chain = AT_LoRaWAN_getJOIN_1 &rArr; AT_Exec_SendCMD &rArr; INFO &rArr; INFO_SendData
</UL>
<BR>[Calls]<UL><LI><a href="#[3c]">&gt;&gt;</a>&nbsp;&nbsp;&nbsp;INFO
<LI><a href="#[3a]">&gt;&gt;</a>&nbsp;&nbsp;&nbsp;AT_Exec_SendCMD
<LI><a href="#[3e]">&gt;&gt;</a>&nbsp;&nbsp;&nbsp;strstr
</UL>
<BR>[Called By]<UL><LI><a href="#[b0]">&gt;&gt;</a>&nbsp;&nbsp;&nbsp;LoRaWAN_JoinInit
</UL>

<P><STRONG><a name="[4c]"></a>AT_LoRaWAN_getLpcpin</STRONG> (Thumb, 60 bytes, Stack size 8 bytes, lorawan_atcmd.o(i.AT_LoRaWAN_getLpcpin))
<BR><BR>[Stack]<UL><LI>Max Depth = 104<LI>Call Chain = AT_LoRaWAN_getLpcpin &rArr; AT_Exec_SendCMD &rArr; INFO &rArr; INFO_SendData
</UL>
<BR>[Calls]<UL><LI><a href="#[3c]">&gt;&gt;</a>&nbsp;&nbsp;&nbsp;INFO
<LI><a href="#[3f]">&gt;&gt;</a>&nbsp;&nbsp;&nbsp;LoRa_DelayMs
<LI><a href="#[3a]">&gt;&gt;</a>&nbsp;&nbsp;&nbsp;AT_Exec_SendCMD
</UL>
<BR>[Called By]<UL><LI><a href="#[ac]">&gt;&gt;</a>&nbsp;&nbsp;&nbsp;LoRaWAN_Init
</UL>

<P><STRONG><a name="[4d]"></a>AT_LoRaWAN_getMacMode</STRONG> (Thumb, 60 bytes, Stack size 8 bytes, lorawan_atcmd.o(i.AT_LoRaWAN_getMacMode))
<BR><BR>[Stack]<UL><LI>Max Depth = 104<LI>Call Chain = AT_LoRaWAN_getMacMode &rArr; AT_Exec_SendCMD &rArr; INFO &rArr; INFO_SendData
</UL>
<BR>[Calls]<UL><LI><a href="#[3c]">&gt;&gt;</a>&nbsp;&nbsp;&nbsp;INFO
<LI><a href="#[3f]">&gt;&gt;</a>&nbsp;&nbsp;&nbsp;LoRa_DelayMs
<LI><a href="#[3a]">&gt;&gt;</a>&nbsp;&nbsp;&nbsp;AT_Exec_SendCMD
</UL>
<BR>[Called By]<UL><LI><a href="#[ac]">&gt;&gt;</a>&nbsp;&nbsp;&nbsp;LoRaWAN_Init
</UL>

<P><STRONG><a name="[4e]"></a>AT_LoRaWAN_getPORT</STRONG> (Thumb, 60 bytes, Stack size 8 bytes, lorawan_atcmd.o(i.AT_LoRaWAN_getPORT))
<BR><BR>[Stack]<UL><LI>Max Depth = 104<LI>Call Chain = AT_LoRaWAN_getPORT &rArr; AT_Exec_SendCMD &rArr; INFO &rArr; INFO_SendData
</UL>
<BR>[Calls]<UL><LI><a href="#[3c]">&gt;&gt;</a>&nbsp;&nbsp;&nbsp;INFO
<LI><a href="#[3f]">&gt;&gt;</a>&nbsp;&nbsp;&nbsp;LoRa_DelayMs
<LI><a href="#[3a]">&gt;&gt;</a>&nbsp;&nbsp;&nbsp;AT_Exec_SendCMD
</UL>
<BR>[Called By]<UL><LI><a href="#[ac]">&gt;&gt;</a>&nbsp;&nbsp;&nbsp;LoRaWAN_Init
</UL>

<P><STRONG><a name="[4f]"></a>AT_LoRaWAN_getParam</STRONG> (Thumb, 60 bytes, Stack size 8 bytes, lorawan_atcmd.o(i.AT_LoRaWAN_getParam))
<BR><BR>[Stack]<UL><LI>Max Depth = 104<LI>Call Chain = AT_LoRaWAN_getParam &rArr; AT_Exec_SendCMD &rArr; INFO &rArr; INFO_SendData
</UL>
<BR>[Calls]<UL><LI><a href="#[3c]">&gt;&gt;</a>&nbsp;&nbsp;&nbsp;INFO
<LI><a href="#[3f]">&gt;&gt;</a>&nbsp;&nbsp;&nbsp;LoRa_DelayMs
<LI><a href="#[3a]">&gt;&gt;</a>&nbsp;&nbsp;&nbsp;AT_Exec_SendCMD
</UL>
<BR>[Called By]<UL><LI><a href="#[ac]">&gt;&gt;</a>&nbsp;&nbsp;&nbsp;LoRaWAN_Init
</UL>

<P><STRONG><a name="[50]"></a>AT_LoRaWAN_getRX2</STRONG> (Thumb, 60 bytes, Stack size 8 bytes, lorawan_atcmd.o(i.AT_LoRaWAN_getRX2))
<BR><BR>[Stack]<UL><LI>Max Depth = 104<LI>Call Chain = AT_LoRaWAN_getRX2 &rArr; AT_Exec_SendCMD &rArr; INFO &rArr; INFO_SendData
</UL>
<BR>[Calls]<UL><LI><a href="#[3c]">&gt;&gt;</a>&nbsp;&nbsp;&nbsp;INFO
<LI><a href="#[3f]">&gt;&gt;</a>&nbsp;&nbsp;&nbsp;LoRa_DelayMs
<LI><a href="#[3a]">&gt;&gt;</a>&nbsp;&nbsp;&nbsp;AT_Exec_SendCMD
</UL>
<BR>[Called By]<UL><LI><a href="#[ac]">&gt;&gt;</a>&nbsp;&nbsp;&nbsp;LoRaWAN_Init
</UL>

<P><STRONG><a name="[51]"></a>AT_LoRaWAN_getRx1</STRONG> (Thumb, 60 bytes, Stack size 8 bytes, lorawan_atcmd.o(i.AT_LoRaWAN_getRx1))
<BR><BR>[Stack]<UL><LI>Max Depth = 104<LI>Call Chain = AT_LoRaWAN_getRx1 &rArr; AT_Exec_SendCMD &rArr; INFO &rArr; INFO_SendData
</UL>
<BR>[Calls]<UL><LI><a href="#[3c]">&gt;&gt;</a>&nbsp;&nbsp;&nbsp;INFO
<LI><a href="#[3f]">&gt;&gt;</a>&nbsp;&nbsp;&nbsp;LoRa_DelayMs
<LI><a href="#[3a]">&gt;&gt;</a>&nbsp;&nbsp;&nbsp;AT_Exec_SendCMD
</UL>
<BR>[Called By]<UL><LI><a href="#[ac]">&gt;&gt;</a>&nbsp;&nbsp;&nbsp;LoRaWAN_Init
</UL>

<P><STRONG><a name="[52]"></a>AT_LoRaWAN_getRxChext</STRONG> (Thumb, 60 bytes, Stack size 8 bytes, lorawan_atcmd.o(i.AT_LoRaWAN_getRxChext))
<BR><BR>[Stack]<UL><LI>Max Depth = 104<LI>Call Chain = AT_LoRaWAN_getRxChext &rArr; AT_Exec_SendCMD &rArr; INFO &rArr; INFO_SendData
</UL>
<BR>[Calls]<UL><LI><a href="#[3c]">&gt;&gt;</a>&nbsp;&nbsp;&nbsp;INFO
<LI><a href="#[3f]">&gt;&gt;</a>&nbsp;&nbsp;&nbsp;LoRa_DelayMs
<LI><a href="#[3a]">&gt;&gt;</a>&nbsp;&nbsp;&nbsp;AT_Exec_SendCMD
</UL>
<BR>[Called By]<UL><LI><a href="#[ac]">&gt;&gt;</a>&nbsp;&nbsp;&nbsp;LoRaWAN_Init
</UL>

<P><STRONG><a name="[53]"></a>AT_LoRaWAN_getSleep</STRONG> (Thumb, 60 bytes, Stack size 8 bytes, lorawan_atcmd.o(i.AT_LoRaWAN_getSleep))
<BR><BR>[Stack]<UL><LI>Max Depth = 104<LI>Call Chain = AT_LoRaWAN_getSleep &rArr; AT_Exec_SendCMD &rArr; INFO &rArr; INFO_SendData
</UL>
<BR>[Calls]<UL><LI><a href="#[3c]">&gt;&gt;</a>&nbsp;&nbsp;&nbsp;INFO
<LI><a href="#[3f]">&gt;&gt;</a>&nbsp;&nbsp;&nbsp;LoRa_DelayMs
<LI><a href="#[3a]">&gt;&gt;</a>&nbsp;&nbsp;&nbsp;AT_Exec_SendCMD
</UL>
<BR>[Called By]<UL><LI><a href="#[ac]">&gt;&gt;</a>&nbsp;&nbsp;&nbsp;LoRaWAN_Init
</UL>

<P><STRONG><a name="[54]"></a>AT_LoRaWAN_getVer</STRONG> (Thumb, 60 bytes, Stack size 8 bytes, lorawan_atcmd.o(i.AT_LoRaWAN_getVer))
<BR><BR>[Stack]<UL><LI>Max Depth = 104<LI>Call Chain = AT_LoRaWAN_getVer &rArr; AT_Exec_SendCMD &rArr; INFO &rArr; INFO_SendData
</UL>
<BR>[Calls]<UL><LI><a href="#[3c]">&gt;&gt;</a>&nbsp;&nbsp;&nbsp;INFO
<LI><a href="#[3f]">&gt;&gt;</a>&nbsp;&nbsp;&nbsp;LoRa_DelayMs
<LI><a href="#[3a]">&gt;&gt;</a>&nbsp;&nbsp;&nbsp;AT_Exec_SendCMD
</UL>
<BR>[Called By]<UL><LI><a href="#[ac]">&gt;&gt;</a>&nbsp;&nbsp;&nbsp;LoRaWAN_Init
</UL>

<P><STRONG><a name="[55]"></a>AT_LoRaWAN_reboot</STRONG> (Thumb, 56 bytes, Stack size 8 bytes, lorawan_atcmd.o(i.AT_LoRaWAN_reboot))
<BR><BR>[Stack]<UL><LI>Max Depth = 104<LI>Call Chain = AT_LoRaWAN_reboot &rArr; AT_Exec_SendCMD &rArr; INFO &rArr; INFO_SendData
</UL>
<BR>[Calls]<UL><LI><a href="#[3f]">&gt;&gt;</a>&nbsp;&nbsp;&nbsp;LoRa_DelayMs
<LI><a href="#[3a]">&gt;&gt;</a>&nbsp;&nbsp;&nbsp;AT_Exec_SendCMD
</UL>
<BR>[Called By]<UL><LI><a href="#[ac]">&gt;&gt;</a>&nbsp;&nbsp;&nbsp;LoRaWAN_Init
</UL>

<P><STRONG><a name="[56]"></a>AT_LoRaWAN_restFactory</STRONG> (Thumb, 56 bytes, Stack size 8 bytes, lorawan_atcmd.o(i.AT_LoRaWAN_restFactory))
<BR><BR>[Stack]<UL><LI>Max Depth = 104<LI>Call Chain = AT_LoRaWAN_restFactory &rArr; AT_Exec_SendCMD &rArr; INFO &rArr; INFO_SendData
</UL>
<BR>[Calls]<UL><LI><a href="#[3f]">&gt;&gt;</a>&nbsp;&nbsp;&nbsp;LoRa_DelayMs
<LI><a href="#[3a]">&gt;&gt;</a>&nbsp;&nbsp;&nbsp;AT_Exec_SendCMD
</UL>
<BR>[Called By]<UL><LI><a href="#[ac]">&gt;&gt;</a>&nbsp;&nbsp;&nbsp;LoRaWAN_Init
</UL>

<P><STRONG><a name="[57]"></a>AT_LoRaWAN_setAPPEUI</STRONG> (Thumb, 106 bytes, Stack size 64 bytes, lorawan_atcmd.o(i.AT_LoRaWAN_setAPPEUI))
<BR><BR>[Stack]<UL><LI>Max Depth = 160<LI>Call Chain = AT_LoRaWAN_setAPPEUI &rArr; AT_Exec_SendCMD &rArr; INFO &rArr; INFO_SendData
</UL>
<BR>[Calls]<UL><LI><a href="#[3f]">&gt;&gt;</a>&nbsp;&nbsp;&nbsp;LoRa_DelayMs
<LI><a href="#[3a]">&gt;&gt;</a>&nbsp;&nbsp;&nbsp;AT_Exec_SendCMD
<LI><a href="#[58]">&gt;&gt;</a>&nbsp;&nbsp;&nbsp;__aeabi_memcpy4
<LI><a href="#[59]">&gt;&gt;</a>&nbsp;&nbsp;&nbsp;__2sprintf
</UL>
<BR>[Called By]<UL><LI><a href="#[ac]">&gt;&gt;</a>&nbsp;&nbsp;&nbsp;LoRaWAN_Init
</UL>

<P><STRONG><a name="[5a]"></a>AT_LoRaWAN_setAPPKEY</STRONG> (Thumb, 168 bytes, Stack size 112 bytes, lorawan_atcmd.o(i.AT_LoRaWAN_setAPPKEY))
<BR><BR>[Stack]<UL><LI>Max Depth = 208<LI>Call Chain = AT_LoRaWAN_setAPPKEY &rArr; AT_Exec_SendCMD &rArr; INFO &rArr; INFO_SendData
</UL>
<BR>[Calls]<UL><LI><a href="#[3f]">&gt;&gt;</a>&nbsp;&nbsp;&nbsp;LoRa_DelayMs
<LI><a href="#[3a]">&gt;&gt;</a>&nbsp;&nbsp;&nbsp;AT_Exec_SendCMD
<LI><a href="#[58]">&gt;&gt;</a>&nbsp;&nbsp;&nbsp;__aeabi_memcpy4
<LI><a href="#[59]">&gt;&gt;</a>&nbsp;&nbsp;&nbsp;__2sprintf
</UL>
<BR>[Called By]<UL><LI><a href="#[ac]">&gt;&gt;</a>&nbsp;&nbsp;&nbsp;LoRaWAN_Init
</UL>

<P><STRONG><a name="[5b]"></a>AT_LoRaWAN_setATEnter</STRONG> (Thumb, 24 bytes, Stack size 8 bytes, lorawan_atcmd.o(i.AT_LoRaWAN_setATEnter))
<BR><BR>[Stack]<UL><LI>Max Depth = 104<LI>Call Chain = AT_LoRaWAN_setATEnter &rArr; AT_Exec_SendCMD &rArr; INFO &rArr; INFO_SendData
</UL>
<BR>[Calls]<UL><LI><a href="#[3a]">&gt;&gt;</a>&nbsp;&nbsp;&nbsp;AT_Exec_SendCMD
</UL>
<BR>[Called By]<UL><LI><a href="#[8e]">&gt;&gt;</a>&nbsp;&nbsp;&nbsp;sendLoRaWANData
<LI><a href="#[b0]">&gt;&gt;</a>&nbsp;&nbsp;&nbsp;LoRaWAN_JoinInit
<LI><a href="#[ac]">&gt;&gt;</a>&nbsp;&nbsp;&nbsp;LoRaWAN_Init
</UL>

<P><STRONG><a name="[5c]"></a>AT_LoRaWAN_setATExit</STRONG> (Thumb, 84 bytes, Stack size 16 bytes, lorawan_atcmd.o(i.AT_LoRaWAN_setATExit))
<BR><BR>[Stack]<UL><LI>Max Depth = 112<LI>Call Chain = AT_LoRaWAN_setATExit &rArr; AT_Exec_SendCMD &rArr; INFO &rArr; INFO_SendData
</UL>
<BR>[Calls]<UL><LI><a href="#[3c]">&gt;&gt;</a>&nbsp;&nbsp;&nbsp;INFO
<LI><a href="#[3f]">&gt;&gt;</a>&nbsp;&nbsp;&nbsp;LoRa_DelayMs
<LI><a href="#[3a]">&gt;&gt;</a>&nbsp;&nbsp;&nbsp;AT_Exec_SendCMD
<LI><a href="#[2c]">&gt;&gt;</a>&nbsp;&nbsp;&nbsp;__aeabi_memclr
</UL>
<BR>[Called By]<UL><LI><a href="#[8e]">&gt;&gt;</a>&nbsp;&nbsp;&nbsp;sendLoRaWANData
<LI><a href="#[b0]">&gt;&gt;</a>&nbsp;&nbsp;&nbsp;LoRaWAN_JoinInit
</UL>

<P><STRONG><a name="[5d]"></a>AT_LoRaWAN_setBand</STRONG> (Thumb, 86 bytes, Stack size 32 bytes, lorawan_atcmd.o(i.AT_LoRaWAN_setBand))
<BR><BR>[Stack]<UL><LI>Max Depth = 128<LI>Call Chain = AT_LoRaWAN_setBand &rArr; AT_Exec_SendCMD &rArr; INFO &rArr; INFO_SendData
</UL>
<BR>[Calls]<UL><LI><a href="#[3c]">&gt;&gt;</a>&nbsp;&nbsp;&nbsp;INFO
<LI><a href="#[3f]">&gt;&gt;</a>&nbsp;&nbsp;&nbsp;LoRa_DelayMs
<LI><a href="#[3a]">&gt;&gt;</a>&nbsp;&nbsp;&nbsp;AT_Exec_SendCMD
<LI><a href="#[5e]">&gt;&gt;</a>&nbsp;&nbsp;&nbsp;__aeabi_memclr4
<LI><a href="#[5f]">&gt;&gt;</a>&nbsp;&nbsp;&nbsp;__2snprintf
</UL>
<BR>[Called By]<UL><LI><a href="#[ac]">&gt;&gt;</a>&nbsp;&nbsp;&nbsp;LoRaWAN_Init
</UL>

<P><STRONG><a name="[60]"></a>AT_LoRaWAN_setCHMASK</STRONG> (Thumb, 68 bytes, Stack size 48 bytes, lorawan_atcmd.o(i.AT_LoRaWAN_setCHMASK))
<BR><BR>[Stack]<UL><LI>Max Depth = 144<LI>Call Chain = AT_LoRaWAN_setCHMASK &rArr; AT_Exec_SendCMD &rArr; INFO &rArr; INFO_SendData
</UL>
<BR>[Calls]<UL><LI><a href="#[3f]">&gt;&gt;</a>&nbsp;&nbsp;&nbsp;LoRa_DelayMs
<LI><a href="#[3a]">&gt;&gt;</a>&nbsp;&nbsp;&nbsp;AT_Exec_SendCMD
<LI><a href="#[58]">&gt;&gt;</a>&nbsp;&nbsp;&nbsp;__aeabi_memcpy4
<LI><a href="#[59]">&gt;&gt;</a>&nbsp;&nbsp;&nbsp;__2sprintf
</UL>
<BR>[Called By]<UL><LI><a href="#[ac]">&gt;&gt;</a>&nbsp;&nbsp;&nbsp;LoRaWAN_Init
</UL>

<P><STRONG><a name="[61]"></a>AT_LoRaWAN_setClass</STRONG> (Thumb, 92 bytes, Stack size 24 bytes, lorawan_atcmd.o(i.AT_LoRaWAN_setClass))
<BR><BR>[Stack]<UL><LI>Max Depth = 120<LI>Call Chain = AT_LoRaWAN_setClass &rArr; AT_Exec_SendCMD &rArr; INFO &rArr; INFO_SendData
</UL>
<BR>[Calls]<UL><LI><a href="#[3f]">&gt;&gt;</a>&nbsp;&nbsp;&nbsp;LoRa_DelayMs
<LI><a href="#[3a]">&gt;&gt;</a>&nbsp;&nbsp;&nbsp;AT_Exec_SendCMD
<LI><a href="#[59]">&gt;&gt;</a>&nbsp;&nbsp;&nbsp;__2sprintf
</UL>
<BR>[Called By]<UL><LI><a href="#[ac]">&gt;&gt;</a>&nbsp;&nbsp;&nbsp;LoRaWAN_Init
</UL>

<P><STRONG><a name="[62]"></a>AT_LoRaWAN_setDataRate</STRONG> (Thumb, 62 bytes, Stack size 24 bytes, lorawan_atcmd.o(i.AT_LoRaWAN_setDataRate))
<BR><BR>[Stack]<UL><LI>Max Depth = 120<LI>Call Chain = AT_LoRaWAN_setDataRate &rArr; AT_Exec_SendCMD &rArr; INFO &rArr; INFO_SendData
</UL>
<BR>[Calls]<UL><LI><a href="#[3f]">&gt;&gt;</a>&nbsp;&nbsp;&nbsp;LoRa_DelayMs
<LI><a href="#[3a]">&gt;&gt;</a>&nbsp;&nbsp;&nbsp;AT_Exec_SendCMD
<LI><a href="#[59]">&gt;&gt;</a>&nbsp;&nbsp;&nbsp;__2sprintf
</UL>
<BR>[Called By]<UL><LI><a href="#[ac]">&gt;&gt;</a>&nbsp;&nbsp;&nbsp;LoRaWAN_Init
</UL>

<P><STRONG><a name="[63]"></a>AT_LoRaWAN_setIrq</STRONG> (Thumb, 54 bytes, Stack size 24 bytes, lorawan_atcmd.o(i.AT_LoRaWAN_setIrq))
<BR><BR>[Stack]<UL><LI>Max Depth = 120<LI>Call Chain = AT_LoRaWAN_setIrq &rArr; AT_Exec_SendCMD &rArr; INFO &rArr; INFO_SendData
</UL>
<BR>[Calls]<UL><LI><a href="#[3f]">&gt;&gt;</a>&nbsp;&nbsp;&nbsp;LoRa_DelayMs
<LI><a href="#[3a]">&gt;&gt;</a>&nbsp;&nbsp;&nbsp;AT_Exec_SendCMD
</UL>
<BR>[Called By]<UL><LI><a href="#[ac]">&gt;&gt;</a>&nbsp;&nbsp;&nbsp;LoRaWAN_Init
</UL>

<P><STRONG><a name="[64]"></a>AT_LoRaWAN_setJOIN</STRONG> (Thumb, 66 bytes, Stack size 32 bytes, lorawan_atcmd.o(i.AT_LoRaWAN_setJOIN))
<BR><BR>[Stack]<UL><LI>Max Depth = 128<LI>Call Chain = AT_LoRaWAN_setJOIN &rArr; AT_Exec_SendCMD &rArr; INFO &rArr; INFO_SendData
</UL>
<BR>[Calls]<UL><LI><a href="#[3f]">&gt;&gt;</a>&nbsp;&nbsp;&nbsp;LoRa_DelayMs
<LI><a href="#[3a]">&gt;&gt;</a>&nbsp;&nbsp;&nbsp;AT_Exec_SendCMD
<LI><a href="#[59]">&gt;&gt;</a>&nbsp;&nbsp;&nbsp;__2sprintf
</UL>
<BR>[Called By]<UL><LI><a href="#[b0]">&gt;&gt;</a>&nbsp;&nbsp;&nbsp;LoRaWAN_JoinInit
<LI><a href="#[ac]">&gt;&gt;</a>&nbsp;&nbsp;&nbsp;LoRaWAN_Init
</UL>

<P><STRONG><a name="[65]"></a>AT_LoRaWAN_setJOIN_Close</STRONG> (Thumb, 66 bytes, Stack size 32 bytes, lorawan_atcmd.o(i.AT_LoRaWAN_setJOIN_Close))
<BR><BR>[Stack]<UL><LI>Max Depth = 128<LI>Call Chain = AT_LoRaWAN_setJOIN_Close &rArr; AT_Exec_SendCMD &rArr; INFO &rArr; INFO_SendData
</UL>
<BR>[Calls]<UL><LI><a href="#[3f]">&gt;&gt;</a>&nbsp;&nbsp;&nbsp;LoRa_DelayMs
<LI><a href="#[3a]">&gt;&gt;</a>&nbsp;&nbsp;&nbsp;AT_Exec_SendCMD
<LI><a href="#[59]">&gt;&gt;</a>&nbsp;&nbsp;&nbsp;__2sprintf
</UL>
<BR>[Called By]<UL><LI><a href="#[b0]">&gt;&gt;</a>&nbsp;&nbsp;&nbsp;LoRaWAN_JoinInit
</UL>

<P><STRONG><a name="[66]"></a>AT_LoRaWAN_setLoRaWANMode</STRONG> (Thumb, 42 bytes, Stack size 8 bytes, lorawan_atcmd.o(i.AT_LoRaWAN_setLoRaWANMode))
<BR><BR>[Stack]<UL><LI>Max Depth = 104<LI>Call Chain = AT_LoRaWAN_setLoRaWANMode &rArr; AT_Exec_SendCMD &rArr; INFO &rArr; INFO_SendData
</UL>
<BR>[Calls]<UL><LI><a href="#[3f]">&gt;&gt;</a>&nbsp;&nbsp;&nbsp;LoRa_DelayMs
<LI><a href="#[3a]">&gt;&gt;</a>&nbsp;&nbsp;&nbsp;AT_Exec_SendCMD
</UL>
<BR>[Called By]<UL><LI><a href="#[ac]">&gt;&gt;</a>&nbsp;&nbsp;&nbsp;LoRaWAN_Init
</UL>

<P><STRONG><a name="[67]"></a>AT_LoRaWAN_setPORT</STRONG> (Thumb, 68 bytes, Stack size 32 bytes, lorawan_atcmd.o(i.AT_LoRaWAN_setPORT))
<BR><BR>[Stack]<UL><LI>Max Depth = 128<LI>Call Chain = AT_LoRaWAN_setPORT &rArr; AT_Exec_SendCMD &rArr; INFO &rArr; INFO_SendData
</UL>
<BR>[Calls]<UL><LI><a href="#[3f]">&gt;&gt;</a>&nbsp;&nbsp;&nbsp;LoRa_DelayMs
<LI><a href="#[3a]">&gt;&gt;</a>&nbsp;&nbsp;&nbsp;AT_Exec_SendCMD
<LI><a href="#[58]">&gt;&gt;</a>&nbsp;&nbsp;&nbsp;__aeabi_memcpy4
<LI><a href="#[59]">&gt;&gt;</a>&nbsp;&nbsp;&nbsp;__2sprintf
</UL>
<BR>[Called By]<UL><LI><a href="#[ac]">&gt;&gt;</a>&nbsp;&nbsp;&nbsp;LoRaWAN_Init
</UL>

<P><STRONG><a name="[68]"></a>AT_LoRaWAN_setRX2</STRONG> (Thumb, 72 bytes, Stack size 40 bytes, lorawan_atcmd.o(i.AT_LoRaWAN_setRX2))
<BR><BR>[Stack]<UL><LI>Max Depth = 136<LI>Call Chain = AT_LoRaWAN_setRX2 &rArr; AT_Exec_SendCMD &rArr; INFO &rArr; INFO_SendData
</UL>
<BR>[Calls]<UL><LI><a href="#[3f]">&gt;&gt;</a>&nbsp;&nbsp;&nbsp;LoRa_DelayMs
<LI><a href="#[3a]">&gt;&gt;</a>&nbsp;&nbsp;&nbsp;AT_Exec_SendCMD
<LI><a href="#[58]">&gt;&gt;</a>&nbsp;&nbsp;&nbsp;__aeabi_memcpy4
<LI><a href="#[59]">&gt;&gt;</a>&nbsp;&nbsp;&nbsp;__2sprintf
</UL>
<BR>[Called By]<UL><LI><a href="#[ac]">&gt;&gt;</a>&nbsp;&nbsp;&nbsp;LoRaWAN_Init
</UL>

<P><STRONG><a name="[69]"></a>AT_LoRaWAN_setSleep</STRONG> (Thumb, 56 bytes, Stack size 40 bytes, lorawan_atcmd.o(i.AT_LoRaWAN_setSleep))
<BR><BR>[Stack]<UL><LI>Max Depth = 136<LI>Call Chain = AT_LoRaWAN_setSleep &rArr; AT_Exec_SendCMD &rArr; INFO &rArr; INFO_SendData
</UL>
<BR>[Calls]<UL><LI><a href="#[3f]">&gt;&gt;</a>&nbsp;&nbsp;&nbsp;LoRa_DelayMs
<LI><a href="#[3a]">&gt;&gt;</a>&nbsp;&nbsp;&nbsp;AT_Exec_SendCMD
<LI><a href="#[58]">&gt;&gt;</a>&nbsp;&nbsp;&nbsp;__aeabi_memcpy4
</UL>
<BR>[Called By]<UL><LI><a href="#[ac]">&gt;&gt;</a>&nbsp;&nbsp;&nbsp;LoRaWAN_Init
</UL>

<P><STRONG><a name="[6a]"></a>App_Init</STRONG> (Thumb, 98 bytes, Stack size 8 bytes, main.o(i.App_Init))
<BR><BR>[Stack]<UL><LI>Max Depth = 64<LI>Call Chain = App_Init &rArr; INFO &rArr; INFO_SendData
</UL>
<BR>[Calls]<UL><LI><a href="#[3c]">&gt;&gt;</a>&nbsp;&nbsp;&nbsp;INFO
<LI><a href="#[6b]">&gt;&gt;</a>&nbsp;&nbsp;&nbsp;__aeabi_memcpy
</UL>
<BR>[Called By]<UL><LI><a href="#[1e]">&gt;&gt;</a>&nbsp;&nbsp;&nbsp;main
</UL>

<P><STRONG><a name="[6c]"></a>App_LpUart1Cfg</STRONG> (Thumb, 312 bytes, Stack size 56 bytes, uart.o(i.App_LpUart1Cfg))
<BR><BR>[Stack]<UL><LI>Max Depth = 164<LI>Call Chain = App_LpUart1Cfg &rArr; LL_LPUART_Init &rArr; LL_RCC_GetLPUARTClockFreq &rArr; RCC_GetSystemClockFreq &rArr; RCC_PLL_GetFreqDomain_SYS &rArr; __aeabi_uidivmod
</UL>
<BR>[Calls]<UL><LI><a href="#[72]">&gt;&gt;</a>&nbsp;&nbsp;&nbsp;LL_LPUART_Init
<LI><a href="#[74]">&gt;&gt;</a>&nbsp;&nbsp;&nbsp;__set_PRIMASK
<LI><a href="#[73]">&gt;&gt;</a>&nbsp;&nbsp;&nbsp;__get_PRIMASK
<LI><a href="#[70]">&gt;&gt;</a>&nbsp;&nbsp;&nbsp;__NVIC_SetPriority
<LI><a href="#[71]">&gt;&gt;</a>&nbsp;&nbsp;&nbsp;__NVIC_EnableIRQ
<LI><a href="#[6e]">&gt;&gt;</a>&nbsp;&nbsp;&nbsp;LL_IOP_GRP1_EnableClock
<LI><a href="#[6d]">&gt;&gt;</a>&nbsp;&nbsp;&nbsp;LL_APB1_GRP1_EnableClock
<LI><a href="#[6f]">&gt;&gt;</a>&nbsp;&nbsp;&nbsp;LL_GPIO_Init
<LI><a href="#[5e]">&gt;&gt;</a>&nbsp;&nbsp;&nbsp;__aeabi_memclr4
</UL>
<BR>[Called By]<UL><LI><a href="#[1e]">&gt;&gt;</a>&nbsp;&nbsp;&nbsp;main
</UL>

<P><STRONG><a name="[75]"></a>App_PortCfg</STRONG> (Thumb, 370 bytes, Stack size 40 bytes, gpio.o(i.App_PortCfg))
<BR><BR>[Stack]<UL><LI>Max Depth = 60<LI>Call Chain = App_PortCfg &rArr; LL_GPIO_Init
</UL>
<BR>[Calls]<UL><LI><a href="#[6f]">&gt;&gt;</a>&nbsp;&nbsp;&nbsp;LL_GPIO_Init
<LI><a href="#[77]">&gt;&gt;</a>&nbsp;&nbsp;&nbsp;LL_GPIO_DeInit
<LI><a href="#[7d]">&gt;&gt;</a>&nbsp;&nbsp;&nbsp;LL_EXTI_Init
<LI><a href="#[7e]">&gt;&gt;</a>&nbsp;&nbsp;&nbsp;__NVIC_SetPriority
<LI><a href="#[7f]">&gt;&gt;</a>&nbsp;&nbsp;&nbsp;__NVIC_EnableIRQ
<LI><a href="#[7a]">&gt;&gt;</a>&nbsp;&nbsp;&nbsp;LL_SYSCFG_SetEXTISource
<LI><a href="#[76]">&gt;&gt;</a>&nbsp;&nbsp;&nbsp;LL_IOP_GRP1_EnableClock
<LI><a href="#[7b]">&gt;&gt;</a>&nbsp;&nbsp;&nbsp;LL_GPIO_SetPinPull
<LI><a href="#[7c]">&gt;&gt;</a>&nbsp;&nbsp;&nbsp;LL_GPIO_SetPinMode
<LI><a href="#[78]">&gt;&gt;</a>&nbsp;&nbsp;&nbsp;LL_GPIO_SetOutputPin
<LI><a href="#[79]">&gt;&gt;</a>&nbsp;&nbsp;&nbsp;LL_GPIO_ResetOutputPin
<LI><a href="#[5e]">&gt;&gt;</a>&nbsp;&nbsp;&nbsp;__aeabi_memclr4
</UL>
<BR>[Called By]<UL><LI><a href="#[1e]">&gt;&gt;</a>&nbsp;&nbsp;&nbsp;main
</UL>

<P><STRONG><a name="[80]"></a>App_Uart1Cfg</STRONG> (Thumb, 202 bytes, Stack size 64 bytes, uart.o(i.App_Uart1Cfg))
<BR><BR>[Stack]<UL><LI>Max Depth = 172<LI>Call Chain = App_Uart1Cfg &rArr; LL_USART_Init &rArr; LL_RCC_GetUSARTClockFreq &rArr; RCC_GetSystemClockFreq &rArr; RCC_PLL_GetFreqDomain_SYS &rArr; __aeabi_uidivmod
</UL>
<BR>[Calls]<UL><LI><a href="#[81]">&gt;&gt;</a>&nbsp;&nbsp;&nbsp;LL_USART_Init
<LI><a href="#[70]">&gt;&gt;</a>&nbsp;&nbsp;&nbsp;__NVIC_SetPriority
<LI><a href="#[71]">&gt;&gt;</a>&nbsp;&nbsp;&nbsp;__NVIC_EnableIRQ
<LI><a href="#[84]">&gt;&gt;</a>&nbsp;&nbsp;&nbsp;LL_USART_EnableIT_RXNE
<LI><a href="#[85]">&gt;&gt;</a>&nbsp;&nbsp;&nbsp;LL_USART_EnableIT_PE
<LI><a href="#[83]">&gt;&gt;</a>&nbsp;&nbsp;&nbsp;LL_USART_Enable
<LI><a href="#[82]">&gt;&gt;</a>&nbsp;&nbsp;&nbsp;LL_USART_ConfigAsyncMode
<LI><a href="#[86]">&gt;&gt;</a>&nbsp;&nbsp;&nbsp;LL_USART_ClearFlag_PE
<LI><a href="#[6e]">&gt;&gt;</a>&nbsp;&nbsp;&nbsp;LL_IOP_GRP1_EnableClock
<LI><a href="#[6f]">&gt;&gt;</a>&nbsp;&nbsp;&nbsp;LL_GPIO_Init
<LI><a href="#[5e]">&gt;&gt;</a>&nbsp;&nbsp;&nbsp;__aeabi_memclr4
</UL>
<BR>[Called By]<UL><LI><a href="#[1e]">&gt;&gt;</a>&nbsp;&nbsp;&nbsp;main
</UL>

<P><STRONG><a name="[87]"></a>App_Uart2Cfg</STRONG> (Thumb, 214 bytes, Stack size 56 bytes, uart.o(i.App_Uart2Cfg))
<BR><BR>[Stack]<UL><LI>Max Depth = 164<LI>Call Chain = App_Uart2Cfg &rArr; LL_USART_Init &rArr; LL_RCC_GetUSARTClockFreq &rArr; RCC_GetSystemClockFreq &rArr; RCC_PLL_GetFreqDomain_SYS &rArr; __aeabi_uidivmod
</UL>
<BR>[Calls]<UL><LI><a href="#[81]">&gt;&gt;</a>&nbsp;&nbsp;&nbsp;LL_USART_Init
<LI><a href="#[70]">&gt;&gt;</a>&nbsp;&nbsp;&nbsp;__NVIC_SetPriority
<LI><a href="#[71]">&gt;&gt;</a>&nbsp;&nbsp;&nbsp;__NVIC_EnableIRQ
<LI><a href="#[84]">&gt;&gt;</a>&nbsp;&nbsp;&nbsp;LL_USART_EnableIT_RXNE
<LI><a href="#[85]">&gt;&gt;</a>&nbsp;&nbsp;&nbsp;LL_USART_EnableIT_PE
<LI><a href="#[83]">&gt;&gt;</a>&nbsp;&nbsp;&nbsp;LL_USART_Enable
<LI><a href="#[82]">&gt;&gt;</a>&nbsp;&nbsp;&nbsp;LL_USART_ConfigAsyncMode
<LI><a href="#[86]">&gt;&gt;</a>&nbsp;&nbsp;&nbsp;LL_USART_ClearFlag_PE
<LI><a href="#[6e]">&gt;&gt;</a>&nbsp;&nbsp;&nbsp;LL_IOP_GRP1_EnableClock
<LI><a href="#[6d]">&gt;&gt;</a>&nbsp;&nbsp;&nbsp;LL_APB1_GRP1_EnableClock
<LI><a href="#[6f]">&gt;&gt;</a>&nbsp;&nbsp;&nbsp;LL_GPIO_Init
<LI><a href="#[5e]">&gt;&gt;</a>&nbsp;&nbsp;&nbsp;__aeabi_memclr4
</UL>
<BR>[Called By]<UL><LI><a href="#[1e]">&gt;&gt;</a>&nbsp;&nbsp;&nbsp;main
</UL>

<P><STRONG><a name="[88]"></a>BT_SendCMD</STRONG> (Thumb, 38 bytes, Stack size 16 bytes, uart.o(i.BT_SendCMD))
<BR><BR>[Stack]<UL><LI>Max Depth = 72<LI>Call Chain = BT_SendCMD &rArr; INFO &rArr; INFO_SendData
</UL>
<BR>[Calls]<UL><LI><a href="#[8a]">&gt;&gt;</a>&nbsp;&nbsp;&nbsp;BT_SendData
<LI><a href="#[3c]">&gt;&gt;</a>&nbsp;&nbsp;&nbsp;INFO
<LI><a href="#[89]">&gt;&gt;</a>&nbsp;&nbsp;&nbsp;strlen
</UL>
<BR>[Called By]<UL><LI><a href="#[ce]">&gt;&gt;</a>&nbsp;&nbsp;&nbsp;fromLoRaWANDataHandle
<LI><a href="#[cd]">&gt;&gt;</a>&nbsp;&nbsp;&nbsp;fromInfoDataHandle
</UL>

<P><STRONG><a name="[8a]"></a>BT_SendData</STRONG> (Thumb, 62 bytes, Stack size 16 bytes, uart.o(i.BT_SendData))
<BR><BR>[Stack]<UL><LI>Max Depth = 16<LI>Call Chain = BT_SendData
</UL>
<BR>[Called By]<UL><LI><a href="#[88]">&gt;&gt;</a>&nbsp;&nbsp;&nbsp;BT_SendCMD
</UL>

<P><STRONG><a name="[8b]"></a>DebugHexInfo</STRONG> (Thumb, 42 bytes, Stack size 24 bytes, uart.o(i.DebugHexInfo))
<BR><BR>[Stack]<UL><LI>Max Depth = 80<LI>Call Chain = DebugHexInfo &rArr; INFO &rArr; INFO_SendData
</UL>
<BR>[Calls]<UL><LI><a href="#[3c]">&gt;&gt;</a>&nbsp;&nbsp;&nbsp;INFO
</UL>
<BR>[Called By]<UL><LI><a href="#[8e]">&gt;&gt;</a>&nbsp;&nbsp;&nbsp;sendLoRaWANData
</UL>

<P><STRONG><a name="[8c]"></a>DeviceStateProcess</STRONG> (Thumb, 120 bytes, Stack size 8 bytes, communicate.o(i.DeviceStateProcess))
<BR><BR>[Stack]<UL><LI>Max Depth = 128<LI>Call Chain = DeviceStateProcess &rArr; sendLoRaWANData &rArr; AT_LoRaWAN_setATExit &rArr; AT_Exec_SendCMD &rArr; INFO &rArr; INFO_SendData
</UL>
<BR>[Calls]<UL><LI><a href="#[8f]">&gt;&gt;</a>&nbsp;&nbsp;&nbsp;lwrb_reset
<LI><a href="#[8d]">&gt;&gt;</a>&nbsp;&nbsp;&nbsp;lwrb_read
<LI><a href="#[8e]">&gt;&gt;</a>&nbsp;&nbsp;&nbsp;sendLoRaWANData
<LI><a href="#[5e]">&gt;&gt;</a>&nbsp;&nbsp;&nbsp;__aeabi_memclr4
<LI><a href="#[2c]">&gt;&gt;</a>&nbsp;&nbsp;&nbsp;__aeabi_memclr
</UL>
<BR>[Called By]<UL><LI><a href="#[1e]">&gt;&gt;</a>&nbsp;&nbsp;&nbsp;main
</UL>

<P><STRONG><a name="[b]"></a>EXTI0_1_IRQHandler</STRONG> (Thumb, 60 bytes, Stack size 8 bytes, gpio.o(i.EXTI0_1_IRQHandler))
<BR><BR>[Stack]<UL><LI>Max Depth = 8<LI>Call Chain = EXTI0_1_IRQHandler
</UL>
<BR>[Calls]<UL><LI><a href="#[90]">&gt;&gt;</a>&nbsp;&nbsp;&nbsp;LL_EXTI_IsActiveFlag_0_31
<LI><a href="#[91]">&gt;&gt;</a>&nbsp;&nbsp;&nbsp;LL_EXTI_ClearFlag_0_31
</UL>
<BR>[Address Reference Count : 1]<UL><LI> startup_stm32l051xx.o(RESET)
</UL>
<P><STRONG><a name="[d]"></a>EXTI4_15_IRQHandler</STRONG> (Thumb, 64 bytes, Stack size 8 bytes, gpio.o(i.EXTI4_15_IRQHandler))
<BR><BR>[Stack]<UL><LI>Max Depth = 8<LI>Call Chain = EXTI4_15_IRQHandler
</UL>
<BR>[Calls]<UL><LI><a href="#[90]">&gt;&gt;</a>&nbsp;&nbsp;&nbsp;LL_EXTI_IsActiveFlag_0_31
<LI><a href="#[91]">&gt;&gt;</a>&nbsp;&nbsp;&nbsp;LL_EXTI_ClearFlag_0_31
</UL>
<BR>[Address Reference Count : 1]<UL><LI> startup_stm32l051xx.o(RESET)
</UL>
<P><STRONG><a name="[2]"></a>HardFault_Handler</STRONG> (Thumb, 4 bytes, Stack size 0 bytes, stm32l0xx_it.o(i.HardFault_Handler))
<BR>[Address Reference Count : 1]<UL><LI> startup_stm32l051xx.o(RESET)
</UL>
<P><STRONG><a name="[3c]"></a>INFO</STRONG> (Thumb, 62 bytes, Stack size 32 bytes, uart.o(i.INFO))
<BR><BR>[Stack]<UL><LI>Max Depth = 56<LI>Call Chain = INFO &rArr; INFO_SendData
</UL>
<BR>[Calls]<UL><LI><a href="#[93]">&gt;&gt;</a>&nbsp;&nbsp;&nbsp;INFO_SendData
<LI><a href="#[89]">&gt;&gt;</a>&nbsp;&nbsp;&nbsp;strlen
<LI><a href="#[92]">&gt;&gt;</a>&nbsp;&nbsp;&nbsp;vsprintf
</UL>
<BR>[Called By]<UL><LI><a href="#[5c]">&gt;&gt;</a>&nbsp;&nbsp;&nbsp;AT_LoRaWAN_setATExit
<LI><a href="#[4a]">&gt;&gt;</a>&nbsp;&nbsp;&nbsp;AT_LoRaWAN_getJOIN
<LI><a href="#[8e]">&gt;&gt;</a>&nbsp;&nbsp;&nbsp;sendLoRaWANData
<LI><a href="#[23]">&gt;&gt;</a>&nbsp;&nbsp;&nbsp;my_buff_evt_fn
<LI><a href="#[8b]">&gt;&gt;</a>&nbsp;&nbsp;&nbsp;DebugHexInfo
<LI><a href="#[88]">&gt;&gt;</a>&nbsp;&nbsp;&nbsp;BT_SendCMD
<LI><a href="#[cf]">&gt;&gt;</a>&nbsp;&nbsp;&nbsp;fromUartDataHandle
<LI><a href="#[b0]">&gt;&gt;</a>&nbsp;&nbsp;&nbsp;LoRaWAN_JoinInit
<LI><a href="#[ac]">&gt;&gt;</a>&nbsp;&nbsp;&nbsp;LoRaWAN_Init
<LI><a href="#[6a]">&gt;&gt;</a>&nbsp;&nbsp;&nbsp;App_Init
<LI><a href="#[5d]">&gt;&gt;</a>&nbsp;&nbsp;&nbsp;AT_LoRaWAN_setBand
<LI><a href="#[54]">&gt;&gt;</a>&nbsp;&nbsp;&nbsp;AT_LoRaWAN_getVer
<LI><a href="#[53]">&gt;&gt;</a>&nbsp;&nbsp;&nbsp;AT_LoRaWAN_getSleep
<LI><a href="#[52]">&gt;&gt;</a>&nbsp;&nbsp;&nbsp;AT_LoRaWAN_getRxChext
<LI><a href="#[51]">&gt;&gt;</a>&nbsp;&nbsp;&nbsp;AT_LoRaWAN_getRx1
<LI><a href="#[50]">&gt;&gt;</a>&nbsp;&nbsp;&nbsp;AT_LoRaWAN_getRX2
<LI><a href="#[4f]">&gt;&gt;</a>&nbsp;&nbsp;&nbsp;AT_LoRaWAN_getParam
<LI><a href="#[4e]">&gt;&gt;</a>&nbsp;&nbsp;&nbsp;AT_LoRaWAN_getPORT
<LI><a href="#[4d]">&gt;&gt;</a>&nbsp;&nbsp;&nbsp;AT_LoRaWAN_getMacMode
<LI><a href="#[4c]">&gt;&gt;</a>&nbsp;&nbsp;&nbsp;AT_LoRaWAN_getLpcpin
<LI><a href="#[4b]">&gt;&gt;</a>&nbsp;&nbsp;&nbsp;AT_LoRaWAN_getJOIN_1
<LI><a href="#[49]">&gt;&gt;</a>&nbsp;&nbsp;&nbsp;AT_LoRaWAN_getIrq
<LI><a href="#[48]">&gt;&gt;</a>&nbsp;&nbsp;&nbsp;AT_LoRaWAN_getDataRate
<LI><a href="#[47]">&gt;&gt;</a>&nbsp;&nbsp;&nbsp;AT_LoRaWAN_getDEVEUI
<LI><a href="#[46]">&gt;&gt;</a>&nbsp;&nbsp;&nbsp;AT_LoRaWAN_getDEVADDR
<LI><a href="#[45]">&gt;&gt;</a>&nbsp;&nbsp;&nbsp;AT_LoRaWAN_getClass
<LI><a href="#[44]">&gt;&gt;</a>&nbsp;&nbsp;&nbsp;AT_LoRaWAN_getCHMASK
<LI><a href="#[43]">&gt;&gt;</a>&nbsp;&nbsp;&nbsp;AT_LoRaWAN_getBand
<LI><a href="#[42]">&gt;&gt;</a>&nbsp;&nbsp;&nbsp;AT_LoRaWAN_getAPPKEY
<LI><a href="#[40]">&gt;&gt;</a>&nbsp;&nbsp;&nbsp;AT_LoRaWAN_getAPPEUI
<LI><a href="#[3a]">&gt;&gt;</a>&nbsp;&nbsp;&nbsp;AT_Exec_SendCMD
</UL>

<P><STRONG><a name="[93]"></a>INFO_SendData</STRONG> (Thumb, 44 bytes, Stack size 24 bytes, uart.o(i.INFO_SendData))
<BR><BR>[Stack]<UL><LI>Max Depth = 24<LI>Call Chain = INFO_SendData
</UL>
<BR>[Calls]<UL><LI><a href="#[94]">&gt;&gt;</a>&nbsp;&nbsp;&nbsp;LL_USART_TransmitData8
<LI><a href="#[95]">&gt;&gt;</a>&nbsp;&nbsp;&nbsp;LL_USART_IsActiveFlag_TC
</UL>
<BR>[Called By]<UL><LI><a href="#[3c]">&gt;&gt;</a>&nbsp;&nbsp;&nbsp;INFO
</UL>

<P><STRONG><a name="[7d]"></a>LL_EXTI_Init</STRONG> (Thumb, 184 bytes, Stack size 16 bytes, stm32l0xx_ll_exti.o(i.LL_EXTI_Init))
<BR><BR>[Stack]<UL><LI>Max Depth = 16<LI>Call Chain = LL_EXTI_Init
</UL>
<BR>[Calls]<UL><LI><a href="#[9a]">&gt;&gt;</a>&nbsp;&nbsp;&nbsp;LL_EXTI_EnableRisingTrig_0_31
<LI><a href="#[97]">&gt;&gt;</a>&nbsp;&nbsp;&nbsp;LL_EXTI_EnableIT_0_31
<LI><a href="#[9b]">&gt;&gt;</a>&nbsp;&nbsp;&nbsp;LL_EXTI_EnableFallingTrig_0_31
<LI><a href="#[99]">&gt;&gt;</a>&nbsp;&nbsp;&nbsp;LL_EXTI_EnableEvent_0_31
<LI><a href="#[98]">&gt;&gt;</a>&nbsp;&nbsp;&nbsp;LL_EXTI_DisableIT_0_31
<LI><a href="#[96]">&gt;&gt;</a>&nbsp;&nbsp;&nbsp;LL_EXTI_DisableEvent_0_31
</UL>
<BR>[Called By]<UL><LI><a href="#[75]">&gt;&gt;</a>&nbsp;&nbsp;&nbsp;App_PortCfg
</UL>

<P><STRONG><a name="[77]"></a>LL_GPIO_DeInit</STRONG> (Thumb, 114 bytes, Stack size 16 bytes, stm32l0xx_ll_gpio.o(i.LL_GPIO_DeInit))
<BR><BR>[Stack]<UL><LI>Max Depth = 16<LI>Call Chain = LL_GPIO_DeInit
</UL>
<BR>[Calls]<UL><LI><a href="#[9d]">&gt;&gt;</a>&nbsp;&nbsp;&nbsp;LL_IOP_GRP1_ReleaseReset
<LI><a href="#[9c]">&gt;&gt;</a>&nbsp;&nbsp;&nbsp;LL_IOP_GRP1_ForceReset
</UL>
<BR>[Called By]<UL><LI><a href="#[75]">&gt;&gt;</a>&nbsp;&nbsp;&nbsp;App_PortCfg
</UL>

<P><STRONG><a name="[6f]"></a>LL_GPIO_Init</STRONG> (Thumb, 240 bytes, Stack size 20 bytes, stm32l0xx_ll_gpio.o(i.LL_GPIO_Init))
<BR><BR>[Stack]<UL><LI>Max Depth = 20<LI>Call Chain = LL_GPIO_Init
</UL>
<BR>[Called By]<UL><LI><a href="#[87]">&gt;&gt;</a>&nbsp;&nbsp;&nbsp;App_Uart2Cfg
<LI><a href="#[80]">&gt;&gt;</a>&nbsp;&nbsp;&nbsp;App_Uart1Cfg
<LI><a href="#[75]">&gt;&gt;</a>&nbsp;&nbsp;&nbsp;App_PortCfg
<LI><a href="#[6c]">&gt;&gt;</a>&nbsp;&nbsp;&nbsp;App_LpUart1Cfg
</UL>

<P><STRONG><a name="[d0]"></a>LL_GPIO_ReadOutputPin</STRONG> (Thumb, 8 bytes, Stack size 0 bytes, gpio.o(i.LL_GPIO_ReadOutputPin))
<BR><BR>[Called By]<UL><LI><a href="#[3b]">&gt;&gt;</a>&nbsp;&nbsp;&nbsp;getLoRaWANStatus
</UL>

<P><STRONG><a name="[9e]"></a>LL_Init1msTick</STRONG> (Thumb, 34 bytes, Stack size 16 bytes, stm32l0xx_ll_utils.o(i.LL_Init1msTick))
<BR><BR>[Stack]<UL><LI>Max Depth = 28<LI>Call Chain = LL_Init1msTick &rArr; __aeabi_uidivmod
</UL>
<BR>[Calls]<UL><LI><a href="#[9f]">&gt;&gt;</a>&nbsp;&nbsp;&nbsp;__aeabi_uidivmod
</UL>
<BR>[Called By]<UL><LI><a href="#[b7]">&gt;&gt;</a>&nbsp;&nbsp;&nbsp;SystemClock_Config
</UL>

<P><STRONG><a name="[72]"></a>LL_LPUART_Init</STRONG> (Thumb, 154 bytes, Stack size 40 bytes, stm32l0xx_ll_lpuart.o(i.LL_LPUART_Init))
<BR><BR>[Stack]<UL><LI>Max Depth = 108<LI>Call Chain = LL_LPUART_Init &rArr; LL_RCC_GetLPUARTClockFreq &rArr; RCC_GetSystemClockFreq &rArr; RCC_PLL_GetFreqDomain_SYS &rArr; __aeabi_uidivmod
</UL>
<BR>[Calls]<UL><LI><a href="#[a0]">&gt;&gt;</a>&nbsp;&nbsp;&nbsp;LL_RCC_GetLPUARTClockFreq
<LI><a href="#[a1]">&gt;&gt;</a>&nbsp;&nbsp;&nbsp;__ARM_common_ll_muluu
<LI><a href="#[29]">&gt;&gt;</a>&nbsp;&nbsp;&nbsp;__aeabi_uldivmod
</UL>
<BR>[Called By]<UL><LI><a href="#[6c]">&gt;&gt;</a>&nbsp;&nbsp;&nbsp;App_LpUart1Cfg
</UL>

<P><STRONG><a name="[a0]"></a>LL_RCC_GetLPUARTClockFreq</STRONG> (Thumb, 110 bytes, Stack size 24 bytes, stm32l0xx_ll_rcc.o(i.LL_RCC_GetLPUARTClockFreq))
<BR><BR>[Stack]<UL><LI>Max Depth = 68<LI>Call Chain = LL_RCC_GetLPUARTClockFreq &rArr; RCC_GetSystemClockFreq &rArr; RCC_PLL_GetFreqDomain_SYS &rArr; __aeabi_uidivmod
</UL>
<BR>[Calls]<UL><LI><a href="#[a2]">&gt;&gt;</a>&nbsp;&nbsp;&nbsp;RCC_GetSystemClockFreq
<LI><a href="#[a7]">&gt;&gt;</a>&nbsp;&nbsp;&nbsp;RCC_GetPCLK1ClockFreq
<LI><a href="#[a6]">&gt;&gt;</a>&nbsp;&nbsp;&nbsp;RCC_GetHCLKClockFreq
<LI><a href="#[a5]">&gt;&gt;</a>&nbsp;&nbsp;&nbsp;LL_RCC_LSE_IsReady
<LI><a href="#[a4]">&gt;&gt;</a>&nbsp;&nbsp;&nbsp;LL_RCC_IsActiveFlag_HSIDIV
<LI><a href="#[a3]">&gt;&gt;</a>&nbsp;&nbsp;&nbsp;LL_RCC_HSI_IsReady
</UL>
<BR>[Called By]<UL><LI><a href="#[72]">&gt;&gt;</a>&nbsp;&nbsp;&nbsp;LL_LPUART_Init
</UL>

<P><STRONG><a name="[a8]"></a>LL_RCC_GetUSARTClockFreq</STRONG> (Thumb, 210 bytes, Stack size 24 bytes, stm32l0xx_ll_rcc.o(i.LL_RCC_GetUSARTClockFreq))
<BR><BR>[Stack]<UL><LI>Max Depth = 68<LI>Call Chain = LL_RCC_GetUSARTClockFreq &rArr; RCC_GetSystemClockFreq &rArr; RCC_PLL_GetFreqDomain_SYS &rArr; __aeabi_uidivmod
</UL>
<BR>[Calls]<UL><LI><a href="#[a2]">&gt;&gt;</a>&nbsp;&nbsp;&nbsp;RCC_GetSystemClockFreq
<LI><a href="#[aa]">&gt;&gt;</a>&nbsp;&nbsp;&nbsp;RCC_GetPCLK2ClockFreq
<LI><a href="#[a7]">&gt;&gt;</a>&nbsp;&nbsp;&nbsp;RCC_GetPCLK1ClockFreq
<LI><a href="#[a6]">&gt;&gt;</a>&nbsp;&nbsp;&nbsp;RCC_GetHCLKClockFreq
<LI><a href="#[a5]">&gt;&gt;</a>&nbsp;&nbsp;&nbsp;LL_RCC_LSE_IsReady
<LI><a href="#[a4]">&gt;&gt;</a>&nbsp;&nbsp;&nbsp;LL_RCC_IsActiveFlag_HSIDIV
<LI><a href="#[a3]">&gt;&gt;</a>&nbsp;&nbsp;&nbsp;LL_RCC_HSI_IsReady
<LI><a href="#[a9]">&gt;&gt;</a>&nbsp;&nbsp;&nbsp;LL_RCC_GetUSARTClockSource
</UL>
<BR>[Called By]<UL><LI><a href="#[81]">&gt;&gt;</a>&nbsp;&nbsp;&nbsp;LL_USART_Init
</UL>

<P><STRONG><a name="[b9]"></a>LL_SetSystemCoreClock</STRONG> (Thumb, 6 bytes, Stack size 0 bytes, stm32l0xx_ll_utils.o(i.LL_SetSystemCoreClock))
<BR><BR>[Called By]<UL><LI><a href="#[b7]">&gt;&gt;</a>&nbsp;&nbsp;&nbsp;SystemClock_Config
</UL>

<P><STRONG><a name="[c0]"></a>LL_TIM_Init</STRONG> (Thumb, 102 bytes, Stack size 8 bytes, stm32l0xx_ll_tim.o(i.LL_TIM_Init))
<BR><BR>[Stack]<UL><LI>Max Depth = 8<LI>Call Chain = LL_TIM_Init
</UL>
<BR>[Called By]<UL><LI><a href="#[be]">&gt;&gt;</a>&nbsp;&nbsp;&nbsp;TIM6_Init
</UL>

<P><STRONG><a name="[81]"></a>LL_USART_Init</STRONG> (Thumb, 210 bytes, Stack size 40 bytes, stm32l0xx_ll_usart.o(i.LL_USART_Init))
<BR><BR>[Stack]<UL><LI>Max Depth = 108<LI>Call Chain = LL_USART_Init &rArr; LL_RCC_GetUSARTClockFreq &rArr; RCC_GetSystemClockFreq &rArr; RCC_PLL_GetFreqDomain_SYS &rArr; __aeabi_uidivmod
</UL>
<BR>[Calls]<UL><LI><a href="#[a8]">&gt;&gt;</a>&nbsp;&nbsp;&nbsp;LL_RCC_GetUSARTClockFreq
<LI><a href="#[9f]">&gt;&gt;</a>&nbsp;&nbsp;&nbsp;__aeabi_uidivmod
<LI><a href="#[ab]">&gt;&gt;</a>&nbsp;&nbsp;&nbsp;LL_USART_IsEnabled
</UL>
<BR>[Called By]<UL><LI><a href="#[87]">&gt;&gt;</a>&nbsp;&nbsp;&nbsp;App_Uart2Cfg
<LI><a href="#[80]">&gt;&gt;</a>&nbsp;&nbsp;&nbsp;App_Uart1Cfg
</UL>

<P><STRONG><a name="[1d]"></a>LPUART1_IRQHandler</STRONG> (Thumb, 300 bytes, Stack size 16 bytes, uart.o(i.LPUART1_IRQHandler))
<BR><BR>[Stack]<UL><LI>Max Depth = 16<LI>Call Chain = LPUART1_IRQHandler
</UL>
<BR>[Calls]<UL><LI><a href="#[74]">&gt;&gt;</a>&nbsp;&nbsp;&nbsp;__set_PRIMASK
<LI><a href="#[73]">&gt;&gt;</a>&nbsp;&nbsp;&nbsp;__get_PRIMASK
</UL>
<BR>[Address Reference Count : 1]<UL><LI> startup_stm32l051xx.o(RESET)
</UL>
<P><STRONG><a name="[ac]"></a>LoRaWAN_Init</STRONG> (Thumb, 710 bytes, Stack size 88 bytes, lorawan_apply.o(i.LoRaWAN_Init))
<BR><BR>[Stack]<UL><LI>Max Depth = 296<LI>Call Chain = LoRaWAN_Init &rArr; AT_LoRaWAN_setAPPKEY &rArr; AT_Exec_SendCMD &rArr; INFO &rArr; INFO_SendData
</UL>
<BR>[Calls]<UL><LI><a href="#[ad]">&gt;&gt;</a>&nbsp;&nbsp;&nbsp;setLoRaWANStatus
<LI><a href="#[5b]">&gt;&gt;</a>&nbsp;&nbsp;&nbsp;AT_LoRaWAN_setATEnter
<LI><a href="#[3c]">&gt;&gt;</a>&nbsp;&nbsp;&nbsp;INFO
<LI><a href="#[ae]">&gt;&gt;</a>&nbsp;&nbsp;&nbsp;rstLoRaWANModule
<LI><a href="#[af]">&gt;&gt;</a>&nbsp;&nbsp;&nbsp;MDK_MONTH
<LI><a href="#[3f]">&gt;&gt;</a>&nbsp;&nbsp;&nbsp;LoRa_DelayMs
<LI><a href="#[69]">&gt;&gt;</a>&nbsp;&nbsp;&nbsp;AT_LoRaWAN_setSleep
<LI><a href="#[68]">&gt;&gt;</a>&nbsp;&nbsp;&nbsp;AT_LoRaWAN_setRX2
<LI><a href="#[67]">&gt;&gt;</a>&nbsp;&nbsp;&nbsp;AT_LoRaWAN_setPORT
<LI><a href="#[66]">&gt;&gt;</a>&nbsp;&nbsp;&nbsp;AT_LoRaWAN_setLoRaWANMode
<LI><a href="#[64]">&gt;&gt;</a>&nbsp;&nbsp;&nbsp;AT_LoRaWAN_setJOIN
<LI><a href="#[63]">&gt;&gt;</a>&nbsp;&nbsp;&nbsp;AT_LoRaWAN_setIrq
<LI><a href="#[62]">&gt;&gt;</a>&nbsp;&nbsp;&nbsp;AT_LoRaWAN_setDataRate
<LI><a href="#[61]">&gt;&gt;</a>&nbsp;&nbsp;&nbsp;AT_LoRaWAN_setClass
<LI><a href="#[60]">&gt;&gt;</a>&nbsp;&nbsp;&nbsp;AT_LoRaWAN_setCHMASK
<LI><a href="#[5d]">&gt;&gt;</a>&nbsp;&nbsp;&nbsp;AT_LoRaWAN_setBand
<LI><a href="#[5a]">&gt;&gt;</a>&nbsp;&nbsp;&nbsp;AT_LoRaWAN_setAPPKEY
<LI><a href="#[57]">&gt;&gt;</a>&nbsp;&nbsp;&nbsp;AT_LoRaWAN_setAPPEUI
<LI><a href="#[56]">&gt;&gt;</a>&nbsp;&nbsp;&nbsp;AT_LoRaWAN_restFactory
<LI><a href="#[55]">&gt;&gt;</a>&nbsp;&nbsp;&nbsp;AT_LoRaWAN_reboot
<LI><a href="#[54]">&gt;&gt;</a>&nbsp;&nbsp;&nbsp;AT_LoRaWAN_getVer
<LI><a href="#[53]">&gt;&gt;</a>&nbsp;&nbsp;&nbsp;AT_LoRaWAN_getSleep
<LI><a href="#[52]">&gt;&gt;</a>&nbsp;&nbsp;&nbsp;AT_LoRaWAN_getRxChext
<LI><a href="#[51]">&gt;&gt;</a>&nbsp;&nbsp;&nbsp;AT_LoRaWAN_getRx1
<LI><a href="#[50]">&gt;&gt;</a>&nbsp;&nbsp;&nbsp;AT_LoRaWAN_getRX2
<LI><a href="#[4f]">&gt;&gt;</a>&nbsp;&nbsp;&nbsp;AT_LoRaWAN_getParam
<LI><a href="#[4e]">&gt;&gt;</a>&nbsp;&nbsp;&nbsp;AT_LoRaWAN_getPORT
<LI><a href="#[4d]">&gt;&gt;</a>&nbsp;&nbsp;&nbsp;AT_LoRaWAN_getMacMode
<LI><a href="#[4c]">&gt;&gt;</a>&nbsp;&nbsp;&nbsp;AT_LoRaWAN_getLpcpin
<LI><a href="#[49]">&gt;&gt;</a>&nbsp;&nbsp;&nbsp;AT_LoRaWAN_getIrq
<LI><a href="#[48]">&gt;&gt;</a>&nbsp;&nbsp;&nbsp;AT_LoRaWAN_getDataRate
<LI><a href="#[47]">&gt;&gt;</a>&nbsp;&nbsp;&nbsp;AT_LoRaWAN_getDEVEUI
<LI><a href="#[46]">&gt;&gt;</a>&nbsp;&nbsp;&nbsp;AT_LoRaWAN_getDEVADDR
<LI><a href="#[45]">&gt;&gt;</a>&nbsp;&nbsp;&nbsp;AT_LoRaWAN_getClass
<LI><a href="#[44]">&gt;&gt;</a>&nbsp;&nbsp;&nbsp;AT_LoRaWAN_getCHMASK
<LI><a href="#[43]">&gt;&gt;</a>&nbsp;&nbsp;&nbsp;AT_LoRaWAN_getBand
<LI><a href="#[42]">&gt;&gt;</a>&nbsp;&nbsp;&nbsp;AT_LoRaWAN_getAPPKEY
<LI><a href="#[40]">&gt;&gt;</a>&nbsp;&nbsp;&nbsp;AT_LoRaWAN_getAPPEUI
<LI><a href="#[6b]">&gt;&gt;</a>&nbsp;&nbsp;&nbsp;__aeabi_memcpy
<LI><a href="#[5f]">&gt;&gt;</a>&nbsp;&nbsp;&nbsp;__2snprintf
</UL>
<BR>[Called By]<UL><LI><a href="#[1e]">&gt;&gt;</a>&nbsp;&nbsp;&nbsp;main
</UL>

<P><STRONG><a name="[b0]"></a>LoRaWAN_JoinInit</STRONG> (Thumb, 508 bytes, Stack size 8 bytes, lorawan_apply.o(i.LoRaWAN_JoinInit))
<BR><BR>[Stack]<UL><LI>Max Depth = 136<LI>Call Chain = LoRaWAN_JoinInit &rArr; AT_LoRaWAN_setJOIN_Close &rArr; AT_Exec_SendCMD &rArr; INFO &rArr; INFO_SendData
</UL>
<BR>[Calls]<UL><LI><a href="#[ad]">&gt;&gt;</a>&nbsp;&nbsp;&nbsp;setLoRaWANStatus
<LI><a href="#[5c]">&gt;&gt;</a>&nbsp;&nbsp;&nbsp;AT_LoRaWAN_setATExit
<LI><a href="#[5b]">&gt;&gt;</a>&nbsp;&nbsp;&nbsp;AT_LoRaWAN_setATEnter
<LI><a href="#[3d]">&gt;&gt;</a>&nbsp;&nbsp;&nbsp;LoRa_SendCMD
<LI><a href="#[3c]">&gt;&gt;</a>&nbsp;&nbsp;&nbsp;INFO
<LI><a href="#[b2]">&gt;&gt;</a>&nbsp;&nbsp;&nbsp;__ARM_common_switch8
<LI><a href="#[3f]">&gt;&gt;</a>&nbsp;&nbsp;&nbsp;LoRa_DelayMs
<LI><a href="#[65]">&gt;&gt;</a>&nbsp;&nbsp;&nbsp;AT_LoRaWAN_setJOIN_Close
<LI><a href="#[64]">&gt;&gt;</a>&nbsp;&nbsp;&nbsp;AT_LoRaWAN_setJOIN
<LI><a href="#[4b]">&gt;&gt;</a>&nbsp;&nbsp;&nbsp;AT_LoRaWAN_getJOIN_1
<LI><a href="#[b1]">&gt;&gt;</a>&nbsp;&nbsp;&nbsp;get_syspant_ms
</UL>
<BR>[Called By]<UL><LI><a href="#[1e]">&gt;&gt;</a>&nbsp;&nbsp;&nbsp;main
</UL>

<P><STRONG><a name="[3f]"></a>LoRa_DelayMs</STRONG> (Thumb, 12 bytes, Stack size 8 bytes, lorawan_apply.o(i.LoRa_DelayMs))
<BR><BR>[Stack]<UL><LI>Max Depth = 8<LI>Call Chain = LoRa_DelayMs
</UL>
<BR>[Calls]<UL><LI><a href="#[b3]">&gt;&gt;</a>&nbsp;&nbsp;&nbsp;mDelay
</UL>
<BR>[Called By]<UL><LI><a href="#[ad]">&gt;&gt;</a>&nbsp;&nbsp;&nbsp;setLoRaWANStatus
<LI><a href="#[5c]">&gt;&gt;</a>&nbsp;&nbsp;&nbsp;AT_LoRaWAN_setATExit
<LI><a href="#[4a]">&gt;&gt;</a>&nbsp;&nbsp;&nbsp;AT_LoRaWAN_getJOIN
<LI><a href="#[b0]">&gt;&gt;</a>&nbsp;&nbsp;&nbsp;LoRaWAN_JoinInit
<LI><a href="#[ac]">&gt;&gt;</a>&nbsp;&nbsp;&nbsp;LoRaWAN_Init
<LI><a href="#[ae]">&gt;&gt;</a>&nbsp;&nbsp;&nbsp;rstLoRaWANModule
<LI><a href="#[69]">&gt;&gt;</a>&nbsp;&nbsp;&nbsp;AT_LoRaWAN_setSleep
<LI><a href="#[68]">&gt;&gt;</a>&nbsp;&nbsp;&nbsp;AT_LoRaWAN_setRX2
<LI><a href="#[67]">&gt;&gt;</a>&nbsp;&nbsp;&nbsp;AT_LoRaWAN_setPORT
<LI><a href="#[66]">&gt;&gt;</a>&nbsp;&nbsp;&nbsp;AT_LoRaWAN_setLoRaWANMode
<LI><a href="#[65]">&gt;&gt;</a>&nbsp;&nbsp;&nbsp;AT_LoRaWAN_setJOIN_Close
<LI><a href="#[64]">&gt;&gt;</a>&nbsp;&nbsp;&nbsp;AT_LoRaWAN_setJOIN
<LI><a href="#[63]">&gt;&gt;</a>&nbsp;&nbsp;&nbsp;AT_LoRaWAN_setIrq
<LI><a href="#[62]">&gt;&gt;</a>&nbsp;&nbsp;&nbsp;AT_LoRaWAN_setDataRate
<LI><a href="#[61]">&gt;&gt;</a>&nbsp;&nbsp;&nbsp;AT_LoRaWAN_setClass
<LI><a href="#[60]">&gt;&gt;</a>&nbsp;&nbsp;&nbsp;AT_LoRaWAN_setCHMASK
<LI><a href="#[5d]">&gt;&gt;</a>&nbsp;&nbsp;&nbsp;AT_LoRaWAN_setBand
<LI><a href="#[5a]">&gt;&gt;</a>&nbsp;&nbsp;&nbsp;AT_LoRaWAN_setAPPKEY
<LI><a href="#[57]">&gt;&gt;</a>&nbsp;&nbsp;&nbsp;AT_LoRaWAN_setAPPEUI
<LI><a href="#[56]">&gt;&gt;</a>&nbsp;&nbsp;&nbsp;AT_LoRaWAN_restFactory
<LI><a href="#[55]">&gt;&gt;</a>&nbsp;&nbsp;&nbsp;AT_LoRaWAN_reboot
<LI><a href="#[54]">&gt;&gt;</a>&nbsp;&nbsp;&nbsp;AT_LoRaWAN_getVer
<LI><a href="#[53]">&gt;&gt;</a>&nbsp;&nbsp;&nbsp;AT_LoRaWAN_getSleep
<LI><a href="#[52]">&gt;&gt;</a>&nbsp;&nbsp;&nbsp;AT_LoRaWAN_getRxChext
<LI><a href="#[51]">&gt;&gt;</a>&nbsp;&nbsp;&nbsp;AT_LoRaWAN_getRx1
<LI><a href="#[50]">&gt;&gt;</a>&nbsp;&nbsp;&nbsp;AT_LoRaWAN_getRX2
<LI><a href="#[4f]">&gt;&gt;</a>&nbsp;&nbsp;&nbsp;AT_LoRaWAN_getParam
<LI><a href="#[4e]">&gt;&gt;</a>&nbsp;&nbsp;&nbsp;AT_LoRaWAN_getPORT
<LI><a href="#[4d]">&gt;&gt;</a>&nbsp;&nbsp;&nbsp;AT_LoRaWAN_getMacMode
<LI><a href="#[4c]">&gt;&gt;</a>&nbsp;&nbsp;&nbsp;AT_LoRaWAN_getLpcpin
<LI><a href="#[49]">&gt;&gt;</a>&nbsp;&nbsp;&nbsp;AT_LoRaWAN_getIrq
<LI><a href="#[48]">&gt;&gt;</a>&nbsp;&nbsp;&nbsp;AT_LoRaWAN_getDataRate
<LI><a href="#[47]">&gt;&gt;</a>&nbsp;&nbsp;&nbsp;AT_LoRaWAN_getDEVEUI
<LI><a href="#[46]">&gt;&gt;</a>&nbsp;&nbsp;&nbsp;AT_LoRaWAN_getDEVADDR
<LI><a href="#[45]">&gt;&gt;</a>&nbsp;&nbsp;&nbsp;AT_LoRaWAN_getClass
<LI><a href="#[44]">&gt;&gt;</a>&nbsp;&nbsp;&nbsp;AT_LoRaWAN_getCHMASK
<LI><a href="#[43]">&gt;&gt;</a>&nbsp;&nbsp;&nbsp;AT_LoRaWAN_getBand
<LI><a href="#[42]">&gt;&gt;</a>&nbsp;&nbsp;&nbsp;AT_LoRaWAN_getAPPKEY
<LI><a href="#[40]">&gt;&gt;</a>&nbsp;&nbsp;&nbsp;AT_LoRaWAN_getAPPEUI
<LI><a href="#[3a]">&gt;&gt;</a>&nbsp;&nbsp;&nbsp;AT_Exec_SendCMD
</UL>

<P><STRONG><a name="[3d]"></a>LoRa_SendCMD</STRONG> (Thumb, 22 bytes, Stack size 16 bytes, uart.o(i.LoRa_SendCMD))
<BR><BR>[Stack]<UL><LI>Max Depth = 40<LI>Call Chain = LoRa_SendCMD &rArr; LoRa_SendData
</UL>
<BR>[Calls]<UL><LI><a href="#[b4]">&gt;&gt;</a>&nbsp;&nbsp;&nbsp;LoRa_SendData
<LI><a href="#[89]">&gt;&gt;</a>&nbsp;&nbsp;&nbsp;strlen
</UL>
<BR>[Called By]<UL><LI><a href="#[b0]">&gt;&gt;</a>&nbsp;&nbsp;&nbsp;LoRaWAN_JoinInit
<LI><a href="#[3a]">&gt;&gt;</a>&nbsp;&nbsp;&nbsp;AT_Exec_SendCMD
</UL>

<P><STRONG><a name="[b4]"></a>LoRa_SendData</STRONG> (Thumb, 44 bytes, Stack size 24 bytes, uart.o(i.LoRa_SendData))
<BR><BR>[Stack]<UL><LI>Max Depth = 24<LI>Call Chain = LoRa_SendData
</UL>
<BR>[Calls]<UL><LI><a href="#[94]">&gt;&gt;</a>&nbsp;&nbsp;&nbsp;LL_USART_TransmitData8
<LI><a href="#[95]">&gt;&gt;</a>&nbsp;&nbsp;&nbsp;LL_USART_IsActiveFlag_TC
</UL>
<BR>[Called By]<UL><LI><a href="#[8e]">&gt;&gt;</a>&nbsp;&nbsp;&nbsp;sendLoRaWANData
<LI><a href="#[3d]">&gt;&gt;</a>&nbsp;&nbsp;&nbsp;LoRa_SendCMD
</UL>

<P><STRONG><a name="[1]"></a>NMI_Handler</STRONG> (Thumb, 4 bytes, Stack size 0 bytes, stm32l0xx_it.o(i.NMI_Handler))
<BR>[Address Reference Count : 1]<UL><LI> startup_stm32l051xx.o(RESET)
</UL>
<P><STRONG><a name="[4]"></a>PendSV_Handler</STRONG> (Thumb, 2 bytes, Stack size 0 bytes, stm32l0xx_it.o(i.PendSV_Handler))
<BR>[Address Reference Count : 1]<UL><LI> startup_stm32l051xx.o(RESET)
</UL>
<P><STRONG><a name="[3]"></a>SVC_Handler</STRONG> (Thumb, 2 bytes, Stack size 0 bytes, stm32l0xx_it.o(i.SVC_Handler))
<BR>[Address Reference Count : 1]<UL><LI> startup_stm32l051xx.o(RESET)
</UL>
<P><STRONG><a name="[5]"></a>SysTick_Handler</STRONG> (Thumb, 2 bytes, Stack size 0 bytes, systick.o(i.SysTick_Handler))
<BR>[Address Reference Count : 1]<UL><LI> startup_stm32l051xx.o(RESET)
</UL>
<P><STRONG><a name="[b7]"></a>SystemClock_Config</STRONG> (Thumb, 514 bytes, Stack size 8 bytes, systick.o(i.SystemClock_Config))
<BR><BR>[Stack]<UL><LI>Max Depth = 36<LI>Call Chain = SystemClock_Config &rArr; LL_Init1msTick &rArr; __aeabi_uidivmod
</UL>
<BR>[Calls]<UL><LI><a href="#[ba]">&gt;&gt;</a>&nbsp;&nbsp;&nbsp;__NVIC_SetPriority
<LI><a href="#[bb]">&gt;&gt;</a>&nbsp;&nbsp;&nbsp;LL_RCC_SetUSARTClockSource
<LI><a href="#[b8]">&gt;&gt;</a>&nbsp;&nbsp;&nbsp;LL_RCC_GetRTCClockSource
<LI><a href="#[b9]">&gt;&gt;</a>&nbsp;&nbsp;&nbsp;LL_SetSystemCoreClock
<LI><a href="#[9e]">&gt;&gt;</a>&nbsp;&nbsp;&nbsp;LL_Init1msTick
</UL>
<BR>[Called By]<UL><LI><a href="#[1e]">&gt;&gt;</a>&nbsp;&nbsp;&nbsp;main
</UL>

<P><STRONG><a name="[1f]"></a>SystemInit</STRONG> (Thumb, 2 bytes, Stack size 0 bytes, system_stm32l0xx.o(i.SystemInit))
<BR>[Address Reference Count : 1]<UL><LI> startup_stm32l051xx.o(.text)
</UL>
<P><STRONG><a name="[bc]"></a>Systick_1ms_Handler</STRONG> (Thumb, 316 bytes, Stack size 8 bytes, systick.o(i.Systick_1ms_Handler))
<BR><BR>[Stack]<UL><LI>Max Depth = 8<LI>Call Chain = Systick_1ms_Handler
</UL>
<BR>[Calls]<UL><LI><a href="#[bd]">&gt;&gt;</a>&nbsp;&nbsp;&nbsp;LL_GPIO_ResetOutputPin
</UL>
<BR>[Called By]<UL><LI><a href="#[14]">&gt;&gt;</a>&nbsp;&nbsp;&nbsp;TIM6_IRQHandler
</UL>

<P><STRONG><a name="[14]"></a>TIM6_IRQHandler</STRONG> (Thumb, 38 bytes, Stack size 8 bytes, tim.o(i.TIM6_IRQHandler))
<BR><BR>[Stack]<UL><LI>Max Depth = 16<LI>Call Chain = TIM6_IRQHandler &rArr; Systick_1ms_Handler
</UL>
<BR>[Calls]<UL><LI><a href="#[bc]">&gt;&gt;</a>&nbsp;&nbsp;&nbsp;Systick_1ms_Handler
</UL>
<BR>[Address Reference Count : 1]<UL><LI> startup_stm32l051xx.o(RESET)
</UL>
<P><STRONG><a name="[be]"></a>TIM6_Init</STRONG> (Thumb, 192 bytes, Stack size 32 bytes, tim.o(i.TIM6_Init))
<BR><BR>[Stack]<UL><LI>Max Depth = 40<LI>Call Chain = TIM6_Init &rArr; LL_TIM_Init
</UL>
<BR>[Calls]<UL><LI><a href="#[c0]">&gt;&gt;</a>&nbsp;&nbsp;&nbsp;LL_TIM_Init
<LI><a href="#[bf]">&gt;&gt;</a>&nbsp;&nbsp;&nbsp;__NVIC_SetPriority
</UL>
<BR>[Called By]<UL><LI><a href="#[1e]">&gt;&gt;</a>&nbsp;&nbsp;&nbsp;main
</UL>

<P><STRONG><a name="[1b]"></a>USART1_IRQHandler</STRONG> (Thumb, 74 bytes, Stack size 8 bytes, uart.o(i.USART1_IRQHandler))
<BR><BR>[Stack]<UL><LI>Max Depth = 8<LI>Call Chain = USART1_IRQHandler
</UL>
<BR>[Calls]<UL><LI><a href="#[c1]">&gt;&gt;</a>&nbsp;&nbsp;&nbsp;LL_USART_IsActiveFlag_RXNE
<LI><a href="#[c2]">&gt;&gt;</a>&nbsp;&nbsp;&nbsp;LL_USART_IsActiveFlag_PE
<LI><a href="#[86]">&gt;&gt;</a>&nbsp;&nbsp;&nbsp;LL_USART_ClearFlag_PE
</UL>
<BR>[Address Reference Count : 1]<UL><LI> startup_stm32l051xx.o(RESET)
</UL>
<P><STRONG><a name="[1c]"></a>USART2_IRQHandler</STRONG> (Thumb, 74 bytes, Stack size 8 bytes, uart.o(i.USART2_IRQHandler))
<BR><BR>[Stack]<UL><LI>Max Depth = 8<LI>Call Chain = USART2_IRQHandler
</UL>
<BR>[Calls]<UL><LI><a href="#[c1]">&gt;&gt;</a>&nbsp;&nbsp;&nbsp;LL_USART_IsActiveFlag_RXNE
<LI><a href="#[c2]">&gt;&gt;</a>&nbsp;&nbsp;&nbsp;LL_USART_IsActiveFlag_PE
<LI><a href="#[86]">&gt;&gt;</a>&nbsp;&nbsp;&nbsp;LL_USART_ClearFlag_PE
</UL>
<BR>[Address Reference Count : 1]<UL><LI> startup_stm32l051xx.o(RESET)
</UL>
<P><STRONG><a name="[c3]"></a>__0snprintf</STRONG> (Thumb, 50 bytes, Stack size 40 bytes, printfa.o(i.__0snprintf), UNUSED)
<BR><BR>[Calls]<UL><LI><a href="#[c4]">&gt;&gt;</a>&nbsp;&nbsp;&nbsp;_printf_core
</UL>

<P><STRONG><a name="[e7]"></a>__1snprintf</STRONG> (Thumb, 0 bytes, Stack size 40 bytes, printfa.o(i.__0snprintf), UNUSED)

<P><STRONG><a name="[5f]"></a>__2snprintf</STRONG> (Thumb, 0 bytes, Stack size 40 bytes, printfa.o(i.__0snprintf))
<BR><BR>[Stack]<UL><LI>Max Depth = 40<LI>Call Chain = __2snprintf
</UL>
<BR>[Called By]<UL><LI><a href="#[ac]">&gt;&gt;</a>&nbsp;&nbsp;&nbsp;LoRaWAN_Init
<LI><a href="#[5d]">&gt;&gt;</a>&nbsp;&nbsp;&nbsp;AT_LoRaWAN_setBand
</UL>

<P><STRONG><a name="[e8]"></a>__c89snprintf</STRONG> (Thumb, 0 bytes, Stack size 40 bytes, printfa.o(i.__0snprintf), UNUSED)

<P><STRONG><a name="[e9]"></a>snprintf</STRONG> (Thumb, 0 bytes, Stack size 40 bytes, printfa.o(i.__0snprintf), UNUSED)

<P><STRONG><a name="[c5]"></a>__0sprintf</STRONG> (Thumb, 36 bytes, Stack size 24 bytes, printfa.o(i.__0sprintf), UNUSED)
<BR><BR>[Calls]<UL><LI><a href="#[22]">&gt;&gt;</a>&nbsp;&nbsp;&nbsp;_sputc
<LI><a href="#[c4]">&gt;&gt;</a>&nbsp;&nbsp;&nbsp;_printf_core
</UL>

<P><STRONG><a name="[ea]"></a>__1sprintf</STRONG> (Thumb, 0 bytes, Stack size 24 bytes, printfa.o(i.__0sprintf), UNUSED)

<P><STRONG><a name="[59]"></a>__2sprintf</STRONG> (Thumb, 0 bytes, Stack size 24 bytes, printfa.o(i.__0sprintf))
<BR><BR>[Stack]<UL><LI>Max Depth = 24<LI>Call Chain = __2sprintf
</UL>
<BR>[Called By]<UL><LI><a href="#[68]">&gt;&gt;</a>&nbsp;&nbsp;&nbsp;AT_LoRaWAN_setRX2
<LI><a href="#[67]">&gt;&gt;</a>&nbsp;&nbsp;&nbsp;AT_LoRaWAN_setPORT
<LI><a href="#[65]">&gt;&gt;</a>&nbsp;&nbsp;&nbsp;AT_LoRaWAN_setJOIN_Close
<LI><a href="#[64]">&gt;&gt;</a>&nbsp;&nbsp;&nbsp;AT_LoRaWAN_setJOIN
<LI><a href="#[62]">&gt;&gt;</a>&nbsp;&nbsp;&nbsp;AT_LoRaWAN_setDataRate
<LI><a href="#[61]">&gt;&gt;</a>&nbsp;&nbsp;&nbsp;AT_LoRaWAN_setClass
<LI><a href="#[60]">&gt;&gt;</a>&nbsp;&nbsp;&nbsp;AT_LoRaWAN_setCHMASK
<LI><a href="#[5a]">&gt;&gt;</a>&nbsp;&nbsp;&nbsp;AT_LoRaWAN_setAPPKEY
<LI><a href="#[57]">&gt;&gt;</a>&nbsp;&nbsp;&nbsp;AT_LoRaWAN_setAPPEUI
</UL>

<P><STRONG><a name="[eb]"></a>__c89sprintf</STRONG> (Thumb, 0 bytes, Stack size 24 bytes, printfa.o(i.__0sprintf), UNUSED)

<P><STRONG><a name="[ec]"></a>sprintf</STRONG> (Thumb, 0 bytes, Stack size 24 bytes, printfa.o(i.__0sprintf), UNUSED)

<P><STRONG><a name="[c6]"></a>__0vsprintf</STRONG> (Thumb, 30 bytes, Stack size 24 bytes, printfa.o(i.__0vsprintf), UNUSED)
<BR><BR>[Calls]<UL><LI><a href="#[22]">&gt;&gt;</a>&nbsp;&nbsp;&nbsp;_sputc
<LI><a href="#[c4]">&gt;&gt;</a>&nbsp;&nbsp;&nbsp;_printf_core
</UL>

<P><STRONG><a name="[ed]"></a>__1vsprintf</STRONG> (Thumb, 0 bytes, Stack size 24 bytes, printfa.o(i.__0vsprintf), UNUSED)

<P><STRONG><a name="[ee]"></a>__2vsprintf</STRONG> (Thumb, 0 bytes, Stack size 24 bytes, printfa.o(i.__0vsprintf), UNUSED)

<P><STRONG><a name="[ef]"></a>__c89vsprintf</STRONG> (Thumb, 0 bytes, Stack size 24 bytes, printfa.o(i.__0vsprintf), UNUSED)

<P><STRONG><a name="[92]"></a>vsprintf</STRONG> (Thumb, 0 bytes, Stack size 24 bytes, printfa.o(i.__0vsprintf))
<BR><BR>[Stack]<UL><LI>Max Depth = 24<LI>Call Chain = vsprintf
</UL>
<BR>[Called By]<UL><LI><a href="#[3c]">&gt;&gt;</a>&nbsp;&nbsp;&nbsp;INFO
</UL>

<P><STRONG><a name="[39]"></a>__ARM_clz</STRONG> (Thumb, 46 bytes, Stack size 0 bytes, depilogue.o(i.__ARM_clz), UNUSED)
<BR><BR>[Called By]<UL><LI><a href="#[31]">&gt;&gt;</a>&nbsp;&nbsp;&nbsp;_double_epilogue
</UL>

<P><STRONG><a name="[a1]"></a>__ARM_common_ll_muluu</STRONG> (Thumb, 48 bytes, Stack size 24 bytes, stm32l0xx_ll_lpuart.o(i.__ARM_common_ll_muluu))
[...]
<LI><a href="#[5c]">&gt;&gt;</a>&nbsp;&nbsp;&nbsp;AT_LoRaWAN_setATExit
<LI><a href="#[5b]">&gt;&gt;</a>&nbsp;&nbsp;&nbsp;AT_LoRaWAN_setATEnter
<LI><a href="#[4a]">&gt;&gt;</a>&nbsp;&nbsp;&nbsp;AT_LoRaWAN_getJOIN
<LI><a href="#[b4]">&gt;&gt;</a>&nbsp;&nbsp;&nbsp;LoRa_SendData
<LI><a href="#[8b]">&gt;&gt;</a>&nbsp;&nbsp;&nbsp;DebugHexInfo
<LI><a href="#[3c]">&gt;&gt;</a>&nbsp;&nbsp;&nbsp;INFO
<LI><a href="#[6b]">&gt;&gt;</a>&nbsp;&nbsp;&nbsp;__aeabi_memcpy
</UL>
<BR>[Called By]<UL><LI><a href="#[8c]">&gt;&gt;</a>&nbsp;&nbsp;&nbsp;DeviceStateProcess
</UL>

<P><STRONG><a name="[ad]"></a>setLoRaWANStatus</STRONG> (Thumb, 28 bytes, Stack size 8 bytes, lorawan_apply.o(i.setLoRaWANStatus))
<BR><BR>[Stack]<UL><LI>Max Depth = 16<LI>Call Chain = setLoRaWANStatus &rArr; LoRa_DelayMs
</UL>
<BR>[Calls]<UL><LI><a href="#[d6]">&gt;&gt;</a>&nbsp;&nbsp;&nbsp;LL_GPIO_SetOutputPin
<LI><a href="#[3f]">&gt;&gt;</a>&nbsp;&nbsp;&nbsp;LoRa_DelayMs
</UL>
<BR>[Called By]<UL><LI><a href="#[8e]">&gt;&gt;</a>&nbsp;&nbsp;&nbsp;sendLoRaWANData
<LI><a href="#[b0]">&gt;&gt;</a>&nbsp;&nbsp;&nbsp;LoRaWAN_JoinInit
<LI><a href="#[ac]">&gt;&gt;</a>&nbsp;&nbsp;&nbsp;LoRaWAN_Init
</UL>
<P>
<H3>
Local Symbols
</H3>
<P><STRONG><a name="[91]"></a>LL_EXTI_ClearFlag_0_31</STRONG> (Thumb, 6 bytes, Stack size 0 bytes, gpio.o(i.LL_EXTI_ClearFlag_0_31))
<BR><BR>[Called By]<UL><LI><a href="#[d]">&gt;&gt;</a>&nbsp;&nbsp;&nbsp;EXTI4_15_IRQHandler
<LI><a href="#[b]">&gt;&gt;</a>&nbsp;&nbsp;&nbsp;EXTI0_1_IRQHandler
</UL>

<P><STRONG><a name="[90]"></a>LL_EXTI_IsActiveFlag_0_31</STRONG> (Thumb, 20 bytes, Stack size 0 bytes, gpio.o(i.LL_EXTI_IsActiveFlag_0_31))
<BR><BR>[Called By]<UL><LI><a href="#[d]">&gt;&gt;</a>&nbsp;&nbsp;&nbsp;EXTI4_15_IRQHandler
<LI><a href="#[b]">&gt;&gt;</a>&nbsp;&nbsp;&nbsp;EXTI0_1_IRQHandler
</UL>

<P><STRONG><a name="[79]"></a>LL_GPIO_ResetOutputPin</STRONG> (Thumb, 4 bytes, Stack size 0 bytes, gpio.o(i.LL_GPIO_ResetOutputPin))
<BR><BR>[Called By]<UL><LI><a href="#[75]">&gt;&gt;</a>&nbsp;&nbsp;&nbsp;App_PortCfg
</UL>

<P><STRONG><a name="[78]"></a>LL_GPIO_SetOutputPin</STRONG> (Thumb, 4 bytes, Stack size 0 bytes, gpio.o(i.LL_GPIO_SetOutputPin))
<BR><BR>[Called By]<UL><LI><a href="#[75]">&gt;&gt;</a>&nbsp;&nbsp;&nbsp;App_PortCfg
</UL>

<P><STRONG><a name="[7c]"></a>LL_GPIO_SetPinMode</STRONG> (Thumb, 26 bytes, Stack size 12 bytes, gpio.o(i.LL_GPIO_SetPinMode))
<BR><BR>[Stack]<UL><LI>Max Depth = 12<LI>Call Chain = LL_GPIO_SetPinMode
</UL>
<BR>[Called By]<UL><LI><a href="#[75]">&gt;&gt;</a>&nbsp;&nbsp;&nbsp;App_PortCfg
</UL>

<P><STRONG><a name="[7b]"></a>LL_GPIO_SetPinPull</STRONG> (Thumb, 26 bytes, Stack size 12 bytes, gpio.o(i.LL_GPIO_SetPinPull))
<BR><BR>[Stack]<UL><LI>Max Depth = 12<LI>Call Chain = LL_GPIO_SetPinPull
</UL>
<BR>[Called By]<UL><LI><a href="#[75]">&gt;&gt;</a>&nbsp;&nbsp;&nbsp;App_PortCfg
</UL>

<P><STRONG><a name="[76]"></a>LL_IOP_GRP1_EnableClock</STRONG> (Thumb, 24 bytes, Stack size 8 bytes, gpio.o(i.LL_IOP_GRP1_EnableClock))
<BR><BR>[Stack]<UL><LI>Max Depth = 8<LI>Call Chain = LL_IOP_GRP1_EnableClock
</UL>
<BR>[Called By]<UL><LI><a href="#[75]">&gt;&gt;</a>&nbsp;&nbsp;&nbsp;App_PortCfg
</UL>

<P><STRONG><a name="[7a]"></a>LL_SYSCFG_SetEXTISource</STRONG> (Thumb, 36 bytes, Stack size 8 bytes, gpio.o(i.LL_SYSCFG_SetEXTISource))
<BR><BR>[Stack]<UL><LI>Max Depth = 8<LI>Call Chain = LL_SYSCFG_SetEXTISource
</UL>
<BR>[Called By]<UL><LI><a href="#[75]">&gt;&gt;</a>&nbsp;&nbsp;&nbsp;App_PortCfg
</UL>

<P><STRONG><a name="[7f]"></a>__NVIC_EnableIRQ</STRONG> (Thumb, 18 bytes, Stack size 0 bytes, gpio.o(i.__NVIC_EnableIRQ))
<BR><BR>[Called By]<UL><LI><a href="#[75]">&gt;&gt;</a>&nbsp;&nbsp;&nbsp;App_PortCfg
</UL>

<P><STRONG><a name="[7e]"></a>__NVIC_SetPriority</STRONG> (Thumb, 110 bytes, Stack size 8 bytes, gpio.o(i.__NVIC_SetPriority))
<BR><BR>[Stack]<UL><LI>Max Depth = 8<LI>Call Chain = __NVIC_SetPriority
</UL>
<BR>[Called By]<UL><LI><a href="#[75]">&gt;&gt;</a>&nbsp;&nbsp;&nbsp;App_PortCfg
</UL>

<P><STRONG><a name="[bf]"></a>__NVIC_SetPriority</STRONG> (Thumb, 110 bytes, Stack size 8 bytes, tim.o(i.__NVIC_SetPriority))
<BR><BR>[Stack]<UL><LI>Max Depth = 8<LI>Call Chain = __NVIC_SetPriority
</UL>
<BR>[Called By]<UL><LI><a href="#[be]">&gt;&gt;</a>&nbsp;&nbsp;&nbsp;TIM6_Init
</UL>

<P><STRONG><a name="[6d]"></a>LL_APB1_GRP1_EnableClock</STRONG> (Thumb, 24 bytes, Stack size 8 bytes, uart.o(i.LL_APB1_GRP1_EnableClock))
<BR><BR>[Stack]<UL><LI>Max Depth = 8<LI>Call Chain = LL_APB1_GRP1_EnableClock
</UL>
<BR>[Called By]<UL><LI><a href="#[87]">&gt;&gt;</a>&nbsp;&nbsp;&nbsp;App_Uart2Cfg
<LI><a href="#[6c]">&gt;&gt;</a>&nbsp;&nbsp;&nbsp;App_LpUart1Cfg
</UL>

<P><STRONG><a name="[6e]"></a>LL_IOP_GRP1_EnableClock</STRONG> (Thumb, 24 bytes, Stack size 8 bytes, uart.o(i.LL_IOP_GRP1_EnableClock))
<BR><BR>[Stack]<UL><LI>Max Depth = 8<LI>Call Chain = LL_IOP_GRP1_EnableClock
</UL>
<BR>[Called By]<UL><LI><a href="#[87]">&gt;&gt;</a>&nbsp;&nbsp;&nbsp;App_Uart2Cfg
<LI><a href="#[80]">&gt;&gt;</a>&nbsp;&nbsp;&nbsp;App_Uart1Cfg
<LI><a href="#[6c]">&gt;&gt;</a>&nbsp;&nbsp;&nbsp;App_LpUart1Cfg
</UL>

<P><STRONG><a name="[86]"></a>LL_USART_ClearFlag_PE</STRONG> (Thumb, 6 bytes, Stack size 0 bytes, uart.o(i.LL_USART_ClearFlag_PE))
<BR><BR>[Called By]<UL><LI><a href="#[1c]">&gt;&gt;</a>&nbsp;&nbsp;&nbsp;USART2_IRQHandler
<LI><a href="#[1b]">&gt;&gt;</a>&nbsp;&nbsp;&nbsp;USART1_IRQHandler
<LI><a href="#[87]">&gt;&gt;</a>&nbsp;&nbsp;&nbsp;App_Uart2Cfg
<LI><a href="#[80]">&gt;&gt;</a>&nbsp;&nbsp;&nbsp;App_Uart1Cfg
</UL>

<P><STRONG><a name="[82]"></a>LL_USART_ConfigAsyncMode</STRONG> (Thumb, 20 bytes, Stack size 0 bytes, uart.o(i.LL_USART_ConfigAsyncMode))
<BR><BR>[Called By]<UL><LI><a href="#[87]">&gt;&gt;</a>&nbsp;&nbsp;&nbsp;App_Uart2Cfg
<LI><a href="#[80]">&gt;&gt;</a>&nbsp;&nbsp;&nbsp;App_Uart1Cfg
</UL>

<P><STRONG><a name="[83]"></a>LL_USART_Enable</STRONG> (Thumb, 10 bytes, Stack size 0 bytes, uart.o(i.LL_USART_Enable))
<BR><BR>[Called By]<UL><LI><a href="#[87]">&gt;&gt;</a>&nbsp;&nbsp;&nbsp;App_Uart2Cfg
<LI><a href="#[80]">&gt;&gt;</a>&nbsp;&nbsp;&nbsp;App_Uart1Cfg
</UL>

<P><STRONG><a name="[85]"></a>LL_USART_EnableIT_PE</STRONG> (Thumb, 38 bytes, Stack size 16 bytes, uart.o(i.LL_USART_EnableIT_PE))
<BR><BR>[Stack]<UL><LI>Max Depth = 16<LI>Call Chain = LL_USART_EnableIT_PE
</UL>
<BR>[Calls]<UL><LI><a href="#[74]">&gt;&gt;</a>&nbsp;&nbsp;&nbsp;__set_PRIMASK
<LI><a href="#[73]">&gt;&gt;</a>&nbsp;&nbsp;&nbsp;__get_PRIMASK
</UL>
<BR>[Called By]<UL><LI><a href="#[87]">&gt;&gt;</a>&nbsp;&nbsp;&nbsp;App_Uart2Cfg
<LI><a href="#[80]">&gt;&gt;</a>&nbsp;&nbsp;&nbsp;App_Uart1Cfg
</UL>

<P><STRONG><a name="[84]"></a>LL_USART_EnableIT_RXNE</STRONG> (Thumb, 36 bytes, Stack size 16 bytes, uart.o(i.LL_USART_EnableIT_RXNE))
<BR><BR>[Stack]<UL><LI>Max Depth = 16<LI>Call Chain = LL_USART_EnableIT_RXNE
</UL>
<BR>[Calls]<UL><LI><a href="#[74]">&gt;&gt;</a>&nbsp;&nbsp;&nbsp;__set_PRIMASK
<LI><a href="#[73]">&gt;&gt;</a>&nbsp;&nbsp;&nbsp;__get_PRIMASK
</UL>
<BR>[Called By]<UL><LI><a href="#[87]">&gt;&gt;</a>&nbsp;&nbsp;&nbsp;App_Uart2Cfg
<LI><a href="#[80]">&gt;&gt;</a>&nbsp;&nbsp;&nbsp;App_Uart1Cfg
</UL>

<P><STRONG><a name="[c2]"></a>LL_USART_IsActiveFlag_PE</STRONG> (Thumb, 16 bytes, Stack size 0 bytes, uart.o(i.LL_USART_IsActiveFlag_PE))
<BR><BR>[Called By]<UL><LI><a href="#[1c]">&gt;&gt;</a>&nbsp;&nbsp;&nbsp;USART2_IRQHandler
<LI><a href="#[1b]">&gt;&gt;</a>&nbsp;&nbsp;&nbsp;USART1_IRQHandler
</UL>

<P><STRONG><a name="[c1]"></a>LL_USART_IsActiveFlag_RXNE</STRONG> (Thumb, 12 bytes, Stack size 0 bytes, uart.o(i.LL_USART_IsActiveFlag_RXNE))
<BR><BR>[Called By]<UL><LI><a href="#[1c]">&gt;&gt;</a>&nbsp;&nbsp;&nbsp;USART2_IRQHandler
<LI><a href="#[1b]">&gt;&gt;</a>&nbsp;&nbsp;&nbsp;USART1_IRQHandler
</UL>

<P><STRONG><a name="[95]"></a>LL_USART_IsActiveFlag_TC</STRONG> (Thumb, 12 bytes, Stack size 0 bytes, uart.o(i.LL_USART_IsActiveFlag_TC))
<BR><BR>[Called By]<UL><LI><a href="#[b4]">&gt;&gt;</a>&nbsp;&nbsp;&nbsp;LoRa_SendData
<LI><a href="#[93]">&gt;&gt;</a>&nbsp;&nbsp;&nbsp;INFO_SendData
</UL>

<P><STRONG><a name="[94]"></a>LL_USART_TransmitData8</STRONG> (Thumb, 4 bytes, Stack size 0 bytes, uart.o(i.LL_USART_TransmitData8))
<BR><BR>[Called By]<UL><LI><a href="#[b4]">&gt;&gt;</a>&nbsp;&nbsp;&nbsp;LoRa_SendData
<LI><a href="#[93]">&gt;&gt;</a>&nbsp;&nbsp;&nbsp;INFO_SendData
</UL>

<P><STRONG><a name="[71]"></a>__NVIC_EnableIRQ</STRONG> (Thumb, 18 bytes, Stack size 0 bytes, uart.o(i.__NVIC_EnableIRQ))
<BR><BR>[Called By]<UL><LI><a href="#[87]">&gt;&gt;</a>&nbsp;&nbsp;&nbsp;App_Uart2Cfg
<LI><a href="#[80]">&gt;&gt;</a>&nbsp;&nbsp;&nbsp;App_Uart1Cfg
<LI><a href="#[6c]">&gt;&gt;</a>&nbsp;&nbsp;&nbsp;App_LpUart1Cfg
</UL>

<P><STRONG><a name="[70]"></a>__NVIC_SetPriority</STRONG> (Thumb, 110 bytes, Stack size 8 bytes, uart.o(i.__NVIC_SetPriority))
<BR><BR>[Stack]<UL><LI>Max Depth = 8<LI>Call Chain = __NVIC_SetPriority
</UL>
<BR>[Called By]<UL><LI><a href="#[87]">&gt;&gt;</a>&nbsp;&nbsp;&nbsp;App_Uart2Cfg
<LI><a href="#[80]">&gt;&gt;</a>&nbsp;&nbsp;&nbsp;App_Uart1Cfg
<LI><a href="#[6c]">&gt;&gt;</a>&nbsp;&nbsp;&nbsp;App_LpUart1Cfg
</UL>

<P><STRONG><a name="[73]"></a>__get_PRIMASK</STRONG> (Thumb, 6 bytes, Stack size 0 bytes, uart.o(i.__get_PRIMASK))
<BR><BR>[Called By]<UL><LI><a href="#[1d]">&gt;&gt;</a>&nbsp;&nbsp;&nbsp;LPUART1_IRQHandler
<LI><a href="#[84]">&gt;&gt;</a>&nbsp;&nbsp;&nbsp;LL_USART_EnableIT_RXNE
<LI><a href="#[85]">&gt;&gt;</a>&nbsp;&nbsp;&nbsp;LL_USART_EnableIT_PE
<LI><a href="#[6c]">&gt;&gt;</a>&nbsp;&nbsp;&nbsp;App_LpUart1Cfg
</UL>

<P><STRONG><a name="[74]"></a>__set_PRIMASK</STRONG> (Thumb, 6 bytes, Stack size 0 bytes, uart.o(i.__set_PRIMASK))
<BR><BR>[Called By]<UL><LI><a href="#[1d]">&gt;&gt;</a>&nbsp;&nbsp;&nbsp;LPUART1_IRQHandler
<LI><a href="#[84]">&gt;&gt;</a>&nbsp;&nbsp;&nbsp;LL_USART_EnableIT_RXNE
<LI><a href="#[85]">&gt;&gt;</a>&nbsp;&nbsp;&nbsp;LL_USART_EnableIT_PE
<LI><a href="#[6c]">&gt;&gt;</a>&nbsp;&nbsp;&nbsp;App_LpUart1Cfg
</UL>

<P><STRONG><a name="[bd]"></a>LL_GPIO_ResetOutputPin</STRONG> (Thumb, 4 bytes, Stack size 0 bytes, systick.o(i.LL_GPIO_ResetOutputPin))
<BR><BR>[Called By]<UL><LI><a href="#[bc]">&gt;&gt;</a>&nbsp;&nbsp;&nbsp;Systick_1ms_Handler
</UL>

<P><STRONG><a name="[b8]"></a>LL_RCC_GetRTCClockSource</STRONG> (Thumb, 12 bytes, Stack size 0 bytes, systick.o(i.LL_RCC_GetRTCClockSource))
<BR><BR>[Called By]<UL><LI><a href="#[b7]">&gt;&gt;</a>&nbsp;&nbsp;&nbsp;SystemClock_Config
</UL>

<P><STRONG><a name="[bb]"></a>LL_RCC_SetUSARTClockSource</STRONG> (Thumb, 18 bytes, Stack size 0 bytes, systick.o(i.LL_RCC_SetUSARTClockSource))
<BR><BR>[Called By]<UL><LI><a href="#[b7]">&gt;&gt;</a>&nbsp;&nbsp;&nbsp;SystemClock_Config
</UL>

<P><STRONG><a name="[ba]"></a>__NVIC_SetPriority</STRONG> (Thumb, 110 bytes, Stack size 8 bytes, systick.o(i.__NVIC_SetPriority))
<BR><BR>[Stack]<UL><LI>Max Depth = 8<LI>Call Chain = __NVIC_SetPriority
</UL>
<BR>[Called By]<UL><LI><a href="#[b7]">&gt;&gt;</a>&nbsp;&nbsp;&nbsp;SystemClock_Config
</UL>

<P><STRONG><a name="[d6]"></a>LL_GPIO_SetOutputPin</STRONG> (Thumb, 4 bytes, Stack size 0 bytes, lorawan_apply.o(i.LL_GPIO_SetOutputPin))
<BR><BR>[Called By]<UL><LI><a href="#[ad]">&gt;&gt;</a>&nbsp;&nbsp;&nbsp;setLoRaWANStatus
<LI><a href="#[ae]">&gt;&gt;</a>&nbsp;&nbsp;&nbsp;rstLoRaWANModule
</UL>

<P><STRONG><a name="[af]"></a>MDK_MONTH</STRONG> (Thumb, 126 bytes, Stack size 0 bytes, lorawan_apply.o(i.MDK_MONTH))
<BR><BR>[Called By]<UL><LI><a href="#[ac]">&gt;&gt;</a>&nbsp;&nbsp;&nbsp;LoRaWAN_Init
</UL>

<P><STRONG><a name="[96]"></a>LL_EXTI_DisableEvent_0_31</STRONG> (Thumb, 12 bytes, Stack size 0 bytes, stm32l0xx_ll_exti.o(i.LL_EXTI_DisableEvent_0_31))
<BR><BR>[Called By]<UL><LI><a href="#[7d]">&gt;&gt;</a>&nbsp;&nbsp;&nbsp;LL_EXTI_Init
</UL>

<P><STRONG><a name="[98]"></a>LL_EXTI_DisableIT_0_31</STRONG> (Thumb, 12 bytes, Stack size 0 bytes, stm32l0xx_ll_exti.o(i.LL_EXTI_DisableIT_0_31))
<BR><BR>[Called By]<UL><LI><a href="#[7d]">&gt;&gt;</a>&nbsp;&nbsp;&nbsp;LL_EXTI_Init
</UL>

<P><STRONG><a name="[99]"></a>LL_EXTI_EnableEvent_0_31</STRONG> (Thumb, 12 bytes, Stack size 0 bytes, stm32l0xx_ll_exti.o(i.LL_EXTI_EnableEvent_0_31))
<BR><BR>[Called By]<UL><LI><a href="#[7d]">&gt;&gt;</a>&nbsp;&nbsp;&nbsp;LL_EXTI_Init
</UL>

<P><STRONG><a name="[9b]"></a>LL_EXTI_EnableFallingTrig_0_31</STRONG> (Thumb, 12 bytes, Stack size 0 bytes, stm32l0xx_ll_exti.o(i.LL_EXTI_EnableFallingTrig_0_31))
<BR><BR>[Called By]<UL><LI><a href="#[7d]">&gt;&gt;</a>&nbsp;&nbsp;&nbsp;LL_EXTI_Init
</UL>

<P><STRONG><a name="[97]"></a>LL_EXTI_EnableIT_0_31</STRONG> (Thumb, 12 bytes, Stack size 0 bytes, stm32l0xx_ll_exti.o(i.LL_EXTI_EnableIT_0_31))
<BR><BR>[Called By]<UL><LI><a href="#[7d]">&gt;&gt;</a>&nbsp;&nbsp;&nbsp;LL_EXTI_Init
</UL>

<P><STRONG><a name="[9a]"></a>LL_EXTI_EnableRisingTrig_0_31</STRONG> (Thumb, 12 bytes, Stack size 0 bytes, stm32l0xx_ll_exti.o(i.LL_EXTI_EnableRisingTrig_0_31))
<BR><BR>[Called By]<UL><LI><a href="#[7d]">&gt;&gt;</a>&nbsp;&nbsp;&nbsp;LL_EXTI_Init
</UL>

<P><STRONG><a name="[9c]"></a>LL_IOP_GRP1_ForceReset</STRONG> (Thumb, 12 bytes, Stack size 0 bytes, stm32l0xx_ll_gpio.o(i.LL_IOP_GRP1_ForceReset))
<BR><BR>[Called By]<UL><LI><a href="#[77]">&gt;&gt;</a>&nbsp;&nbsp;&nbsp;LL_GPIO_DeInit
</UL>

<P><STRONG><a name="[9d]"></a>LL_IOP_GRP1_ReleaseReset</STRONG> (Thumb, 12 bytes, Stack size 0 bytes, stm32l0xx_ll_gpio.o(i.LL_IOP_GRP1_ReleaseReset))
<BR><BR>[Called By]<UL><LI><a href="#[77]">&gt;&gt;</a>&nbsp;&nbsp;&nbsp;LL_GPIO_DeInit
</UL>

<P><STRONG><a name="[a9]"></a>LL_RCC_GetUSARTClockSource</STRONG> (Thumb, 14 bytes, Stack size 0 bytes, stm32l0xx_ll_rcc.o(i.LL_RCC_GetUSARTClockSource))
<BR><BR>[Called By]<UL><LI><a href="#[a8]">&gt;&gt;</a>&nbsp;&nbsp;&nbsp;LL_RCC_GetUSARTClockFreq
</UL>

<P><STRONG><a name="[a3]"></a>LL_RCC_HSI_IsReady</STRONG> (Thumb, 12 bytes, Stack size 0 bytes, stm32l0xx_ll_rcc.o(i.LL_RCC_HSI_IsReady))
<BR><BR>[Called By]<UL><LI><a href="#[a8]">&gt;&gt;</a>&nbsp;&nbsp;&nbsp;LL_RCC_GetUSARTClockFreq
<LI><a href="#[a0]">&gt;&gt;</a>&nbsp;&nbsp;&nbsp;LL_RCC_GetLPUARTClockFreq
</UL>

<P><STRONG><a name="[a4]"></a>LL_RCC_IsActiveFlag_HSIDIV</STRONG> (Thumb, 12 bytes, Stack size 0 bytes, stm32l0xx_ll_rcc.o(i.LL_RCC_IsActiveFlag_HSIDIV))
<BR><BR>[Called By]<UL><LI><a href="#[a8]">&gt;&gt;</a>&nbsp;&nbsp;&nbsp;LL_RCC_GetUSARTClockFreq
<LI><a href="#[b6]">&gt;&gt;</a>&nbsp;&nbsp;&nbsp;RCC_PLL_GetFreqDomain_SYS
<LI><a href="#[a2]">&gt;&gt;</a>&nbsp;&nbsp;&nbsp;RCC_GetSystemClockFreq
<LI><a href="#[a0]">&gt;&gt;</a>&nbsp;&nbsp;&nbsp;LL_RCC_GetLPUARTClockFreq
</UL>

<P><STRONG><a name="[a5]"></a>LL_RCC_LSE_IsReady</STRONG> (Thumb, 14 bytes, Stack size 0 bytes, stm32l0xx_ll_rcc.o(i.LL_RCC_LSE_IsReady))
<BR><BR>[Called By]<UL><LI><a href="#[a8]">&gt;&gt;</a>&nbsp;&nbsp;&nbsp;LL_RCC_GetUSARTClockFreq
<LI><a href="#[a0]">&gt;&gt;</a>&nbsp;&nbsp;&nbsp;LL_RCC_GetLPUARTClockFreq
</UL>

<P><STRONG><a name="[b5]"></a>LL_RCC_MSI_GetRange</STRONG> (Thumb, 12 bytes, Stack size 0 bytes, stm32l0xx_ll_rcc.o(i.LL_RCC_MSI_GetRange))
<BR><BR>[Called By]<UL><LI><a href="#[a2]">&gt;&gt;</a>&nbsp;&nbsp;&nbsp;RCC_GetSystemClockFreq
</UL>

<P><STRONG><a name="[a6]"></a>RCC_GetHCLKClockFreq</STRONG> (Thumb, 26 bytes, Stack size 0 bytes, stm32l0xx_ll_rcc.o(i.RCC_GetHCLKClockFreq))
<BR><BR>[Called By]<UL><LI><a href="#[a8]">&gt;&gt;</a>&nbsp;&nbsp;&nbsp;LL_RCC_GetUSARTClockFreq
<LI><a href="#[a0]">&gt;&gt;</a>&nbsp;&nbsp;&nbsp;LL_RCC_GetLPUARTClockFreq
</UL>

<P><STRONG><a name="[a7]"></a>RCC_GetPCLK1ClockFreq</STRONG> (Thumb, 26 bytes, Stack size 0 bytes, stm32l0xx_ll_rcc.o(i.RCC_GetPCLK1ClockFreq))
<BR><BR>[Called By]<UL><LI><a href="#[a8]">&gt;&gt;</a>&nbsp;&nbsp;&nbsp;LL_RCC_GetUSARTClockFreq
<LI><a href="#[a0]">&gt;&gt;</a>&nbsp;&nbsp;&nbsp;LL_RCC_GetLPUARTClockFreq
</UL>

<P><STRONG><a name="[aa]"></a>RCC_GetPCLK2ClockFreq</STRONG> (Thumb, 26 bytes, Stack size 0 bytes, stm32l0xx_ll_rcc.o(i.RCC_GetPCLK2ClockFreq))
<BR><BR>[Called By]<UL><LI><a href="#[a8]">&gt;&gt;</a>&nbsp;&nbsp;&nbsp;LL_RCC_GetUSARTClockFreq
</UL>

<P><STRONG><a name="[a2]"></a>RCC_GetSystemClockFreq</STRONG> (Thumb, 96 bytes, Stack size 8 bytes, stm32l0xx_ll_rcc.o(i.RCC_GetSystemClockFreq))
<BR><BR>[Stack]<UL><LI>Max Depth = 44<LI>Call Chain = RCC_GetSystemClockFreq &rArr; RCC_PLL_GetFreqDomain_SYS &rArr; __aeabi_uidivmod
</UL>
<BR>[Calls]<UL><LI><a href="#[b6]">&gt;&gt;</a>&nbsp;&nbsp;&nbsp;RCC_PLL_GetFreqDomain_SYS
<LI><a href="#[b5]">&gt;&gt;</a>&nbsp;&nbsp;&nbsp;LL_RCC_MSI_GetRange
<LI><a href="#[a4]">&gt;&gt;</a>&nbsp;&nbsp;&nbsp;LL_RCC_IsActiveFlag_HSIDIV
</UL>
<BR>[Called By]<UL><LI><a href="#[a8]">&gt;&gt;</a>&nbsp;&nbsp;&nbsp;LL_RCC_GetUSARTClockFreq
<LI><a href="#[a0]">&gt;&gt;</a>&nbsp;&nbsp;&nbsp;LL_RCC_GetLPUARTClockFreq
</UL>

<P><STRONG><a name="[b6]"></a>RCC_PLL_GetFreqDomain_SYS</STRONG> (Thumb, 86 bytes, Stack size 24 bytes, stm32l0xx_ll_rcc.o(i.RCC_PLL_GetFreqDomain_SYS))
<BR><BR>[Stack]<UL><LI>Max Depth = 36<LI>Call Chain = RCC_PLL_GetFreqDomain_SYS &rArr; __aeabi_uidivmod
</UL>
<BR>[Calls]<UL><LI><a href="#[a4]">&gt;&gt;</a>&nbsp;&nbsp;&nbsp;LL_RCC_IsActiveFlag_HSIDIV
<LI><a href="#[9f]">&gt;&gt;</a>&nbsp;&nbsp;&nbsp;__aeabi_uidivmod
</UL>
<BR>[Called By]<UL><LI><a href="#[a2]">&gt;&gt;</a>&nbsp;&nbsp;&nbsp;RCC_GetSystemClockFreq
</UL>

<P><STRONG><a name="[ab]"></a>LL_USART_IsEnabled</STRONG> (Thumb, 16 bytes, Stack size 0 bytes, stm32l0xx_ll_usart.o(i.LL_USART_IsEnabled))
<BR><BR>[Called By]<UL><LI><a href="#[81]">&gt;&gt;</a>&nbsp;&nbsp;&nbsp;LL_USART_Init
</UL>

<P><STRONG><a name="[c7]"></a>_fp_digits</STRONG> (Thumb, 344 bytes, Stack size 64 bytes, printfa.o(i._fp_digits), UNUSED)
<BR><BR>[Calls]<UL><LI><a href="#[29]">&gt;&gt;</a>&nbsp;&nbsp;&nbsp;__aeabi_uldivmod
<LI><a href="#[35]">&gt;&gt;</a>&nbsp;&nbsp;&nbsp;__aeabi_dmul
<LI><a href="#[36]">&gt;&gt;</a>&nbsp;&nbsp;&nbsp;__aeabi_ddiv
<LI><a href="#[2f]">&gt;&gt;</a>&nbsp;&nbsp;&nbsp;__aeabi_dadd
<LI><a href="#[37]">&gt;&gt;</a>&nbsp;&nbsp;&nbsp;__aeabi_d2ulz
<LI><a href="#[c8]">&gt;&gt;</a>&nbsp;&nbsp;&nbsp;__aeabi_cdrcmple
</UL>
<BR>[Called By]<UL><LI><a href="#[c4]">&gt;&gt;</a>&nbsp;&nbsp;&nbsp;_printf_core
</UL>

<P><STRONG><a name="[c4]"></a>_printf_core</STRONG> (Thumb, 1760 bytes, Stack size 128 bytes, printfa.o(i._printf_core), UNUSED)
<BR><BR>[Calls]<UL><LI><a href="#[29]">&gt;&gt;</a>&nbsp;&nbsp;&nbsp;__aeabi_uldivmod
<LI><a href="#[9f]">&gt;&gt;</a>&nbsp;&nbsp;&nbsp;__aeabi_uidivmod
<LI><a href="#[c9]">&gt;&gt;</a>&nbsp;&nbsp;&nbsp;_printf_pre_padding
<LI><a href="#[ca]">&gt;&gt;</a>&nbsp;&nbsp;&nbsp;_printf_post_padding
<LI><a href="#[c7]">&gt;&gt;</a>&nbsp;&nbsp;&nbsp;_fp_digits
</UL>
<BR>[Called By]<UL><LI><a href="#[c6]">&gt;&gt;</a>&nbsp;&nbsp;&nbsp;__0vsprintf
<LI><a href="#[c5]">&gt;&gt;</a>&nbsp;&nbsp;&nbsp;__0sprintf
<LI><a href="#[c3]">&gt;&gt;</a>&nbsp;&nbsp;&nbsp;__0snprintf
</UL>

<P><STRONG><a name="[ca]"></a>_printf_post_padding</STRONG> (Thumb, 32 bytes, Stack size 24 bytes, printfa.o(i._printf_post_padding), UNUSED)
<BR><BR>[Called By]<UL><LI><a href="#[c4]">&gt;&gt;</a>&nbsp;&nbsp;&nbsp;_printf_core
</UL>

<P><STRONG><a name="[c9]"></a>_printf_pre_padding</STRONG> (Thumb, 44 bytes, Stack size 40 bytes, printfa.o(i._printf_pre_padding), UNUSED)
<BR><BR>[Called By]<UL><LI><a href="#[c4]">&gt;&gt;</a>&nbsp;&nbsp;&nbsp;_printf_core
</UL>

<P><STRONG><a name="[21]"></a>_snputc</STRONG> (Thumb, 22 bytes, Stack size 0 bytes, printfa.o(i._snputc))
<BR>[Address Reference Count : 1]<UL><LI> printfa.o(i.__0snprintf)
</UL>
<P><STRONG><a name="[22]"></a>_sputc</STRONG> (Thumb, 10 bytes, Stack size 0 bytes, printfa.o(i._sputc))
<BR><BR>[Called By]<UL><LI><a href="#[c6]">&gt;&gt;</a>&nbsp;&nbsp;&nbsp;__0vsprintf
<LI><a href="#[c5]">&gt;&gt;</a>&nbsp;&nbsp;&nbsp;__0sprintf
</UL>
<BR>[Address Reference Count : 2]<UL><LI> printfa.o(i.__0sprintf)
<LI> printfa.o(i.__0vsprintf)
</UL><P>
<H3>
Undefined Global Symbols
</H3>
<P><STRONG><a name="[28]"></a>__arm_fini_</STRONG> (Unknown, 0 bytes, Stack size 0 bytes, UNDEFINED)
<BR><BR>[Called By]<UL><LI><a href="#[27]">&gt;&gt;</a>&nbsp;&nbsp;&nbsp;__rt_lib_shutdown_fini
</UL>
<HR></body></html>
