Component: ARM Compiler 5.06 update 7 (build 960) Tool: armlink [4d3601]

==============================================================================

Section Cross References

    main.o(i.App_Init) refers to uart.o(i.INFO) for INFO
    main.o(i.App_Init) refers to memcpya.o(.text) for __aeabi_memcpy
    main.o(i.App_Init) refers to lorawan_apply.o(.data) for appKey
    main.o(i.App_Init) refers to lorawan_apply.o(.bss) for LoRaWAN
    main.o(i.main) refers to systick.o(i.SystemClock_Config) for SystemClock_Config
    main.o(i.main) refers to tim.o(i.TIM6_Init) for TIM6_Init
    main.o(i.main) refers to gpio.o(i.App_PortCfg) for App_PortCfg
    main.o(i.main) refers to uart.o(i.App_Uart1Cfg) for App_Uart1Cfg
    main.o(i.main) refers to uart.o(i.App_Uart2Cfg) for App_Uart2Cfg
    main.o(i.main) refers to uart.o(i.App_LpUart1Cfg) for App_LpUart1Cfg
    main.o(i.main) refers to main.o(i.App_Init) for App_Init
    main.o(i.main) refers to lorawan_apply.o(i.LoRaWAN_Init) for LoRaWAN_Init
    main.o(i.main) refers to communicate.o(i.lwrbDataInit) for lwrbDataInit
    main.o(i.main) refers to lorawan_apply.o(i.LoRaWAN_JoinInit) for LoRaWAN_JoinInit
    main.o(i.main) refers to communicate.o(i.fromUartDataHandle) for fromUartDataHandle
    main.o(i.main) refers to communicate.o(i.DeviceStateProcess) for DeviceStateProcess
    gpio.o(i.App_PortCfg) refers to memseta.o(.text) for __aeabi_memclr4
    gpio.o(i.App_PortCfg) refers to gpio.o(i.LL_IOP_GRP1_EnableClock) for LL_IOP_GRP1_EnableClock
    gpio.o(i.App_PortCfg) refers to stm32l0xx_ll_gpio.o(i.LL_GPIO_DeInit) for LL_GPIO_DeInit
    gpio.o(i.App_PortCfg) refers to stm32l0xx_ll_gpio.o(i.LL_GPIO_Init) for LL_GPIO_Init
    gpio.o(i.App_PortCfg) refers to gpio.o(i.LL_GPIO_SetOutputPin) for LL_GPIO_SetOutputPin
    gpio.o(i.App_PortCfg) refers to gpio.o(i.LL_GPIO_ResetOutputPin) for LL_GPIO_ResetOutputPin
    gpio.o(i.App_PortCfg) refers to gpio.o(i.LL_SYSCFG_SetEXTISource) for LL_SYSCFG_SetEXTISource
    gpio.o(i.App_PortCfg) refers to gpio.o(i.LL_GPIO_SetPinPull) for LL_GPIO_SetPinPull
    gpio.o(i.App_PortCfg) refers to gpio.o(i.LL_GPIO_SetPinMode) for LL_GPIO_SetPinMode
    gpio.o(i.App_PortCfg) refers to stm32l0xx_ll_exti.o(i.LL_EXTI_Init) for LL_EXTI_Init
    gpio.o(i.App_PortCfg) refers to gpio.o(i.__NVIC_SetPriority) for __NVIC_SetPriority
    gpio.o(i.App_PortCfg) refers to gpio.o(i.__NVIC_EnableIRQ) for __NVIC_EnableIRQ
    gpio.o(i.EXTI0_1_IRQHandler) refers to gpio.o(i.LL_EXTI_IsActiveFlag_0_31) for LL_EXTI_IsActiveFlag_0_31
    gpio.o(i.EXTI0_1_IRQHandler) refers to gpio.o(i.LL_EXTI_ClearFlag_0_31) for LL_EXTI_ClearFlag_0_31
    gpio.o(i.EXTI0_1_IRQHandler) refers to communicate.o(.bss) for device_t
    gpio.o(i.EXTI4_15_IRQHandler) refers to gpio.o(i.LL_EXTI_IsActiveFlag_0_31) for LL_EXTI_IsActiveFlag_0_31
    gpio.o(i.EXTI4_15_IRQHandler) refers to gpio.o(i.LL_EXTI_ClearFlag_0_31) for LL_EXTI_ClearFlag_0_31
    gpio.o(i.EXTI4_15_IRQHandler) refers to communicate.o(.bss) for device_t
    tim.o(i.TIM6_IRQHandler) refers to systick.o(i.Systick_1ms_Handler) for Systick_1ms_Handler
    tim.o(i.TIM6_Init) refers to tim.o(i.__NVIC_SetPriority) for __NVIC_SetPriority
    tim.o(i.TIM6_Init) refers to stm32l0xx_ll_tim.o(i.LL_TIM_Init) for LL_TIM_Init
    uart.o(i.App_LpUart1Cfg) refers to memseta.o(.text) for __aeabi_memclr4
    uart.o(i.App_LpUart1Cfg) refers to uart.o(i.LL_APB1_GRP1_EnableClock) for LL_APB1_GRP1_EnableClock
    uart.o(i.App_LpUart1Cfg) refers to uart.o(i.LL_IOP_GRP1_EnableClock) for LL_IOP_GRP1_EnableClock
    uart.o(i.App_LpUart1Cfg) refers to stm32l0xx_ll_gpio.o(i.LL_GPIO_Init) for LL_GPIO_Init
    uart.o(i.App_LpUart1Cfg) refers to uart.o(i.__NVIC_SetPriority) for __NVIC_SetPriority
    uart.o(i.App_LpUart1Cfg) refers to uart.o(i.__NVIC_EnableIRQ) for __NVIC_EnableIRQ
    uart.o(i.App_LpUart1Cfg) refers to stm32l0xx_ll_lpuart.o(i.LL_LPUART_Init) for LL_LPUART_Init
    uart.o(i.App_LpUart1Cfg) refers to uart.o(i.__get_PRIMASK) for __get_PRIMASK
    uart.o(i.App_LpUart1Cfg) refers to uart.o(i.__set_PRIMASK) for __set_PRIMASK
    uart.o(i.App_Uart1Cfg) refers to memseta.o(.text) for __aeabi_memclr4
    uart.o(i.App_Uart1Cfg) refers to uart.o(i.LL_IOP_GRP1_EnableClock) for LL_IOP_GRP1_EnableClock
    uart.o(i.App_Uart1Cfg) refers to stm32l0xx_ll_gpio.o(i.LL_GPIO_Init) for LL_GPIO_Init
    uart.o(i.App_Uart1Cfg) refers to uart.o(i.__NVIC_SetPriority) for __NVIC_SetPriority
    uart.o(i.App_Uart1Cfg) refers to uart.o(i.__NVIC_EnableIRQ) for __NVIC_EnableIRQ
    uart.o(i.App_Uart1Cfg) refers to stm32l0xx_ll_usart.o(i.LL_USART_Init) for LL_USART_Init
    uart.o(i.App_Uart1Cfg) refers to uart.o(i.LL_USART_ConfigAsyncMode) for LL_USART_ConfigAsyncMode
    uart.o(i.App_Uart1Cfg) refers to uart.o(i.LL_USART_Enable) for LL_USART_Enable
    uart.o(i.App_Uart1Cfg) refers to uart.o(i.LL_USART_EnableIT_RXNE) for LL_USART_EnableIT_RXNE
    uart.o(i.App_Uart1Cfg) refers to uart.o(i.LL_USART_EnableIT_PE) for LL_USART_EnableIT_PE
[...]
    ../clib/microlib/string/strlen.c         0x00000000   Number         0  strlen.o ABSOLUTE
    ../clib/microlib/string/strstr.c         0x00000000   Number         0  strstr.o ABSOLUTE
    ../clib/microlib/string/strtok.c         0x00000000   Number         0  strtok.o ABSOLUTE
    ../clib/microlib/string/strtok.c         0x00000000   Number         0  strtok_r.o ABSOLUTE
    ../clib/microlib/stubs.s                 0x00000000   Number         0  iusefp.o ABSOLUTE
    ../clib/microlib/stubs.s                 0x00000000   Number         0  iusesemip.o ABSOLUTE
    ../fplib/microlib/fpadd.c                0x00000000   Number         0  dadd.o ABSOLUTE
    ../fplib/microlib/fpdiv.c                0x00000000   Number         0  ddiv.o ABSOLUTE
    ../fplib/microlib/fpepilogue.c           0x00000000   Number         0  depilogue.o ABSOLUTE
    ../fplib/microlib/fpfix.c                0x00000000   Number         0  dfixul.o ABSOLUTE
    ../fplib/microlib/fpmul.c                0x00000000   Number         0  dmul.o ABSOLUTE
    ..\Compents\Lib\STM32L0xx_HAL_Driver\Src\stm32l0xx_hal.c 0x00000000   Number         0  stm32l0xx_hal.o ABSOLUTE
    ..\Compents\Lib\STM32L0xx_HAL_Driver\Src\stm32l0xx_hal_cortex.c 0x00000000   Number         0  stm32l0xx_hal_cortex.o ABSOLUTE
    ..\Compents\Lib\STM32L0xx_HAL_Driver\Src\stm32l0xx_hal_flash.c 0x00000000   Number         0  stm32l0xx_hal_flash.o ABSOLUTE
    ..\Compents\Lib\STM32L0xx_HAL_Driver\Src\stm32l0xx_hal_flash_ex.c 0x00000000   Number         0  stm32l0xx_hal_flash_ex.o ABSOLUTE
    ..\Compents\Lib\STM32L0xx_HAL_Driver\Src\stm32l0xx_hal_flash_ramfunc.c 0x00000000   Number         0  stm32l0xx_hal_flash_ramfunc.o ABSOLUTE
    ..\Compents\Lib\STM32L0xx_HAL_Driver\Src\stm32l0xx_ll_adc.c 0x00000000   Number         0  stm32l0xx_ll_adc.o ABSOLUTE
    ..\Compents\Lib\STM32L0xx_HAL_Driver\Src\stm32l0xx_ll_crc.c 0x00000000   Number         0  stm32l0xx_ll_crc.o ABSOLUTE
    ..\Compents\Lib\STM32L0xx_HAL_Driver\Src\stm32l0xx_ll_dma.c 0x00000000   Number         0  stm32l0xx_ll_dma.o ABSOLUTE
    ..\Compents\Lib\STM32L0xx_HAL_Driver\Src\stm32l0xx_ll_exti.c 0x00000000   Number         0  stm32l0xx_ll_exti.o ABSOLUTE
    ..\Compents\Lib\STM32L0xx_HAL_Driver\Src\stm32l0xx_ll_gpio.c 0x00000000   Number         0  stm32l0xx_ll_gpio.o ABSOLUTE
    ..\Compents\Lib\STM32L0xx_HAL_Driver\Src\stm32l0xx_ll_lptim.c 0x00000000   Number         0  stm32l0xx_ll_lptim.o ABSOLUTE
    ..\Compents\Lib\STM32L0xx_HAL_Driver\Src\stm32l0xx_ll_lpuart.c 0x00000000   Number         0  stm32l0xx_ll_lpuart.o ABSOLUTE
    ..\Compents\Lib\STM32L0xx_HAL_Driver\Src\stm32l0xx_ll_pwr.c 0x00000000   Number         0  stm32l0xx_ll_pwr.o ABSOLUTE
    ..\Compents\Lib\STM32L0xx_HAL_Driver\Src\stm32l0xx_ll_rcc.c 0x00000000   Number         0  stm32l0xx_ll_rcc.o ABSOLUTE
    ..\Compents\Lib\STM32L0xx_HAL_Driver\Src\stm32l0xx_ll_rng.c 0x00000000   Number         0  stm32l0xx_ll_rng.o ABSOLUTE
    ..\Compents\Lib\STM32L0xx_HAL_Driver\Src\stm32l0xx_ll_rtc.c 0x00000000   Number         0  stm32l0xx_ll_rtc.o ABSOLUTE
    ..\Compents\Lib\STM32L0xx_HAL_Driver\Src\stm32l0xx_ll_tim.c 0x00000000   Number         0  stm32l0xx_ll_tim.o ABSOLUTE
    ..\Compents\Lib\STM32L0xx_HAL_Driver\Src\stm32l0xx_ll_usart.c 0x00000000   Number         0  stm32l0xx_ll_usart.o ABSOLUTE
    ..\Compents\Lib\STM32L0xx_HAL_Driver\Src\stm32l0xx_ll_utils.c 0x00000000   Number         0  stm32l0xx_ll_utils.o ABSOLUTE
    ..\Compents\LoRa\LoRaWAN_APPLY.c         0x00000000   Number         0  lorawan_apply.o ABSOLUTE
    ..\Compents\LoRa\LoRaWAN_ATCMD.c         0x00000000   Number         0  lorawan_atcmd.o ABSOLUTE
    ..\Compents\Modules\lwrb.c               0x00000000   Number         0  lwrb.o ABSOLUTE
    ..\Compents\System\startup_stm32l051xx.s 0x00000000   Number         0  startup_stm32l051xx.o ABSOLUTE
    ..\Compents\System\stm32l0xx_hal_msp.c   0x00000000   Number         0  stm32l0xx_hal_msp.o ABSOLUTE
    ..\Compents\System\stm32l0xx_it.c        0x00000000   Number         0  stm32l0xx_it.o ABSOLUTE
    ..\Compents\System\system_stm32l0xx.c    0x00000000   Number         0  system_stm32l0xx.o ABSOLUTE
    ..\\Compents\\Lib\\STM32L0xx_HAL_Driver\\Src\\stm32l0xx_hal.c 0x00000000   Number         0  stm32l0xx_hal.o ABSOLUTE
    ..\\Compents\\Lib\\STM32L0xx_HAL_Driver\\Src\\stm32l0xx_hal_cortex.c 0x00000000   Number         0  stm32l0xx_hal_cortex.o ABSOLUTE
    ..\\Compents\\Lib\\STM32L0xx_HAL_Driver\\Src\\stm32l0xx_hal_flash.c 0x00000000   Number         0  stm32l0xx_hal_flash.o ABSOLUTE
    ..\\Compents\\Lib\\STM32L0xx_HAL_Driver\\Src\\stm32l0xx_hal_flash_ex.c 0x00000000   Number         0  stm32l0xx_hal_flash_ex.o ABSOLUTE
    ..\\Compents\\Lib\\STM32L0xx_HAL_Driver\\Src\\stm32l0xx_hal_flash_ramfunc.c 0x00000000   Number         0  stm32l0xx_hal_flash_ramfunc.o ABSOLUTE
    ..\\Compents\\Lib\\STM32L0xx_HAL_Driver\\Src\\stm32l0xx_ll_adc.c 0x00000000   Number         0  stm32l0xx_ll_adc.o ABSOLUTE
    ..\\Compents\\Lib\\STM32L0xx_HAL_Driver\\Src\\stm32l0xx_ll_crc.c 0x00000000   Number         0  stm32l0xx_ll_crc.o ABSOLUTE
    ..\\Compents\\Lib\\STM32L0xx_HAL_Driver\\Src\\stm32l0xx_ll_dma.c 0x00000000   Number         0  stm32l0xx_ll_dma.o ABSOLUTE
    ..\\Compents\\Lib\\STM32L0xx_HAL_Driver\\Src\\stm32l0xx_ll_exti.c 0x00000000   Number         0  stm32l0xx_ll_exti.o ABSOLUTE
    ..\\Compents\\Lib\\STM32L0xx_HAL_Driver\\Src\\stm32l0xx_ll_gpio.c 0x00000000   Number         0  stm32l0xx_ll_gpio.o ABSOLUTE
    ..\\Compents\\Lib\\STM32L0xx_HAL_Driver\\Src\\stm32l0xx_ll_lptim.c 0x00000000   Number         0  stm32l0xx_ll_lptim.o ABSOLUTE
    ..\\Compents\\Lib\\STM32L0xx_HAL_Driver\\Src\\stm32l0xx_ll_lpuart.c 0x00000000   Number         0  stm32l0xx_ll_lpuart.o ABSOLUTE
    ..\\Compents\\Lib\\STM32L0xx_HAL_Driver\\Src\\stm32l0xx_ll_pwr.c 0x00000000   Number         0  stm32l0xx_ll_pwr.o ABSOLUTE
    ..\\Compents\\Lib\\STM32L0xx_HAL_Driver\\Src\\stm32l0xx_ll_rcc.c 0x00000000   Number         0  stm32l0xx_ll_rcc.o ABSOLUTE
    ..\\Compents\\Lib\\STM32L0xx_HAL_Driver\\Src\\stm32l0xx_ll_rng.c 0x00000000   Number         0  stm32l0xx_ll_rng.o ABSOLUTE
    ..\\Compents\\Lib\\STM32L0xx_HAL_Driver\\Src\\stm32l0xx_ll_rtc.c 0x00000000   Number         0  stm32l0xx_ll_rtc.o ABSOLUTE
    ..\\Compents\\Lib\\STM32L0xx_HAL_Driver\\Src\\stm32l0xx_ll_tim.c 0x00000000   Number         0  stm32l0xx_ll_tim.o ABSOLUTE
    ..\\Compents\\Lib\\STM32L0xx_HAL_Driver\\Src\\stm32l0xx_ll_usart.c 0x00000000   Number         0  stm32l0xx_ll_usart.o ABSOLUTE
    ..\\Compents\\Lib\\STM32L0xx_HAL_Driver\\Src\\stm32l0xx_ll_utils.c 0x00000000   Number         0  stm32l0xx_ll_utils.o ABSOLUTE
    ..\\Compents\\LoRa\\LoRaWAN_APPLY.c      0x00000000   Number         0  lorawan_apply.o ABSOLUTE
    ..\\Compents\\LoRa\\LoRaWAN_ATCMD.c      0x00000000   Number         0  lorawan_atcmd.o ABSOLUTE
    ..\\Compents\\System\\stm32l0xx_hal_msp.c 0x00000000   Number         0  stm32l0xx_hal_msp.o ABSOLUTE
    ..\\Compents\\System\\stm32l0xx_it.c     0x00000000   Number         0  stm32l0xx_it.o ABSOLUTE
    ..\\Compents\\System\\system_stm32l0xx.c 0x00000000   Number         0  system_stm32l0xx.o ABSOLUTE
    Drive\\communicate.c                     0x00000000   Number         0  communicate.o ABSOLUTE
    Drive\\gpio.c                            0x00000000   Number         0  gpio.o ABSOLUTE
    Drive\\systick.c                         0x00000000   Number         0  systick.o ABSOLUTE
    Drive\\tim.c                             0x00000000   Number         0  tim.o ABSOLUTE
    Drive\\uart.c                            0x00000000   Number         0  uart.o ABSOLUTE
    Drive\communicate.c                      0x00000000   Number         0  communicate.o ABSOLUTE
    Drive\gpio.c                             0x00000000   Number         0  gpio.o ABSOLUTE
    Drive\systick.c                          0x00000000   Number         0  systick.o ABSOLUTE
    Drive\tim.c                              0x00000000   Number         0  tim.o ABSOLUTE
    Drive\uart.c                             0x00000000   Number         0  uart.o ABSOLUTE
    cdrcmple.s                               0x00000000   Number         0  cdrcmple.o ABSOLUTE
    dc.s                                     0x00000000   Number         0  dc.o ABSOLUTE
    handlers.s                               0x00000000   Number         0  handlers.o ABSOLUTE
    init.s                                   0x00000000   Number         0  init.o ABSOLUTE
    main.c                                   0x00000000   Number         0  main.o ABSOLUTE
    main.c                                   0x00000000   Number         0  main.o ABSOLUTE
    RESET                                    0x08000000   Section      192  startup_stm32l051xx.o(RESET)
    .ARM.Collect$$$$00000000                 0x080000c0   Section        0  entry.o(.ARM.Collect$$$$00000000)
    .ARM.Collect$$$$00000001                 0x080000c0   Section        4  entry2.o(.ARM.Collect$$$$00000001)
    .ARM.Collect$$$$00000004                 0x080000c4   Section        4  entry5.o(.ARM.Collect$$$$00000004)
    .ARM.Collect$$$$00000008                 0x080000c8   Section        0  entry7b.o(.ARM.Collect$$$$00000008)
    .ARM.Collect$$$$0000000A                 0x080000c8   Section        0  entry8b.o(.ARM.Collect$$$$0000000A)
    .ARM.Collect$$$$0000000B                 0x080000c8   Section        8  entry9a.o(.ARM.Collect$$$$0000000B)
    .ARM.Collect$$$$0000000E                 0x080000d0   Section        4  entry12b.o(.ARM.Collect$$$$0000000E)
    .ARM.Collect$$$$0000000F                 0x080000d4   Section        0  entry10a.o(.ARM.Collect$$$$0000000F)
    .ARM.Collect$$$$00000011                 0x080000d4   Section        0  entry11a.o(.ARM.Collect$$$$00000011)
    .ARM.Collect$$$$00002712                 0x080000d4   Section        4  entry2.o(.ARM.Collect$$$$00002712)
    __lit__00000000                          0x080000d4   Data           4  entry2.o(.ARM.Collect$$$$00002712)
    .text                                    0x080000d8   Section       28  startup_stm32l051xx.o(.text)
    .text                                    0x080000f4   Section        0  uidiv.o(.text)
    .text                                    0x08000120   Section        0  uldiv.o(.text)
    .text                                    0x08000180   Section        0  memcpya.o(.text)
    .text                                    0x080001a4   Section        0  memseta.o(.text)
    .text                                    0x080001c8   Section        0  strstr.o(.text)
    .text                                    0x080001f0   Section        0  strlen.o(.text)
    .text                                    0x080001fe   Section        0  llshl.o(.text)
    .text                                    0x0800021e   Section        0  llushr.o(.text)
    .text                                    0x08000240   Section        0  iusefp.o(.text)
    .text                                    0x08000240   Section        0  dadd.o(.text)
    .text                                    0x080003a8   Section        0  dmul.o(.text)
    .text                                    0x08000478   Section        0  ddiv.o(.text)
    .text                                    0x08000568   Section        0  dfixul.o(.text)
    .text                                    0x080005a8   Section       40  cdrcmple.o(.text)
    .text                                    0x080005d0   Section       36  init.o(.text)
    .text                                    0x080005f4   Section        0  llsshr.o(.text)
    .text                                    0x0800061a   Section        0  depilogue.o(.text)
    i.AT_Exec_SendCMD                        0x080006d8   Section        0  lorawan_atcmd.o(i.AT_Exec_SendCMD)
    i.AT_LoRaWAN_getAPPEUI                   0x0800088c   Section        0  lorawan_atcmd.o(i.AT_LoRaWAN_getAPPEUI)
    i.AT_LoRaWAN_getAPPKEY                   0x08000970   Section        0  lorawan_atcmd.o(i.AT_LoRaWAN_getAPPKEY)
    i.AT_LoRaWAN_getBand                     0x08000a70   Section        0  lorawan_atcmd.o(i.AT_LoRaWAN_getBand)
    i.AT_LoRaWAN_getCHMASK                   0x08000ad4   Section        0  lorawan_atcmd.o(i.AT_LoRaWAN_getCHMASK)
    i.AT_LoRaWAN_getClass                    0x08000b34   Section        0  lorawan_atcmd.o(i.AT_LoRaWAN_getClass)
    i.AT_LoRaWAN_getDEVADDR                  0x08000b98   Section        0  lorawan_atcmd.o(i.AT_LoRaWAN_getDEVADDR)
    i.AT_LoRaWAN_getDEVEUI                   0x08000c50   Section        0  lorawan_atcmd.o(i.AT_LoRaWAN_getDEVEUI)
    i.AT_LoRaWAN_getDataRate                 0x08000d34   Section        0  lorawan_atcmd.o(i.AT_LoRaWAN_getDataRate)
    i.AT_LoRaWAN_getIrq                      0x08000d94   Section        0  lorawan_atcmd.o(i.AT_LoRaWAN_getIrq)
    i.AT_LoRaWAN_getJOIN                     0x08000df8   Section        0  lorawan_atcmd.o(i.AT_LoRaWAN_getJOIN)
    i.AT_LoRaWAN_getJOIN_1                   0x08000e74   Section        0  lorawan_atcmd.o(i.AT_LoRaWAN_getJOIN_1)
    i.AT_LoRaWAN_getLpcpin                   0x08000edc   Section        0  lorawan_atcmd.o(i.AT_LoRaWAN_getLpcpin)
    i.AT_LoRaWAN_getMacMode                  0x08000f40   Section        0  lorawan_atcmd.o(i.AT_LoRaWAN_getMacMode)
    i.AT_LoRaWAN_getPORT                     0x08000fa8   Section        0  lorawan_atcmd.o(i.AT_LoRaWAN_getPORT)
    i.AT_LoRaWAN_getParam                    0x08001010   Section        0  lorawan_atcmd.o(i.AT_LoRaWAN_getParam)
    i.AT_LoRaWAN_getRX2                      0x08001074   Section        0  lorawan_atcmd.o(i.AT_LoRaWAN_getRX2)
    i.AT_LoRaWAN_getRx1                      0x080010d8   Section        0  lorawan_atcmd.o(i.AT_LoRaWAN_getRx1)
    i.AT_LoRaWAN_getRxChext                  0x0800113c   Section        0  lorawan_atcmd.o(i.AT_LoRaWAN_getRxChext)
    i.AT_LoRaWAN_getSleep                    0x080011a4   Section        0  lorawan_atcmd.o(i.AT_LoRaWAN_getSleep)
    i.AT_LoRaWAN_getVer                      0x08001208   Section        0  lorawan_atcmd.o(i.AT_LoRaWAN_getVer)
    i.AT_LoRaWAN_reboot                      0x0800126c   Section        0  lorawan_atcmd.o(i.AT_LoRaWAN_reboot)
    i.AT_LoRaWAN_restFactory                 0x080012bc   Section        0  lorawan_atcmd.o(i.AT_LoRaWAN_restFactory)
    i.AT_LoRaWAN_setAPPEUI                   0x08001308   Section        0  lorawan_atcmd.o(i.AT_LoRaWAN_setAPPEUI)
    i.AT_LoRaWAN_setAPPKEY                   0x080013c8   Section        0  lorawan_atcmd.o(i.AT_LoRaWAN_setAPPKEY)
    i.AT_LoRaWAN_setATEnter                  0x080014ac   Section        0  lorawan_atcmd.o(i.AT_LoRaWAN_setATEnter)
    i.AT_LoRaWAN_setATExit                   0x080014cc   Section        0  lorawan_atcmd.o(i.AT_LoRaWAN_setATExit)
    i.AT_LoRaWAN_setBand                     0x08001544   Section        0  lorawan_atcmd.o(i.AT_LoRaWAN_setBand)
    i.AT_LoRaWAN_setCHMASK                   0x080015c0   Section        0  lorawan_atcmd.o(i.AT_LoRaWAN_setCHMASK)
    i.AT_LoRaWAN_setClass                    0x0800164c   Section        0  lorawan_atcmd.o(i.AT_LoRaWAN_setClass)
    i.AT_LoRaWAN_setDataRate                 0x080016d4   Section        0  lorawan_atcmd.o(i.AT_LoRaWAN_setDataRate)
    i.AT_LoRaWAN_setIrq                      0x08001730   Section        0  lorawan_atcmd.o(i.AT_LoRaWAN_setIrq)
    i.AT_LoRaWAN_setJOIN                     0x08001780   Section        0  lorawan_atcmd.o(i.AT_LoRaWAN_setJOIN)
    i.AT_LoRaWAN_setJOIN_Close               0x080017ec   Section        0  lorawan_atcmd.o(i.AT_LoRaWAN_setJOIN_Close)
    i.AT_LoRaWAN_setLoRaWANMode              0x08001858   Section        0  lorawan_atcmd.o(i.AT_LoRaWAN_setLoRaWANMode)
    i.AT_LoRaWAN_setPORT                     0x08001898   Section        0  lorawan_atcmd.o(i.AT_LoRaWAN_setPORT)
    i.AT_LoRaWAN_setRX2                      0x0800190c   Section        0  lorawan_atcmd.o(i.AT_LoRaWAN_setRX2)
    i.AT_LoRaWAN_setSleep                    0x08001980   Section        0  lorawan_atcmd.o(i.AT_LoRaWAN_setSleep)
    i.App_Init                               0x080019dc   Section        0  main.o(i.App_Init)
    i.App_LpUart1Cfg                         0x08001b48   Section        0  uart.o(i.App_LpUart1Cfg)
    i.App_PortCfg                            0x08001c88   Section        0  gpio.o(i.App_PortCfg)
    i.App_Uart1Cfg                           0x08001e04   Section        0  uart.o(i.App_Uart1Cfg)
    i.App_Uart2Cfg                           0x08001ed8   Section        0  uart.o(i.App_Uart2Cfg)
    i.BT_SendCMD                             0x08001fb4   Section        0  uart.o(i.BT_SendCMD)
    i.BT_SendData                            0x08001ffc   Section        0  uart.o(i.BT_SendData)
    i.DebugHexInfo                           0x08002044   Section        0  uart.o(i.DebugHexInfo)
    i.DeviceStateProcess                     0x08002090   Section        0  communicate.o(i.DeviceStateProcess)
    i.EXTI0_1_IRQHandler                     0x08002124   Section        0  gpio.o(i.EXTI0_1_IRQHandler)
    i.EXTI4_15_IRQHandler                    0x08002164   Section        0  gpio.o(i.EXTI4_15_IRQHandler)
    i.HardFault_Handler                      0x080021a8   Section        0  stm32l0xx_it.o(i.HardFault_Handler)
    i.INFO                                   0x080021ac   Section        0  uart.o(i.INFO)
    i.INFO_SendData                          0x080021f0   Section        0  uart.o(i.INFO_SendData)
    i.LL_APB1_GRP1_EnableClock               0x08002220   Section        0  uart.o(i.LL_APB1_GRP1_EnableClock)
    LL_APB1_GRP1_EnableClock                 0x08002221   Thumb Code    24  uart.o(i.LL_APB1_GRP1_EnableClock)
    i.LL_EXTI_ClearFlag_0_31                 0x0800223c   Section        0  gpio.o(i.LL_EXTI_ClearFlag_0_31)
    LL_EXTI_ClearFlag_0_31                   0x0800223d   Thumb Code     6  gpio.o(i.LL_EXTI_ClearFlag_0_31)
    i.LL_EXTI_DisableEvent_0_31              0x08002248   Section        0  stm32l0xx_ll_exti.o(i.LL_EXTI_DisableEvent_0_31)
    LL_EXTI_DisableEvent_0_31                0x08002249   Thumb Code    12  stm32l0xx_ll_exti.o(i.LL_EXTI_DisableEvent_0_31)
    i.LL_EXTI_DisableIT_0_31                 0x08002258   Section        0  stm32l0xx_ll_exti.o(i.LL_EXTI_DisableIT_0_31)
    LL_EXTI_DisableIT_0_31                   0x08002259   Thumb Code    12  stm32l0xx_ll_exti.o(i.LL_EXTI_DisableIT_0_31)
    i.LL_EXTI_EnableEvent_0_31               0x08002268   Section        0  stm32l0xx_ll_exti.o(i.LL_EXTI_EnableEvent_0_31)
    LL_EXTI_EnableEvent_0_31                 0x08002269   Thumb Code    12  stm32l0xx_ll_exti.o(i.LL_EXTI_EnableEvent_0_31)
    i.LL_EXTI_EnableFallingTrig_0_31         0x08002278   Section        0  stm32l0xx_ll_exti.o(i.LL_EXTI_EnableFallingTrig_0_31)
    LL_EXTI_EnableFallingTrig_0_31           0x08002279   Thumb Code    12  stm32l0xx_ll_exti.o(i.LL_EXTI_EnableFallingTrig_0_31)
    i.LL_EXTI_EnableIT_0_31                  0x08002288   Section        0  stm32l0xx_ll_exti.o(i.LL_EXTI_EnableIT_0_31)
    LL_EXTI_EnableIT_0_31                    0x08002289   Thumb Code    12  stm32l0xx_ll_exti.o(i.LL_EXTI_EnableIT_0_31)
    i.LL_EXTI_EnableRisingTrig_0_31          0x08002298   Section        0  stm32l0xx_ll_exti.o(i.LL_EXTI_EnableRisingTrig_0_31)
    LL_EXTI_EnableRisingTrig_0_31            0x08002299   Thumb Code    12  stm32l0xx_ll_exti.o(i.LL_EXTI_EnableRisingTrig_0_31)
    i.LL_EXTI_Init                           0x080022a8   Section        0  stm32l0xx_ll_exti.o(i.LL_EXTI_Init)
    i.LL_EXTI_IsActiveFlag_0_31              0x08002364   Section        0  gpio.o(i.LL_EXTI_IsActiveFlag_0_31)
    LL_EXTI_IsActiveFlag_0_31                0x08002365   Thumb Code    20  gpio.o(i.LL_EXTI_IsActiveFlag_0_31)
    i.LL_GPIO_DeInit                         0x0800237c   Section        0  stm32l0xx_ll_gpio.o(i.LL_GPIO_DeInit)
    i.LL_GPIO_Init                           0x08002400   Section        0  stm32l0xx_ll_gpio.o(i.LL_GPIO_Init)
    i.LL_GPIO_ReadOutputPin                  0x080024f0   Section        0  gpio.o(i.LL_GPIO_ReadOutputPin)
    i.LL_GPIO_ResetOutputPin                 0x080024f8   Section        0  gpio.o(i.LL_GPIO_ResetOutputPin)
    LL_GPIO_ResetOutputPin                   0x080024f9   Thumb Code     4  gpio.o(i.LL_GPIO_ResetOutputPin)
    i.LL_GPIO_ResetOutputPin                 0x080024fc   Section        0  systick.o(i.LL_GPIO_ResetOutputPin)
    LL_GPIO_ResetOutputPin                   0x080024fd   Thumb Code     4  systick.o(i.LL_GPIO_ResetOutputPin)
    i.LL_GPIO_SetOutputPin                   0x08002500   Section        0  gpio.o(i.LL_GPIO_SetOutputPin)
    LL_GPIO_SetOutputPin                     0x08002501   Thumb Code     4  gpio.o(i.LL_GPIO_SetOutputPin)
    i.LL_GPIO_SetOutputPin                   0x08002504   Section        0  lorawan_apply.o(i.LL_GPIO_SetOutputPin)
    LL_GPIO_SetOutputPin                     0x08002505   Thumb Code     4  lorawan_apply.o(i.LL_GPIO_SetOutputPin)
    i.LL_GPIO_SetPinMode                     0x08002508   Section        0  gpio.o(i.LL_GPIO_SetPinMode)
    LL_GPIO_SetPinMode                       0x08002509   Thumb Code    26  gpio.o(i.LL_GPIO_SetPinMode)
    i.LL_GPIO_SetPinPull                     0x08002522   Section        0  gpio.o(i.LL_GPIO_SetPinPull)
    LL_GPIO_SetPinPull                       0x08002523   Thumb Code    26  gpio.o(i.LL_GPIO_SetPinPull)
    i.LL_IOP_GRP1_EnableClock                0x0800253c   Section        0  gpio.o(i.LL_IOP_GRP1_EnableClock)
    LL_IOP_GRP1_EnableClock                  0x0800253d   Thumb Code    24  gpio.o(i.LL_IOP_GRP1_EnableClock)
    i.LL_IOP_GRP1_EnableClock                0x08002558   Section        0  uart.o(i.LL_IOP_GRP1_EnableClock)
    LL_IOP_GRP1_EnableClock                  0x08002559   Thumb Code    24  uart.o(i.LL_IOP_GRP1_EnableClock)
    i.LL_IOP_GRP1_ForceReset                 0x08002574   Section        0  stm32l0xx_ll_gpio.o(i.LL_IOP_GRP1_ForceReset)
    LL_IOP_GRP1_ForceReset                   0x08002575   Thumb Code    12  stm32l0xx_ll_gpio.o(i.LL_IOP_GRP1_ForceReset)
    i.LL_IOP_GRP1_ReleaseReset               0x08002584   Section        0  stm32l0xx_ll_gpio.o(i.LL_IOP_GRP1_ReleaseReset)
    LL_IOP_GRP1_ReleaseReset                 0x08002585   Thumb Code    12  stm32l0xx_ll_gpio.o(i.LL_IOP_GRP1_ReleaseReset)
    i.LL_Init1msTick                         0x08002594   Section        0  stm32l0xx_ll_utils.o(i.LL_Init1msTick)
    i.LL_LPUART_Init                         0x080025bc   Section        0  stm32l0xx_ll_lpuart.o(i.LL_LPUART_Init)
    i.LL_RCC_GetLPUARTClockFreq              0x08002660   Section        0  stm32l0xx_ll_rcc.o(i.LL_RCC_GetLPUARTClockFreq)
    i.LL_RCC_GetRTCClockSource               0x080026dc   Section        0  systick.o(i.LL_RCC_GetRTCClockSource)
    LL_RCC_GetRTCClockSource                 0x080026dd   Thumb Code    12  systick.o(i.LL_RCC_GetRTCClockSource)
    i.LL_RCC_GetUSARTClockFreq               0x080026ec   Section        0  stm32l0xx_ll_rcc.o(i.LL_RCC_GetUSARTClockFreq)
    i.LL_RCC_GetUSARTClockSource             0x080027c8   Section        0  stm32l0xx_ll_rcc.o(i.LL_RCC_GetUSARTClockSource)
    LL_RCC_GetUSARTClockSource               0x080027c9   Thumb Code    14  stm32l0xx_ll_rcc.o(i.LL_RCC_GetUSARTClockSource)
    i.LL_RCC_HSI_IsReady                     0x080027dc   Section        0  stm32l0xx_ll_rcc.o(i.LL_RCC_HSI_IsReady)
    LL_RCC_HSI_IsReady                       0x080027dd   Thumb Code    12  stm32l0xx_ll_rcc.o(i.LL_RCC_HSI_IsReady)
    i.LL_RCC_IsActiveFlag_HSIDIV             0x080027ec   Section        0  stm32l0xx_ll_rcc.o(i.LL_RCC_IsActiveFlag_HSIDIV)
    LL_RCC_IsActiveFlag_HSIDIV               0x080027ed   Thumb Code    12  stm32l0xx_ll_rcc.o(i.LL_RCC_IsActiveFlag_HSIDIV)
    i.LL_RCC_LSE_IsReady                     0x080027fc   Section        0  stm32l0xx_ll_rcc.o(i.LL_RCC_LSE_IsReady)
    LL_RCC_LSE_IsReady                       0x080027fd   Thumb Code    14  stm32l0xx_ll_rcc.o(i.LL_RCC_LSE_IsReady)
    i.LL_RCC_MSI_GetRange                    0x08002810   Section        0  stm32l0xx_ll_rcc.o(i.LL_RCC_MSI_GetRange)
    LL_RCC_MSI_GetRange                      0x08002811   Thumb Code    12  stm32l0xx_ll_rcc.o(i.LL_RCC_MSI_GetRange)
    i.LL_RCC_SetUSARTClockSource             0x08002820   Section        0  systick.o(i.LL_RCC_SetUSARTClockSource)
    LL_RCC_SetUSARTClockSource               0x08002821   Thumb Code    18  systick.o(i.LL_RCC_SetUSARTClockSource)
    i.LL_SYSCFG_SetEXTISource                0x08002838   Section        0  gpio.o(i.LL_SYSCFG_SetEXTISource)
    LL_SYSCFG_SetEXTISource                  0x08002839   Thumb Code    36  gpio.o(i.LL_SYSCFG_SetEXTISource)
    i.LL_SetSystemCoreClock                  0x08002860   Section        0  stm32l0xx_ll_utils.o(i.LL_SetSystemCoreClock)
    i.LL_TIM_Init                            0x0800286c   Section        0  stm32l0xx_ll_tim.o(i.LL_TIM_Init)
    i.LL_USART_ClearFlag_PE                  0x080028dc   Section        0  uart.o(i.LL_USART_ClearFlag_PE)
    LL_USART_ClearFlag_PE                    0x080028dd   Thumb Code     6  uart.o(i.LL_USART_ClearFlag_PE)
    i.LL_USART_ConfigAsyncMode               0x080028e2   Section        0  uart.o(i.LL_USART_ConfigAsyncMode)
    LL_USART_ConfigAsyncMode                 0x080028e3   Thumb Code    20  uart.o(i.LL_USART_ConfigAsyncMode)
    i.LL_USART_Enable                        0x080028f6   Section        0  uart.o(i.LL_USART_Enable)
    LL_USART_Enable                          0x080028f7   Thumb Code    10  uart.o(i.LL_USART_Enable)
    i.LL_USART_EnableIT_PE                   0x08002900   Section        0  uart.o(i.LL_USART_EnableIT_PE)
    LL_USART_EnableIT_PE                     0x08002901   Thumb Code    38  uart.o(i.LL_USART_EnableIT_PE)
    i.LL_USART_EnableIT_RXNE                 0x08002926   Section        0  uart.o(i.LL_USART_EnableIT_RXNE)
    LL_USART_EnableIT_RXNE                   0x08002927   Thumb Code    36  uart.o(i.LL_USART_EnableIT_RXNE)
    i.LL_USART_Init                          0x0800294c   Section        0  stm32l0xx_ll_usart.o(i.LL_USART_Init)
    i.LL_USART_IsActiveFlag_PE               0x08002a30   Section        0  uart.o(i.LL_USART_IsActiveFlag_PE)
    LL_USART_IsActiveFlag_PE                 0x08002a31   Thumb Code    16  uart.o(i.LL_USART_IsActiveFlag_PE)
    i.LL_USART_IsActiveFlag_RXNE             0x08002a40   Section        0  uart.o(i.LL_USART_IsActiveFlag_RXNE)
    LL_USART_IsActiveFlag_RXNE               0x08002a41   Thumb Code    12  uart.o(i.LL_USART_IsActiveFlag_RXNE)
    i.LL_USART_IsActiveFlag_TC               0x08002a4c   Section        0  uart.o(i.LL_USART_IsActiveFlag_TC)
    LL_USART_IsActiveFlag_TC                 0x08002a4d   Thumb Code    12  uart.o(i.LL_USART_IsActiveFlag_TC)
    i.LL_USART_IsEnabled                     0x08002a58   Section        0  stm32l0xx_ll_usart.o(i.LL_USART_IsEnabled)
    LL_USART_IsEnabled                       0x08002a59   Thumb Code    16  stm32l0xx_ll_usart.o(i.LL_USART_IsEnabled)
    i.LL_USART_TransmitData8                 0x08002a68   Section        0  uart.o(i.LL_USART_TransmitData8)
    LL_USART_TransmitData8                   0x08002a69   Thumb Code     4  uart.o(i.LL_USART_TransmitData8)
    i.LPUART1_IRQHandler                     0x08002a6c   Section        0  uart.o(i.LPUART1_IRQHandler)
    i.LoRaWAN_Init                           0x08002ba4   Section        0  lorawan_apply.o(i.LoRaWAN_Init)
    i.LoRaWAN_JoinInit                       0x08002f94   Section        0  lorawan_apply.o(i.LoRaWAN_JoinInit)
    i.LoRa_DelayMs                           0x08003238   Section        0  lorawan_apply.o(i.LoRa_DelayMs)
    i.LoRa_SendCMD                           0x08003244   Section        0  uart.o(i.LoRa_SendCMD)
    i.LoRa_SendData                          0x0800325c   Section        0  uart.o(i.LoRa_SendData)
    i.MDK_MONTH                              0x0800328c   Section        0  lorawan_apply.o(i.MDK_MONTH)
    MDK_MONTH                                0x0800328d   Thumb Code   126  lorawan_apply.o(i.MDK_MONTH)
    i.NMI_Handler                            0x08003318   Section        0  stm32l0xx_it.o(i.NMI_Handler)
    i.PendSV_Handler                         0x0800331c   Section        0  stm32l0xx_it.o(i.PendSV_Handler)
    i.RCC_GetHCLKClockFreq                   0x08003320   Section        0  stm32l0xx_ll_rcc.o(i.RCC_GetHCLKClockFreq)
    RCC_GetHCLKClockFreq                     0x08003321   Thumb Code    26  stm32l0xx_ll_rcc.o(i.RCC_GetHCLKClockFreq)
    i.RCC_GetPCLK1ClockFreq                  0x08003344   Section        0  stm32l0xx_ll_rcc.o(i.RCC_GetPCLK1ClockFreq)
    RCC_GetPCLK1ClockFreq                    0x08003345   Thumb Code    26  stm32l0xx_ll_rcc.o(i.RCC_GetPCLK1ClockFreq)
    i.RCC_GetPCLK2ClockFreq                  0x08003368   Section        0  stm32l0xx_ll_rcc.o(i.RCC_GetPCLK2ClockFreq)
    RCC_GetPCLK2ClockFreq                    0x08003369   Thumb Code    26  stm32l0xx_ll_rcc.o(i.RCC_GetPCLK2ClockFreq)
    i.RCC_GetSystemClockFreq                 0x0800338c   Section        0  stm32l0xx_ll_rcc.o(i.RCC_GetSystemClockFreq)
    RCC_GetSystemClockFreq                   0x0800338d   Thumb Code    96  stm32l0xx_ll_rcc.o(i.RCC_GetSystemClockFreq)
    i.RCC_PLL_GetFreqDomain_SYS              0x080033fc   Section        0  stm32l0xx_ll_rcc.o(i.RCC_PLL_GetFreqDomain_SYS)
    RCC_PLL_GetFreqDomain_SYS                0x080033fd   Thumb Code    86  stm32l0xx_ll_rcc.o(i.RCC_PLL_GetFreqDomain_SYS)
    i.SVC_Handler                            0x08003468   Section        0  stm32l0xx_it.o(i.SVC_Handler)
    i.SysTick_Handler                        0x0800346a   Section        0  systick.o(i.SysTick_Handler)
    i.SystemClock_Config                     0x0800346c   Section        0  systick.o(i.SystemClock_Config)
    i.SystemInit                             0x08003680   Section        0  system_stm32l0xx.o(i.SystemInit)
    i.Systick_1ms_Handler                    0x08003684   Section        0  systick.o(i.Systick_1ms_Handler)
    i.TIM6_IRQHandler                        0x080037f4   Section        0  tim.o(i.TIM6_IRQHandler)
    i.TIM6_Init                              0x08003820   Section        0  tim.o(i.TIM6_Init)
    i.USART1_IRQHandler                      0x080038ec   Section        0  uart.o(i.USART1_IRQHandler)
    i.USART2_IRQHandler                      0x08003940   Section        0  uart.o(i.USART2_IRQHandler)
    i.__0snprintf                            0x08003994   Section        0  printfa.o(i.__0snprintf)
    i.__0sprintf                             0x080039cc   Section        0  printfa.o(i.__0sprintf)
    i.__0vsprintf                            0x080039f4   Section        0  printfa.o(i.__0vsprintf)
    i.__ARM_clz                              0x08003a18   Section        0  depilogue.o(i.__ARM_clz)
    i.__ARM_common_ll_muluu                  0x08003a46   Section        0  stm32l0xx_ll_lpuart.o(i.__ARM_common_ll_muluu)
    i.__ARM_common_switch8                   0x08003a76   Section        0  lorawan_apply.o(i.__ARM_common_switch8)
    i.__NVIC_EnableIRQ                       0x08003a94   Section        0  gpio.o(i.__NVIC_EnableIRQ)
    __NVIC_EnableIRQ                         0x08003a95   Thumb Code    18  gpio.o(i.__NVIC_EnableIRQ)
    i.__NVIC_EnableIRQ                       0x08003aac   Section        0  uart.o(i.__NVIC_EnableIRQ)
    __NVIC_EnableIRQ                         0x08003aad   Thumb Code    18  uart.o(i.__NVIC_EnableIRQ)
    i.__NVIC_SetPriority                     0x08003ac4   Section        0  gpio.o(i.__NVIC_SetPriority)
    __NVIC_SetPriority                       0x08003ac5   Thumb Code   110  gpio.o(i.__NVIC_SetPriority)
    i.__NVIC_SetPriority                     0x08003b3c   Section        0  tim.o(i.__NVIC_SetPriority)
    __NVIC_SetPriority                       0x08003b3d   Thumb Code   110  tim.o(i.__NVIC_SetPriority)
    i.__NVIC_SetPriority                     0x08003bb4   Section        0  uart.o(i.__NVIC_SetPriority)
    __NVIC_SetPriority                       0x08003bb5   Thumb Code   110  uart.o(i.__NVIC_SetPriority)
    i.__NVIC_SetPriority                     0x08003c2c   Section        0  systick.o(i.__NVIC_SetPriority)
    __NVIC_SetPriority                       0x08003c2d   Thumb Code   110  systick.o(i.__NVIC_SetPriority)
    i.__get_PRIMASK                          0x08003ca4   Section        0  uart.o(i.__get_PRIMASK)
    __get_PRIMASK                            0x08003ca5   Thumb Code     6  uart.o(i.__get_PRIMASK)
    i.__scatterload_copy                     0x08003caa   Section       14  handlers.o(i.__scatterload_copy)
    i.__scatterload_null                     0x08003cb8   Section        2  handlers.o(i.__scatterload_null)
    i.__scatterload_zeroinit                 0x08003cba   Section       14  handlers.o(i.__scatterload_zeroinit)
    i.__set_PRIMASK                          0x08003cc8   Section        0  uart.o(i.__set_PRIMASK)
    __set_PRIMASK                            0x08003cc9   Thumb Code     6  uart.o(i.__set_PRIMASK)
    i._fp_digits                             0x08003cd0   Section        0  printfa.o(i._fp_digits)
    _fp_digits                               0x08003cd1   Thumb Code   344  printfa.o(i._fp_digits)
    i._printf_core                           0x08003e44   Section        0  printfa.o(i._printf_core)
    _printf_core                             0x08003e45   Thumb Code  1760  printfa.o(i._printf_core)
    i._printf_post_padding                   0x08004534   Section        0  printfa.o(i._printf_post_padding)
    _printf_post_padding                     0x08004535   Thumb Code    32  printfa.o(i._printf_post_padding)
    i._printf_pre_padding                    0x08004554   Section        0  printfa.o(i._printf_pre_padding)
    _printf_pre_padding                      0x08004555   Thumb Code    44  printfa.o(i._printf_pre_padding)
    i._snputc                                0x08004580   Section        0  printfa.o(i._snputc)
    _snputc                                  0x08004581   Thumb Code    22  printfa.o(i._snputc)
    i._sputc                                 0x08004596   Section        0  printfa.o(i._sputc)
    _sputc                                   0x08004597   Thumb Code    10  printfa.o(i._sputc)
    i.cmd_get_hexstr2hex                     0x080045a0   Section        0  lorawan_atcmd.o(i.cmd_get_hexstr2hex)
    i.fromBTDataHandle                       0x08004690   Section        0  communicate.o(i.fromBTDataHandle)
    i.fromInfoDataHandle                     0x080046ec   Section        0  communicate.o(i.fromInfoDataHandle)
    i.fromLoRaWANDataHandle                  0x08004704   Section        0  communicate.o(i.fromLoRaWANDataHandle)
    i.fromUartDataHandle                     0x0800472c   Section        0  communicate.o(i.fromUartDataHandle)
    i.getLoRaWANStatus                       0x08004848   Section        0  lorawan_apply.o(i.getLoRaWANStatus)
    i.get_syspant_ms                         0x08004864   Section        0  systick.o(i.get_syspant_ms)
    i.lwrbDataInit                           0x08004870   Section        0  communicate.o(i.lwrbDataInit)
    i.lwrb_get_free                          0x08004894   Section        0  lwrb.o(i.lwrb_get_free)
    i.lwrb_get_full                          0x080048f4   Section        0  lwrb.o(i.lwrb_get_full)
    i.lwrb_init                              0x08004954   Section        0  lwrb.o(i.lwrb_init)
    i.lwrb_read                              0x08004988   Section        0  lwrb.o(i.lwrb_read)
    i.lwrb_reset                             0x08004a48   Section        0  lwrb.o(i.lwrb_reset)
    i.lwrb_set_evt_fn                        0x08004a8c   Section        0  lwrb.o(i.lwrb_set_evt_fn)
    i.lwrb_write                             0x08004ab4   Section        0  lwrb.o(i.lwrb_write)
    i.mDelay                                 0x08004b74   Section        0  systick.o(i.mDelay)
    i.main                                   0x08004b8c   Section        0  main.o(i.main)
    i.my_buff_evt_fn                         0x08004bc8   Section        0  communicate.o(i.my_buff_evt_fn)
    i.rstLoRaWANModule                       0x08004c94   Section        0  lorawan_apply.o(i.rstLoRaWANModule)
    i.sendLoRaWANData                        0x08004cd0   Section        0  communicate.o(i.sendLoRaWANData)
    i.setLoRaWANStatus                       0x08004e38   Section        0  lorawan_apply.o(i.setLoRaWANStatus)
    .constdata                               0x08004e54   Section       33  system_stm32l0xx.o(.constdata)
    .conststring                             0x08004e78   Section      163  lorawan_atcmd.o(.conststring)
    .conststring                             0x08004f1c   Section       76  lorawan_apply.o(.conststring)
    .data                                    0x20000000   Section        4  communicate.o(.data)
    .data                                    0x20000004   Section       26  systick.o(.data)
    sys_pant_ms                              0x20000004   Data           4  systick.o(.data)
    sys_OPTime_ss                            0x20000008   Data           4  systick.o(.data)
    sys_OPTime_ms                            0x2000000c   Data           4  systick.o(.data)
    systick_ms                               0x20000010   Data           2  systick.o(.data)
    SysTicker                                0x20000018   Data           4  systick.o(.data)
    led_tick                                 0x2000001c   Data           2  systick.o(.data)
    .data                                    0x20000020   Section        4  system_stm32l0xx.o(.data)
    .data                                    0x20000024   Section       74  lorawan_apply.o(.data)
    startTimer                               0x20000068   Data           4  lorawan_apply.o(.data)
    waitRegisterTick                         0x2000006c   Data           2  lorawan_apply.o(.data)
    .bss                                     0x20000070   Section     1730  uart.o(.bss)
    s                                        0x2000053e   Data         500  uart.o(.bss)
    .bss                                     0x20000734   Section     1320  communicate.o(.bss)
    .bss                                     0x20000c5c   Section       88  lorawan_apply.o(.bss)
    STACK                                    0x20000cb8   Section     2048  startup_stm32l051xx.o(STACK)

    Global Symbols

    Symbol Name                              Value     Ov Type        Size  Object(Section)

    BuildAttributes$$THM_ISAv3M$S$PE$A:L22$X:L11$S22$IEEE1$IW$USESV6$~STKCKD$USESV7$~SHL$OSPACE$ROPI$EBA8$MICROLIB$REQ8$PRES8$EABIv2 0x00000000   Number         0  anon$$obj.o ABSOLUTE
    __ARM_use_no_argv                        0x00000000   Number         0  main.o ABSOLUTE
    _printf_a                                0x00000000   Number         0  stubs.o ABSOLUTE
    _printf_c                                0x00000000   Number         0  stubs.o ABSOLUTE
    _printf_charcount                        0x00000000   Number         0  stubs.o ABSOLUTE
    _printf_d                                0x00000000   Number         0  stubs.o ABSOLUTE
    _printf_e                                0x00000000   Number         0  stubs.o ABSOLUTE
    _printf_f                                0x00000000   Number         0  stubs.o ABSOLUTE
    _printf_flags                            0x00000000   Number         0  stubs.o ABSOLUTE
    _printf_fp_dec                           0x00000000   Number         0  stubs.o ABSOLUTE
    _printf_fp_hex                           0x00000000   Number         0  stubs.o ABSOLUTE
    _printf_g                                0x00000000   Number         0  stubs.o ABSOLUTE
    _printf_i                                0x00000000   Number         0  stubs.o ABSOLUTE
    _printf_int_dec                          0x00000000   Number         0  stubs.o ABSOLUTE
    _printf_l                                0x00000000   Number         0  stubs.o ABSOLUTE
    _printf_lc                               0x00000000   Number         0  stubs.o ABSOLUTE
    _printf_ll                               0x00000000   Number         0  stubs.o ABSOLUTE
    _printf_lld                              0x00000000   Number         0  stubs.o ABSOLUTE
    _printf_lli                              0x00000000   Number         0  stubs.o ABSOLUTE
    _printf_llo                              0x00000000   Number         0  stubs.o ABSOLUTE
    _printf_llu                              0x00000000   Number         0  stubs.o ABSOLUTE
    _printf_llx                              0x00000000   Number         0  stubs.o ABSOLUTE
    _printf_longlong_dec                     0x00000000   Number         0  stubs.o ABSOLUTE
    _printf_longlong_hex                     0x00000000   Number         0  stubs.o ABSOLUTE
    _printf_longlong_oct                     0x00000000   Number         0  stubs.o ABSOLUTE
    _printf_ls                               0x00000000   Number         0  stubs.o ABSOLUTE
    _printf_mbtowc                           0x00000000   Number         0  stubs.o ABSOLUTE
    _printf_n                                0x00000000   Number         0  stubs.o ABSOLUTE
    _printf_o                                0x00000000   Number         0  stubs.o ABSOLUTE
    _printf_p                                0x00000000   Number         0  stubs.o ABSOLUTE
    _printf_percent                          0x00000000   Number         0  stubs.o ABSOLUTE
    _printf_pre_padding                      0x00000000   Number         0  stubs.o ABSOLUTE
    _printf_return_value                     0x00000000   Number         0  stubs.o ABSOLUTE
    _printf_s                                0x00000000   Number         0  stubs.o ABSOLUTE
    _printf_sizespec                         0x00000000   Number         0  stubs.o ABSOLUTE
    _printf_str                              0x00000000   Number         0  stubs.o ABSOLUTE
    _printf_truncate_signed                  0x00000000   Number         0  stubs.o ABSOLUTE
    _printf_truncate_unsigned                0x00000000   Number         0  stubs.o ABSOLUTE
    _printf_u                                0x00000000   Number         0  stubs.o ABSOLUTE
    _printf_wc                               0x00000000   Number         0  stubs.o ABSOLUTE
    _printf_wctomb                           0x00000000   Number         0  stubs.o ABSOLUTE
    _printf_widthprec                        0x00000000   Number         0  stubs.o ABSOLUTE
    _printf_x                                0x00000000   Number         0  stubs.o ABSOLUTE
    __arm_fini_                               - Undefined Weak Reference
    __cpp_initialize__aeabi_                  - Undefined Weak Reference
    __cxa_finalize                            - Undefined Weak Reference
    __decompress                              - Undefined Weak Reference
    _clock_init                               - Undefined Weak Reference
    _microlib_exit                            - Undefined Weak Reference
    __Vectors_Size                           0x000000c0   Number         0  startup_stm32l051xx.o ABSOLUTE
    __Vectors                                0x08000000   Data           4  startup_stm32l051xx.o(RESET)
    __Vectors_End                            0x080000c0   Data           0  startup_stm32l051xx.o(RESET)
    __main                                   0x080000c1   Thumb Code     0  entry.o(.ARM.Collect$$$$00000000)
    _main_stk                                0x080000c1   Thumb Code     0  entry2.o(.ARM.Collect$$$$00000001)
    _main_scatterload                        0x080000c5   Thumb Code     0  entry5.o(.ARM.Collect$$$$00000004)
    __main_after_scatterload                 0x080000c9   Thumb Code     0  entry5.o(.ARM.Collect$$$$00000004)
    _main_clock                              0x080000c9   Thumb Code     0  entry7b.o(.ARM.Collect$$$$00000008)
    _main_cpp_init                           0x080000c9   Thumb Code     0  entry8b.o(.ARM.Collect$$$$0000000A)
    _main_init                               0x080000c9   Thumb Code     0  entry9a.o(.ARM.Collect$$$$0000000B)
    __rt_lib_shutdown_fini                   0x080000d1   Thumb Code     0  entry12b.o(.ARM.Collect$$$$0000000E)
    __rt_final_cpp                           0x080000d5   Thumb Code     0  entry10a.o(.ARM.Collect$$$$0000000F)
    __rt_final_exit                          0x080000d5   Thumb Code     0  entry11a.o(.ARM.Collect$$$$00000011)
    Reset_Handler                            0x080000d9   Thumb Code     8  startup_stm32l051xx.o(.text)
    ADC1_COMP_IRQHandler                     0x080000eb   Thumb Code     0  startup_stm32l051xx.o(.text)
    DMA1_Channel1_IRQHandler                 0x080000eb   Thumb Code     0  startup_stm32l051xx.o(.text)
    DMA1_Channel2_3_IRQHandler               0x080000eb   Thumb Code     0  startup_stm32l051xx.o(.text)
    DMA1_Channel4_5_6_7_IRQHandler           0x080000eb   Thumb Code     0  startup_stm32l051xx.o(.text)
    EXTI2_3_IRQHandler                       0x080000eb   Thumb Code     0  startup_stm32l051xx.o(.text)
    FLASH_IRQHandler                         0x080000eb   Thumb Code     0  startup_stm32l051xx.o(.text)
    I2C1_IRQHandler                          0x080000eb   Thumb Code     0  startup_stm32l051xx.o(.text)
    I2C2_IRQHandler                          0x080000eb   Thumb Code     0  startup_stm32l051xx.o(.text)
    LPTIM1_IRQHandler                        0x080000eb   Thumb Code     0  startup_stm32l051xx.o(.text)
    PVD_IRQHandler                           0x080000eb   Thumb Code     0  startup_stm32l051xx.o(.text)
    RCC_IRQHandler                           0x080000eb   Thumb Code     0  startup_stm32l051xx.o(.text)
    RTC_IRQHandler                           0x080000eb   Thumb Code     0  startup_stm32l051xx.o(.text)
    SPI1_IRQHandler                          0x080000eb   Thumb Code     0  startup_stm32l051xx.o(.text)
    SPI2_IRQHandler                          0x080000eb   Thumb Code     0  startup_stm32l051xx.o(.text)
    TIM21_IRQHandler                         0x080000eb   Thumb Code     0  startup_stm32l051xx.o(.text)
    TIM22_IRQHandler                         0x080000eb   Thumb Code     0  startup_stm32l051xx.o(.text)
    TIM2_IRQHandler                          0x080000eb   Thumb Code     0  startup_stm32l051xx.o(.text)
    WWDG_IRQHandler                          0x080000eb   Thumb Code     0  startup_stm32l051xx.o(.text)
    __aeabi_uidiv                            0x080000f5   Thumb Code     0  uidiv.o(.text)
    __aeabi_uidivmod                         0x080000f5   Thumb Code    44  uidiv.o(.text)
    __aeabi_uldivmod                         0x08000121   Thumb Code    96  uldiv.o(.text)
    __aeabi_memcpy                           0x08000181   Thumb Code    36  memcpya.o(.text)
    __aeabi_memcpy4                          0x08000181   Thumb Code     0  memcpya.o(.text)
    __aeabi_memcpy8                          0x08000181   Thumb Code     0  memcpya.o(.text)
    __aeabi_memset                           0x080001a5   Thumb Code    14  memseta.o(.text)
    __aeabi_memset4                          0x080001a5   Thumb Code     0  memseta.o(.text)
    __aeabi_memset8                          0x080001a5   Thumb Code     0  memseta.o(.text)
    __aeabi_memclr                           0x080001b3   Thumb Code     4  memseta.o(.text)
    __aeabi_memclr4                          0x080001b3   Thumb Code     0  memseta.o(.text)
    __aeabi_memclr8                          0x080001b3   Thumb Code     0  memseta.o(.text)
    _memset$wrapper                          0x080001b7   Thumb Code    18  memseta.o(.text)
    strstr                                   0x080001c9   Thumb Code    40  strstr.o(.text)
    strlen                                   0x080001f1   Thumb Code    14  strlen.o(.text)
    __aeabi_llsl                             0x080001ff   Thumb Code    32  llshl.o(.text)
    _ll_shift_l                              0x080001ff   Thumb Code     0  llshl.o(.text)
    __aeabi_llsr                             0x0800021f   Thumb Code    34  llushr.o(.text)
    _ll_ushift_r                             0x0800021f   Thumb Code     0  llushr.o(.text)
    __I$use$fp                               0x08000241   Thumb Code     0  iusefp.o(.text)
    __aeabi_dadd                             0x08000241   Thumb Code   330  dadd.o(.text)
    __aeabi_dsub                             0x0800038b   Thumb Code    12  dadd.o(.text)
    __aeabi_drsub                            0x08000397   Thumb Code    12  dadd.o(.text)
    __aeabi_dmul                             0x080003a9   Thumb Code   202  dmul.o(.text)
    __aeabi_ddiv                             0x08000479   Thumb Code   234  ddiv.o(.text)
    __aeabi_d2ulz                            0x08000569   Thumb Code    54  dfixul.o(.text)
    __aeabi_cdrcmple                         0x080005a9   Thumb Code    38  cdrcmple.o(.text)
    __scatterload                            0x080005d1   Thumb Code    28  init.o(.text)
    __scatterload_rt2                        0x080005d1   Thumb Code     0  init.o(.text)
    __aeabi_lasr                             0x080005f5   Thumb Code    38  llsshr.o(.text)
    _ll_sshift_r                             0x080005f5   Thumb Code     0  llsshr.o(.text)
    _double_round                            0x0800061b   Thumb Code    26  depilogue.o(.text)
    _double_epilogue                         0x08000635   Thumb Code   164  depilogue.o(.text)
    AT_Exec_SendCMD                          0x080006d9   Thumb Code   230  lorawan_atcmd.o(i.AT_Exec_SendCMD)
    AT_LoRaWAN_getAPPEUI                     0x0800088d   Thumb Code   134  lorawan_atcmd.o(i.AT_LoRaWAN_getAPPEUI)
    AT_LoRaWAN_getAPPKEY                     0x08000971   Thumb Code   190  lorawan_atcmd.o(i.AT_LoRaWAN_getAPPKEY)
    AT_LoRaWAN_getBand                       0x08000a71   Thumb Code    60  lorawan_atcmd.o(i.AT_LoRaWAN_getBand)
    AT_LoRaWAN_getCHMASK                     0x08000ad5   Thumb Code    60  lorawan_atcmd.o(i.AT_LoRaWAN_getCHMASK)
    AT_LoRaWAN_getClass                      0x08000b35   Thumb Code    60  lorawan_atcmd.o(i.AT_LoRaWAN_getClass)
    AT_LoRaWAN_getDEVADDR                    0x08000b99   Thumb Code   104  lorawan_atcmd.o(i.AT_LoRaWAN_getDEVADDR)
    AT_LoRaWAN_getDEVEUI                     0x08000c51   Thumb Code   134  lorawan_atcmd.o(i.AT_LoRaWAN_getDEVEUI)
    AT_LoRaWAN_getDataRate                   0x08000d35   Thumb Code    60  lorawan_atcmd.o(i.AT_LoRaWAN_getDataRate)
    AT_LoRaWAN_getIrq                        0x08000d95   Thumb Code    60  lorawan_atcmd.o(i.AT_LoRaWAN_getIrq)
    AT_LoRaWAN_getJOIN                       0x08000df9   Thumb Code    72  lorawan_atcmd.o(i.AT_LoRaWAN_getJOIN)
    AT_LoRaWAN_getJOIN_1                     0x08000e75   Thumb Code    52  lorawan_atcmd.o(i.AT_LoRaWAN_getJOIN_1)
    AT_LoRaWAN_getLpcpin                     0x08000edd   Thumb Code    60  lorawan_atcmd.o(i.AT_LoRaWAN_getLpcpin)
    AT_LoRaWAN_getMacMode                    0x08000f41   Thumb Code    60  lorawan_atcmd.o(i.AT_LoRaWAN_getMacMode)
    AT_LoRaWAN_getPORT                       0x08000fa9   Thumb Code    60  lorawan_atcmd.o(i.AT_LoRaWAN_getPORT)
    AT_LoRaWAN_getParam                      0x08001011   Thumb Code    60  lorawan_atcmd.o(i.AT_LoRaWAN_getParam)
    AT_LoRaWAN_getRX2                        0x08001075   Thumb Code    60  lorawan_atcmd.o(i.AT_LoRaWAN_getRX2)
    AT_LoRaWAN_getRx1                        0x080010d9   Thumb Code    60  lorawan_atcmd.o(i.AT_LoRaWAN_getRx1)
    AT_LoRaWAN_getRxChext                    0x0800113d   Thumb Code    60  lorawan_atcmd.o(i.AT_LoRaWAN_getRxChext)
    AT_LoRaWAN_getSleep                      0x080011a5   Thumb Code    60  lorawan_atcmd.o(i.AT_LoRaWAN_getSleep)
    AT_LoRaWAN_getVer                        0x08001209   Thumb Code    60  lorawan_atcmd.o(i.AT_LoRaWAN_getVer)
    AT_LoRaWAN_reboot                        0x0800126d   Thumb Code    56  lorawan_atcmd.o(i.AT_LoRaWAN_reboot)
    AT_LoRaWAN_restFactory                   0x080012bd   Thumb Code    56  lorawan_atcmd.o(i.AT_LoRaWAN_restFactory)
    AT_LoRaWAN_setAPPEUI                     0x08001309   Thumb Code   106  lorawan_atcmd.o(i.AT_LoRaWAN_setAPPEUI)
    AT_LoRaWAN_setAPPKEY                     0x080013c9   Thumb Code   168  lorawan_atcmd.o(i.AT_LoRaWAN_setAPPKEY)
    AT_LoRaWAN_setATEnter                    0x080014ad   Thumb Code    24  lorawan_atcmd.o(i.AT_LoRaWAN_setATEnter)
    AT_LoRaWAN_setATExit                     0x080014cd   Thumb Code    84  lorawan_atcmd.o(i.AT_LoRaWAN_setATExit)
    AT_LoRaWAN_setBand                       0x08001545   Thumb Code    86  lorawan_atcmd.o(i.AT_LoRaWAN_setBand)
    AT_LoRaWAN_setCHMASK                     0x080015c1   Thumb Code    68  lorawan_atcmd.o(i.AT_LoRaWAN_setCHMASK)
    AT_LoRaWAN_setClass                      0x0800164d   Thumb Code    92  lorawan_atcmd.o(i.AT_LoRaWAN_setClass)
    AT_LoRaWAN_setDataRate                   0x080016d5   Thumb Code    62  lorawan_atcmd.o(i.AT_LoRaWAN_setDataRate)
    AT_LoRaWAN_setIrq                        0x08001731   Thumb Code    54  lorawan_atcmd.o(i.AT_LoRaWAN_setIrq)
    AT_LoRaWAN_setJOIN                       0x08001781   Thumb Code    66  lorawan_atcmd.o(i.AT_LoRaWAN_setJOIN)
    AT_LoRaWAN_setJOIN_Close                 0x080017ed   Thumb Code    66  lorawan_atcmd.o(i.AT_LoRaWAN_setJOIN_Close)
    AT_LoRaWAN_setLoRaWANMode                0x08001859   Thumb Code    42  lorawan_atcmd.o(i.AT_LoRaWAN_setLoRaWANMode)
    AT_LoRaWAN_setPORT                       0x08001899   Thumb Code    68  lorawan_atcmd.o(i.AT_LoRaWAN_setPORT)
    AT_LoRaWAN_setRX2                        0x0800190d   Thumb Code    72  lorawan_atcmd.o(i.AT_LoRaWAN_setRX2)
    AT_LoRaWAN_setSleep                      0x08001981   Thumb Code    56  lorawan_atcmd.o(i.AT_LoRaWAN_setSleep)
    App_Init                                 0x080019dd   Thumb Code    98  main.o(i.App_Init)
    App_LpUart1Cfg                           0x08001b49   Thumb Code   312  uart.o(i.App_LpUart1Cfg)
    App_PortCfg                              0x08001c89   Thumb Code   370  gpio.o(i.App_PortCfg)
    App_Uart1Cfg                             0x08001e05   Thumb Code   202  uart.o(i.App_Uart1Cfg)
    App_Uart2Cfg                             0x08001ed9   Thumb Code   214  uart.o(i.App_Uart2Cfg)
    BT_SendCMD                               0x08001fb5   Thumb Code    38  uart.o(i.BT_SendCMD)
    BT_SendData                              0x08001ffd   Thumb Code    62  uart.o(i.BT_SendData)
    DebugHexInfo                             0x08002045   Thumb Code    42  uart.o(i.DebugHexInfo)
    DeviceStateProcess                       0x08002091   Thumb Code   120  communicate.o(i.DeviceStateProcess)
    EXTI0_1_IRQHandler                       0x08002125   Thumb Code    60  gpio.o(i.EXTI0_1_IRQHandler)
    EXTI4_15_IRQHandler                      0x08002165   Thumb Code    64  gpio.o(i.EXTI4_15_IRQHandler)
    HardFault_Handler                        0x080021a9   Thumb Code     4  stm32l0xx_it.o(i.HardFault_Handler)
    INFO                                     0x080021ad   Thumb Code    62  uart.o(i.INFO)
    INFO_SendData                            0x080021f1   Thumb Code    44  uart.o(i.INFO_SendData)
    LL_EXTI_Init                             0x080022a9   Thumb Code   184  stm32l0xx_ll_exti.o(i.LL_EXTI_Init)
    LL_GPIO_DeInit                           0x0800237d   Thumb Code   114  stm32l0xx_ll_gpio.o(i.LL_GPIO_DeInit)
    LL_GPIO_Init                             0x08002401   Thumb Code   240  stm32l0xx_ll_gpio.o(i.LL_GPIO_Init)
    LL_GPIO_ReadOutputPin                    0x080024f1   Thumb Code     8  gpio.o(i.LL_GPIO_ReadOutputPin)
    LL_Init1msTick                           0x08002595   Thumb Code    34  stm32l0xx_ll_utils.o(i.LL_Init1msTick)
    LL_LPUART_Init                           0x080025bd   Thumb Code   154  stm32l0xx_ll_lpuart.o(i.LL_LPUART_Init)
    LL_RCC_GetLPUARTClockFreq                0x08002661   Thumb Code   110  stm32l0xx_ll_rcc.o(i.LL_RCC_GetLPUARTClockFreq)
    LL_RCC_GetUSARTClockFreq                 0x080026ed   Thumb Code   210  stm32l0xx_ll_rcc.o(i.LL_RCC_GetUSARTClockFreq)
    LL_SetSystemCoreClock                    0x08002861   Thumb Code     6  stm32l0xx_ll_utils.o(i.LL_SetSystemCoreClock)
    LL_TIM_Init                              0x0800286d   Thumb Code   102  stm32l0xx_ll_tim.o(i.LL_TIM_Init)
    LL_USART_Init                            0x0800294d   Thumb Code   210  stm32l0xx_ll_usart.o(i.LL_USART_Init)
    LPUART1_IRQHandler                       0x08002a6d   Thumb Code   300  uart.o(i.LPUART1_IRQHandler)
    LoRaWAN_Init                             0x08002ba5   Thumb Code   710  lorawan_apply.o(i.LoRaWAN_Init)
    LoRaWAN_JoinInit                         0x08002f95   Thumb Code   508  lorawan_apply.o(i.LoRaWAN_JoinInit)
    LoRa_DelayMs                             0x08003239   Thumb Code    12  lorawan_apply.o(i.LoRa_DelayMs)
    LoRa_SendCMD                             0x08003245   Thumb Code    22  uart.o(i.LoRa_SendCMD)
    LoRa_SendData                            0x0800325d   Thumb Code    44  uart.o(i.LoRa_SendData)
    NMI_Handler                              0x08003319   Thumb Code     4  stm32l0xx_it.o(i.NMI_Handler)
    PendSV_Handler                           0x0800331d   Thumb Code     2  stm32l0xx_it.o(i.PendSV_Handler)
    SVC_Handler                              0x08003469   Thumb Code     2  stm32l0xx_it.o(i.SVC_Handler)
    SysTick_Handler                          0x0800346b   Thumb Code     2  systick.o(i.SysTick_Handler)
    SystemClock_Config                       0x0800346d   Thumb Code   514  systick.o(i.SystemClock_Config)
    SystemInit                               0x08003681   Thumb Code     2  system_stm32l0xx.o(i.SystemInit)
    Systick_1ms_Handler                      0x08003685   Thumb Code   316  systick.o(i.Systick_1ms_Handler)
    TIM6_IRQHandler                          0x080037f5   Thumb Code    38  tim.o(i.TIM6_IRQHandler)
    TIM6_Init                                0x08003821   Thumb Code   192  tim.o(i.TIM6_Init)
    USART1_IRQHandler                        0x080038ed   Thumb Code    74  uart.o(i.USART1_IRQHandler)
    USART2_IRQHandler                        0x08003941   Thumb Code    74  uart.o(i.USART2_IRQHandler)
    __0snprintf                              0x08003995   Thumb Code    50  printfa.o(i.__0snprintf)
    __1snprintf                              0x08003995   Thumb Code     0  printfa.o(i.__0snprintf)
    __2snprintf                              0x08003995   Thumb Code     0  printfa.o(i.__0snprintf)
    __c89snprintf                            0x08003995   Thumb Code     0  printfa.o(i.__0snprintf)
    snprintf                                 0x08003995   Thumb Code     0  printfa.o(i.__0snprintf)
    __0sprintf                               0x080039cd   Thumb Code    36  printfa.o(i.__0sprintf)
    __1sprintf                               0x080039cd   Thumb Code     0  printfa.o(i.__0sprintf)
    __2sprintf                               0x080039cd   Thumb Code     0  printfa.o(i.__0sprintf)
    __c89sprintf                             0x080039cd   Thumb Code     0  printfa.o(i.__0sprintf)
    sprintf                                  0x080039cd   Thumb Code     0  printfa.o(i.__0sprintf)
    __0vsprintf                              0x080039f5   Thumb Code    30  printfa.o(i.__0vsprintf)
    __1vsprintf                              0x080039f5   Thumb Code     0  printfa.o(i.__0vsprintf)
    __2vsprintf                              0x080039f5   Thumb Code     0  printfa.o(i.__0vsprintf)
    __c89vsprintf                            0x080039f5   Thumb Code     0  printfa.o(i.__0vsprintf)
    vsprintf                                 0x080039f5   Thumb Code     0  printfa.o(i.__0vsprintf)
    __ARM_clz                                0x08003a19   Thumb Code    46  depilogue.o(i.__ARM_clz)
    __ARM_common_ll_muluu                    0x08003a47   Thumb Code    48  stm32l0xx_ll_lpuart.o(i.__ARM_common_ll_muluu)
    __ARM_common_switch8                     0x08003a77   Thumb Code    28  lorawan_apply.o(i.__ARM_common_switch8)
    __scatterload_copy                       0x08003cab   Thumb Code    14  handlers.o(i.__scatterload_copy)
    __scatterload_null                       0x08003cb9   Thumb Code     2  handlers.o(i.__scatterload_null)
    __scatterload_zeroinit                   0x08003cbb   Thumb Code    14  handlers.o(i.__scatterload_zeroinit)
    cmd_get_hexstr2hex                       0x080045a1   Thumb Code   238  lorawan_atcmd.o(i.cmd_get_hexstr2hex)
    fromBTDataHandle                         0x08004691   Thumb Code    76  communicate.o(i.fromBTDataHandle)
    fromInfoDataHandle                       0x080046ed   Thumb Code    20  communicate.o(i.fromInfoDataHandle)
    fromLoRaWANDataHandle                    0x08004705   Thumb Code    32  communicate.o(i.fromLoRaWANDataHandle)
    fromUartDataHandle                       0x0800472d   Thumb Code   184  communicate.o(i.fromUartDataHandle)
    getLoRaWANStatus                         0x08004849   Thumb Code    26  lorawan_apply.o(i.getLoRaWANStatus)
    get_syspant_ms                           0x08004865   Thumb Code     6  systick.o(i.get_syspant_ms)
    lwrbDataInit                             0x08004871   Thumb Code    24  communicate.o(i.lwrbDataInit)
    lwrb_get_free                            0x08004895   Thumb Code    90  lwrb.o(i.lwrb_get_free)
    lwrb_get_full                            0x080048f5   Thumb Code    90  lwrb.o(i.lwrb_get_full)
    lwrb_init                                0x08004955   Thumb Code    48  lwrb.o(i.lwrb_init)
    lwrb_read                                0x08004989   Thumb Code   188  lwrb.o(i.lwrb_read)
    lwrb_reset                               0x08004a49   Thumb Code    64  lwrb.o(i.lwrb_reset)
    lwrb_set_evt_fn                          0x08004a8d   Thumb Code    36  lwrb.o(i.lwrb_set_evt_fn)
    lwrb_write                               0x08004ab5   Thumb Code   188  lwrb.o(i.lwrb_write)
    mDelay                                   0x08004b75   Thumb Code    20  systick.o(i.mDelay)
    main                                     0x08004b8d   Thumb Code    58  main.o(i.main)
    my_buff_evt_fn                           0x08004bc9   Thumb Code    78  communicate.o(i.my_buff_evt_fn)
    rstLoRaWANModule                         0x08004c95   Thumb Code    54  lorawan_apply.o(i.rstLoRaWANModule)
    sendLoRaWANData                          0x08004cd1   Thumb Code   244  communicate.o(i.sendLoRaWANData)
    setLoRaWANStatus                         0x08004e39   Thumb Code    28  lorawan_apply.o(i.setLoRaWANStatus)
    AHBPrescTable                            0x08004e54   Data          16  system_stm32l0xx.o(.constdata)
    APBPrescTable                            0x08004e64   Data           8  system_stm32l0xx.o(.constdata)
    PLLMulTable                              0x08004e6c   Data           9  system_stm32l0xx.o(.constdata)
    Region$$Table$$Base                      0x08004f68   Number         0  anon$$obj.o(Region$$Table)
    Region$$Table$$Limit                     0x08004f88   Number         0  anon$$obj.o(Region$$Table)
    lwrb_write_count                         0x20000000   Data           1  communicate.o(.data)
    sendNum                                  0x20000001   Data           1  communicate.o(.data)
    packSyncNumber                           0x20000002   Data           1  communicate.o(.data)
    send_failcnt                             0x20000003   Data           1  communicate.o(.data)
    Timestamp                                0x20000014   Data           4  systick.o(.data)
    SystemCoreClock                          0x20000020   Data           4  system_stm32l0xx.o(.data)
    appEui                                   0x20000024   Data           8  lorawan_apply.o(.data)
    appKey                                   0x2000002c   Data          16  lorawan_apply.o(.data)
    devAddr                                  0x2000003c   Data           4  lorawan_apply.o(.data)
    appSKey                                  0x20000040   Data          16  lorawan_apply.o(.data)
    nwkSKey                                  0x20000050   Data          16  lorawan_apply.o(.data)
    jion_fail_cnt                            0x20000060   Data           1  lorawan_apply.o(.data)
    reconnect_stamp                          0x20000064   Data           4  lorawan_apply.o(.data)
    uartLoRa                                 0x20000070   Data         410  uart.o(.bss)
    uartBT                                   0x2000020a   Data         410  uart.o(.bss)
    uartInfo                                 0x200003a4   Data         410  uart.o(.bss)
    lwrb_data                                0x20000734   Data        1024  communicate.o(.bss)
    lwrbBuff_t                               0x20000b34   Data          28  communicate.o(.bss)
    sendBuffer                               0x20000b50   Data         256  communicate.o(.bss)
    device_t                                 0x20000c50   Data          12  communicate.o(.bss)
    LoRaWAN                                  0x20000c5c   Data          88  lorawan_apply.o(.bss)
    __initial_sp                             0x200014b8   Data           0  startup_stm32l051xx.o(STACK)



==============================================================================

Memory Map of the image

  Image Entry point : 0x080000d9

  Load Region LR_1 (Base: 0x08000000, Size: 0x00004ff8, Max: 0xffffffff, ABSOLUTE)

    Execution Region ER_RO (Exec base: 0x08000000, Load base: 0x08000000, Size: 0x00004f88, Max: 0xffffffff, ABSOLUTE)

    Exec Addr    Load Addr    Size         Type   Attr      Idx    E Section Name        Object

    0x08000000   0x08000000   0x000000c0   Data   RO          889    RESET               startup_stm32l051xx.o
    0x080000c0   0x080000c0   0x00000000   Code   RO         3024  * .ARM.Collect$$$$00000000  mc_p.l(entry.o)
    0x080000c0   0x080000c0   0x00000004   Code   RO         3315    .ARM.Collect$$$$00000001  mc_p.l(entry2.o)
    0x080000c4   0x080000c4   0x00000004   Code   RO         3318    .ARM.Collect$$$$00000004  mc_p.l(entry5.o)
    0x080000c8   0x080000c8   0x00000000   Code   RO         3320    .ARM.Collect$$$$00000008  mc_p.l(entry7b.o)
    0x080000c8   0x080000c8   0x00000000   Code   RO         3322    .ARM.Collect$$$$0000000A  mc_p.l(entry8b.o)
    0x080000c8   0x080000c8   0x00000008   Code   RO         3323    .ARM.Collect$$$$0000000B  mc_p.l(entry9a.o)
    0x080000d0   0x080000d0   0x00000004   Code   RO         3330    .ARM.Collect$$$$0000000E  mc_p.l(entry12b.o)
    0x080000d4   0x080000d4   0x00000000   Code   RO         3325    .ARM.Collect$$$$0000000F  mc_p.l(entry10a.o)
    0x080000d4   0x080000d4   0x00000000   Code   RO         3327    .ARM.Collect$$$$00000011  mc_p.l(entry11a.o)
    0x080000d4   0x080000d4   0x00000004   Code   RO         3316    .ARM.Collect$$$$00002712  mc_p.l(entry2.o)
    0x080000d8   0x080000d8   0x0000001c   Code   RO          890  * .text               startup_stm32l051xx.o
    0x080000f4   0x080000f4   0x0000002c   Code   RO         3027    .text               mc_p.l(uidiv.o)
    0x08000120   0x08000120   0x00000060   Code   RO         3031    .text               mc_p.l(uldiv.o)
    0x08000180   0x08000180   0x00000024   Code   RO         3036    .text               mc_p.l(memcpya.o)
    0x080001a4   0x080001a4   0x00000024   Code   RO         3038    .text               mc_p.l(memseta.o)
    0x080001c8   0x080001c8   0x00000028   Code   RO         3042    .text               mc_p.l(strstr.o)
    0x080001f0   0x080001f0   0x0000000e   Code   RO         3044    .text               mc_p.l(strlen.o)
    0x080001fe   0x080001fe   0x00000020   Code   RO         3334    .text               mc_p.l(llshl.o)
    0x0800021e   0x0800021e   0x00000022   Code   RO         3336    .text               mc_p.l(llushr.o)
    0x08000240   0x08000240   0x00000000   Code   RO         3338    .text               mc_p.l(iusefp.o)
    0x08000240   0x08000240   0x00000168   Code   RO         3339    .text               mf_p.l(dadd.o)
    0x080003a8   0x080003a8   0x000000d0   Code   RO         3341    .text               mf_p.l(dmul.o)
    0x08000478   0x08000478   0x000000f0   Code   RO         3343    .text               mf_p.l(ddiv.o)
    0x08000568   0x08000568   0x00000040   Code   RO         3345    .text               mf_p.l(dfixul.o)
    0x080005a8   0x080005a8   0x00000028   Code   RO         3347    .text               mf_p.l(cdrcmple.o)
    0x080005d0   0x080005d0   0x00000024   Code   RO         3349    .text               mc_p.l(init.o)
    0x080005f4   0x080005f4   0x00000026   Code   RO         3352    .text               mc_p.l(llsshr.o)
    0x0800061a   0x0800061a   0x000000be   Code   RO         3355    .text               mf_p.l(depilogue.o)
    0x080006d8   0x080006d8   0x000001b4   Code   RO         1004    i.AT_Exec_SendCMD   lorawan_atcmd.o
    0x0800088c   0x0800088c   0x000000e4   Code   RO         1007    i.AT_LoRaWAN_getAPPEUI  lorawan_atcmd.o
    0x08000970   0x08000970   0x00000100   Code   RO         1008    i.AT_LoRaWAN_getAPPKEY  lorawan_atcmd.o
    0x08000a70   0x08000a70   0x00000064   Code   RO         1009    i.AT_LoRaWAN_getBand  lorawan_atcmd.o
    0x08000ad4   0x08000ad4   0x00000060   Code   RO         1010    i.AT_LoRaWAN_getCHMASK  lorawan_atcmd.o
    0x08000b34   0x08000b34   0x00000064   Code   RO         1011    i.AT_LoRaWAN_getClass  lorawan_atcmd.o
    0x08000b98   0x08000b98   0x000000b8   Code   RO         1012    i.AT_LoRaWAN_getDEVADDR  lorawan_atcmd.o
    0x08000c50   0x08000c50   0x000000e4   Code   RO         1013    i.AT_LoRaWAN_getDEVEUI  lorawan_atcmd.o
    0x08000d34   0x08000d34   0x00000060   Code   RO         1014    i.AT_LoRaWAN_getDataRate  lorawan_atcmd.o
    0x08000d94   0x08000d94   0x00000064   Code   RO         1016    i.AT_LoRaWAN_getIrq  lorawan_atcmd.o
    0x08000df8   0x08000df8   0x0000007c   Code   RO         1017    i.AT_LoRaWAN_getJOIN  lorawan_atcmd.o
    0x08000e74   0x08000e74   0x00000068   Code   RO         1018    i.AT_LoRaWAN_getJOIN_1  lorawan_atcmd.o
    0x08000edc   0x08000edc   0x00000064   Code   RO         1019    i.AT_LoRaWAN_getLpcpin  lorawan_atcmd.o
    0x08000f40   0x08000f40   0x00000068   Code   RO         1020    i.AT_LoRaWAN_getMacMode  lorawan_atcmd.o
    0x08000fa8   0x08000fa8   0x00000068   Code   RO         1022    i.AT_LoRaWAN_getPORT  lorawan_atcmd.o
    0x08001010   0x08001010   0x00000064   Code   RO         1023    i.AT_LoRaWAN_getParam  lorawan_atcmd.o
    0x08001074   0x08001074   0x00000064   Code   RO         1025    i.AT_LoRaWAN_getRX2  lorawan_atcmd.o
    0x080010d8   0x080010d8   0x00000064   Code   RO         1026    i.AT_LoRaWAN_getRx1  lorawan_atcmd.o
    0x0800113c   0x0800113c   0x00000068   Code   RO         1027    i.AT_LoRaWAN_getRxChext  lorawan_atcmd.o
    0x080011a4   0x080011a4   0x00000064   Code   RO         1029    i.AT_LoRaWAN_getSleep  lorawan_atcmd.o
    0x08001208   0x08001208   0x00000064   Code   RO         1030    i.AT_LoRaWAN_getVer  lorawan_atcmd.o
    0x0800126c   0x0800126c   0x00000050   Code   RO         1031    i.AT_LoRaWAN_reboot  lorawan_atcmd.o
    0x080012bc   0x080012bc   0x0000004c   Code   RO         1032    i.AT_LoRaWAN_restFactory  lorawan_atcmd.o
    0x08001308   0x08001308   0x000000c0   Code   RO         1034    i.AT_LoRaWAN_setAPPEUI  lorawan_atcmd.o
    0x080013c8   0x080013c8   0x000000e4   Code   RO         1035    i.AT_LoRaWAN_setAPPKEY  lorawan_atcmd.o
    0x080014ac   0x080014ac   0x00000020   Code   RO         1037    i.AT_LoRaWAN_setATEnter  lorawan_atcmd.o
    0x080014cc   0x080014cc   0x00000078   Code   RO         1038    i.AT_LoRaWAN_setATExit  lorawan_atcmd.o
    0x08001544   0x08001544   0x0000007c   Code   RO         1039    i.AT_LoRaWAN_setBand  lorawan_atcmd.o
    0x080015c0   0x080015c0   0x0000008c   Code   RO         1041    i.AT_LoRaWAN_setCHMASK  lorawan_atcmd.o
    0x0800164c   0x0800164c   0x00000088   Code   RO         1042    i.AT_LoRaWAN_setClass  lorawan_atcmd.o
    0x080016d4   0x080016d4   0x0000005c   Code   RO         1045    i.AT_LoRaWAN_setDataRate  lorawan_atcmd.o
    0x08001730   0x08001730   0x00000050   Code   RO         1047    i.AT_LoRaWAN_setIrq  lorawan_atcmd.o
    0x08001780   0x08001780   0x0000006c   Code   RO         1048    i.AT_LoRaWAN_setJOIN  lorawan_atcmd.o
    0x080017ec   0x080017ec   0x0000006c   Code   RO         1049    i.AT_LoRaWAN_setJOIN_Close  lorawan_atcmd.o
    0x08001858   0x08001858   0x00000040   Code   RO         1051    i.AT_LoRaWAN_setLoRaWANMode  lorawan_atcmd.o
    0x08001898   0x08001898   0x00000074   Code   RO         1053    i.AT_LoRaWAN_setPORT  lorawan_atcmd.o
    0x0800190c   0x0800190c   0x00000074   Code   RO         1055    i.AT_LoRaWAN_setRX2  lorawan_atcmd.o
    0x08001980   0x08001980   0x0000005c   Code   RO         1057    i.AT_LoRaWAN_setSleep  lorawan_atcmd.o
    0x080019dc   0x080019dc   0x0000016c   Code   RO            3    i.App_Init          main.o
    0x08001b48   0x08001b48   0x00000140   Code   RO          399    i.App_LpUart1Cfg    uart.o
    0x08001c88   0x08001c88   0x0000017c   Code   RO          228    i.App_PortCfg       gpio.o
    0x08001e04   0x08001e04   0x000000d4   Code   RO          400    i.App_Uart1Cfg      uart.o
    0x08001ed8   0x08001ed8   0x000000dc   Code   RO          401    i.App_Uart2Cfg      uart.o
    0x08001fb4   0x08001fb4   0x00000048   Code   RO          402    i.BT_SendCMD        uart.o
    0x08001ffc   0x08001ffc   0x00000048   Code   RO          403    i.BT_SendData       uart.o
    0x08002044   0x08002044   0x0000004c   Code   RO          404    i.DebugHexInfo      uart.o
    0x08002090   0x08002090   0x00000094   Code   RO          592    i.DeviceStateProcess  communicate.o
    0x08002124   0x08002124   0x00000040   Code   RO          229    i.EXTI0_1_IRQHandler  gpio.o
    0x08002164   0x08002164   0x00000044   Code   RO          230    i.EXTI4_15_IRQHandler  gpio.o
    0x080021a8   0x080021a8   0x00000004   Code   RO          813    i.HardFault_Handler  stm32l0xx_it.o
    0x080021ac   0x080021ac   0x00000044   Code   RO          405    i.INFO              uart.o
    0x080021f0   0x080021f0   0x00000030   Code   RO          406    i.INFO_SendData     uart.o
    0x08002220   0x08002220   0x0000001c   Code   RO          407    i.LL_APB1_GRP1_EnableClock  uart.o
    0x0800223c   0x0800223c   0x0000000c   Code   RO          231    i.LL_EXTI_ClearFlag_0_31  gpio.o
    0x08002248   0x08002248   0x00000010   Code   RO         1813    i.LL_EXTI_DisableEvent_0_31  stm32l0xx_ll_exti.o
    0x08002258   0x08002258   0x00000010   Code   RO         1814    i.LL_EXTI_DisableIT_0_31  stm32l0xx_ll_exti.o
    0x08002268   0x08002268   0x00000010   Code   RO         1815    i.LL_EXTI_EnableEvent_0_31  stm32l0xx_ll_exti.o
    0x08002278   0x08002278   0x00000010   Code   RO         1816    i.LL_EXTI_EnableFallingTrig_0_31  stm32l0xx_ll_exti.o
    0x08002288   0x08002288   0x00000010   Code   RO         1817    i.LL_EXTI_EnableIT_0_31  stm32l0xx_ll_exti.o
    0x08002298   0x08002298   0x00000010   Code   RO         1818    i.LL_EXTI_EnableRisingTrig_0_31  stm32l0xx_ll_exti.o
    0x080022a8   0x080022a8   0x000000bc   Code   RO         1819    i.LL_EXTI_Init      stm32l0xx_ll_exti.o
    0x08002364   0x08002364   0x00000018   Code   RO          232    i.LL_EXTI_IsActiveFlag_0_31  gpio.o
    0x0800237c   0x0800237c   0x00000084   Code   RO         1877    i.LL_GPIO_DeInit    stm32l0xx_ll_gpio.o
    0x08002400   0x08002400   0x000000f0   Code   RO         1878    i.LL_GPIO_Init      stm32l0xx_ll_gpio.o
    0x080024f0   0x080024f0   0x00000008   Code   RO          234    i.LL_GPIO_ReadOutputPin  gpio.o
    0x080024f8   0x080024f8   0x00000004   Code   RO          235    i.LL_GPIO_ResetOutputPin  gpio.o
    0x080024fc   0x080024fc   0x00000004   Code   RO          680    i.LL_GPIO_ResetOutputPin  systick.o
    0x08002500   0x08002500   0x00000004   Code   RO          236    i.LL_GPIO_SetOutputPin  gpio.o
    0x08002504   0x08002504   0x00000004   Code   RO         1386    i.LL_GPIO_SetOutputPin  lorawan_apply.o
    0x08002508   0x08002508   0x0000001a   Code   RO          237    i.LL_GPIO_SetPinMode  gpio.o
    0x08002522   0x08002522   0x0000001a   Code   RO          238    i.LL_GPIO_SetPinPull  gpio.o
    0x0800253c   0x0800253c   0x0000001c   Code   RO          240    i.LL_IOP_GRP1_EnableClock  gpio.o
    0x08002558   0x08002558   0x0000001c   Code   RO          408    i.LL_IOP_GRP1_EnableClock  uart.o
    0x08002574   0x08002574   0x00000010   Code   RO         1880    i.LL_IOP_GRP1_ForceReset  stm32l0xx_ll_gpio.o
    0x08002584   0x08002584   0x00000010   Code   RO         1881    i.LL_IOP_GRP1_ReleaseReset  stm32l0xx_ll_gpio.o
    0x08002594   0x08002594   0x00000028   Code   RO         2516    i.LL_Init1msTick    stm32l0xx_ll_utils.o
    0x080025bc   0x080025bc   0x000000a4   Code   RO         1978    i.LL_LPUART_Init    stm32l0xx_ll_lpuart.o
    0x08002660   0x08002660   0x0000007c   Code   RO         2037    i.LL_RCC_GetLPUARTClockFreq  stm32l0xx_ll_rcc.o
    0x080026dc   0x080026dc   0x00000010   Code   RO          681    i.LL_RCC_GetRTCClockSource  systick.o
    0x080026ec   0x080026ec   0x000000dc   Code   RO         2039    i.LL_RCC_GetUSARTClockFreq  stm32l0xx_ll_rcc.o
    0x080027c8   0x080027c8   0x00000014   Code   RO         2040    i.LL_RCC_GetUSARTClockSource  stm32l0xx_ll_rcc.o
    0x080027dc   0x080027dc   0x00000010   Code   RO         2041    i.LL_RCC_HSI_IsReady  stm32l0xx_ll_rcc.o
    0x080027ec   0x080027ec   0x00000010   Code   RO         2042    i.LL_RCC_IsActiveFlag_HSIDIV  stm32l0xx_ll_rcc.o
    0x080027fc   0x080027fc   0x00000014   Code   RO         2043    i.LL_RCC_LSE_IsReady  stm32l0xx_ll_rcc.o
    0x08002810   0x08002810   0x00000010   Code   RO         2044    i.LL_RCC_MSI_GetRange  stm32l0xx_ll_rcc.o
    0x08002820   0x08002820   0x00000018   Code   RO          682    i.LL_RCC_SetUSARTClockSource  systick.o
    0x08002838   0x08002838   0x00000028   Code   RO          241    i.LL_SYSCFG_SetEXTISource  gpio.o
    0x08002860   0x08002860   0x0000000c   Code   RO         2525    i.LL_SetSystemCoreClock  stm32l0xx_ll_utils.o
    0x0800286c   0x0800286c   0x00000070   Code   RO         2341    i.LL_TIM_Init       stm32l0xx_ll_tim.o
    0x080028dc   0x080028dc   0x00000006   Code   RO          409    i.LL_USART_ClearFlag_PE  uart.o
    0x080028e2   0x080028e2   0x00000014   Code   RO          410    i.LL_USART_ConfigAsyncMode  uart.o
    0x080028f6   0x080028f6   0x0000000a   Code   RO          411    i.LL_USART_Enable   uart.o
    0x08002900   0x08002900   0x00000026   Code   RO          412    i.LL_USART_EnableIT_PE  uart.o
    0x08002926   0x08002926   0x00000024   Code   RO          413    i.LL_USART_EnableIT_RXNE  uart.o
    0x0800294a   0x0800294a   0x00000002   PAD
    0x0800294c   0x0800294c   0x000000e4   Code   RO         2467    i.LL_USART_Init     stm32l0xx_ll_usart.o
    0x08002a30   0x08002a30   0x00000010   Code   RO          414    i.LL_USART_IsActiveFlag_PE  uart.o
    0x08002a40   0x08002a40   0x0000000c   Code   RO          415    i.LL_USART_IsActiveFlag_RXNE  uart.o
    0x08002a4c   0x08002a4c   0x0000000c   Code   RO          416    i.LL_USART_IsActiveFlag_TC  uart.o
    0x08002a58   0x08002a58   0x00000010   Code   RO         2468    i.LL_USART_IsEnabled  stm32l0xx_ll_usart.o
    0x08002a68   0x08002a68   0x00000004   Code   RO          417    i.LL_USART_TransmitData8  uart.o
    0x08002a6c   0x08002a6c   0x00000138   Code   RO          418    i.LPUART1_IRQHandler  uart.o
    0x08002ba4   0x08002ba4   0x000003f0   Code   RO         1388    i.LoRaWAN_Init      lorawan_apply.o
    0x08002f94   0x08002f94   0x000002a4   Code   RO         1389    i.LoRaWAN_JoinInit  lorawan_apply.o
    0x08003238   0x08003238   0x0000000c   Code   RO         1390    i.LoRa_DelayMs      lorawan_apply.o
    0x08003244   0x08003244   0x00000016   Code   RO          419    i.LoRa_SendCMD      uart.o
    0x0800325a   0x0800325a   0x00000002   PAD
    0x0800325c   0x0800325c   0x00000030   Code   RO          420    i.LoRa_SendData     uart.o
    0x0800328c   0x0800328c   0x0000008c   Code   RO         1391    i.MDK_MONTH         lorawan_apply.o
    0x08003318   0x08003318   0x00000004   Code   RO          814    i.NMI_Handler       stm32l0xx_it.o
    0x0800331c   0x0800331c   0x00000002   Code   RO          815    i.PendSV_Handler    stm32l0xx_it.o
    0x0800331e   0x0800331e   0x00000002   PAD
    0x08003320   0x08003320   0x00000024   Code   RO         2045    i.RCC_GetHCLKClockFreq  stm32l0xx_ll_rcc.o
    0x08003344   0x08003344   0x00000024   Code   RO         2046    i.RCC_GetPCLK1ClockFreq  stm32l0xx_ll_rcc.o
    0x08003368   0x08003368   0x00000024   Code   RO         2047    i.RCC_GetPCLK2ClockFreq  stm32l0xx_ll_rcc.o
    0x0800338c   0x0800338c   0x00000070   Code   RO         2048    i.RCC_GetSystemClockFreq  stm32l0xx_ll_rcc.o
    0x080033fc   0x080033fc   0x0000006c   Code   RO         2049    i.RCC_PLL_GetFreqDomain_SYS  stm32l0xx_ll_rcc.o
    0x08003468   0x08003468   0x00000002   Code   RO          816    i.SVC_Handler       stm32l0xx_it.o
    0x0800346a   0x0800346a   0x00000002   Code   RO          683    i.SysTick_Handler   systick.o
    0x0800346c   0x0800346c   0x00000214   Code   RO          684    i.SystemClock_Config  systick.o
    0x08003680   0x08003680   0x00000002   Code   RO          857    i.SystemInit        system_stm32l0xx.o
    0x08003682   0x08003682   0x00000002   PAD
    0x08003684   0x08003684   0x00000170   Code   RO          685    i.Systick_1ms_Handler  systick.o
    0x080037f4   0x080037f4   0x0000002c   Code   RO          346    i.TIM6_IRQHandler   tim.o
    0x08003820   0x08003820   0x000000cc   Code   RO          347    i.TIM6_Init         tim.o
    0x080038ec   0x080038ec   0x00000054   Code   RO          421    i.USART1_IRQHandler  uart.o
    0x08003940   0x08003940   0x00000054   Code   RO          422    i.USART2_IRQHandler  uart.o
    0x08003994   0x08003994   0x00000038   Code   RO         3288    i.__0snprintf       mc_p.l(printfa.o)
    0x080039cc   0x080039cc   0x00000028   Code   RO         3289    i.__0sprintf        mc_p.l(printfa.o)
    0x080039f4   0x080039f4   0x00000024   Code   RO         3293    i.__0vsprintf       mc_p.l(printfa.o)
    0x08003a18   0x08003a18   0x0000002e   Code   RO         3357    i.__ARM_clz         mf_p.l(depilogue.o)
    0x08003a46   0x08003a46   0x00000030   Code   RO         2004    i.__ARM_common_ll_muluu  stm32l0xx_ll_lpuart.o
    0x08003a76   0x08003a76   0x0000001c   Code   RO         1453    i.__ARM_common_switch8  lorawan_apply.o
    0x08003a92   0x08003a92   0x00000002   PAD
    0x08003a94   0x08003a94   0x00000018   Code   RO          242    i.__NVIC_EnableIRQ  gpio.o
    0x08003aac   0x08003aac   0x00000018   Code   RO          423    i.__NVIC_EnableIRQ  uart.o
    0x08003ac4   0x08003ac4   0x00000078   Code   RO          243    i.__NVIC_SetPriority  gpio.o
    0x08003b3c   0x08003b3c   0x00000078   Code   RO          348    i.__NVIC_SetPriority  tim.o
    0x08003bb4   0x08003bb4   0x00000078   Code   RO          424    i.__NVIC_SetPriority  uart.o
    0x08003c2c   0x08003c2c   0x00000078   Code   RO          686    i.__NVIC_SetPriority  systick.o
    0x08003ca4   0x08003ca4   0x00000006   Code   RO          425    i.__get_PRIMASK     uart.o
    0x08003caa   0x08003caa   0x0000000e   Code   RO         3361    i.__scatterload_copy  mc_p.l(handlers.o)
    0x08003cb8   0x08003cb8   0x00000002   Code   RO         3362    i.__scatterload_null  mc_p.l(handlers.o)
    0x08003cba   0x08003cba   0x0000000e   Code   RO         3363    i.__scatterload_zeroinit  mc_p.l(handlers.o)
    0x08003cc8   0x08003cc8   0x00000006   Code   RO          426    i.__set_PRIMASK     uart.o
    0x08003cce   0x08003cce   0x00000002   PAD
    0x08003cd0   0x08003cd0   0x00000174   Code   RO         3294    i._fp_digits        mc_p.l(printfa.o)
    0x08003e44   0x08003e44   0x000006f0   Code   RO         3295    i._printf_core      mc_p.l(printfa.o)
    0x08004534   0x08004534   0x00000020   Code   RO         3296    i._printf_post_padding  mc_p.l(printfa.o)
    0x08004554   0x08004554   0x0000002c   Code   RO         3297    i._printf_pre_padding  mc_p.l(printfa.o)
    0x08004580   0x08004580   0x00000016   Code   RO         3298    i._snputc           mc_p.l(printfa.o)
    0x08004596   0x08004596   0x0000000a   Code   RO         3299    i._sputc            mc_p.l(printfa.o)
    0x080045a0   0x080045a0   0x000000ee   Code   RO         1061    i.cmd_get_hexstr2hex  lorawan_atcmd.o
    0x0800468e   0x0800468e   0x00000002   PAD
    0x08004690   0x08004690   0x0000005c   Code   RO          593    i.fromBTDataHandle  communicate.o
    0x080046ec   0x080046ec   0x00000018   Code   RO          594    i.fromInfoDataHandle  communicate.o
    0x08004704   0x08004704   0x00000028   Code   RO          595    i.fromLoRaWANDataHandle  communicate.o
    0x0800472c   0x0800472c   0x0000011c   Code   RO          596    i.fromUartDataHandle  communicate.o
    0x08004848   0x08004848   0x0000001a   Code   RO         1392    i.getLoRaWANStatus  lorawan_apply.o
    0x08004862   0x08004862   0x00000002   PAD
    0x08004864   0x08004864   0x0000000c   Code   RO          688    i.get_syspant_ms    systick.o
    0x08004870   0x08004870   0x00000024   Code   RO          597    i.lwrbDataInit      communicate.o
    0x08004894   0x08004894   0x00000060   Code   RO          896    i.lwrb_get_free     lwrb.o
    0x080048f4   0x080048f4   0x00000060   Code   RO          897    i.lwrb_get_full     lwrb.o
    0x08004954   0x08004954   0x00000034   Code   RO          902    i.lwrb_init         lwrb.o
    0x08004988   0x08004988   0x000000c0   Code   RO          905    i.lwrb_read         lwrb.o
    0x08004a48   0x08004a48   0x00000044   Code   RO          906    i.lwrb_reset        lwrb.o
    0x08004a8c   0x08004a8c   0x00000028   Code   RO          907    i.lwrb_set_evt_fn   lwrb.o
    0x08004ab4   0x08004ab4   0x000000c0   Code   RO          909    i.lwrb_write        lwrb.o
    0x08004b74   0x08004b74   0x00000018   Code   RO          689    i.mDelay            systick.o
    0x08004b8c   0x08004b8c   0x0000003a   Code   RO            4    i.main              main.o
    0x08004bc6   0x08004bc6   0x00000002   PAD
    0x08004bc8   0x08004bc8   0x000000cc   Code   RO          598    i.my_buff_evt_fn    communicate.o
    0x08004c94   0x08004c94   0x0000003c   Code   RO         1393    i.rstLoRaWANModule  lorawan_apply.o
    0x08004cd0   0x08004cd0   0x00000168   Code   RO          599    i.sendLoRaWANData   communicate.o
    0x08004e38   0x08004e38   0x0000001c   Code   RO         1394    i.setLoRaWANStatus  lorawan_apply.o
    0x08004e54   0x08004e54   0x00000021   Data   RO          858    .constdata          system_stm32l0xx.o
    0x08004e75   0x08004e75   0x00000003   PAD
    0x08004e78   0x08004e78   0x000000a3   Data   RO         1066    .conststring        lorawan_atcmd.o
    0x08004f1b   0x08004f1b   0x00000001   PAD
    0x08004f1c   0x08004f1c   0x0000004c   Data   RO         1397    .conststring        lorawan_apply.o
    0x08004f68   0x08004f68   0x00000020   Data   RO         3359    Region$$Table       anon$$obj.o


    Execution Region ER_RW (Exec base: 0x20000000, Load base: 0x08004f88, Size: 0x00000070, Max: 0xffffffff, ABSOLUTE)

    Exec Addr    Load Addr    Size         Type   Attr      Idx    E Section Name        Object

    0x20000000   0x08004f88   0x00000004   Data   RW          603    .data               communicate.o
    0x20000004   0x08004f8c   0x0000001a   Data   RW          692    .data               systick.o
    0x2000001e   0x08004fa6   0x00000002   PAD
    0x20000020   0x08004fa8   0x00000004   Data   RW          859    .data               system_stm32l0xx.o
    0x20000024   0x08004fac   0x0000004a   Data   RW         1398    .data               lorawan_apply.o


    Execution Region ER_ZI (Exec base: 0x20000070, Load base: 0x08004ff8, Size: 0x00001448, Max: 0xffffffff, ABSOLUTE)

    Exec Addr    Load Addr    Size         Type   Attr      Idx    E Section Name        Object

    0x20000070        -       0x000006c2   Zero   RW          427    .bss                uart.o
    0x20000732   0x08004ff8   0x00000002   PAD
    0x20000734        -       0x00000528   Zero   RW          601    .bss                communicate.o
    0x20000c5c        -       0x00000058   Zero   RW         1395    .bss                lorawan_apply.o
    0x20000cb4   0x08004ff8   0x00000004   PAD
    0x20000cb8        -       0x00000800   Zero   RW          887    STACK               startup_stm32l051xx.o


==============================================================================

Image component sizes


      Code (inc. data)   RO Data    RW Data    ZI Data      Debug   Object Name

      1188        410          0          4       1320       6024   communicate.o
       828         52          0          0          0      26617   gpio.o
      1982        502         76         74         88       7828   lorawan_apply.o
      5106       1886        163          0          0      26151   lorawan_atcmd.o
       736         32          0          0          0       6400   lwrb.o
       422        266          0          0          0     250810   main.o
        28          8        192          0       2048        620   startup_stm32l051xx.o
        12          0          0          0          0       1677   stm32l0xx_it.o
       284         28          0          0          0       7315   stm32l0xx_ll_exti.o
       404         26          0          0          0      11976   stm32l0xx_ll_gpio.o
       212         10          0          0          0      15401   stm32l0xx_ll_lpuart.o
       760        116          0          0          0      20235   stm32l0xx_ll_rcc.o
       112         10          0          0          0      25606   stm32l0xx_ll_tim.o
       244         18          0          0          0      22184   stm32l0xx_ll_usart.o
        52         12          0          0          0       2253   stm32l0xx_ll_utils.o
         2          0         33          4          0       1155   system_stm32l0xx.o
      1102        100          0         26          0      44631   systick.o
       368         28          0          0          0      36694   tim.o
      2004        172          0          0       1730      54827   uart.o

    ----------------------------------------------------------------------
     15864       3676        500        112       5192     568404   Object Totals
         0          0         32          0          0          0   (incl. Generated)
        18          0          4          4          6          0   (incl. Padding)

    ----------------------------------------------------------------------

      Code (inc. data)   RO Data    RW Data    ZI Data      Debug   Library Member Name

         0          0          0          0          0          0   entry.o
         0          0          0          0          0          0   entry10a.o
         0          0          0          0          0          0   entry11a.o
         4          0          0          0          0          0   entry12b.o
         8          4          0          0          0          0   entry2.o
         4          0          0          0          0          0   entry5.o
         0          0          0          0          0          0   entry7b.o
         0          0          0          0          0          0   entry8b.o
         8          4          0          0          0          0   entry9a.o
        30          0          0          0          0          0   handlers.o
        36          8          0          0          0         68   init.o
         0          0          0          0          0          0   iusefp.o
        32          0          0          0          0         68   llshl.o
        38          0          0          0          0         68   llsshr.o
        34          0          0          0          0         68   llushr.o
        36          0          0          0          0         60   memcpya.o
        36          0          0          0          0        100   memseta.o
      2388        106          0          0          0        696   printfa.o
        14          0          0          0          0         60   strlen.o
        40          0          0          0          0         72   strstr.o
        44          0          0          0          0         72   uidiv.o
        96          0          0          0          0         84   uldiv.o
        40          2          0          0          0         68   cdrcmple.o
       360          6          0          0          0        140   dadd.o
       240          6          0          0          0         84   ddiv.o
       236          0          0          0          0        216   depilogue.o
        64         10          0          0          0         68   dfixul.o
       208          6          0          0          0         88   dmul.o

    ----------------------------------------------------------------------
      3996        152          0          0          0       2080   Library Totals
         0          0          0          0          0          0   (incl. Padding)

    ----------------------------------------------------------------------

      Code (inc. data)   RO Data    RW Data    ZI Data      Debug   Library Name

      2848        122          0          0          0       1416   mc_p.l
      1148         30          0          0          0        664   mf_p.l

    ----------------------------------------------------------------------
      3996        152          0          0          0       2080   Library Totals

    ----------------------------------------------------------------------

==============================================================================


      Code (inc. data)   RO Data    RW Data    ZI Data      Debug   

     19860       3828        500        112       5192     563016   Grand Totals
     19860       3828        500        112       5192     563016   ELF Image Totals
     19860       3828        500        112          0          0   ROM Totals

==============================================================================

    Total RO  Size (Code + RO Data)                20360 (  19.88kB)
    Total RW  Size (RW Data + ZI Data)              5304 (   5.18kB)
    Total ROM Size (Code + RO Data + RW Data)      20472 (  19.99kB)

==============================================================================

