Component: ARM Compiler 5.06 update 7 (build 960) Tool: armlink [4d3601]

==============================================================================

Section Cross References

    main.o(i.main) refers to systick.o(i.Systick_Init) for Systick_Init
    main.o(i.main) refers to systick.o(i.SystemClock_Config) for SystemClock_Config
    main.o(i.main) refers to tim.o(i.TIM6_Init) for TIM6_Init
    main.o(i.main) refers to gpio.o(i.App_PortCfg) for App_PortCfg
    main.o(i.main) refers to uart.o(i.App_Uart1Cfg) for App_Uart1Cfg
    main.o(i.main) refers to uart.o(i.App_LpUart1Cfg) for App_LpUart1Cfg
    main.o(i.main) refers to uart.o(i.App_Uart2Cfg) for App_Uart2Cfg
    main.o(i.main) refers to iic.o(i.I2C1_Init) for I2C1_Init
    main.o(i.main) refers to flash.o(i.FLASH_Read_Param) for FLASH_Read_Param
    main.o(i.main) refers to systick.o(i.systemTime_Init) for systemTime_Init
    main.o(i.main) refers to communicate.o(i.lwrbDataInit) for lwrbDataInit
    main.o(i.main) refers to acc.o(i.Acc_Init) for Acc_Init
    main.o(i.main) refers to lorawan_apply.o(i.LoRaWAN_Init) for LoRaWAN_Init
    main.o(i.main) refers to tim.o(i.BEEP_RUN) for BEEP_RUN
    main.o(i.main) refers to uart.o(i.INFO) for INFO
    main.o(i.main) refers to control_center.o(i.systemLowPowerMode_Config) for systemLowPowerMode_Config
    main.o(i.main) refers to lorawan_apply.o(i.LoRaWAN_JoinInit) for LoRaWAN_JoinInit
    main.o(i.main) refers to communicate.o(i.DeviceStateProcess) for DeviceStateProcess
    main.o(i.main) refers to communicate.o(i.fromUartDataHandle) for fromUartDataHandle
    main.o(i.main) refers to gps.o(i.Gps_Handler) for Gps_Handler
    main.o(i.main) refers to acc.o(i.Acc_Handler) for Acc_Handler
    main.o(i.main) refers to main.o(.data) for debugstamp
    main.o(i.main) refers to systick.o(.data) for Timestamp
    main.o(i.main) refers to systick.o(.bss) for systime
    main.o(i.main) refers to control_center.o(.bss) for device_t
    main.o(i.main) refers to gps.o(.data) for gps_stamp
    main.o(i.main) refers to main.o(.conststring) for .conststring
    acc.o(i.Acc_Handler) refers to systick.o(i.get_syspant_ms) for get_syspant_ms
    acc.o(i.Acc_Handler) refers to lis3dh.o(i.lis3dh_new_data) for lis3dh_new_data
    acc.o(i.Acc_Handler) refers to lis3dh.o(i.lis3dh_get_raw_data) for lis3dh_get_raw_data
    acc.o(i.Acc_Handler) refers to acc.o(i.filter_calculate) for filter_calculate
    acc.o(i.Acc_Handler) refers to acc.o(i.slid_update) for slid_update
    acc.o(i.Acc_Handler) refers to acc.o(i.peak_update) for peak_update
    acc.o(i.Acc_Handler) refers to acc.o(i.detect_step) for detect_step
    acc.o(i.Acc_Handler) refers to acc.o(i.peak_value_init) for peak_value_init
    acc.o(i.Acc_Handler) refers to memseta.o(.text) for __aeabi_memclr4
    acc.o(i.Acc_Handler) refers to acc.o(.data) for covert_time
    acc.o(i.Acc_Handler) refers to control_center.o(.bss) for device_t
    acc.o(i.Acc_Handler) refers to acc.o(.bss) for acc_filter
    acc.o(i.Acc_Init) refers to lis3dh.o(i.lis3dh_init_sensor) for lis3dh_init_sensor
    acc.o(i.Acc_Init) refers to uart.o(i.INFO) for INFO
    acc.o(i.Acc_Init) refers to lis3dh.o(i.lis3dh_config_hpf) for lis3dh_config_hpf
    acc.o(i.Acc_Init) refers to lis3dh.o(i.lis3dh_get_hpf_ref) for lis3dh_get_hpf_ref
    acc.o(i.Acc_Init) refers to lis3dh.o(i.lis3dh_enable_adc) for lis3dh_enable_adc
    acc.o(i.Acc_Init) refers to lis3dh.o(i.lis3dh_set_scale) for lis3dh_set_scale
    acc.o(i.Acc_Init) refers to lis3dh.o(i.lis3dh_set_mode) for lis3dh_set_mode
    acc.o(i.Acc_Init) refers to acc.o(i.peak_value_init) for peak_value_init
    acc.o(i.Acc_Init) refers to acc.o(.data) for acc_sensor
    acc.o(i.Acc_Init) refers to acc.o(.bss) for acc_peak
    acc.o(i.Acc_Init) refers to control_center.o(.bss) for device_t
    acc.o(i.convert_angle) refers to dflti.o(.text) for __aeabi_i2d
    acc.o(i.convert_angle) refers to atan2.o(i.atan2) for atan2
    acc.o(i.convert_angle) refers to d2f.o(.text) for __aeabi_d2f
    acc.o(i.convert_angle) refers to f2d.o(.text) for __aeabi_f2d
    acc.o(i.convert_angle) refers to dmul.o(.text) for __aeabi_dmul
    acc.o(i.detect_step) refers to acc.o(i.is_most_active) for is_most_active
    acc.o(i.detect_step) refers to uart.o(i.INFO) for INFO
    acc.o(i.detect_step) refers to control_center.o(.bss) for device_t
    acc.o(i.filter_calculate) refers to idiv.o(.text) for __aeabi_idivmod
    acc.o(i.lsm6ds3_iic_read) refers to acc.o(i.LL_I2C_IsActiveFlag_BUSY) for LL_I2C_IsActiveFlag_BUSY
    acc.o(i.lsm6ds3_iic_read) refers to acc.o(i.LL_I2C_IsEnabled) for LL_I2C_IsEnabled
    acc.o(i.lsm6ds3_iic_read) refers to acc.o(i.LL_I2C_Enable) for LL_I2C_Enable
    acc.o(i.lsm6ds3_iic_read) refers to acc.o(i.LL_I2C_HandleTransfer) for LL_I2C_HandleTransfer
    acc.o(i.lsm6ds3_iic_read) refers to acc.o(i.LL_I2C_IsActiveFlag_STOP) for LL_I2C_IsActiveFlag_STOP
    acc.o(i.lsm6ds3_iic_read) refers to acc.o(i.LL_I2C_ClearFlag_STOP) for LL_I2C_ClearFlag_STOP
[...]
    strlcpy                                  0x080003cd   Thumb Code    50  strlcpy.o(.text)
    strlcat                                  0x080003ff   Thumb Code    70  strlcat.o(.text)
    sscanf                                   0x08000445   Thumb Code    50  sscanf.o(.text)
    atoi                                     0x08000481   Thumb Code    26  atoi.o(.text)
    __aeabi_dadd                             0x0800049d   Thumb Code   330  dadd.o(.text)
    __aeabi_dsub                             0x080005e7   Thumb Code    12  dadd.o(.text)
    __aeabi_drsub                            0x080005f3   Thumb Code    12  dadd.o(.text)
    __aeabi_dmul                             0x08000605   Thumb Code   202  dmul.o(.text)
    __aeabi_ddiv                             0x080006d5   Thumb Code   234  ddiv.o(.text)
    __aeabi_i2d                              0x080007c5   Thumb Code    34  dflti.o(.text)
    __aeabi_ui2d                             0x080007ed   Thumb Code    24  dfltui.o(.text)
    __aeabi_d2iz                             0x08000809   Thumb Code    62  dfixi.o(.text)
    __aeabi_d2uiz                            0x08000851   Thumb Code    50  dfixui.o(.text)
    __aeabi_cdcmpeq                          0x0800088d   Thumb Code     0  cdcmple.o(.text)
    __aeabi_cdcmple                          0x0800088d   Thumb Code    38  cdcmple.o(.text)
    __aeabi_cdrcmple                         0x080008b5   Thumb Code    38  cdrcmple.o(.text)
    __aeabi_d2f                              0x080008dd   Thumb Code    56  d2f.o(.text)
    __aeabi_llsl                             0x08000915   Thumb Code    32  llshl.o(.text)
    _ll_shift_l                              0x08000915   Thumb Code     0  llshl.o(.text)
    __aeabi_llsr                             0x08000935   Thumb Code    34  llushr.o(.text)
    _ll_ushift_r                             0x08000935   Thumb Code     0  llushr.o(.text)
    __aeabi_lasr                             0x08000957   Thumb Code    38  llsshr.o(.text)
    _ll_sshift_r                             0x08000957   Thumb Code     0  llsshr.o(.text)
    _scanf_longlong                          0x0800097d   Thumb Code   330  _scanf_longlong.o(.text)
    _scanf_int                               0x08000ac7   Thumb Code   330  _scanf_int.o(.text)
    _scanf_string                            0x08000c11   Thumb Code   232  _scanf_str.o(.text)
    _scanf_real                              0x08000e17   Thumb Code     0  scanf_fp.o(.text)
    _scanf_really_real                       0x08000e17   Thumb Code   586  scanf_fp.o(.text)
    __vfscanf_char                           0x08001079   Thumb Code    24  scanf_char.o(.text)
    _sgetc                                   0x08001099   Thumb Code    32  _sgetc.o(.text)
    _sbackspace                              0x080010b9   Thumb Code    36  _sgetc.o(.text)
    __strtod_int                             0x08001113   Thumb Code    94  strtod.o(.text)
    strtol                                   0x08001181   Thumb Code   108  strtol.o(.text)
    __I$use$fp                               0x080011f1   Thumb Code     0  iusefp.o(.text)
    _float_round                             0x080011f1   Thumb Code    16  fepilogue.o(.text)
    _float_epilogue                          0x08001201   Thumb Code   114  fepilogue.o(.text)
    _double_round                            0x08001273   Thumb Code    26  depilogue.o(.text)
    _double_epilogue                         0x0800128d   Thumb Code   164  depilogue.o(.text)
    __aeabi_d2ulz                            0x08001331   Thumb Code    54  dfixul.o(.text)
    __scatterload                            0x08001371   Thumb Code    28  init.o(.text)
    __scatterload_rt2                        0x08001371   Thumb Code     0  init.o(.text)
    __aeabi_lmul                             0x08001395   Thumb Code   122  llmul.o(.text)
    _ll_mul                                  0x08001395   Thumb Code     0  llmul.o(.text)
    _chval                                   0x0800140f   Thumb Code    30  _chval.o(.text)
    __vfscanf                                0x0800142d   Thumb Code   814  _scanf.o(.text)
    _strtoul                                 0x08001769   Thumb Code   166  _strtoul.o(.text)
    __aeabi_ul2d                             0x08001811   Thumb Code    22  dfltul.o(.text)
    ADC_BatterySglConvert                    0x0800182d   Thumb Code   136  adc.o(i.ADC_BatterySglConvert)
    AT_Ble_setSleep                          0x080018d5   Thumb Code    62  tb_03f.o(i.AT_Ble_setSleep)
    AT_Exec_SendCMD                          0x08001a89   Thumb Code   260  lorawan_atcmd.o(i.AT_Exec_SendCMD)
    AT_LoRaWAN_getAPPEUI                     0x08001c6d   Thumb Code   208  lorawan_atcmd.o(i.AT_LoRaWAN_getAPPEUI)
    AT_LoRaWAN_getAPPKEY                     0x08001dad   Thumb Code   258  lorawan_atcmd.o(i.AT_LoRaWAN_getAPPKEY)
    AT_LoRaWAN_getAPPSKEY                    0x08001ef5   Thumb Code   244  lorawan_atcmd.o(i.AT_LoRaWAN_getAPPSKEY)
    AT_LoRaWAN_getBAND                       0x0800202d   Thumb Code    70  lorawan_atcmd.o(i.AT_LoRaWAN_getBAND)
    AT_LoRaWAN_getClass                      0x080020a5   Thumb Code    70  lorawan_atcmd.o(i.AT_LoRaWAN_getClass)
    AT_LoRaWAN_getConfirm                    0x0800211d   Thumb Code    70  lorawan_atcmd.o(i.AT_LoRaWAN_getConfirm)
    AT_LoRaWAN_getDEVADDR                    0x08002199   Thumb Code   170  lorawan_atcmd.o(i.AT_LoRaWAN_getDEVADDR)
    AT_LoRaWAN_getDEVEUI                     0x080022a5   Thumb Code   208  lorawan_atcmd.o(i.AT_LoRaWAN_getDEVEUI)
    AT_LoRaWAN_getDataRate                   0x080023e1   Thumb Code    70  lorawan_atcmd.o(i.AT_LoRaWAN_getDataRate)
    AT_LoRaWAN_getFREQ                       0x08002461   Thumb Code    70  lorawan_atcmd.o(i.AT_LoRaWAN_getFREQ)
    AT_LoRaWAN_getNwkSKEY                    0x080024d9   Thumb Code   244  lorawan_atcmd.o(i.AT_LoRaWAN_getNwkSKEY)
    AT_LoRaWAN_getPORT                       0x08002611   Thumb Code    70  lorawan_atcmd.o(i.AT_LoRaWAN_getPORT)
    AT_LoRaWAN_getRX2                        0x08002689   Thumb Code    70  lorawan_atcmd.o(i.AT_LoRaWAN_getRX2)
    AT_LoRaWAN_getVer                        0x080026fd   Thumb Code    70  lorawan_atcmd.o(i.AT_LoRaWAN_getVer)
    AT_LoRaWAN_restFactory                   0x0800276d   Thumb Code    66  lorawan_atcmd.o(i.AT_LoRaWAN_restFactory)
    AT_LoRaWAN_saveEEPROM                    0x080027c9   Thumb Code    42  lorawan_atcmd.o(i.AT_LoRaWAN_saveEEPROM)
    AT_LoRaWAN_setAPPEUI                     0x08002805   Thumb Code   106  lorawan_atcmd.o(i.AT_LoRaWAN_setAPPEUI)
    AT_LoRaWAN_setAPPKEY                     0x080028d5   Thumb Code   168  lorawan_atcmd.o(i.AT_LoRaWAN_setAPPKEY)
    AT_LoRaWAN_setBAND                       0x080029cd   Thumb Code    54  lorawan_atcmd.o(i.AT_LoRaWAN_setBAND)
    AT_LoRaWAN_setClass                      0x08002a19   Thumb Code    62  lorawan_atcmd.o(i.AT_LoRaWAN_setClass)
    AT_LoRaWAN_setConfirm                    0x08002a79   Thumb Code    70  lorawan_atcmd.o(i.AT_LoRaWAN_setConfirm)
    AT_LoRaWAN_setJOIN                       0x08002aed   Thumb Code    60  lorawan_atcmd.o(i.AT_LoRaWAN_setJOIN)
    AT_LoRaWAN_setOTAA                       0x08002b49   Thumb Code    42  lorawan_atcmd.o(i.AT_LoRaWAN_setOTAA)
    AT_LoRaWAN_setPORT                       0x08002b89   Thumb Code    62  lorawan_atcmd.o(i.AT_LoRaWAN_setPORT)
    Acc_Handler                              0x08002bed   Thumb Code   438  acc.o(i.Acc_Handler)
    Acc_Init                                 0x08002dd1   Thumb Code   148  acc.o(i.Acc_Init)
    App_LpUart1Cfg                           0x08002e95   Thumb Code   264  uart.o(i.App_LpUart1Cfg)
    App_PortCfg                              0x08002fa9   Thumb Code   644  gpio.o(i.App_PortCfg)
    App_Uart1Cfg                             0x0800324d   Thumb Code   184  uart.o(i.App_Uart1Cfg)
    App_Uart2Cfg                             0x08003309   Thumb Code   214  uart.o(i.App_Uart2Cfg)
    BEEP_Init                                0x080033e5   Thumb Code   294  tim.o(i.BEEP_Init)
    BEEP_RUN                                 0x0800351d   Thumb Code    92  tim.o(i.BEEP_RUN)
    BUTTON1_DOUBLE_CLICK_Handler             0x08003579   Thumb Code    64  gpio.o(i.BUTTON1_DOUBLE_CLICK_Handler)
    BUTTON1_LONG_RRESS_START_Handler         0x080035c1   Thumb Code    76  gpio.o(i.BUTTON1_LONG_RRESS_START_Handler)
    BUTTON1_SINGLE_CLICK_Handler             0x08003615   Thumb Code   110  gpio.o(i.BUTTON1_SINGLE_CLICK_Handler)
    Ble_SendCMD                              0x08003695   Thumb Code    22  uart.o(i.Ble_SendCMD)
    Ble_SendData                             0x080036ad   Thumb Code    44  uart.o(i.Ble_SendData)
    DebugHexInfo                             0x080036dd   Thumb Code    42  uart.o(i.DebugHexInfo)
    DeciceEvent_Process                      0x0800372d   Thumb Code   340  communicate.o(i.DeciceEvent_Process)
    DeviceStateProcess                       0x080038b9   Thumb Code   186  communicate.o(i.DeviceStateProcess)
    Device_PeriodicReport                    0x0800399d   Thumb Code   224  communicate.o(i.Device_PeriodicReport)
    Device_SyncData                          0x08003a85   Thumb Code    48  communicate.o(i.Device_SyncData)
    EXTI0_1_IRQHandler                       0x08003abd   Thumb Code   140  gpio.o(i.EXTI0_1_IRQHandler)
    EXTI4_15_IRQHandler                      0x08003b4d   Thumb Code    84  gpio.o(i.EXTI4_15_IRQHandler)
    EnterStopMode                            0x08003ba5   Thumb Code    36  tim.o(i.EnterStopMode)
    Enter_RTC_InitMode                       0x08003bcd   Thumb Code    34  tim.o(i.Enter_RTC_InitMode)
    Exit_RTC_InitMode                        0x08003bf5   Thumb Code    20  tim.o(i.Exit_RTC_InitMode)
    FLASH_PageErase                          0x08003c0d   Thumb Code    42  stm32l0xx_hal_flash_ex.o(i.FLASH_PageErase)
    FLASH_Read_Gps_Locate_Interval           0x08003c41   Thumb Code   284  flash.o(i.FLASH_Read_Gps_Locate_Interval)
    FLASH_Read_LoRaWAN_Port_Class            0x08003d6d   Thumb Code   104  flash.o(i.FLASH_Read_LoRaWAN_Port_Class)
    FLASH_Read_NWord                         0x08003e2d   Thumb Code    26  flash.o(i.FLASH_Read_NWord)
    FLASH_Read_Param                         0x08003e49   Thumb Code    66  flash.o(i.FLASH_Read_Param)
    FLASH_Reset_Param                        0x08003f99   Thumb Code    38  flash.o(i.FLASH_Reset_Param)
    FLASH_WaitForLastOperation               0x080040c1   Thumb Code   162  stm32l0xx_hal_flash.o(i.FLASH_WaitForLastOperation)
    FLASH_Write_DevADDR_AppSKEY_NwkSKEY      0x08004169   Thumb Code   210  flash.o(i.FLASH_Write_DevADDR_AppSKEY_NwkSKEY)
    FLASH_Write_DevEUI_AppEUI_AppKEY         0x08004245   Thumb Code   210  flash.o(i.FLASH_Write_DevEUI_AppEUI_AppKEY)
    FLASH_Write_Gps_Locate_Interval          0x08004321   Thumb Code    56  flash.o(i.FLASH_Write_Gps_Locate_Interval)
    FLASH_Write_LoRaWAN_Port_Class           0x08004361   Thumb Code    70  flash.o(i.FLASH_Write_LoRaWAN_Port_Class)
    FLASH_Write_NWord                        0x080043b1   Thumb Code    68  flash.o(i.FLASH_Write_NWord)
    FLASH_Write_Report_Interval              0x080043f5   Thumb Code    64  flash.o(i.FLASH_Write_Report_Interval)
    GpioEventProcess                         0x0800443d   Thumb Code   416  gpio.o(i.GpioEventProcess)
    Gps_Handler                              0x08004671   Thumb Code   498  gps.o(i.Gps_Handler)
    Gps_SendData                             0x080048f5   Thumb Code    62  uart.o(i.Gps_SendData)
    HAL_FLASHEx_Erase                        0x0800493d   Thumb Code   128  stm32l0xx_hal_flash_ex.o(i.HAL_FLASHEx_Erase)
    HAL_FLASH_Lock                           0x080049c9   Thumb Code    28  stm32l0xx_hal_flash.o(i.HAL_FLASH_Lock)
    HAL_FLASH_Program                        0x080049e9   Thumb Code    72  stm32l0xx_hal_flash.o(i.HAL_FLASH_Program)
    HAL_FLASH_Unlock                         0x08004a39   Thumb Code   118  stm32l0xx_hal_flash.o(i.HAL_FLASH_Unlock)
    HardFault_Handler                        0x08004ac5   Thumb Code    24  control_center.o(i.HardFault_Handler)
    I2C1_Init                                0x08004ae1   Thumb Code   248  iic.o(i.I2C1_Init)
    I2C1_MasterRead                          0x08004be9   Thumb Code   146  iic.o(i.I2C1_MasterRead)
    I2C1_MasterWrite                         0x08004c89   Thumb Code   144  iic.o(i.I2C1_MasterWrite)
    I2C1_ReadMultipleData                    0x08004d21   Thumb Code    46  iic.o(i.I2C1_ReadMultipleData)
    I2C1_WriteMemAddr                        0x08004d55   Thumb Code    60  iic.o(i.I2C1_WriteMemAddr)
    I2C1_WriteMultipleData                   0x08004d95   Thumb Code    40  iic.o(i.I2C1_WriteMultipleData)
    INFO                                     0x08004dc1   Thumb Code    66  uart.o(i.INFO)
    IOSendData                               0x08004e09   Thumb Code   124  uart.o(i.IOSendData)
    LL_EXTI_Init                             0x08004fb5   Thumb Code   184  stm32l0xx_ll_exti.o(i.LL_EXTI_Init)
    LL_GPIO_DeInit                           0x08005089   Thumb Code   114  stm32l0xx_ll_gpio.o(i.LL_GPIO_DeInit)
    LL_GPIO_Init                             0x0800510d   Thumb Code   240  stm32l0xx_ll_gpio.o(i.LL_GPIO_Init)
    LL_GPIO_ReadInputPin                     0x080051fd   Thumb Code     8  gpio.o(i.LL_GPIO_ReadInputPin)
    LL_GPIO_ReadOutputPin                    0x08005205   Thumb Code     8  gpio.o(i.LL_GPIO_ReadOutputPin)
    LL_GPIO_WriteOutputPin                   0x08005251   Thumb Code    12  gpio.o(i.LL_GPIO_WriteOutputPin)
    LL_I2C_Init                              0x080052b5   Thumb Code   146  stm32l0xx_ll_i2c.o(i.LL_I2C_Init)
    LL_Init1msTick                           0x080053f5   Thumb Code    34  stm32l0xx_ll_utils.o(i.LL_Init1msTick)
    LL_LPUART_Init                           0x08005455   Thumb Code   154  stm32l0xx_ll_lpuart.o(i.LL_LPUART_Init)
    LL_RCC_GetLPUARTClockFreq                0x08005521   Thumb Code   110  stm32l0xx_ll_rcc.o(i.LL_RCC_GetLPUARTClockFreq)
    LL_RCC_GetUSARTClockFreq                 0x0800559d   Thumb Code   210  stm32l0xx_ll_rcc.o(i.LL_RCC_GetUSARTClockFreq)
    LL_RTC_ALMA_Init                         0x08005735   Thumb Code   314  stm32l0xx_ll_rtc.o(i.LL_RTC_ALMA_Init)
    LL_RTC_DATE_Init                         0x08005953   Thumb Code   208  stm32l0xx_ll_rtc.o(i.LL_RTC_DATE_Init)
    LL_RTC_DeInit                            0x08005a25   Thumb Code    84  stm32l0xx_ll_rtc.o(i.LL_RTC_DeInit)
    LL_RTC_EnterInitMode                     0x08005aad   Thumb Code    84  stm32l0xx_ll_rtc.o(i.LL_RTC_EnterInitMode)
    LL_RTC_TIME_Init                         0x08005b71   Thumb Code   220  stm32l0xx_ll_rtc.o(i.LL_RTC_TIME_Init)
    LL_RTC_WaitForSynchro                    0x08005c4d   Thumb Code   144  stm32l0xx_ll_rtc.o(i.LL_RTC_WaitForSynchro)
    LL_SetSystemCoreClock                    0x08005d19   Thumb Code     6  stm32l0xx_ll_utils.o(i.LL_SetSystemCoreClock)
    LL_TIM_DeInit                            0x08005d25   Thumb Code    94  stm32l0xx_ll_tim.o(i.LL_TIM_DeInit)
    LL_TIM_Init                              0x08005db1   Thumb Code   102  stm32l0xx_ll_tim.o(i.LL_TIM_Init)
    LL_TIM_OC_Init                           0x08005e21   Thumb Code    92  stm32l0xx_ll_tim.o(i.LL_TIM_OC_Init)
    LL_USART_Init                            0x08005ef9   Thumb Code   210  stm32l0xx_ll_usart.o(i.LL_USART_Init)
    LPUART1_IRQHandler                       0x08006019   Thumb Code   140  uart.o(i.LPUART1_IRQHandler)
    Led_Blink_Process                        0x080060b5   Thumb Code   192  control_center.o(i.Led_Blink_Process)
    LoRaWAN_Init                             0x08006189   Thumb Code   654  lorawan_apply.o(i.LoRaWAN_Init)
    LoRaWAN_JoinInit                         0x08006531   Thumb Code   694  lorawan_apply.o(i.LoRaWAN_JoinInit)
    LoRa_DelayMs                             0x08006995   Thumb Code    12  lorawan_apply.o(i.LoRa_DelayMs)
    LoRa_SendCMD                             0x080069a1   Thumb Code    22  uart.o(i.LoRa_SendCMD)
    LoRa_SendData                            0x080069b9   Thumb Code    50  uart.o(i.LoRa_SendData)
    NMI_Handler                              0x08006a81   Thumb Code     4  stm32l0xx_it.o(i.NMI_Handler)
    PendSV_Handler                           0x08006bd7   Thumb Code     2  stm32l0xx_it.o(i.PendSV_Handler)
    RTC_AlarmInit                            0x08006d21   Thumb Code   292  tim.o(i.RTC_AlarmInit)
    RTC_IRQHandler                           0x08006e61   Thumb Code    90  tim.o(i.RTC_IRQHandler)
    RTC_Init                                 0x08006ec9   Thumb Code   340  tim.o(i.RTC_Init)
    SVC_Handler                              0x08007029   Thumb Code     2  stm32l0xx_it.o(i.SVC_Handler)
    SysTick_Handler                          0x0800702b   Thumb Code     2  systick.o(i.SysTick_Handler)
    SystemClock_Config                       0x0800702d   Thumb Code   392  systick.o(i.SystemClock_Config)
    SystemInit                               0x080071c5   Thumb Code     2  system_stm32l0xx.o(i.SystemInit)
    Systick_1ms_Handler                      0x0800742d   Thumb Code   274  systick.o(i.Systick_1ms_Handler)
    Systick_Init                             0x08007579   Thumb Code    74  systick.o(i.Systick_Init)
    TIM21_IRQHandler                         0x080075cd   Thumb Code    42  uart.o(i.TIM21_IRQHandler)
    TIM6_IRQHandler                          0x080075fd   Thumb Code    38  tim.o(i.TIM6_IRQHandler)
    TIM6_Init                                0x08007629   Thumb Code   116  tim.o(i.TIM6_Init)
    USART1_IRQHandler                        0x080076a1   Thumb Code    74  uart.o(i.USART1_IRQHandler)
    USART2_IRQHandler                        0x080076f5   Thumb Code   108  uart.o(i.USART2_IRQHandler)
    WaitForSynchro_RTC                       0x0800776d   Thumb Code    44  tim.o(i.WaitForSynchro_RTC)
    __0snprintf                              0x0800779d   Thumb Code    50  printfa.o(i.__0snprintf)
    __1snprintf                              0x0800779d   Thumb Code     0  printfa.o(i.__0snprintf)
    __2snprintf                              0x0800779d   Thumb Code     0  printfa.o(i.__0snprintf)
    __c89snprintf                            0x0800779d   Thumb Code     0  printfa.o(i.__0snprintf)
    snprintf                                 0x0800779d   Thumb Code     0  printfa.o(i.__0snprintf)
    __0sprintf                               0x080077d5   Thumb Code    36  printfa.o(i.__0sprintf)
    __1sprintf                               0x080077d5   Thumb Code     0  printfa.o(i.__0sprintf)
    __2sprintf                               0x080077d5   Thumb Code     0  printfa.o(i.__0sprintf)
    __c89sprintf                             0x080077d5   Thumb Code     0  printfa.o(i.__0sprintf)
    sprintf                                  0x080077d5   Thumb Code     0  printfa.o(i.__0sprintf)
    __0vsnprintf                             0x080077fd   Thumb Code    44  printfa.o(i.__0vsnprintf)
    __1vsnprintf                             0x080077fd   Thumb Code     0  printfa.o(i.__0vsnprintf)
    __2vsnprintf                             0x080077fd   Thumb Code     0  printfa.o(i.__0vsnprintf)
    __c89vsnprintf                           0x080077fd   Thumb Code     0  printfa.o(i.__0vsnprintf)
    vsnprintf                                0x080077fd   Thumb Code     0  printfa.o(i.__0vsnprintf)
    __ARM_clz                                0x0800782d   Thumb Code    46  depilogue.o(i.__ARM_clz)
    __ARM_common_ll_muluu                    0x0800785b   Thumb Code    48  stm32l0xx_ll_lpuart.o(i.__ARM_common_ll_muluu)
    __ARM_common_switch8                     0x0800788b   Thumb Code    28  communicate.o(i.__ARM_common_switch8)
    __aeabi_errno_addr                       0x08007aed   Thumb Code     4  errno.o(i.__aeabi_errno_addr)
    __rt_errno_addr                          0x08007aed   Thumb Code     0  errno.o(i.__aeabi_errno_addr)
    free                                     0x08007af5   Thumb Code    94  mallocr.o(i.__free$realloc)
    malloc                                   0x08007b61   Thumb Code    54  mallocr.o(i.__malloc$realloc)
    __read_errno                             0x08007ba9   Thumb Code     6  errno.o(i.__read_errno)
    __scatterload_copy                       0x08007bb5   Thumb Code    14  handlers.o(i.__scatterload_copy)
    __scatterload_null                       0x08007bc3   Thumb Code     2  handlers.o(i.__scatterload_null)
    __scatterload_zeroinit                   0x08007bc5   Thumb Code    14  handlers.o(i.__scatterload_zeroinit)
    __set_errno                              0x08007bd9   Thumb Code     6  errno.o(i.__set_errno)
    _is_digit                                0x08007d59   Thumb Code    14  scanf_fp.o(i._is_digit)
    atof                                     0x08008587   Thumb Code    42  atof.o(i.atof)
    button_attach                            0x080085b1   Thumb Code    12  multi_button.o(i.button_attach)
    button_handler                           0x080085bd   Thumb Code   602  multi_button.o(i.button_handler)
    button_init                              0x08008817   Thumb Code    66  multi_button.o(i.button_init)
    button_read_pin_status                   0x08008859   Thumb Code    10  gpio.o(i.button_read_pin_status)
    button_start                             0x08008865   Thumb Code    38  multi_button.o(i.button_start)
    button_ticks                             0x08008891   Thumb Code    22  multi_button.o(i.button_ticks)
    cJSON_AddNumberToObject                  0x080088ad   Thumb Code    54  cjson.o(i.cJSON_AddNumberToObject)
    cJSON_AddStringToObject                  0x080088e9   Thumb Code    50  cjson.o(i.cJSON_AddStringToObject)
    cJSON_CreateNumber                       0x08008921   Thumb Code    82  cjson.o(i.cJSON_CreateNumber)
    cJSON_CreateObject                       0x08008989   Thumb Code    22  cjson.o(i.cJSON_CreateObject)
    cJSON_CreateString                       0x080089a5   Thumb Code    50  cjson.o(i.cJSON_CreateString)
    cJSON_Delete                             0x080089dd   Thumb Code   102  cjson.o(i.cJSON_Delete)
    cJSON_PrintUnformatted                   0x08008a69   Thumb Code    16  cjson.o(i.cJSON_PrintUnformatted)
    cJSON_free                               0x08008a7d   Thumb Code    14  cjson.o(i.cJSON_free)
    checkDataSyncHead                        0x08008ac9   Thumb Code    26  communicate.o(i.checkDataSyncHead)
    cmd_get_hexstr2hex                       0x08008ae9   Thumb Code   238  lorawan_atcmd.o(i.cmd_get_hexstr2hex)
    cmd_split                                0x08008bd7   Thumb Code    92  lorawan_atcmd.o(i.cmd_split)
    cmd_string_to_hex                        0x08008c33   Thumb Code   106  lorawan_atcmd.o(i.cmd_string_to_hex)
    factoryTestMode                          0x08009065   Thumb Code     2  control_center.o(i.factoryTestMode)
    fromBleDataHandle                        0x080090d1   Thumb Code   376  communicate.o(i.fromBleDataHandle)
    fromGpsDataHandle                        0x080092e9   Thumb Code   118  gps.o(i.fromGpsDataHandle)
    fromInfoDataHandle                       0x08009379   Thumb Code  4504  communicate.o(i.fromInfoDataHandle)
    fromLoRaWANDataHandle                    0x0800a59d   Thumb Code  1558  communicate.o(i.fromLoRaWANDataHandle)
    fromUartDataHandle                       0x0800abed   Thumb Code   130  communicate.o(i.fromUartDataHandle)
    getButtonPressState                      0x0800ac81   Thumb Code    24  gpio.o(i.getButtonPressState)
    getLoRaWANBusyIOLevel                    0x0800ac99   Thumb Code    24  lorawan_apply.o(i.getLoRaWANBusyIOLevel)
    getLoRaWANBusyStat                       0x0800acb5   Thumb Code    38  lorawan_apply.o(i.getLoRaWANBusyStat)
    getLoRaWANMode                           0x0800acdd   Thumb Code    24  lorawan_apply.o(i.getLoRaWANMode)
    getLoRaWANSendStat                       0x0800acf9   Thumb Code    46  lorawan_apply.o(i.getLoRaWANSendStat)
    getLoRaWANStatIOLevel                    0x0800ad27   Thumb Code    26  lorawan_apply.o(i.getLoRaWANStatIOLevel)
    getLoRaWANStatus                         0x0800ad41   Thumb Code    26  lorawan_apply.o(i.getLoRaWANStatus)
    getTamperState                           0x0800ad5b   Thumb Code    24  gpio.o(i.getTamperState)
    getTimestamp                             0x0800ad75   Thumb Code    84  tim.o(i.getTimestamp)
    get_syspant_ms                           0x0800add9   Thumb Code    22  systick.o(i.get_syspant_ms)
    i2c_slave_read                           0x0800adf9   Thumb Code    30  iic.o(i.i2c_slave_read)
    i2c_slave_write                          0x0800ae17   Thumb Code    30  iic.o(i.i2c_slave_write)
    lis3dh_config_hpf                        0x0800af3b   Thumb Code   166  lis3dh.o(i.lis3dh_config_hpf)
    lis3dh_enable_adc                        0x0800afe1   Thumb Code    70  lis3dh.o(i.lis3dh_enable_adc)
    lis3dh_get_hpf_ref                       0x0800b027   Thumb Code    52  lis3dh.o(i.lis3dh_get_hpf_ref)
    lis3dh_get_raw_data                      0x0800b05b   Thumb Code    72  lis3dh.o(i.lis3dh_get_raw_data)
    lis3dh_init_sensor                       0x0800b11b   Thumb Code   170  lis3dh.o(i.lis3dh_init_sensor)
    lis3dh_new_data                          0x0800b1fb   Thumb Code    80  lis3dh.o(i.lis3dh_new_data)
    lis3dh_reg_read                          0x0800b24b   Thumb Code    36  lis3dh.o(i.lis3dh_reg_read)
    lis3dh_reg_write                         0x0800b26f   Thumb Code    36  lis3dh.o(i.lis3dh_reg_write)
    lis3dh_set_mode                          0x0800b309   Thumb Code   252  lis3dh.o(i.lis3dh_set_mode)
    lis3dh_set_scale                         0x0800b405   Thumb Code    76  lis3dh.o(i.lis3dh_set_scale)
    lpmSleepTimeInit                         0x0800b451   Thumb Code    80  tim.o(i.lpmSleepTimeInit)
    lwrbDataInit                             0x0800b4b1   Thumb Code    24  communicate.o(i.lwrbDataInit)
    lwrb_get_free                            0x0800b4d5   Thumb Code    90  lwrb.o(i.lwrb_get_free)
    lwrb_get_full                            0x0800b535   Thumb Code    90  lwrb.o(i.lwrb_get_full)
    lwrb_init                                0x0800b595   Thumb Code    48  lwrb.o(i.lwrb_init)
    lwrb_read                                0x0800b5c9   Thumb Code   188  lwrb.o(i.lwrb_read)
    lwrb_reset                               0x0800b689   Thumb Code    64  lwrb.o(i.lwrb_reset)
    lwrb_set_evt_fn                          0x0800b6cd   Thumb Code    36  lwrb.o(i.lwrb_set_evt_fn)
    lwrb_write                               0x0800b6f5   Thumb Code   188  lwrb.o(i.lwrb_write)
    mDelay                                   0x0800b7b5   Thumb Code    20  systick.o(i.mDelay)
    main                                     0x0800b7cd   Thumb Code   182  main.o(i.main)
    modf                                     0x0800b8a9   Thumb Code   136  modf.o(i.modf)
    my_buff_evt_fn                           0x0800b939   Thumb Code    78  communicate.o(i.my_buff_evt_fn)
    nmea_add_checksum                        0x0800ba05   Thumb Code    62  gps.o(i.nmea_add_checksum)
    nmea_write                               0x0800ba4d   Thumb Code    88  gps.o(i.nmea_write)
    realloc                                  0x0800c3dd   Thumb Code   110  mallocr.o(i.realloc)
    rstLoRaWANModule                         0x0800c451   Thumb Code    54  lorawan_apply.o(i.rstLoRaWANModule)
    sendLoRaWANData                          0x0800c48d   Thumb Code   382  communicate.o(i.sendLoRaWANData)
    setDataPackage                           0x0800c6f1   Thumb Code   540  communicate.o(i.setDataPackage)
    setLoRaWANMode                           0x0800c921   Thumb Code    24  lorawan_apply.o(i.setLoRaWANMode)
    setLoRaWANStatus                         0x0800c93d   Thumb Code    26  lorawan_apply.o(i.setLoRaWANStatus)
    set_gps_galaxy                           0x0800c959   Thumb Code    30  gps.o(i.set_gps_galaxy)
    sysTimeSwitchToRtcTime                   0x0800ca6d   Thumb Code   336  tim.o(i.sysTimeSwitchToRtcTime)
    systemLowPowerMode_Config                0x0800cbc9   Thumb Code   652  control_center.o(i.systemLowPowerMode_Config)
    systemTime_Init                          0x0800cee5   Thumb Code    46  systick.o(i.systemTime_Init)
    whatday                                  0x0800cf45   Thumb Code   112  systick.o(i.whatday)
    SYNC_HEAD                                0x0800cfd7   Data           3  communicate.o(.constdata)
    AHBPrescTable                            0x0800d053   Data          16  system_stm32l0xx.o(.constdata)
    APBPrescTable                            0x0800d063   Data           8  system_stm32l0xx.o(.constdata)
    PLLMulTable                              0x0800d06b   Data           9  system_stm32l0xx.o(.constdata)
    __ctype_table                            0x0800d074   Data         129  ctype_o.o(.constdata)
    Region$$Table$$Base                      0x0800d654   Number         0  anon$$obj.o(Region$$Table)
    Region$$Table$$Limit                     0x0800d674   Number         0  anon$$obj.o(Region$$Table)
    tilt_angle                               0x20000004   Data           4  acc.o(.data)
    acc_sensor                               0x20000008   Data           4  acc.o(.data)
    batteryLevel                             0x20000018   Data           1  adc.o(.data)
    batteryStatus                            0x20000019   Data           1  adc.o(.data)
    batteryVoltageConvertInterval            0x2000001a   Data           2  adc.o(.data)
    convertedValue                           0x2000001c   Data           4  adc.o(.data)
    batteryInitialCapacity                   0x20000020   Data           4  adc.o(.data)
    lwrb_write_count                         0x20000025   Data           1  communicate.o(.data)
    sendNum                                  0x20000026   Data           1  communicate.o(.data)
    factoryMode                              0x20000027   Data           1  communicate.o(.data)
    keepRunFlag                              0x20000028   Data           1  communicate.o(.data)
    packSyncNumber                           0x20000029   Data           1  communicate.o(.data)
    ledRedBlinkTime                          0x2000002c   Data           2  control_center.o(.data)
    ledGreenBlinkTime                        0x2000002e   Data           2  control_center.o(.data)
    repeat_cnt                               0x20000038   Data           1  gpio.o(.data)
    repeat_stamp                             0x2000003c   Data           4  gpio.o(.data)
    gps_stamp                                0x20000040   Data           4  gps.o(.data)
    Timestamp                                0x2000005c   Data           4  systick.o(.data)
    SystemCoreClock                          0x20000070   Data           4  system_stm32l0xx.o(.data)
    appEui                                   0x2000008c   Data           8  lorawan_apply.o(.data)
    appKey                                   0x20000094   Data          16  lorawan_apply.o(.data)
    devAddr                                  0x200000a4   Data           4  lorawan_apply.o(.data)
    appSKey                                  0x200000a8   Data          16  lorawan_apply.o(.data)
    nwkSKey                                  0x200000b8   Data          16  lorawan_apply.o(.data)
    jion_fail_cnt                            0x200000c8   Data           1  lorawan_apply.o(.data)
    reconnect_stamp                          0x200000cc   Data           4  lorawan_apply.o(.data)
    __microlib_freelist                      0x200000dc   Data           4  mvars.o(.data)
    __microlib_freelist_initialised          0x200000e0   Data           4  mvars.o(.data)
    acc_peak                                 0x200000e8   Data          48  acc.o(.bss)
    acc_filter                               0x20000118   Data          64  acc.o(.bss)
    acc_current                              0x20000158   Data          12  acc.o(.bss)
    acc_slid                                 0x20000164   Data          24  acc.o(.bss)
    lsm6ds3_t                                0x2000017c   Data          12  acc.o(.bss)
    lwrb_data                                0x20000188   Data        1000  communicate.o(.bss)
    lwrbBuff_t                               0x20000570   Data          28  communicate.o(.bss)
    system_schedule_t                        0x2000058c   Data          16  communicate.o(.bss)
    sendBuffer                               0x2000059c   Data         220  communicate.o(.bss)
    tempBuf                                  0x20000678   Data         500  communicate.o(.bss)
    device_t                                 0x2000086c   Data          56  control_center.o(.bss)
    gps_rmc                                  0x200008d0   Data         100  gps.o(.bss)
    systime                                  0x200009d8   Data          44  systick.o(.bss)
    uartLoRa                                 0x20000a04   Data         522  uart.o(.bss)
    uartInfo                                 0x20000c0e   Data         522  uart.o(.bss)
    uartGps                                  0x20000e18   Data        1110  uart.o(.bss)
    splitBuf                                 0x20001464   Data         120  lorawan_atcmd.o(.bss)
    LoRaWAN                                  0x200014dc   Data          88  lorawan_apply.o(.bss)
    pFlash                                   0x20001534   Data          24  stm32l0xx_hal_flash.o(.bss)
    __heap_base                              0x20001578   Data           0  startup_stm32l051xx.o(HEAP)
    __heap_limit                             0x20001678   Data           0  startup_stm32l051xx.o(HEAP)
    __initial_sp                             0x20001c78   Data           0  startup_stm32l051xx.o(STACK)



==============================================================================

Memory Map of the image

  Image Entry point : 0x080000d9

  Load Region LR_1 (Base: 0x08000000, Size: 0x0000d75c, Max: 0xffffffff, ABSOLUTE)

    Execution Region ER_RO (Exec base: 0x08000000, Load base: 0x08000000, Size: 0x0000d674, Max: 0xffffffff, ABSOLUTE)

    Exec Addr    Load Addr    Size         Type   Attr      Idx    E Section Name        Object

    0x08000000   0x08000000   0x000000c0   Data   RO         2099    RESET               startup_stm32l051xx.o
    0x080000c0   0x080000c0   0x00000000   Code   RO         7363  * .ARM.Collect$$$$00000000  mc_p.l(entry.o)
    0x080000c0   0x080000c0   0x00000004   Code   RO         7810    .ARM.Collect$$$$00000001  mc_p.l(entry2.o)
    0x080000c4   0x080000c4   0x00000004   Code   RO         7813    .ARM.Collect$$$$00000004  mc_p.l(entry5.o)
    0x080000c8   0x080000c8   0x00000000   Code   RO         7815    .ARM.Collect$$$$00000008  mc_p.l(entry7b.o)
    0x080000c8   0x080000c8   0x00000000   Code   RO         7817    .ARM.Collect$$$$0000000A  mc_p.l(entry8b.o)
    0x080000c8   0x080000c8   0x00000008   Code   RO         7818    .ARM.Collect$$$$0000000B  mc_p.l(entry9a.o)
    0x080000d0   0x080000d0   0x00000004   Code   RO         7825    .ARM.Collect$$$$0000000E  mc_p.l(entry12b.o)
    0x080000d4   0x080000d4   0x00000000   Code   RO         7820    .ARM.Collect$$$$0000000F  mc_p.l(entry10a.o)
    0x080000d4   0x080000d4   0x00000000   Code   RO         7822    .ARM.Collect$$$$00000011  mc_p.l(entry11a.o)
    0x080000d4   0x080000d4   0x00000004   Code   RO         7811    .ARM.Collect$$$$00002712  mc_p.l(entry2.o)
    0x080000d8   0x080000d8   0x0000001c   Code   RO         2100  * .text               startup_stm32l051xx.o
    0x080000f4   0x080000f4   0x0000002c   Code   RO         7366    .text               mc_p.l(uidiv.o)
    0x08000120   0x08000120   0x00000028   Code   RO         7368    .text               mc_p.l(idiv.o)
    0x08000148   0x08000148   0x00000060   Code   RO         7370    .text               mc_p.l(uldiv.o)
    0x080001a8   0x080001a8   0x00000008   Code   RO         7372    .text               mc_p.l(ctype_o.o)
    0x080001b0   0x080001b0   0x00000012   Code   RO         7394    .text               mc_p.l(isspace_o.o)
    0x080001c2   0x080001c2   0x00000002   PAD
    0x080001c4   0x080001c4   0x00000010   Code   RO         7409    .text               mc_p.l(localtime_w.o)
    0x080001d4   0x080001d4   0x00000074   Code   RO         7412    .text               mc_p.l(localtime_r.o)
    0x08000248   0x08000248   0x0000008c   Code   RO         7415    .text               mc_p.l(mktime.o)
    0x080002d4   0x080002d4   0x00000028   Code   RO         7424    .text               mc_p.l(memcpy.o)
    0x080002fc   0x080002fc   0x00000024   Code   RO         7430    .text               mc_p.l(memseta.o)
    0x08000320   0x08000320   0x00000028   Code   RO         7434    .text               mc_p.l(strstr.o)
    0x08000348   0x08000348   0x0000000e   Code   RO         7436    .text               mc_p.l(strlen.o)
    0x08000356   0x08000356   0x0000001a   Code   RO         7440    .text               mc_p.l(memcmp.o)
    0x08000370   0x08000370   0x00000012   Code   RO         7442    .text               mc_p.l(strcpy.o)
    0x08000382   0x08000382   0x00000002   PAD
    0x08000384   0x08000384   0x00000048   Code   RO         7446    .text               mc_p.l(strtok.o)
    0x080003cc   0x080003cc   0x00000032   Code   RO         7454    .text               mc_p.l(strlcpy.o)
    0x080003fe   0x080003fe   0x00000046   Code   RO         7456    .text               mc_p.l(strlcat.o)
    0x08000444   0x08000444   0x0000003c   Code   RO         7751    .text               mc_p.l(sscanf.o)
    0x08000480   0x08000480   0x0000001a   Code   RO         7753    .text               mc_p.l(atoi.o)
    0x0800049a   0x0800049a   0x00000002   PAD
    0x0800049c   0x0800049c   0x00000168   Code   RO         7761    .text               mf_p.l(dadd.o)
    0x08000604   0x08000604   0x000000d0   Code   RO         7763    .text               mf_p.l(dmul.o)
    0x080006d4   0x080006d4   0x000000f0   Code   RO         7765    .text               mf_p.l(ddiv.o)
    0x080007c4   0x080007c4   0x00000028   Code   RO         7769    .text               mf_p.l(dflti.o)
    0x080007ec   0x080007ec   0x0000001c   Code   RO         7771    .text               mf_p.l(dfltui.o)
    0x08000808   0x08000808   0x00000048   Code   RO         7773    .text               mf_p.l(dfixi.o)
    0x08000850   0x08000850   0x0000003c   Code   RO         7775    .text               mf_p.l(dfixui.o)
    0x0800088c   0x0800088c   0x00000028   Code   RO         7779    .text               mf_p.l(cdcmple.o)
    0x080008b4   0x080008b4   0x00000028   Code   RO         7781    .text               mf_p.l(cdrcmple.o)
    0x080008dc   0x080008dc   0x00000038   Code   RO         7783    .text               mf_p.l(d2f.o)
    0x08000914   0x08000914   0x00000020   Code   RO         7829    .text               mc_p.l(llshl.o)
    0x08000934   0x08000934   0x00000022   Code   RO         7831    .text               mc_p.l(llushr.o)
    0x08000956   0x08000956   0x00000026   Code   RO         7833    .text               mc_p.l(llsshr.o)
    0x0800097c   0x0800097c   0x0000014a   Code   RO         7847    .text               mc_p.l(_scanf_longlong.o)
    0x08000ac6   0x08000ac6   0x0000014a   Code   RO         7849    .text               mc_p.l(_scanf_int.o)
    0x08000c10   0x08000c10   0x000000e8   Code   RO         7851    .text               mc_p.l(_scanf_str.o)
    0x08000cf8   0x08000cf8   0x00000374   Code   RO         7853    .text               mc_p.l(scanf_fp.o)
    0x0800106c   0x0800106c   0x0000002c   Code   RO         7857    .text               mc_p.l(scanf_char.o)
    0x08001098   0x08001098   0x00000044   Code   RO         7859    .text               mc_p.l(_sgetc.o)
    0x080010dc   0x080010dc   0x000000a4   Code   RO         7861    .text               mc_p.l(strtod.o)
    0x08001180   0x08001180   0x00000070   Code   RO         7863    .text               mc_p.l(strtol.o)
    0x080011f0   0x080011f0   0x00000000   Code   RO         7865    .text               mc_p.l(iusefp.o)
    0x080011f0   0x080011f0   0x00000082   Code   RO         7866    .text               mf_p.l(fepilogue.o)
    0x08001272   0x08001272   0x000000be   Code   RO         7868    .text               mf_p.l(depilogue.o)
    0x08001330   0x08001330   0x00000040   Code   RO         7872    .text               mf_p.l(dfixul.o)
    0x08001370   0x08001370   0x00000024   Code   RO         7878    .text               mc_p.l(init.o)
    0x08001394   0x08001394   0x0000007a   Code   RO         7881    .text               mc_p.l(llmul.o)
    0x0800140e   0x0800140e   0x0000001e   Code   RO         7885    .text               mc_p.l(_chval.o)
    0x0800142c   0x0800142c   0x0000033c   Code   RO         7887    .text               mc_p.l(_scanf.o)
    0x08001768   0x08001768   0x000000a6   Code   RO         7889    .text               mc_p.l(_strtoul.o)
    0x0800180e   0x0800180e   0x00000002   PAD
    0x08001810   0x08001810   0x0000001c   Code   RO         7894    .text               mf_p.l(dfltul.o)
    0x0800182c   0x0800182c   0x000000a8   Code   RO          390    i.ADC_BatterySglConvert  adc.o
    0x080018d4   0x080018d4   0x00000060   Code   RO         1882    i.AT_Ble_setSleep   tb_03f.o
    0x08001934   0x08001934   0x00000154   Code   RO         1884    i.AT_Exec_SendCMD   tb_03f.o
    0x08001a88   0x08001a88   0x000001e4   Code   RO         4735    i.AT_Exec_SendCMD   lorawan_atcmd.o
    0x08001c6c   0x08001c6c   0x00000140   Code   RO         4739    i.AT_LoRaWAN_getAPPEUI  lorawan_atcmd.o
    0x08001dac   0x08001dac   0x00000148   Code   RO         4740    i.AT_LoRaWAN_getAPPKEY  lorawan_atcmd.o
    0x08001ef4   0x08001ef4   0x00000138   Code   RO         4741    i.AT_LoRaWAN_getAPPSKEY  lorawan_atcmd.o
    0x0800202c   0x0800202c   0x00000078   Code   RO         4742    i.AT_LoRaWAN_getBAND  lorawan_atcmd.o
    0x080020a4   0x080020a4   0x00000078   Code   RO         4749    i.AT_LoRaWAN_getClass  lorawan_atcmd.o
    0x0800211c   0x0800211c   0x0000007c   Code   RO         4750    i.AT_LoRaWAN_getConfirm  lorawan_atcmd.o
    0x08002198   0x08002198   0x0000010c   Code   RO         4751    i.AT_LoRaWAN_getDEVADDR  lorawan_atcmd.o
    0x080022a4   0x080022a4   0x0000013c   Code   RO         4752    i.AT_LoRaWAN_getDEVEUI  lorawan_atcmd.o
    0x080023e0   0x080023e0   0x00000080   Code   RO         4753    i.AT_LoRaWAN_getDataRate  lorawan_atcmd.o
    0x08002460   0x08002460   0x00000078   Code   RO         4754    i.AT_LoRaWAN_getFREQ  lorawan_atcmd.o
    0x080024d8   0x080024d8   0x00000138   Code   RO         4755    i.AT_LoRaWAN_getNwkSKEY  lorawan_atcmd.o
    0x08002610   0x08002610   0x00000078   Code   RO         4756    i.AT_LoRaWAN_getPORT  lorawan_atcmd.o
    0x08002688   0x08002688   0x00000074   Code   RO         4758    i.AT_LoRaWAN_getRX2  lorawan_atcmd.o
    0x080026fc   0x080026fc   0x00000070   Code   RO         4760    i.AT_LoRaWAN_getVer  lorawan_atcmd.o
    0x0800276c   0x0800276c   0x0000005c   Code   RO         4761    i.AT_LoRaWAN_restFactory  lorawan_atcmd.o
    0x080027c8   0x080027c8   0x0000003c   Code   RO         4762    i.AT_LoRaWAN_saveEEPROM  lorawan_atcmd.o
    0x08002804   0x08002804   0x000000d0   Code   RO         4765    i.AT_LoRaWAN_setAPPEUI  lorawan_atcmd.o
    0x080028d4   0x080028d4   0x000000f8   Code   RO         4766    i.AT_LoRaWAN_setAPPKEY  lorawan_atcmd.o
    0x080029cc   0x080029cc   0x0000004c   Code   RO         4768    i.AT_LoRaWAN_setBAND  lorawan_atcmd.o
    0x08002a18   0x08002a18   0x00000060   Code   RO         4775    i.AT_LoRaWAN_setClass  lorawan_atcmd.o
    0x08002a78   0x08002a78   0x00000074   Code   RO         4776    i.AT_LoRaWAN_setConfirm  lorawan_atcmd.o
    0x08002aec   0x08002aec   0x0000005c   Code   RO         4784    i.AT_LoRaWAN_setJOIN  lorawan_atcmd.o
    0x08002b48   0x08002b48   0x00000040   Code   RO         4786    i.AT_LoRaWAN_setOTAA  lorawan_atcmd.o
    0x08002b88   0x08002b88   0x00000064   Code   RO         4787    i.AT_LoRaWAN_setPORT  lorawan_atcmd.o
    0x08002bec   0x08002bec   0x000001e4   Code   RO          261    i.Acc_Handler       acc.o
    0x08002dd0   0x08002dd0   0x000000c4   Code   RO          262    i.Acc_Init          acc.o
    0x08002e94   0x08002e94   0x00000114   Code   RO         1608    i.App_LpUart1Cfg    uart.o
    0x08002fa8   0x08002fa8   0x000002a4   Code   RO          764    i.App_PortCfg       gpio.o
    0x0800324c   0x0800324c   0x000000bc   Code   RO         1610    i.App_Uart1Cfg      uart.o
    0x08003308   0x08003308   0x000000dc   Code   RO         1612    i.App_Uart2Cfg      uart.o
    0x080033e4   0x080033e4   0x00000138   Code   RO         1367    i.BEEP_Init         tim.o
    0x0800351c   0x0800351c   0x0000005c   Code   RO         1368    i.BEEP_RUN          tim.o
    0x08003578   0x08003578   0x00000048   Code   RO          765    i.BUTTON1_DOUBLE_CLICK_Handler  gpio.o
    0x080035c0   0x080035c0   0x00000054   Code   RO          766    i.BUTTON1_LONG_RRESS_START_Handler  gpio.o
    0x08003614   0x08003614   0x00000080   Code   RO          767    i.BUTTON1_SINGLE_CLICK_Handler  gpio.o
    0x08003694   0x08003694   0x00000016   Code   RO         1614    i.Ble_SendCMD       uart.o
    0x080036aa   0x080036aa   0x00000002   PAD
    0x080036ac   0x080036ac   0x00000030   Code   RO         1615    i.Ble_SendData      uart.o
    0x080036dc   0x080036dc   0x00000050   Code   RO         1616    i.DebugHexInfo      uart.o
    0x0800372c   0x0800372c   0x0000018c   Code   RO          417    i.DeciceEvent_Process  communicate.o
    0x080038b8   0x080038b8   0x000000e4   Code   RO          418    i.DeviceStateProcess  communicate.o
    0x0800399c   0x0800399c   0x000000e8   Code   RO          419    i.Device_PeriodicReport  communicate.o
    0x08003a84   0x08003a84   0x00000038   Code   RO          420    i.Device_SyncData   communicate.o
    0x08003abc   0x08003abc   0x00000090   Code   RO          769    i.EXTI0_1_IRQHandler  gpio.o
    0x08003b4c   0x08003b4c   0x00000058   Code   RO          770    i.EXTI4_15_IRQHandler  gpio.o
    0x08003ba4   0x08003ba4   0x00000028   Code   RO         1370    i.EnterStopMode     tim.o
    0x08003bcc   0x08003bcc   0x00000028   Code   RO         1371    i.Enter_RTC_InitMode  tim.o
    0x08003bf4   0x08003bf4   0x00000018   Code   RO         1372    i.Exit_RTC_InitMode  tim.o
    0x08003c0c   0x08003c0c   0x00000034   Code   RO         6498    i.FLASH_PageErase   stm32l0xx_hal_flash_ex.o
    0x08003c40   0x08003c40   0x0000012c   Code   RO          659    i.FLASH_Read_Gps_Locate_Interval  flash.o
    0x08003d6c   0x08003d6c   0x000000c0   Code   RO          660    i.FLASH_Read_LoRaWAN_Port_Class  flash.o
    0x08003e2c   0x08003e2c   0x0000001a   Code   RO          661    i.FLASH_Read_NWord  flash.o
    0x08003e46   0x08003e46   0x00000002   PAD
    0x08003e48   0x08003e48   0x00000150   Code   RO          662    i.FLASH_Read_Param  flash.o
    0x08003f98   0x08003f98   0x00000038   Code   RO          664    i.FLASH_Reset_Param  flash.o
    0x08003fd0   0x08003fd0   0x000000f0   Code   RO         6393    i.FLASH_SetErrorCode  stm32l0xx_hal_flash.o
    0x080040c0   0x080040c0   0x000000a8   Code   RO         6394    i.FLASH_WaitForLastOperation  stm32l0xx_hal_flash.o
    0x08004168   0x08004168   0x000000dc   Code   RO          665    i.FLASH_Write_DevADDR_AppSKEY_NwkSKEY  flash.o
    0x08004244   0x08004244   0x000000dc   Code   RO          666    i.FLASH_Write_DevEUI_AppEUI_AppKEY  flash.o
    0x08004320   0x08004320   0x00000040   Code   RO          667    i.FLASH_Write_Gps_Locate_Interval  flash.o
    0x08004360   0x08004360   0x00000050   Code   RO          668    i.FLASH_Write_LoRaWAN_Port_Class  flash.o
    0x080043b0   0x080043b0   0x00000044   Code   RO          669    i.FLASH_Write_NWord  flash.o
    0x080043f4   0x080043f4   0x00000048   Code   RO          670    i.FLASH_Write_Report_Interval  flash.o
    0x0800443c   0x0800443c   0x00000234   Code   RO          771    i.GpioEventProcess  gpio.o
    0x08004670   0x08004670   0x00000284   Code   RO          935    i.Gps_Handler       gps.o
    0x080048f4   0x080048f4   0x00000048   Code   RO         1618    i.Gps_SendData      uart.o
    0x0800493c   0x0800493c   0x0000008c   Code   RO         6507    i.HAL_FLASHEx_Erase  stm32l0xx_hal_flash_ex.o
    0x080049c8   0x080049c8   0x00000020   Code   RO         6398    i.HAL_FLASH_Lock    stm32l0xx_hal_flash.o
    0x080049e8   0x080049e8   0x00000050   Code   RO         6403    i.HAL_FLASH_Program  stm32l0xx_hal_flash.o
    0x08004a38   0x08004a38   0x0000008c   Code   RO         6405    i.HAL_FLASH_Unlock  stm32l0xx_hal_flash.o
    0x08004ac4   0x08004ac4   0x0000001c   Code   RO          577    i.HardFault_Handler  control_center.o
    0x08004ae0   0x08004ae0   0x00000108   Code   RO         1034    i.I2C1_Init         iic.o
    0x08004be8   0x08004be8   0x000000a0   Code   RO         1035    i.I2C1_MasterRead   iic.o
    0x08004c88   0x08004c88   0x00000098   Code   RO         1036    i.I2C1_MasterWrite  iic.o
    0x08004d20   0x08004d20   0x00000034   Code   RO         1037    i.I2C1_ReadMultipleData  iic.o
    0x08004d54   0x08004d54   0x00000040   Code   RO         1038    i.I2C1_WriteMemAddr  iic.o
    0x08004d94   0x08004d94   0x0000002c   Code   RO         1039    i.I2C1_WriteMultipleData  iic.o
    0x08004dc0   0x08004dc0   0x00000048   Code   RO         1619    i.INFO              uart.o
    0x08004e08   0x08004e08   0x0000008c   Code   RO         1620    i.IOSendData        uart.o
    0x08004e94   0x08004e94   0x0000001c   Code   RO         1373    i.LL_APB1_GRP1_EnableClock  tim.o
    0x08004eb0   0x08004eb0   0x0000001c   Code   RO         1624    i.LL_APB1_GRP1_EnableClock  uart.o
    0x08004ecc   0x08004ecc   0x00000010   Code   RO         6110    i.LL_APB1_GRP1_ForceReset  stm32l0xx_ll_tim.o
    0x08004edc   0x08004edc   0x00000010   Code   RO         6111    i.LL_APB1_GRP1_ReleaseReset  stm32l0xx_ll_tim.o
    0x08004eec   0x08004eec   0x0000001c   Code   RO         1625    i.LL_APB2_GRP1_EnableClock  uart.o
    0x08004f08   0x08004f08   0x00000010   Code   RO         6112    i.LL_APB2_GRP1_ForceReset  stm32l0xx_ll_tim.o
    0x08004f18   0x08004f18   0x00000010   Code   RO         6113    i.LL_APB2_GRP1_ReleaseReset  stm32l0xx_ll_tim.o
    0x08004f28   0x08004f28   0x0000000c   Code   RO          772    i.LL_EXTI_ClearFlag_0_31  gpio.o
    0x08004f34   0x08004f34   0x00000010   Code   RO         5591    i.LL_EXTI_DisableEvent_0_31  stm32l0xx_ll_exti.o
    0x08004f44   0x08004f44   0x00000010   Code   RO          578    i.LL_EXTI_DisableIT_0_31  control_center.o
    0x08004f54   0x08004f54   0x00000010   Code   RO         5592    i.LL_EXTI_DisableIT_0_31  stm32l0xx_ll_exti.o
    0x08004f64   0x08004f64   0x00000010   Code   RO         5593    i.LL_EXTI_EnableEvent_0_31  stm32l0xx_ll_exti.o
    0x08004f74   0x08004f74   0x00000010   Code   RO         5594    i.LL_EXTI_EnableFallingTrig_0_31  stm32l0xx_ll_exti.o
    0x08004f84   0x08004f84   0x00000010   Code   RO          579    i.LL_EXTI_EnableIT_0_31  control_center.o
    0x08004f94   0x08004f94   0x00000010   Code   RO         5595    i.LL_EXTI_EnableIT_0_31  stm32l0xx_ll_exti.o
    0x08004fa4   0x08004fa4   0x00000010   Code   RO         5596    i.LL_EXTI_EnableRisingTrig_0_31  stm32l0xx_ll_exti.o
    0x08004fb4   0x08004fb4   0x000000bc   Code   RO         5597    i.LL_EXTI_Init      stm32l0xx_ll_exti.o
    0x08005070   0x08005070   0x00000018   Code   RO          773    i.LL_EXTI_IsActiveFlag_0_31  gpio.o
    0x08005088   0x08005088   0x00000084   Code   RO         5655    i.LL_GPIO_DeInit    stm32l0xx_ll_gpio.o
    0x0800510c   0x0800510c   0x000000f0   Code   RO         5656    i.LL_GPIO_Init      stm32l0xx_ll_gpio.o
    0x080051fc   0x080051fc   0x00000008   Code   RO          774    i.LL_GPIO_ReadInputPin  gpio.o
    0x08005204   0x08005204   0x00000008   Code   RO          775    i.LL_GPIO_ReadOutputPin  gpio.o
    0x0800520c   0x0800520c   0x00000004   Code   RO          580    i.LL_GPIO_ResetOutputPin  control_center.o
    0x08005210   0x08005210   0x00000004   Code   RO          776    i.LL_GPIO_ResetOutputPin  gpio.o
    0x08005214   0x08005214   0x00000004   Code   RO          777    i.LL_GPIO_SetOutputPin  gpio.o
    0x08005218   0x08005218   0x00000004   Code   RO          936    i.LL_GPIO_SetOutputPin  gps.o
    0x0800521c   0x0800521c   0x0000001a   Code   RO          778    i.LL_GPIO_SetPinMode  gpio.o
    0x08005236   0x08005236   0x0000001a   Code   RO          779    i.LL_GPIO_SetPinPull  gpio.o
    0x08005250   0x08005250   0x0000000c   Code   RO          780    i.LL_GPIO_WriteOutputPin  gpio.o
    0x0800525c   0x0800525c   0x0000000a   Code   RO         1050    i.LL_I2C_ClearFlag_STOP  iic.o
    0x08005266   0x08005266   0x0000000a   Code   RO         1051    i.LL_I2C_Enable     iic.o
    0x08005270   0x08005270   0x00000044   Code   RO         1052    i.LL_I2C_HandleTransfer  iic.o
    0x080052b4   0x080052b4   0x00000092   Code   RO         6807    i.LL_I2C_Init       stm32l0xx_ll_i2c.o
    0x08005346   0x08005346   0x0000000e   Code   RO         1053    i.LL_I2C_IsActiveFlag_BUSY  iic.o
    0x08005354   0x08005354   0x0000000c   Code   RO         1054    i.LL_I2C_IsActiveFlag_STOP  iic.o
    0x08005360   0x08005360   0x0000000c   Code   RO         1055    i.LL_I2C_IsActiveFlag_TXIS  iic.o
    0x0800536c   0x0800536c   0x00000010   Code   RO         1056    i.LL_I2C_IsEnabled  iic.o
    0x0800537c   0x0800537c   0x00000004   Code   RO         1057    i.LL_I2C_TransmitData8  iic.o
    0x08005380   0x08005380   0x0000001c   Code   RO          781    i.LL_IOP_GRP1_EnableClock  gpio.o
    0x0800539c   0x0800539c   0x0000001c   Code   RO         1058    i.LL_IOP_GRP1_EnableClock  iic.o
    0x080053b8   0x080053b8   0x0000001c   Code   RO         1627    i.LL_IOP_GRP1_EnableClock  uart.o
    0x080053d4   0x080053d4   0x00000010   Code   RO         5658    i.LL_IOP_GRP1_ForceReset  stm32l0xx_ll_gpio.o
    0x080053e4   0x080053e4   0x00000010   Code   RO         5659    i.LL_IOP_GRP1_ReleaseReset  stm32l0xx_ll_gpio.o
    0x080053f4   0x080053f4   0x00000028   Code   RO         6294    i.LL_Init1msTick    stm32l0xx_ll_utils.o
    0x0800541c   0x0800541c   0x00000014   Code   RO         1374    i.LL_LPM_EnableDeepSleep  tim.o
    0x08005430   0x08005430   0x00000024   Code   RO         1628    i.LL_LPUART_EnableIT_RXNE  uart.o
    0x08005454   0x08005454   0x000000a4   Code   RO         5756    i.LL_LPUART_Init    stm32l0xx_ll_lpuart.o
    0x080054f8   0x080054f8   0x00000014   Code   RO         1376    i.LL_PWR_EnableUltraLowPower  tim.o
    0x0800550c   0x0800550c   0x00000014   Code   RO         1377    i.LL_PWR_SetPowerMode  tim.o
    0x08005520   0x08005520   0x0000007c   Code   RO         5815    i.LL_RCC_GetLPUARTClockFreq  stm32l0xx_ll_rcc.o
    0x0800559c   0x0800559c   0x000000dc   Code   RO         5817    i.LL_RCC_GetUSARTClockFreq  stm32l0xx_ll_rcc.o
    0x08005678   0x08005678   0x00000014   Code   RO         5818    i.LL_RCC_GetUSARTClockSource  stm32l0xx_ll_rcc.o
    0x0800568c   0x0800568c   0x00000010   Code   RO         5819    i.LL_RCC_HSI_IsReady  stm32l0xx_ll_rcc.o
    0x0800569c   0x0800569c   0x00000010   Code   RO         5820    i.LL_RCC_IsActiveFlag_HSIDIV  stm32l0xx_ll_rcc.o
    0x080056ac   0x080056ac   0x00000014   Code   RO         5821    i.LL_RCC_LSE_IsReady  stm32l0xx_ll_rcc.o
    0x080056c0   0x080056c0   0x00000010   Code   RO         5822    i.LL_RCC_MSI_GetRange  stm32l0xx_ll_rcc.o
    0x080056d0   0x080056d0   0x00000018   Code   RO         1239    i.LL_RCC_SetUSARTClockSource  systick.o
    0x080056e8   0x080056e8   0x00000040   Code   RO         5932    i.LL_RTC_ALMA_ConfigTime  stm32l0xx_ll_rtc.o
    0x08005728   0x08005728   0x0000000c   Code   RO         1378    i.LL_RTC_ALMA_Disable  tim.o
    0x08005734   0x08005734   0x00000140   Code   RO         5933    i.LL_RTC_ALMA_Init  stm32l0xx_ll_rtc.o
    0x08005874   0x08005874   0x0000001c   Code   RO         5934    i.LL_RTC_ALMA_SetDay  stm32l0xx_ll_rtc.o
    0x08005890   0x08005890   0x00000014   Code   RO         1379    i.LL_RTC_ClearFlag_ALRA  tim.o
    0x080058a4   0x080058a4   0x00000044   Code   RO         5940    i.LL_RTC_DATE_Config  stm32l0xx_ll_rtc.o
    0x080058e8   0x080058e8   0x00000018   Code   RO         1380    i.LL_RTC_DATE_GetDay  tim.o
    0x08005900   0x08005900   0x00000022   Code   RO         1381    i.LL_RTC_DATE_GetMonth  tim.o
    0x08005922   0x08005922   0x0000000e   Code   RO         1382    i.LL_RTC_DATE_GetWeekDay  tim.o
    0x08005930   0x08005930   0x00000022   Code   RO         1383    i.LL_RTC_DATE_GetYear  tim.o
    0x08005952   0x08005952   0x000000d0   Code   RO         5941    i.LL_RTC_DATE_Init  stm32l0xx_ll_rtc.o
    0x08005a22   0x08005a22   0x00000002   PAD
    0x08005a24   0x08005a24   0x00000060   Code   RO         5943    i.LL_RTC_DeInit     stm32l0xx_ll_rtc.o
    0x08005a84   0x08005a84   0x00000008   Code   RO         5944    i.LL_RTC_DisableInitMode  stm32l0xx_ll_rtc.o
    0x08005a8c   0x08005a8c   0x0000000a   Code   RO         1384    i.LL_RTC_DisableWriteProtection  tim.o
    0x08005a96   0x08005a96   0x0000000a   Code   RO         5945    i.LL_RTC_DisableWriteProtection  stm32l0xx_ll_rtc.o
    0x08005aa0   0x08005aa0   0x00000006   Code   RO         1385    i.LL_RTC_EnableWriteProtection  tim.o
    0x08005aa6   0x08005aa6   0x00000006   Code   RO         5946    i.LL_RTC_EnableWriteProtection  stm32l0xx_ll_rtc.o
    0x08005aac   0x08005aac   0x00000054   Code   RO         5947    i.LL_RTC_EnterInitMode  stm32l0xx_ll_rtc.o
    0x08005b00   0x08005b00   0x0000000a   Code   RO         5949    i.LL_RTC_GetHourFormat  stm32l0xx_ll_rtc.o
    0x08005b0a   0x08005b0a   0x0000000c   Code   RO         5951    i.LL_RTC_IsActiveFlag_INIT  stm32l0xx_ll_rtc.o
    0x08005b16   0x08005b16   0x0000000c   Code   RO         5952    i.LL_RTC_IsActiveFlag_RS  stm32l0xx_ll_rtc.o
    0x08005b22   0x08005b22   0x0000000c   Code   RO         5953    i.LL_RTC_IsShadowRegBypassEnabled  stm32l0xx_ll_rtc.o
    0x08005b2e   0x08005b2e   0x00000002   PAD
    0x08005b30   0x08005b30   0x00000040   Code   RO         5955    i.LL_RTC_TIME_Config  stm32l0xx_ll_rtc.o
    0x08005b70   0x08005b70   0x000000dc   Code   RO         5956    i.LL_RTC_TIME_Init  stm32l0xx_ll_rtc.o
    0x08005c4c   0x08005c4c   0x00000090   Code   RO         5958    i.LL_RTC_WaitForSynchro  stm32l0xx_ll_rtc.o
    0x08005cdc   0x08005cdc   0x00000028   Code   RO          782    i.LL_SYSCFG_SetEXTISource  gpio.o
    0x08005d04   0x08005d04   0x00000014   Code   RO         5959    i.LL_SYSTICK_IsActiveCounterFlag  stm32l0xx_ll_rtc.o
    0x08005d18   0x08005d18   0x0000000c   Code   RO         6303    i.LL_SetSystemCoreClock  stm32l0xx_ll_utils.o
    0x08005d24   0x08005d24   0x0000006c   Code   RO         6114    i.LL_TIM_DeInit     stm32l0xx_ll_tim.o
    0x08005d90   0x08005d90   0x0000000a   Code   RO         1389    i.LL_TIM_DisableMasterSlaveMode  tim.o
    0x08005d9a   0x08005d9a   0x0000000a   Code   RO         1390    i.LL_TIM_EnableARRPreload  tim.o
    0x08005da4   0x08005da4   0x0000000a   Code   RO         1391    i.LL_TIM_EnableCounter  tim.o
    0x08005dae   0x08005dae   0x00000002   PAD
    0x08005db0   0x08005db0   0x00000070   Code   RO         6119    i.LL_TIM_Init       stm32l0xx_ll_tim.o
    0x08005e20   0x08005e20   0x0000005c   Code   RO         6120    i.LL_TIM_OC_Init    stm32l0xx_ll_tim.o
    0x08005e7c   0x08005e7c   0x0000000c   Code   RO         1392    i.LL_TIM_SetTriggerOutput  tim.o
    0x08005e88   0x08005e88   0x00000006   Code   RO         1629    i.LL_USART_ClearFlag_PE  uart.o
    0x08005e8e   0x08005e8e   0x00000014   Code   RO         1630    i.LL_USART_ConfigAsyncMode  uart.o
    0x08005ea2   0x08005ea2   0x0000000a   Code   RO         1631    i.LL_USART_Enable   uart.o
    0x08005eac   0x08005eac   0x00000026   Code   RO         1632    i.LL_USART_EnableIT_PE  uart.o
    0x08005ed2   0x08005ed2   0x00000024   Code   RO         1633    i.LL_USART_EnableIT_RXNE  uart.o
    0x08005ef6   0x08005ef6   0x00000002   PAD
    0x08005ef8   0x08005ef8   0x000000e4   Code   RO         6245    i.LL_USART_Init     stm32l0xx_ll_usart.o
    0x08005fdc   0x08005fdc   0x00000010   Code   RO         1634    i.LL_USART_IsActiveFlag_PE  uart.o
    0x08005fec   0x08005fec   0x0000000c   Code   RO         1635    i.LL_USART_IsActiveFlag_RXNE  uart.o
    0x08005ff8   0x08005ff8   0x0000000c   Code   RO         1636    i.LL_USART_IsActiveFlag_TC  uart.o
    0x08006004   0x08006004   0x00000010   Code   RO         6246    i.LL_USART_IsEnabled  stm32l0xx_ll_usart.o
    0x08006014   0x08006014   0x00000004   Code   RO         1637    i.LL_USART_TransmitData8  uart.o
    0x08006018   0x08006018   0x0000009c   Code   RO         1638    i.LPUART1_IRQHandler  uart.o
    0x080060b4   0x080060b4   0x000000d4   Code   RO          581    i.Led_Blink_Process  control_center.o
    0x08006188   0x08006188   0x000003a8   Code   RO         5130    i.LoRaWAN_Init      lorawan_apply.o
    0x08006530   0x08006530   0x00000464   Code   RO         5131    i.LoRaWAN_JoinInit  lorawan_apply.o
    0x08006994   0x08006994   0x0000000c   Code   RO         5132    i.LoRa_DelayMs      lorawan_apply.o
    0x080069a0   0x080069a0   0x00000016   Code   RO         1639    i.LoRa_SendCMD      uart.o
    0x080069b6   0x080069b6   0x00000002   PAD
    0x080069b8   0x080069b8   0x0000003c   Code   RO         1640    i.LoRa_SendData     uart.o
    0x080069f4   0x080069f4   0x0000008c   Code   RO         5133    i.MDK_MONTH         lorawan_apply.o
    0x08006a80   0x08006a80   0x00000004   Code   RO         2029    i.NMI_Handler       stm32l0xx_it.o
    0x08006a84   0x08006a84   0x00000048   Code   RO         6123    i.OC1Config         stm32l0xx_ll_tim.o
    0x08006acc   0x08006acc   0x00000058   Code   RO         6124    i.OC2Config         stm32l0xx_ll_tim.o
    0x08006b24   0x08006b24   0x00000054   Code   RO         6125    i.OC3Config         stm32l0xx_ll_tim.o
    0x08006b78   0x08006b78   0x0000005e   Code   RO         6126    i.OC4Config         stm32l0xx_ll_tim.o
    0x08006bd6   0x08006bd6   0x00000002   Code   RO         2030    i.PendSV_Handler    stm32l0xx_it.o
    0x08006bd8   0x08006bd8   0x00000024   Code   RO         5823    i.RCC_GetHCLKClockFreq  stm32l0xx_ll_rcc.o
    0x08006bfc   0x08006bfc   0x00000024   Code   RO         5824    i.RCC_GetPCLK1ClockFreq  stm32l0xx_ll_rcc.o
    0x08006c20   0x08006c20   0x00000024   Code   RO         5825    i.RCC_GetPCLK2ClockFreq  stm32l0xx_ll_rcc.o
    0x08006c44   0x08006c44   0x00000070   Code   RO         5826    i.RCC_GetSystemClockFreq  stm32l0xx_ll_rcc.o
    0x08006cb4   0x08006cb4   0x0000006c   Code   RO         5827    i.RCC_PLL_GetFreqDomain_SYS  stm32l0xx_ll_rcc.o
    0x08006d20   0x08006d20   0x00000140   Code   RO         1393    i.RTC_AlarmInit     tim.o
    0x08006e60   0x08006e60   0x00000068   Code   RO         1394    i.RTC_IRQHandler    tim.o
    0x08006ec8   0x08006ec8   0x00000160   Code   RO         1395    i.RTC_Init          tim.o
    0x08007028   0x08007028   0x00000002   Code   RO         2031    i.SVC_Handler       stm32l0xx_it.o
    0x0800702a   0x0800702a   0x00000002   Code   RO         1240    i.SysTick_Handler   systick.o
    0x0800702c   0x0800702c   0x00000198   Code   RO         1241    i.SystemClock_Config  systick.o
    0x080071c4   0x080071c4   0x00000002   Code   RO         2067    i.SystemInit        system_stm32l0xx.o
    0x080071c6   0x080071c6   0x00000002   PAD
    0x080071c8   0x080071c8   0x00000264   Code   RO         1242    i.SystemTimer       systick.o
    0x0800742c   0x0800742c   0x0000014c   Code   RO         1243    i.Systick_1ms_Handler  systick.o
    0x08007578   0x08007578   0x00000054   Code   RO         1244    i.Systick_Init      systick.o
    0x080075cc   0x080075cc   0x00000030   Code   RO         1641    i.TIM21_IRQHandler  uart.o
    0x080075fc   0x080075fc   0x0000002c   Code   RO         1396    i.TIM6_IRQHandler   tim.o
    0x08007628   0x08007628   0x00000078   Code   RO         1397    i.TIM6_Init         tim.o
    0x080076a0   0x080076a0   0x00000054   Code   RO         1642    i.USART1_IRQHandler  uart.o
    0x080076f4   0x080076f4   0x00000078   Code   RO         1643    i.USART2_IRQHandler  uart.o
    0x0800776c   0x0800776c   0x00000030   Code   RO         1398    i.WaitForSynchro_RTC  tim.o
    0x0800779c   0x0800779c   0x00000038   Code   RO         7696    i.__0snprintf       mc_p.l(printfa.o)
    0x080077d4   0x080077d4   0x00000028   Code   RO         7697    i.__0sprintf        mc_p.l(printfa.o)
    0x080077fc   0x080077fc   0x00000030   Code   RO         7700    i.__0vsnprintf      mc_p.l(printfa.o)
    0x0800782c   0x0800782c   0x0000002e   Code   RO         7870    i.__ARM_clz         mf_p.l(depilogue.o)
    0x0800785a   0x0800785a   0x00000030   Code   RO         5782    i.__ARM_common_ll_muluu  stm32l0xx_ll_lpuart.o
    0x0800788a   0x0800788a   0x0000001c   Code   RO          522    i.__ARM_common_switch8  communicate.o
    0x080078a6   0x080078a6   0x00000002   PAD
    0x080078a8   0x080078a8   0x0000001c   Code   RO          937    i.__ARM_isfinite    gps.o
    0x080078c4   0x080078c4   0x00000018   Code   RO          783    i.__NVIC_EnableIRQ  gpio.o
    0x080078dc   0x080078dc   0x00000018   Code   RO         1399    i.__NVIC_EnableIRQ  tim.o
    0x080078f4   0x080078f4   0x00000018   Code   RO         1644    i.__NVIC_EnableIRQ  uart.o
    0x0800790c   0x0800790c   0x00000078   Code   RO          784    i.__NVIC_SetPriority  gpio.o
    0x08007984   0x08007984   0x00000078   Code   RO         1245    i.__NVIC_SetPriority  systick.o
    0x080079fc   0x080079fc   0x00000078   Code   RO         1400    i.__NVIC_SetPriority  tim.o
    0x08007a74   0x08007a74   0x00000078   Code   RO         1645    i.__NVIC_SetPriority  uart.o
    0x08007aec   0x08007aec   0x00000008   Code   RO         7840    i.__aeabi_errno_addr  mc_p.l(errno.o)
    0x08007af4   0x08007af4   0x00000064   Code   RO         7727    i.__free$realloc    mc_p.l(mallocr.o)
    0x08007b58   0x08007b58   0x00000006   Code   RO         1646    i.__get_PRIMASK     uart.o
    0x08007b5e   0x08007b5e   0x00000002   PAD
    0x08007b60   0x08007b60   0x00000048   Code   RO         7728    i.__malloc$realloc  mc_p.l(mallocr.o)
    0x08007ba8   0x08007ba8   0x0000000c   Code   RO         7841    i.__read_errno      mc_p.l(errno.o)
    0x08007bb4   0x08007bb4   0x0000000e   Code   RO         7901    i.__scatterload_copy  mc_p.l(handlers.o)
    0x08007bc2   0x08007bc2   0x00000002   Code   RO         7902    i.__scatterload_null  mc_p.l(handlers.o)
    0x08007bc4   0x08007bc4   0x0000000e   Code   RO         7903    i.__scatterload_zeroinit  mc_p.l(handlers.o)
    0x08007bd2   0x08007bd2   0x00000006   Code   RO         1647    i.__set_PRIMASK     uart.o
    0x08007bd8   0x08007bd8   0x0000000c   Code   RO         7842    i.__set_errno       mc_p.l(errno.o)
    0x08007be4   0x08007be4   0x00000174   Code   RO         7702    i._fp_digits        mc_p.l(printfa.o)
    0x08007d58   0x08007d58   0x0000000e   Code   RO         7855    i._is_digit         mc_p.l(scanf_fp.o)
    0x08007d66   0x08007d66   0x00000002   PAD
    0x08007d68   0x08007d68   0x000006f0   Code   RO         7703    i._printf_core      mc_p.l(printfa.o)
    0x08008458   0x08008458   0x00000020   Code   RO         7704    i._printf_post_padding  mc_p.l(printfa.o)
    0x08008478   0x08008478   0x0000002c   Code   RO         7705    i._printf_pre_padding  mc_p.l(printfa.o)
    0x080084a4   0x080084a4   0x00000016   Code   RO         7706    i._snputc           mc_p.l(printfa.o)
    0x080084ba   0x080084ba   0x0000000a   Code   RO         7707    i._sputc            mc_p.l(printfa.o)
    0x080084c4   0x080084c4   0x0000003e   Code   RO         3851    i.add_item_to_array  cjson.o
    0x08008502   0x08008502   0x00000084   Code   RO         3852    i.add_item_to_object  cjson.o
    0x08008586   0x08008586   0x0000002a   Code   RO         7348    i.atof              m_ps.l(atof.o)
    0x080085b0   0x080085b0   0x0000000c   Code   RO         3801    i.button_attach     multi_button.o
    0x080085bc   0x080085bc   0x0000025a   Code   RO         3802    i.button_handler    multi_button.o
    0x08008816   0x08008816   0x00000042   Code   RO         3803    i.button_init       multi_button.o
    0x08008858   0x08008858   0x0000000a   Code   RO          785    i.button_read_pin_status  gpio.o
    0x08008862   0x08008862   0x00000002   PAD
    0x08008864   0x08008864   0x0000002c   Code   RO         3804    i.button_start      multi_button.o
    0x08008890   0x08008890   0x0000001c   Code   RO         3806    i.button_ticks      multi_button.o
    0x080088ac   0x080088ac   0x0000003c   Code   RO         3863    i.cJSON_AddNumberToObject  cjson.o
    0x080088e8   0x080088e8   0x00000038   Code   RO         3866    i.cJSON_AddStringToObject  cjson.o
    0x08008920   0x08008920   0x00000068   Code   RO         3877    i.cJSON_CreateNumber  cjson.o
    0x08008988   0x08008988   0x0000001c   Code   RO         3878    i.cJSON_CreateObject  cjson.o
    0x080089a4   0x080089a4   0x00000038   Code   RO         3881    i.cJSON_CreateString  cjson.o
    0x080089dc   0x080089dc   0x0000006c   Code   RO         3885    i.cJSON_Delete      cjson.o
    0x08008a48   0x08008a48   0x0000001e   Code   RO         3915    i.cJSON_New_Item    cjson.o
    0x08008a66   0x08008a66   0x00000002   PAD
    0x08008a68   0x08008a68   0x00000014   Code   RO         3923    i.cJSON_PrintUnformatted  cjson.o
    0x08008a7c   0x08008a7c   0x00000014   Code   RO         3931    i.cJSON_free        cjson.o
    0x08008a90   0x08008a90   0x00000034   Code   RO         3933    i.cJSON_strdup      cjson.o
    0x08008ac4   0x08008ac4   0x00000002   Code   RO         3935    i.cast_away_const   cjson.o
    0x08008ac6   0x08008ac6   0x00000002   PAD
    0x08008ac8   0x08008ac8   0x00000020   Code   RO          421    i.checkDataSyncHead  communicate.o
    0x08008ae8   0x08008ae8   0x000000ee   Code   RO         4794    i.cmd_get_hexstr2hex  lorawan_atcmd.o
    0x08008bd6   0x08008bd6   0x0000005c   Code   RO         4795    i.cmd_split         lorawan_atcmd.o
    0x08008c32   0x08008c32   0x0000006a   Code   RO         4796    i.cmd_string_to_hex  lorawan_atcmd.o
    0x08008c9c   0x08008c9c   0x00000084   Code   RO         3936    i.compare_double    cjson.o
    0x08008d20   0x08008d20   0x00000158   Code   RO          271    i.detect_step       acc.o
    0x08008e78   0x08008e78   0x00000124   Code   RO          938    i.do_lat_lon        gps.o
    0x08008f9c   0x08008f9c   0x000000c8   Code   RO         3938    i.ensure            cjson.o
    0x08009064   0x08009064   0x00000002   Code   RO          582    i.factoryTestMode   control_center.o
    0x08009066   0x08009066   0x00000068   Code   RO          272    i.filter_calculate  acc.o
    0x080090ce   0x080090ce   0x00000002   PAD
    0x080090d0   0x080090d0   0x00000218   Code   RO          423    i.fromBleDataHandle  communicate.o
    0x080092e8   0x080092e8   0x00000090   Code   RO          939    i.fromGpsDataHandle  gps.o
    0x08009378   0x08009378   0x00001224   Code   RO          424    i.fromInfoDataHandle  communicate.o
    0x0800a59c   0x0800a59c   0x00000650   Code   RO          425    i.fromLoRaWANDataHandle  communicate.o
    0x0800abec   0x0800abec   0x00000094   Code   RO          426    i.fromUartDataHandle  communicate.o
    0x0800ac80   0x0800ac80   0x00000018   Code   RO          786    i.getButtonPressState  gpio.o
    0x0800ac98   0x0800ac98   0x0000001c   Code   RO         5134    i.getLoRaWANBusyIOLevel  lorawan_apply.o
    0x0800acb4   0x0800acb4   0x00000026   Code   RO         5135    i.getLoRaWANBusyStat  lorawan_apply.o
    0x0800acda   0x0800acda   0x00000002   PAD
    0x0800acdc   0x0800acdc   0x0000001c   Code   RO         5136    i.getLoRaWANMode    lorawan_apply.o
    0x0800acf8   0x0800acf8   0x0000002e   Code   RO         5137    i.getLoRaWANSendStat  lorawan_apply.o
    0x0800ad26   0x0800ad26   0x0000001a   Code   RO         5138    i.getLoRaWANStatIOLevel  lorawan_apply.o
    0x0800ad40   0x0800ad40   0x0000001a   Code   RO         5139    i.getLoRaWANStatus  lorawan_apply.o
    0x0800ad5a   0x0800ad5a   0x00000018   Code   RO          787    i.getTamperState    gpio.o
    0x0800ad72   0x0800ad72   0x00000002   PAD
    0x0800ad74   0x0800ad74   0x00000060   Code   RO         1402    i.getTimestamp      tim.o
    0x0800add4   0x0800add4   0x00000004   Code   RO         3940    i.get_decimal_point  cjson.o
    0x0800add8   0x0800add8   0x00000020   Code   RO         1247    i.get_syspant_ms    systick.o
    0x0800adf8   0x0800adf8   0x0000001e   Code   RO         1063    i.i2c_slave_read    iic.o
    0x0800ae16   0x0800ae16   0x0000001e   Code   RO         1064    i.i2c_slave_write   iic.o
    0x0800ae34   0x0800ae34   0x00000050   Code   RO         7729    i.internal_alloc    mc_p.l(mallocr.o)
    0x0800ae84   0x0800ae84   0x000000b6   Code   RO          273    i.is_most_active    acc.o
    0x0800af3a   0x0800af3a   0x000000a6   Code   RO         2214    i.lis3dh_config_hpf  lis3dh.o
    0x0800afe0   0x0800afe0   0x00000046   Code   RO         2216    i.lis3dh_enable_adc  lis3dh.o
    0x0800b026   0x0800b026   0x00000034   Code   RO         2221    i.lis3dh_get_hpf_ref  lis3dh.o
    0x0800b05a   0x0800b05a   0x00000048   Code   RO         2227    i.lis3dh_get_raw_data  lis3dh.o
    0x0800b0a2   0x0800b0a2   0x0000003c   Code   RO         2229    i.lis3dh_i2c_read   lis3dh.o
    0x0800b0de   0x0800b0de   0x0000003c   Code   RO         2230    i.lis3dh_i2c_write  lis3dh.o
    0x0800b11a   0x0800b11a   0x000000aa   Code   RO         2231    i.lis3dh_init_sensor  lis3dh.o
    0x0800b1c4   0x0800b1c4   0x00000036   Code   RO         2232    i.lis3dh_is_available  lis3dh.o
    0x0800b1fa   0x0800b1fa   0x00000050   Code   RO         2233    i.lis3dh_new_data   lis3dh.o
    0x0800b24a   0x0800b24a   0x00000024   Code   RO         2234    i.lis3dh_reg_read   lis3dh.o
    0x0800b26e   0x0800b26e   0x00000024   Code   RO         2235    i.lis3dh_reg_write  lis3dh.o
    0x0800b292   0x0800b292   0x00000076   Code   RO         2236    i.lis3dh_reset      lis3dh.o
    0x0800b308   0x0800b308   0x000000fc   Code   RO         2241    i.lis3dh_set_mode   lis3dh.o
    0x0800b404   0x0800b404   0x0000004c   Code   RO         2242    i.lis3dh_set_scale  lis3dh.o
    0x0800b450   0x0800b450   0x00000060   Code   RO         1403    i.lpmSleepTimeInit  tim.o
    0x0800b4b0   0x0800b4b0   0x00000024   Code   RO          427    i.lwrbDataInit      communicate.o
    0x0800b4d4   0x0800b4d4   0x00000060   Code   RO         2106    i.lwrb_get_free     lwrb.o
    0x0800b534   0x0800b534   0x00000060   Code   RO         2107    i.lwrb_get_full     lwrb.o
    0x0800b594   0x0800b594   0x00000034   Code   RO         2112    i.lwrb_init         lwrb.o
    0x0800b5c8   0x0800b5c8   0x000000c0   Code   RO         2115    i.lwrb_read         lwrb.o
    0x0800b688   0x0800b688   0x00000044   Code   RO         2116    i.lwrb_reset        lwrb.o
    0x0800b6cc   0x0800b6cc   0x00000028   Code   RO         2117    i.lwrb_set_evt_fn   lwrb.o
    0x0800b6f4   0x0800b6f4   0x000000c0   Code   RO         2119    i.lwrb_write        lwrb.o
    0x0800b7b4   0x0800b7b4   0x00000018   Code   RO         1248    i.mDelay            systick.o
    0x0800b7cc   0x0800b7cc   0x000000dc   Code   RO            4    i.main              main.o
    0x0800b8a8   0x0800b8a8   0x00000090   Code   RO         7356    i.modf              m_ps.l(modf.o)
    0x0800b938   0x0800b938   0x000000cc   Code   RO          428    i.my_buff_evt_fn    communicate.o
    0x0800ba04   0x0800ba04   0x00000048   Code   RO          942    i.nmea_add_checksum  gps.o
    0x0800ba4c   0x0800ba4c   0x00000060   Code   RO          943    i.nmea_write        gps.o
    0x0800baac   0x0800baac   0x000000bc   Code   RO          276    i.peak_update       acc.o
    0x0800bb68   0x0800bb68   0x00000028   Code   RO          277    i.peak_value_init   acc.o
    0x0800bb90   0x0800bb90   0x000000c2   Code   RO         3949    i.print             cjson.o
    0x0800bc52   0x0800bc52   0x000000b6   Code   RO         3950    i.print_array       cjson.o
    0x0800bd08   0x0800bd08   0x00000164   Code   RO         3951    i.print_number      cjson.o
    0x0800be6c   0x0800be6c   0x0000018c   Code   RO         3952    i.print_object      cjson.o
    0x0800bff8   0x0800bff8   0x00000010   Code   RO         3953    i.print_string      cjson.o
    0x0800c008   0x0800c008   0x00000180   Code   RO         3954    i.print_string_ptr  cjson.o
    0x0800c188   0x0800c188   0x00000104   Code   RO         3955    i.print_value       cjson.o
    0x0800c28c   0x0800c28c   0x00000150   Code   RO          944    i.processRMC        gps.o
    0x0800c3dc   0x0800c3dc   0x00000074   Code   RO         7730    i.realloc           mc_p.l(mallocr.o)
    0x0800c450   0x0800c450   0x0000003c   Code   RO         5140    i.rstLoRaWANModule  lorawan_apply.o
    0x0800c48c   0x0800c48c   0x00000264   Code   RO          430    i.sendLoRaWANData   communicate.o
    0x0800c6f0   0x0800c6f0   0x00000230   Code   RO          431    i.setDataPackage    communicate.o
    0x0800c920   0x0800c920   0x0000001c   Code   RO         5141    i.setLoRaWANMode    lorawan_apply.o
    0x0800c93c   0x0800c93c   0x0000001a   Code   RO         5143    i.setLoRaWANStatus  lorawan_apply.o
    0x0800c956   0x0800c956   0x00000002   PAD
    0x0800c958   0x0800c958   0x00000034   Code   RO          945    i.set_gps_galaxy    gps.o
    0x0800c98c   0x0800c98c   0x000000d8   Code   RO          279    i.slid_update       acc.o
    0x0800ca64   0x0800ca64   0x00000006   Code   RO         3960    i.suffix_object     cjson.o
    0x0800ca6a   0x0800ca6a   0x00000002   PAD
    0x0800ca6c   0x0800ca6c   0x0000015c   Code   RO         1404    i.sysTimeSwitchToRtcTime  tim.o
    0x0800cbc8   0x0800cbc8   0x0000031c   Code   RO          584    i.systemLowPowerMode_Config  control_center.o
    0x0800cee4   0x0800cee4   0x00000038   Code   RO         1251    i.systemTime_Init   systick.o
    0x0800cf1c   0x0800cf1c   0x00000028   Code   RO         3961    i.update_offset     cjson.o
    0x0800cf44   0x0800cf44   0x00000070   Code   RO         1252    i.whatday           systick.o
    0x0800cfb4   0x0800cfb4   0x00000026   Data   RO          433    .constdata          communicate.o
    0x0800cfda   0x0800cfda   0x00000002   PAD
    0x0800cfdc   0x0800cfdc   0x00000054   Data   RO         1254    .constdata          systick.o
    0x0800d030   0x0800d030   0x00000023   Data   RO         1405    .constdata          tim.o
    0x0800d053   0x0800d053   0x00000021   Data   RO         2068    .constdata          system_stm32l0xx.o
    0x0800d074   0x0800d074   0x00000081   Data   RO         7373    .constdata          mc_p.l(ctype_o.o)
    0x0800d0f5   0x0800d0f5   0x00000003   PAD
    0x0800d0f8   0x0800d0f8   0x00000004   Data   RO         7374    .constdata          mc_p.l(ctype_o.o)
    0x0800d0fc   0x0800d0fc   0x0000000c   Data   RO         7413    .constdata          mc_p.l(localtime_r.o)
    0x0800d108   0x0800d108   0x0000000c   Data   RO         7416    .constdata          mc_p.l(mktime.o)
    0x0800d114   0x0800d114   0x00000078   Data   RO            6    .conststring        main.o
    0x0800d18c   0x0800d18c   0x00000272   Data   RO          434    .conststring        communicate.o
    0x0800d3fe   0x0800d3fe   0x00000002   PAD
    0x0800d400   0x0800d400   0x00000043   Data   RO          587    .conststring        control_center.o
    0x0800d443   0x0800d443   0x00000001   PAD
    0x0800d444   0x0800d444   0x0000007e   Data   RO          673    .conststring        flash.o
    0x0800d4c2   0x0800d4c2   0x00000002   PAD
    0x0800d4c4   0x0800d4c4   0x00000098   Data   RO          949    .conststring        gps.o
    0x0800d55c   0x0800d55c   0x0000004b   Data   RO         1406    .conststring        tim.o
    0x0800d5a7   0x0800d5a7   0x00000001   PAD
    0x0800d5a8   0x0800d5a8   0x0000005d   Data   RO         4799    .conststring        lorawan_atcmd.o
    0x0800d605   0x0800d605   0x00000003   PAD
    0x0800d608   0x0800d608   0x0000004c   Data   RO         5146    .conststring        lorawan_apply.o
    0x0800d654   0x0800d654   0x00000020   Data   RO         7899    Region$$Table       anon$$obj.o


    Execution Region ER_RW (Exec base: 0x20000000, Load base: 0x0800d674, Size: 0x000000e8, Max: 0xffffffff, ABSOLUTE)

    Exec Addr    Load Addr    Size         Type   Attr      Idx    E Section Name        Object

    0x20000000   0x0800d674   0x00000004   Data   RW            7    .data               main.o
    0x20000004   0x0800d678   0x00000014   Data   RW          282    .data               acc.o
    0x20000018   0x0800d68c   0x0000000d   Data   RW          392    .data               adc.o
    0x20000025   0x0800d699   0x00000005   Data   RW          435    .data               communicate.o
    0x2000002a   0x0800d69e   0x00000002   PAD
    0x2000002c   0x0800d6a0   0x0000000c   Data   RW          588    .data               control_center.o
    0x20000038   0x0800d6ac   0x00000008   Data   RW          790    .data               gpio.o
    0x20000040   0x0800d6b4   0x00000009   Data   RW          950    .data               gps.o
    0x20000049   0x0800d6bd   0x00000003   PAD
    0x2000004c   0x0800d6c0   0x00000021   Data   RW         1255    .data               systick.o
    0x2000006d   0x0800d6e1   0x00000002   Data   RW         1650    .data               uart.o
    0x2000006f   0x0800d6e3   0x00000001   PAD
    0x20000070   0x0800d6e4   0x00000004   Data   RW         2069    .data               system_stm32l0xx.o
    0x20000074   0x0800d6e8   0x00000004   Data   RW         3808    .data               multi_button.o
    0x20000078   0x0800d6ec   0x00000014   Data   RW         3964    .data               cjson.o
    0x2000008c   0x0800d700   0x0000004a   Data   RW         5147    .data               lorawan_apply.o
    0x200000d6   0x0800d74a   0x00000002   PAD
    0x200000d8   0x0800d74c   0x00000004   Data   RW         7447    .data               mc_p.l(strtok.o)
    0x200000dc   0x0800d750   0x00000004   Data   RW         7838    .data               mc_p.l(mvars.o)
    0x200000e0   0x0800d754   0x00000004   Data   RW         7839    .data               mc_p.l(mvars.o)
    0x200000e4   0x0800d758   0x00000004   Data   RW         7843    .data               mc_p.l(errno.o)


    Execution Region ER_ZI (Exec base: 0x200000e8, Load base: 0x0800d75c, Size: 0x00001b90, Max: 0xffffffff, ABSOLUTE)

    Exec Addr    Load Addr    Size         Type   Attr      Idx    E Section Name        Object

    0x200000e8        -       0x000000a0   Zero   RW          280    .bss                acc.o
    0x20000188        -       0x000006e4   Zero   RW          432    .bss                communicate.o
    0x2000086c        -       0x00000038   Zero   RW          585    .bss                control_center.o
    0x200008a4        -       0x00000028   Zero   RW          788    .bss                gpio.o
    0x200008cc   0x0800d75c   0x00000004   PAD
    0x200008d0        -       0x00000108   Zero   RW          947    .bss                gps.o
    0x200009d8        -       0x0000002c   Zero   RW         1253    .bss                systick.o
    0x20000a04        -       0x00000a5e   Zero   RW         1648    .bss                uart.o
    0x20001462   0x0800d75c   0x00000002   PAD
    0x20001464        -       0x00000078   Zero   RW         4797    .bss                lorawan_atcmd.o
    0x200014dc        -       0x00000058   Zero   RW         5144    .bss                lorawan_apply.o
    0x20001534        -       0x00000018   Zero   RW         6406    .bss                stm32l0xx_hal_flash.o
    0x2000154c        -       0x0000002c   Zero   RW         7410    .bss                mc_p.l(localtime_w.o)
    0x20001578        -       0x00000100   Zero   RW         2098    HEAP                startup_stm32l051xx.o
    0x20001678        -       0x00000600   Zero   RW         2097    STACK               startup_stm32l051xx.o


==============================================================================

Image component sizes


      Code (inc. data)   RO Data    RW Data    ZI Data      Debug   Object Name

      1754        210          0         20        160      30412   acc.o
       168         32          0         13          0       1205   adc.o
      2900        150          0         20          0      25931   cjson.o
      9328       2606        664          5       1764      20663   communicate.o
      1074        176         67         12         56      12267   control_center.o
      1634        438        126          0          0       7481   flash.o
      2150        256          0          8         40      33491   gpio.o
      1668        264        152          9        264      17811   gps.o
       970         66          0          0          0      26441   iic.o
      1302          0          0          0          0      14324   lis3dh.o
      2518        760         76         74         88      11032   lorawan_apply.o
      4888       1568         93          0        120      22006   lorawan_atcmd.o
       736         32          0          0          0       6808   lwrb.o
       220         38        120          4          0     259955   main.o
       752         20          0          4          0       3409   multi_button.o
        28          8        192          0       1792        644   startup_stm32l051xx.o
       660         50          0          0         24       4114   stm32l0xx_hal_flash.o
       192         22          0          0          0       2027   stm32l0xx_hal_flash_ex.o
         8          0          0          0          0       1321   stm32l0xx_it.o
       284         28          0          0          0       7655   stm32l0xx_ll_exti.o
       404         26          0          0          0      12268   stm32l0xx_ll_gpio.o
       146          0          0          0          0      14954   stm32l0xx_ll_i2c.o
       212         10          0          0          0      15597   stm32l0xx_ll_lpuart.o
       760        116          0          0          0      20547   stm32l0xx_ll_rcc.o
      1386         38          0          0          0      37796   stm32l0xx_ll_rtc.o
       714         40          0          0          0      35843   stm32l0xx_ll_tim.o
       244         18          0          0          0      22404   stm32l0xx_ll_usart.o
        52         12          0          0          0       2325   stm32l0xx_ll_utils.o
         2          0         33          4          0       1351   system_stm32l0xx.o
      1806        164         84         33         44      43790   systick.o
       436        192          0          0          0       1530   tb_03f.o
      2464        180        110          0          0      83338   tim.o
      2038        178          0          2       2654      78749   uart.o

    ----------------------------------------------------------------------
     43934       7698       1760        216       7012     879489   Object Totals
         0          0         32          0          0          0   (incl. Generated)
        36          0         11          8          6          0   (incl. Padding)

    ----------------------------------------------------------------------

      Code (inc. data)   RO Data    RW Data    ZI Data      Debug   Library Member Name

        42          0          0          0          0         76   atof.o
       144          8          0          0          0         76   modf.o
        30          0          0          0          0         60   _chval.o
       828         14          0          0          0         84   _scanf.o
       330          0          0          0          0         84   _scanf_int.o
       330          0          0          0          0         84   _scanf_longlong.o
       232          0          0          0          0         84   _scanf_str.o
        68          0          0          0          0         76   _sgetc.o
       166          0          0          0          0         84   _strtoul.o
        26          0          0          0          0         72   atoi.o
         8          4        133          0          0         60   ctype_o.o
         0          0          0          0          0          0   entry.o
         0          0          0          0          0          0   entry10a.o
         0          0          0          0          0          0   entry11a.o
         4          0          0          0          0          0   entry12b.o
         8          4          0          0          0          0   entry2.o
         4          0          0          0          0          0   entry5.o
         0          0          0          0          0          0   entry7b.o
         0          0          0          0          0          0   entry8b.o
         8          4          0          0          0          0   entry9a.o
        32         16          0          4          0        180   errno.o
        30          0          0          0          0          0   handlers.o
        40          0          0          0          0         72   idiv.o
        36          8          0          0          0         68   init.o
        18          0          0          0          0         68   isspace_o.o
         0          0          0          0          0          0   iusefp.o
       122          0          0          0          0         84   llmul.o
        32          0          0          0          0         68   llshl.o
        38          0          0          0          0         68   llsshr.o
        34          0          0          0          0         68   llushr.o
       116         12         12          0          0         72   localtime_r.o
        16          6          0          0         44         68   localtime_w.o
       368         36          0          0          0        308   mallocr.o
        26          0          0          0          0         72   memcmp.o
        40          0          0          0          0         68   memcpy.o
        36          0          0          0          0        100   memseta.o
       140         16         12          0          0         72   mktime.o
         0          0          0          8          0          0   mvars.o
      2400        104          0          0          0        696   printfa.o
        44          8          0          0          0         84   scanf_char.o
       898         12          0          0          0        184   scanf_fp.o
        60         10          0          0          0         84   sscanf.o
        18          0          0          0          0         60   strcpy.o
        70          0          0          0          0         68   strlcat.o
        50          0          0          0          0         68   strlcpy.o
        14          0          0          0          0         60   strlen.o
        40          0          0          0          0         72   strstr.o
       164         16          0          0          0        120   strtod.o
        72          4          0          4          0         72   strtok.o
       112          4          0          0          0         76   strtol.o
        44          0          0          0          0         72   uidiv.o
        96          0          0          0          0         84   uldiv.o
        40          2          0          0          0         68   cdcmple.o
        40          2          0          0          0         68   cdrcmple.o
        56          0          0          0          0         68   d2f.o
       360          6          0          0          0        140   dadd.o
       240          6          0          0          0         84   ddiv.o
       236          0          0          0          0        216   depilogue.o
        72         10          0          0          0         72   dfixi.o
        60         10          0          0          0         68   dfixui.o
        64         10          0          0          0         68   dfixul.o
        40          6          0          0          0         68   dflti.o
        28          4          0          0          0         68   dfltui.o
        28          6          0          0          0         68   dfltul.o
       208          6          0          0          0         88   dmul.o
       130          0          0          0          0        144   fepilogue.o

    ----------------------------------------------------------------------
      9046        354        160         16         44       5364   Library Totals
        10          0          3          0          0          0   (incl. Padding)

    ----------------------------------------------------------------------

      Code (inc. data)   RO Data    RW Data    ZI Data      Debug   Library Name

       186          8          0          0          0        152   m_ps.l
      7248        278        157         16         44       3924   mc_p.l
      1602         68          0          0          0       1288   mf_p.l

    ----------------------------------------------------------------------
      9046        354        160         16         44       5364   Library Totals

    ----------------------------------------------------------------------

==============================================================================


      Code (inc. data)   RO Data    RW Data    ZI Data      Debug   

     52980       8052       1920        232       7056     867741   Grand Totals
     52980       8052       1920        232       7056     867741   ELF Image Totals
     52980       8052       1920        232          0          0   ROM Totals

==============================================================================

    Total RO  Size (Code + RO Data)                54900 (  53.61kB)
    Total RW  Size (RW Data + ZI Data)              7288 (   7.12kB)
    Total ROM Size (Code + RO Data + RW Data)      55132 (  53.84kB)

==============================================================================

