


ARM Macro Assembler    Page 1 


    1 00000000         #line   1                "..\\Compents\\System\\startup_
FM33A0XXEV.s"
    1 00000000         ;
    2 00000000         ;*/
    3 00000000         
    4 00000000         ; <h> Stack Configuration
    5 00000000         ;   <o> Stack Size (in Bytes) <0x0-0xFFFFFFFF:8>
    6 00000000         ; </h>
    7 00000000         
    8 00000000 00001000 
                       Stack_Size
                               EQU              0x0001000
    9 00000000         
   10 00000000                 AREA             STACK, NOINIT, READWRITE, ALIGN
=3
   11 00000000         Stack_Mem
                               SPACE            Stack_Size
   12 00001000         __initial_sp
   13 00001000         
   14 00001000         
   15 00001000         ; <h> Heap Configuration
   16 00001000         ;   <o>  Heap Size (in Bytes) <0x0-0xFFFFFFFF:8>
   17 00001000         ; </h>
   18 00001000         
   19 00001000 00000200 
                       Heap_Size
                               EQU              0x0000200
   20 00001000         
   21 00001000                 AREA             HEAP, NOINIT, READWRITE, ALIGN=
3
   22 00000000         __heap_base
   23 00000000         Heap_Mem
                               SPACE            Heap_Size
   24 00000200         __heap_limit
   25 00000200         
   26 00000200                 PRESERVE8
   27 00000200                 THUMB
   28 00000200         
   29 00000200         
   30 00000200         ; Vector Table Mapped to Address 0 at Reset
   31 00000200         
   32 00000200                 AREA             RESET, DATA, READONLY
   33 00000000                 EXPORT           __Vectors
   34 00000000                 EXPORT           __Vectors_End
   35 00000000                 EXPORT           __Vectors_Size
   36 00000000         
   37 00000000 00000000 
                       __Vectors
                               DCD              __initial_sp ; Top of Stack
   38 00000004 00000000        DCD              Reset_Handler ; Reset Handler
   39 00000008 00000000        DCD              NMI_Handler ; NMI Handler
   40 0000000C 00000000        DCD              HardFault_Handler ; Hard Fault 
                                                            Handler
   41 00000010 00000000        DCD              0           ; Reserved
   42 00000014 00000000        DCD              0           ; Reserved
   43 00000018 00000000        DCD              0           ; Reserved
   44 0000001C 00000000        DCD              0           ; Reserved
   45 00000020 00000000        DCD              0           ; Reserved
   46 00000024 00000000        DCD              0           ; Reserved



ARM Macro Assembler    Page 2 


   47 00000028 00000000        DCD              0           ; Reserved
   48 0000002C 00000000        DCD              SVC_Handler ; SVCall Handler
   49 00000030 00000000        DCD              0           ; Reserved
   50 00000034 00000000        DCD              0           ; Reserved
   51 00000038 00000000        DCD              PendSV_Handler ; PendSV Handler
                                                            
   52 0000003C 00000000        DCD              SysTick_Handler 
                                                            ; SysTick Handler
   53 00000040         
   54 00000040         ; External Interrupts
   55 00000040 00000000        DCD              WWDT_IRQHandler ; 0:  WWDT 
   56 00000044 00000000        DCD              SVD_IRQHandler ; 1:  SVD  
   57 00000048 00000000        DCD              RTC_IRQHandler ; 2:  RTC 
   58 0000004C 00000000        DCD              FLASH_IRQHandler ; 3:  FLASH 
   59 00000050 00000000        DCD              CMU_IRQHandler ; 4:  CMU 
   60 00000054 00000000        DCD              ADC_IRQHandler ; 5:  ADC 
   61 00000058 00000000        DCD              SPI0_IRQHandler ; 6:  SPI0
   62 0000005C 00000000        DCD              SPI1_IRQHandler ; 7:  SPI1  
   63 00000060 00000000        DCD              SPI2_IRQHandler ; 8:  SPI2
   64 00000064 00000000        DCD              UART0_IRQHandler ; 9:  UART0 
   65 00000068 00000000        DCD              UART1_IRQHandler ; 10:  UART1 
   66 0000006C 00000000        DCD              UART2_IRQHandler ; 11:  UART2  
                                                            
   67 00000070 00000000        DCD              UART3_IRQHandler ; 12:  UART3 
   68 00000074 00000000        DCD              UART4_IRQHandler ; 13:  UART4 
   69 00000078 00000000        DCD              UART5_IRQHandler ; 14:  UART5  
                                                            
   70 0000007C 00000000        DCD              U7816_IRQHandler ; 15:  U7816 
   71 00000080 00000000        DCD              LPUART0_IRQHandler 
                                                            ; 16:  LPUART0 
   72 00000084 00000000        DCD              I2Cx_IRQHandler ; 17:  I2Cx
   73 00000088 00000000        DCD              0           ; 18:  NULL 
   74 0000008C 00000000        DCD              CRYPTO_IRQHandler 
                                                            ; 19:  CRYPTO 
   75 00000090 00000000        DCD              LPTIM_IRQHandler ; 20:  LPTIM 
   76 00000094 00000000        DCD              DMA_IRQHandler ; 21:  DMA 
   77 00000098 00000000        DCD              WKUPx_IRQHandler ; 22:  WKUPx 
   78 0000009C 00000000        DCD              COMP_IRQHandler ; 23:  COMP 
   79 000000A0 00000000        DCD              BTx_IRQHandler ; 24:  BTx
   80 000000A4 00000000        DCD              QSPI_IRQHandler ; 25:  QSPI
   81 000000A8 00000000        DCD              ETx_IRQHandler ; 26:  ETx 
   82 000000AC 00000000        DCD              BSTIM_IRQHandler ; 27:  BSTIM 
   83 000000B0 00000000        DCD              SPI3_IRQHandler ; 28:  SPI3 
   84 000000B4 00000000        DCD              SPI4_IRQHandler ; 29:  SPI4
   85 000000B8 00000000        DCD              GPIO_IRQHandler ; 30:  GPIO
   86 000000BC 00000000        DCD              LPUART1_IRQHandler 
                                                            ; 31:  LPUART0
   87 000000C0         __Vectors_End
   88 000000C0         
   89 000000C0 000000C0 
                       __Vectors_Size
                               EQU              __Vectors_End - __Vectors
   90 000000C0         
   91 000000C0                 AREA             |.text|, CODE, READONLY
   92 00000000         
   93 00000000         
   94 00000000         ; Reset Handler
   95 00000000         
   96 00000000         Reset_Handler



ARM Macro Assembler    Page 3 


                               PROC
   97 00000000                 EXPORT           Reset_Handler             [WEAK
]
   98 00000000                 IMPORT           SystemInit
   99 00000000                 IMPORT           __main
  100 00000000 4804            LDR              R0, =SystemInit
  101 00000002 4780            BLX              R0
  102 00000004 4804            LDR              R0, =__main
  103 00000006 4700            BX               R0
  104 00000008                 ENDP
  105 00000008         
  106 00000008         ; Reset Handler
  107 00000008         
  108 00000008         ;Reset_Handler   PROC
  109 00000008         ;                EXPORT  Reset_Handler             [WEAK
                       ]
  110 00000008         ;                IMPORT  SystemInit
  111 00000008         ;                IMPORT  __main
  112 00000008         
  113 00000008         ;               ;reset NVIC if in rom debug
  114 00000008         ;                LDR     R0, =0x20000000
  115 00000008         ;                LDR     R2, =new_vect_table
  116 00000008         ;                MOVS    R1, #0                 ; for wa
                       rning, 
  117 00000008         ;                ADD     R1, PC,#0              ; for A1
                       609W, 
  118 00000008         ;                CMP     R1, R0
  119 00000008         ;                BLS     RAMCODE
  120 00000008         
  121 00000008         ;              ; ram code base address. 
  122 00000008         ;                ADD     R2, R0,R2
  123 00000008         ;RAMCODE
  124 00000008         ;              ; reset Vector table address.
  125 00000008         ;                LDR     R0, =0xE000ED08 
  126 00000008         ;                STR     R2, [R0]
  127 00000008         
  128 00000008         ;                LDR     R0, =SystemInit
  129 00000008         ;                BLX     R0
  130 00000008         ;                LDR     R0, =__main
  131 00000008         ;                BX      R0
  132 00000008         ;                ENDP
  133 00000008         
  134 00000008         
  135 00000008         ; Dummy Exception Handlers (infinite loops which can be 
                       modified)
  136 00000008         
  137 00000008         NMI_Handler
                               PROC
  138 00000008                 EXPORT           NMI_Handler               [WEAK
]
  139 00000008 E7FE            B                .
  140 0000000A                 ENDP
  141 0000000A         HardFault_Handler
                               PROC
  142 0000000A         
  143 0000000A                 EXPORT           HardFault_Handler         [WEAK
]
  144 0000000A E7FE            B                .
  145 0000000C                 ENDP



ARM Macro Assembler    Page 4 


  146 0000000C         SVC_Handler
                               PROC
  147 0000000C                 EXPORT           SVC_Handler               [WEAK
]
  148 0000000C E7FE            B                .
  149 0000000E                 ENDP
  150 0000000E         PendSV_Handler
                               PROC
  151 0000000E                 EXPORT           PendSV_Handler            [WEAK
]
  152 0000000E E7FE            B                .
  153 00000010                 ENDP
  154 00000010         SysTick_Handler
                               PROC
  155 00000010                 EXPORT           SysTick_Handler           [WEAK
]
  156 00000010 E7FE            B                .
  157 00000012                 ENDP
  158 00000012         
  159 00000012         Default_Handler
                               PROC
  160 00000012                 EXPORT           LPUART1_IRQHandler             
[WEAK]
  161 00000012                 EXPORT           GPIO_IRQHandler             [WE
AK]
  162 00000012                 EXPORT           SPI4_IRQHandler          [WEAK]
  163 00000012                 EXPORT           SPI3_IRQHandler           [WEAK
]
  164 00000012                 EXPORT           BSTIM_IRQHandler           [WEA
K]
  165 00000012                 EXPORT           ETx_IRQHandler           [WEAK]
  166 00000012                 EXPORT           QSPI_IRQHandler           [WEAK
]
  167 00000012                 EXPORT           BTx_IRQHandler          [WEAK]
  168 00000012                 EXPORT           COMP_IRQHandler          [WEAK]
  169 00000012                 EXPORT           WKUPx_IRQHandler   [WEAK]
  170 00000012                 EXPORT           DMA_IRQHandler          [WEAK]
  171 00000012                 EXPORT           LPTIM_IRQHandler           [WEA
K]
  172 00000012                 EXPORT           CRYPTO_IRQHandler           [WE
AK]
  173 00000012                 EXPORT           I2Cx_IRQHandler           [WEAK
]
  174 00000012                 EXPORT           LPUART0_IRQHandler   [WEAK]
  175 00000012                 EXPORT           U7816_IRQHandler   [WEAK]
  176 00000012                 EXPORT           UART5_IRQHandler           [WEA
K]
  177 00000012                 EXPORT           UART4_IRQHandler           [WEA
K]
  178 00000012                 EXPORT           UART3_IRQHandler           [WEA
K]
  179 00000012                 EXPORT           UART2_IRQHandler          [WEAK
]
  180 00000012                 EXPORT           UART1_IRQHandler          [WEAK
]
  181 00000012                 EXPORT           UART0_IRQHandler          [WEAK
]
  182 00000012                 EXPORT           SPI2_IRQHandler        [WEAK]
  183 00000012                 EXPORT           SPI1_IRQHandler            [WEA



ARM Macro Assembler    Page 5 


K]
  184 00000012                 EXPORT           SPI0_IRQHandler            [WEA
K]
  185 00000012                 EXPORT           ADC_IRQHandler            [WEAK
]
  186 00000012                 EXPORT           CMU_IRQHandler            [WEAK
]
  187 00000012                 EXPORT           FLASH_IRQHandler       [WEAK]
  188 00000012                 EXPORT           RTC_IRQHandler            [WEAK
]
  189 00000012                 EXPORT           SVD_IRQHandler       [WEAK]
  190 00000012                 EXPORT           WWDT_IRQHandler            [WEA
K]
  191 00000012         
  192 00000012         LPUART1_IRQHandler
  193 00000012         GPIO_IRQHandler
  194 00000012         SPI4_IRQHandler
  195 00000012         SPI3_IRQHandler
  196 00000012         BSTIM_IRQHandler
  197 00000012         ETx_IRQHandler
  198 00000012         QSPI_IRQHandler
  199 00000012         BTx_IRQHandler
  200 00000012         COMP_IRQHandler
  201 00000012         WKUPx_IRQHandler
  202 00000012         DMA_IRQHandler
  203 00000012         LPTIM_IRQHandler
  204 00000012         CRYPTO_IRQHandler
  205 00000012         I2Cx_IRQHandler
  206 00000012         LPUART0_IRQHandler
  207 00000012         U7816_IRQHandler
  208 00000012         UART5_IRQHandler
  209 00000012         UART4_IRQHandler
  210 00000012         UART3_IRQHandler
  211 00000012         UART2_IRQHandler
  212 00000012         UART1_IRQHandler
  213 00000012         UART0_IRQHandler
  214 00000012         SPI2_IRQHandler
  215 00000012         SPI1_IRQHandler
  216 00000012         SPI0_IRQHandler
  217 00000012         ADC_IRQHandler
  218 00000012         CMU_IRQHandler
  219 00000012         FLASH_IRQHandler
  220 00000012         RTC_IRQHandler
  221 00000012         SVD_IRQHandler
  222 00000012         WWDT_IRQHandler
  223 00000012         
  224 00000012 E7FE            B                .
  225 00000014                 ENDP
  226 00000014         
  227 00000014         
  228 00000014                 ALIGN
  229 00000014         
  230 00000014         
  231 00000014         ; User Initial Stack & Heap
  232 00000014         
  233 00000014                 IF               :DEF:__MICROLIB
  234 00000014         
  235 00000014                 EXPORT           __initial_sp
  236 00000014                 EXPORT           __heap_base



ARM Macro Assembler    Page 6 


  237 00000014                 EXPORT           __heap_limit
  238 00000014         
  239 00000014                 ELSE
  253                          ENDIF
  254 00000014         
  255 00000014         
  256 00000014                 END
              00000000 
              00000000 
Command Line: --debug --xref --cpreproc --diag_suppress=9931 --cpu=Cortex-M0 --
apcs=interwork --depend=.\objects\startup_fm33a0xxev.d -o.\objects\startup_fm33
a0xxev.o --predefine="__MICROLIB SETA 1" --predefine="__UVISION_VERSION SETA 53
6" --predefine="TX_ENABLE_FPU_SUPPORT SETA 1" --predefine="TX_EXECUTION_PROFILE
_ENABLE SETA 1" --predefine="TX_ENABLE_EXECUTION_CHANGE_NOTIFY SETA 1" --predef
ine="TX_LOW_POWER SETA 1" --list=.\listings\startup_fm33a0xxev.lst ..\Compents\
System\startup_FM33A0XXEV.s



ARM Macro Assembler    Page 1 Alphabetic symbol ordering
Relocatable symbols

STACK 00000000

Symbol: STACK
   Definitions
      At line 10 in file ..\\Compents\\System\\startup_FM33A0XXEV.s
   Uses
      None
Comment: STACK unused
Stack_Mem 00000000

Symbol: Stack_Mem
   Definitions
      At line 11 in file ..\\Compents\\System\\startup_FM33A0XXEV.s
   Uses
      None
Comment: Stack_Mem unused
__initial_sp 00001000

Symbol: __initial_sp
   Definitions
      At line 12 in file ..\\Compents\\System\\startup_FM33A0XXEV.s
   Uses
      At line 37 in file ..\\Compents\\System\\startup_FM33A0XXEV.s
      At line 235 in file ..\\Compents\\System\\startup_FM33A0XXEV.s

3 symbols



ARM Macro Assembler    Page 1 Alphabetic symbol ordering
Relocatable symbols

HEAP 00000000

Symbol: HEAP
   Definitions
      At line 21 in file ..\\Compents\\System\\startup_FM33A0XXEV.s
   Uses
      None
Comment: HEAP unused
Heap_Mem 00000000

Symbol: Heap_Mem
   Definitions
      At line 23 in file ..\\Compents\\System\\startup_FM33A0XXEV.s
   Uses
      None
Comment: Heap_Mem unused
__heap_base 00000000

Symbol: __heap_base
   Definitions
      At line 22 in file ..\\Compents\\System\\startup_FM33A0XXEV.s
   Uses
      At line 236 in file ..\\Compents\\System\\startup_FM33A0XXEV.s
Comment: __heap_base used once
__heap_limit 00000200

Symbol: __heap_limit
   Definitions
      At line 24 in file ..\\Compents\\System\\startup_FM33A0XXEV.s
   Uses
      At line 237 in file ..\\Compents\\System\\startup_FM33A0XXEV.s
Comment: __heap_limit used once
4 symbols



ARM Macro Assembler    Page 1 Alphabetic symbol ordering
Relocatable symbols

RESET 00000000

Symbol: RESET
   Definitions
      At line 32 in file ..\\Compents\\System\\startup_FM33A0XXEV.s
   Uses
      None
Comment: RESET unused
__Vectors 00000000

Symbol: __Vectors
   Definitions
      At line 37 in file ..\\Compents\\System\\startup_FM33A0XXEV.s
   Uses
      At line 33 in file ..\\Compents\\System\\startup_FM33A0XXEV.s
      At line 89 in file ..\\Compents\\System\\startup_FM33A0XXEV.s

__Vectors_End 000000C0

Symbol: __Vectors_End
   Definitions
      At line 87 in file ..\\Compents\\System\\startup_FM33A0XXEV.s
   Uses
      At line 34 in file ..\\Compents\\System\\startup_FM33A0XXEV.s
      At line 89 in file ..\\Compents\\System\\startup_FM33A0XXEV.s

3 symbols



ARM Macro Assembler    Page 1 Alphabetic symbol ordering
Relocatable symbols

.text 00000000

Symbol: .text
   Definitions
      At line 91 in file ..\\Compents\\System\\startup_FM33A0XXEV.s
   Uses
      None
Comment: .text unused
ADC_IRQHandler 00000012

Symbol: ADC_IRQHandler
   Definitions
      At line 217 in file ..\\Compents\\System\\startup_FM33A0XXEV.s
   Uses
      At line 60 in file ..\\Compents\\System\\startup_FM33A0XXEV.s
      At line 185 in file ..\\Compents\\System\\startup_FM33A0XXEV.s

BSTIM_IRQHandler 00000012

Symbol: BSTIM_IRQHandler
   Definitions
      At line 196 in file ..\\Compents\\System\\startup_FM33A0XXEV.s
   Uses
      At line 82 in file ..\\Compents\\System\\startup_FM33A0XXEV.s
      At line 164 in file ..\\Compents\\System\\startup_FM33A0XXEV.s

BTx_IRQHandler 00000012

Symbol: BTx_IRQHandler
   Definitions
      At line 199 in file ..\\Compents\\System\\startup_FM33A0XXEV.s
   Uses
      At line 79 in file ..\\Compents\\System\\startup_FM33A0XXEV.s
      At line 167 in file ..\\Compents\\System\\startup_FM33A0XXEV.s

CMU_IRQHandler 00000012

Symbol: CMU_IRQHandler
   Definitions
      At line 218 in file ..\\Compents\\System\\startup_FM33A0XXEV.s
   Uses
      At line 59 in file ..\\Compents\\System\\startup_FM33A0XXEV.s
      At line 186 in file ..\\Compents\\System\\startup_FM33A0XXEV.s

COMP_IRQHandler 00000012

Symbol: COMP_IRQHandler
   Definitions
      At line 200 in file ..\\Compents\\System\\startup_FM33A0XXEV.s
   Uses
      At line 78 in file ..\\Compents\\System\\startup_FM33A0XXEV.s
      At line 168 in file ..\\Compents\\System\\startup_FM33A0XXEV.s

CRYPTO_IRQHandler 00000012

Symbol: CRYPTO_IRQHandler
   Definitions
      At line 204 in file ..\\Compents\\System\\startup_FM33A0XXEV.s
   Uses



ARM Macro Assembler    Page 2 Alphabetic symbol ordering
Relocatable symbols

      At line 74 in file ..\\Compents\\System\\startup_FM33A0XXEV.s
      At line 172 in file ..\\Compents\\System\\startup_FM33A0XXEV.s

DMA_IRQHandler 00000012

Symbol: DMA_IRQHandler
   Definitions
      At line 202 in file ..\\Compents\\System\\startup_FM33A0XXEV.s
   Uses
      At line 76 in file ..\\Compents\\System\\startup_FM33A0XXEV.s
      At line 170 in file ..\\Compents\\System\\startup_FM33A0XXEV.s

Default_Handler 00000012

Symbol: Default_Handler
   Definitions
      At line 159 in file ..\\Compents\\System\\startup_FM33A0XXEV.s
   Uses
      None
Comment: Default_Handler unused
ETx_IRQHandler 00000012

Symbol: ETx_IRQHandler
   Definitions
      At line 197 in file ..\\Compents\\System\\startup_FM33A0XXEV.s
   Uses
      At line 81 in file ..\\Compents\\System\\startup_FM33A0XXEV.s
      At line 165 in file ..\\Compents\\System\\startup_FM33A0XXEV.s

FLASH_IRQHandler 00000012

Symbol: FLASH_IRQHandler
   Definitions
      At line 219 in file ..\\Compents\\System\\startup_FM33A0XXEV.s
   Uses
      At line 58 in file ..\\Compents\\System\\startup_FM33A0XXEV.s
      At line 187 in file ..\\Compents\\System\\startup_FM33A0XXEV.s

GPIO_IRQHandler 00000012

Symbol: GPIO_IRQHandler
   Definitions
      At line 193 in file ..\\Compents\\System\\startup_FM33A0XXEV.s
   Uses
      At line 85 in file ..\\Compents\\System\\startup_FM33A0XXEV.s
      At line 161 in file ..\\Compents\\System\\startup_FM33A0XXEV.s

HardFault_Handler 0000000A

Symbol: HardFault_Handler
   Definitions
      At line 141 in file ..\\Compents\\System\\startup_FM33A0XXEV.s
   Uses
      At line 40 in file ..\\Compents\\System\\startup_FM33A0XXEV.s
      At line 143 in file ..\\Compents\\System\\startup_FM33A0XXEV.s

I2Cx_IRQHandler 00000012

Symbol: I2Cx_IRQHandler



ARM Macro Assembler    Page 3 Alphabetic symbol ordering
Relocatable symbols

   Definitions
      At line 205 in file ..\\Compents\\System\\startup_FM33A0XXEV.s
   Uses
      At line 72 in file ..\\Compents\\System\\startup_FM33A0XXEV.s
      At line 173 in file ..\\Compents\\System\\startup_FM33A0XXEV.s

LPTIM_IRQHandler 00000012

Symbol: LPTIM_IRQHandler
   Definitions
      At line 203 in file ..\\Compents\\System\\startup_FM33A0XXEV.s
   Uses
      At line 75 in file ..\\Compents\\System\\startup_FM33A0XXEV.s
      At line 171 in file ..\\Compents\\System\\startup_FM33A0XXEV.s

LPUART0_IRQHandler 00000012

Symbol: LPUART0_IRQHandler
   Definitions
      At line 206 in file ..\\Compents\\System\\startup_FM33A0XXEV.s
   Uses
      At line 71 in file ..\\Compents\\System\\startup_FM33A0XXEV.s
      At line 174 in file ..\\Compents\\System\\startup_FM33A0XXEV.s

LPUART1_IRQHandler 00000012

Symbol: LPUART1_IRQHandler
   Definitions
      At line 192 in file ..\\Compents\\System\\startup_FM33A0XXEV.s
   Uses
      At line 86 in file ..\\Compents\\System\\startup_FM33A0XXEV.s
      At line 160 in file ..\\Compents\\System\\startup_FM33A0XXEV.s

NMI_Handler 00000008

Symbol: NMI_Handler
   Definitions
      At line 137 in file ..\\Compents\\System\\startup_FM33A0XXEV.s
   Uses
      At line 39 in file ..\\Compents\\System\\startup_FM33A0XXEV.s
      At line 138 in file ..\\Compents\\System\\startup_FM33A0XXEV.s

PendSV_Handler 0000000E

Symbol: PendSV_Handler
   Definitions
      At line 150 in file ..\\Compents\\System\\startup_FM33A0XXEV.s
   Uses
      At line 51 in file ..\\Compents\\System\\startup_FM33A0XXEV.s
      At line 151 in file ..\\Compents\\System\\startup_FM33A0XXEV.s

QSPI_IRQHandler 00000012

Symbol: QSPI_IRQHandler
   Definitions
      At line 198 in file ..\\Compents\\System\\startup_FM33A0XXEV.s
   Uses
      At line 80 in file ..\\Compents\\System\\startup_FM33A0XXEV.s
      At line 166 in file ..\\Compents\\System\\startup_FM33A0XXEV.s



ARM Macro Assembler    Page 4 Alphabetic symbol ordering
Relocatable symbols


RTC_IRQHandler 00000012

Symbol: RTC_IRQHandler
   Definitions
      At line 220 in file ..\\Compents\\System\\startup_FM33A0XXEV.s
   Uses
      At line 57 in file ..\\Compents\\System\\startup_FM33A0XXEV.s
      At line 188 in file ..\\Compents\\System\\startup_FM33A0XXEV.s

Reset_Handler 00000000

Symbol: Reset_Handler
   Definitions
      At line 96 in file ..\\Compents\\System\\startup_FM33A0XXEV.s
   Uses
      At line 38 in file ..\\Compents\\System\\startup_FM33A0XXEV.s
      At line 97 in file ..\\Compents\\System\\startup_FM33A0XXEV.s

SPI0_IRQHandler 00000012

Symbol: SPI0_IRQHandler
   Definitions
      At line 216 in file ..\\Compents\\System\\startup_FM33A0XXEV.s
   Uses
      At line 61 in file ..\\Compents\\System\\startup_FM33A0XXEV.s
      At line 184 in file ..\\Compents\\System\\startup_FM33A0XXEV.s

SPI1_IRQHandler 00000012

Symbol: SPI1_IRQHandler
   Definitions
      At line 215 in file ..\\Compents\\System\\startup_FM33A0XXEV.s
   Uses
      At line 62 in file ..\\Compents\\System\\startup_FM33A0XXEV.s
      At line 183 in file ..\\Compents\\System\\startup_FM33A0XXEV.s

SPI2_IRQHandler 00000012

Symbol: SPI2_IRQHandler
   Definitions
      At line 214 in file ..\\Compents\\System\\startup_FM33A0XXEV.s
   Uses
      At line 63 in file ..\\Compents\\System\\startup_FM33A0XXEV.s
      At line 182 in file ..\\Compents\\System\\startup_FM33A0XXEV.s

SPI3_IRQHandler 00000012

Symbol: SPI3_IRQHandler
   Definitions
      At line 195 in file ..\\Compents\\System\\startup_FM33A0XXEV.s
   Uses
      At line 83 in file ..\\Compents\\System\\startup_FM33A0XXEV.s
      At line 163 in file ..\\Compents\\System\\startup_FM33A0XXEV.s

SPI4_IRQHandler 00000012

Symbol: SPI4_IRQHandler
   Definitions



ARM Macro Assembler    Page 5 Alphabetic symbol ordering
Relocatable symbols

      At line 194 in file ..\\Compents\\System\\startup_FM33A0XXEV.s
   Uses
      At line 84 in file ..\\Compents\\System\\startup_FM33A0XXEV.s
      At line 162 in file ..\\Compents\\System\\startup_FM33A0XXEV.s

SVC_Handler 0000000C

Symbol: SVC_Handler
   Definitions
      At line 146 in file ..\\Compents\\System\\startup_FM33A0XXEV.s
   Uses
      At line 48 in file ..\\Compents\\System\\startup_FM33A0XXEV.s
      At line 147 in file ..\\Compents\\System\\startup_FM33A0XXEV.s

SVD_IRQHandler 00000012

Symbol: SVD_IRQHandler
   Definitions
      At line 221 in file ..\\Compents\\System\\startup_FM33A0XXEV.s
   Uses
      At line 56 in file ..\\Compents\\System\\startup_FM33A0XXEV.s
      At line 189 in file ..\\Compents\\System\\startup_FM33A0XXEV.s

SysTick_Handler 00000010

Symbol: SysTick_Handler
   Definitions
      At line 154 in file ..\\Compents\\System\\startup_FM33A0XXEV.s
   Uses
      At line 52 in file ..\\Compents\\System\\startup_FM33A0XXEV.s
      At line 155 in file ..\\Compents\\System\\startup_FM33A0XXEV.s

U7816_IRQHandler 00000012

Symbol: U7816_IRQHandler
   Definitions
      At line 207 in file ..\\Compents\\System\\startup_FM33A0XXEV.s
   Uses
      At line 70 in file ..\\Compents\\System\\startup_FM33A0XXEV.s
      At line 175 in file ..\\Compents\\System\\startup_FM33A0XXEV.s

UART0_IRQHandler 00000012

Symbol: UART0_IRQHandler
   Definitions
      At line 213 in file ..\\Compents\\System\\startup_FM33A0XXEV.s
   Uses
      At line 64 in file ..\\Compents\\System\\startup_FM33A0XXEV.s
      At line 181 in file ..\\Compents\\System\\startup_FM33A0XXEV.s

UART1_IRQHandler 00000012

Symbol: UART1_IRQHandler
   Definitions
      At line 212 in file ..\\Compents\\System\\startup_FM33A0XXEV.s
   Uses
      At line 65 in file ..\\Compents\\System\\startup_FM33A0XXEV.s
      At line 180 in file ..\\Compents\\System\\startup_FM33A0XXEV.s




ARM Macro Assembler    Page 6 Alphabetic symbol ordering
Relocatable symbols

UART2_IRQHandler 00000012

Symbol: UART2_IRQHandler
   Definitions
      At line 211 in file ..\\Compents\\System\\startup_FM33A0XXEV.s
   Uses
      At line 66 in file ..\\Compents\\System\\startup_FM33A0XXEV.s
      At line 179 in file ..\\Compents\\System\\startup_FM33A0XXEV.s

UART3_IRQHandler 00000012

Symbol: UART3_IRQHandler
   Definitions
      At line 210 in file ..\\Compents\\System\\startup_FM33A0XXEV.s
   Uses
      At line 67 in file ..\\Compents\\System\\startup_FM33A0XXEV.s
      At line 178 in file ..\\Compents\\System\\startup_FM33A0XXEV.s

UART4_IRQHandler 00000012

Symbol: UART4_IRQHandler
   Definitions
      At line 209 in file ..\\Compents\\System\\startup_FM33A0XXEV.s
   Uses
      At line 68 in file ..\\Compents\\System\\startup_FM33A0XXEV.s
      At line 177 in file ..\\Compents\\System\\startup_FM33A0XXEV.s

UART5_IRQHandler 00000012

Symbol: UART5_IRQHandler
   Definitions
      At line 208 in file ..\\Compents\\System\\startup_FM33A0XXEV.s
   Uses
      At line 69 in file ..\\Compents\\System\\startup_FM33A0XXEV.s
      At line 176 in file ..\\Compents\\System\\startup_FM33A0XXEV.s

WKUPx_IRQHandler 00000012

Symbol: WKUPx_IRQHandler
   Definitions
      At line 201 in file ..\\Compents\\System\\startup_FM33A0XXEV.s
   Uses
      At line 77 in file ..\\Compents\\System\\startup_FM33A0XXEV.s
      At line 169 in file ..\\Compents\\System\\startup_FM33A0XXEV.s

WWDT_IRQHandler 00000012

Symbol: WWDT_IRQHandler
   Definitions
      At line 222 in file ..\\Compents\\System\\startup_FM33A0XXEV.s
   Uses
      At line 55 in file ..\\Compents\\System\\startup_FM33A0XXEV.s
      At line 190 in file ..\\Compents\\System\\startup_FM33A0XXEV.s

39 symbols



ARM Macro Assembler    Page 1 Alphabetic symbol ordering
Absolute symbols

Heap_Size 00000200

Symbol: Heap_Size
   Definitions
      At line 19 in file ..\\Compents\\System\\startup_FM33A0XXEV.s
   Uses
      At line 23 in file ..\\Compents\\System\\startup_FM33A0XXEV.s
Comment: Heap_Size used once
Stack_Size 00001000

Symbol: Stack_Size
   Definitions
      At line 8 in file ..\\Compents\\System\\startup_FM33A0XXEV.s
   Uses
      At line 11 in file ..\\Compents\\System\\startup_FM33A0XXEV.s
Comment: Stack_Size used once
__Vectors_Size 000000C0

Symbol: __Vectors_Size
   Definitions
      At line 89 in file ..\\Compents\\System\\startup_FM33A0XXEV.s
   Uses
      At line 35 in file ..\\Compents\\System\\startup_FM33A0XXEV.s
Comment: __Vectors_Size used once
3 symbols



ARM Macro Assembler    Page 1 Alphabetic symbol ordering
External symbols

SystemInit 00000000

Symbol: SystemInit
   Definitions
      At line 98 in file ..\\Compents\\System\\startup_FM33A0XXEV.s
   Uses
      At line 100 in file ..\\Compents\\System\\startup_FM33A0XXEV.s
Comment: SystemInit used once
__main 00000000

Symbol: __main
   Definitions
      At line 99 in file ..\\Compents\\System\\startup_FM33A0XXEV.s
   Uses
      At line 102 in file ..\\Compents\\System\\startup_FM33A0XXEV.s
Comment: __main used once
2 symbols
392 symbols in table
