


ARM Macro Assembler    Page 1 


    1 00000000         #line   1                "..\\Compents\\ThreadX\\ports\\
cortex_m0\\ac5\\src\\tx_thread_interrupt_disable.s"
    1 00000000         ; 
    2 00000000         ; 
    3 00000000         ; 
    4 00000000         ; 
    5 00000000         ; 
    6 00000000         ; 
    7 00000000         ; 
    8 00000000         ; 
    9 00000000         ; 
   10 00000000         ; 
   11 00000000         ;
   12 00000000         ;
   13 00000000         ; 
   14 00000000         ; 
   15 00000000         ; 
   16 00000000         ; 
   17 00000000         ; 
   18 00000000         ; 
   19 00000000         ; 
   20 00000000         ; 
   21 00000000         ; 
   22 00000000         ;
   23 00000000         ;
   24 00000000                 AREA             ||.text||, CODE, READONLY
   25 00000000         ; 
   26 00000000         ; 
   27 00000000         ; 
   28 00000000         ; 
   29 00000000         ; 
   30 00000000         ; 
   31 00000000         ; 
   32 00000000         ; 
   33 00000000         ; 
   34 00000000         ; 
   35 00000000         ; 
   36 00000000         ; 
   37 00000000         ; 
   38 00000000         ; 
   39 00000000         ; 
   40 00000000         ; 
   41 00000000         ; 
   42 00000000         ; 
   43 00000000         ; 
   44 00000000         ; 
   45 00000000         ; 
   46 00000000         ; 
   47 00000000         ; 
   48 00000000         ; 
   49 00000000         ; 
   50 00000000         ; 
   51 00000000         ; 
   52 00000000         ; 
   53 00000000         ; 
   54 00000000         ; 
   55 00000000         ; 
   56 00000000         ; 
   57 00000000         ; 



ARM Macro Assembler    Page 2 


   58 00000000         ; 
   59 00000000         ; 
   60 00000000         ; 
   61 00000000         ; 
   62 00000000         ; 
   63 00000000         ;UINT   _tx_thread_interrupt_disable(UINT new_posture)
   64 00000000         ;{
   65 00000000                 EXPORT           _tx_thread_interrupt_disable
   66 00000000         _tx_thread_interrupt_disable
   67 00000000         ;
   68 00000000         ;     
   69 00000000         ;
   70 00000000 F3EF 8010       MRS              r0, PRIMASK
   71 00000004 B672            CPSID            i
   72 00000006 4770            BX               lr
   73 00000008         ;
   74 00000008         ;}
   75 00000008                 END
Command Line: --debug --xref --cpreproc --diag_suppress=9931 --cpu=Cortex-M0 --
apcs=interwork --depend=.\objects\tx_thread_interrupt_disable.d -o.\objects\tx_
thread_interrupt_disable.o --predefine="__MICROLIB SETA 1" --predefine="__UVISI
ON_VERSION SETA 536" --predefine="TX_ENABLE_FPU_SUPPORT SETA 1" --predefine="TX
_EXECUTION_PROFILE_ENABLE SETA 1" --predefine="TX_ENABLE_EXECUTION_CHANGE_NOTIF
Y SETA 1" --predefine="TX_LOW_POWER SETA 1" --list=.\listings\tx_thread_interru
pt_disable.lst ..\Compents\ThreadX\ports\cortex_m0\ac5\src\tx_thread_interrupt_
disable.s



ARM Macro Assembler    Page 1 Alphabetic symbol ordering
Relocatable symbols

_tx_thread_interrupt_disable 00000000

Symbol: _tx_thread_interrupt_disable
   Definitions
      At line 66 in file ..\\Compents\\ThreadX\\ports\\cortex_m0\\ac5\\src\\tx_
thread_interrupt_disable.s
   Uses
      At line 65 in file ..\\Compents\\ThreadX\\ports\\cortex_m0\\ac5\\src\\tx_
thread_interrupt_disable.s
Comment: _tx_thread_interrupt_disable used once
|.text| 00000000

Symbol: |.text|
   Definitions
      At line 24 in file ..\\Compents\\ThreadX\\ports\\cortex_m0\\ac5\\src\\tx_
thread_interrupt_disable.s
   Uses
      None
Comment: |.text| unused
2 symbols
338 symbols in table
