


ARM Macro Assembler    Page 1 


    1 00000000         #line   1                "..\\Compents\\ThreadX\\ports\\
cortex_m0\\ac5\\src\\tx_timer_interrupt.s"
    1 00000000         ; 
    2 00000000         ; 
    3 00000000         ; 
    4 00000000         ; 
    5 00000000         ; 
    6 00000000         ; 
    7 00000000         ; 
    8 00000000         ; 
    9 00000000         ; 
   10 00000000         ; 
   11 00000000         ;
   12 00000000         ;
   13 00000000         ; 
   14 00000000         ; 
   15 00000000         ; 
   16 00000000         ; 
   17 00000000         ; 
   18 00000000         ; 
   19 00000000         ; 
   20 00000000         ; 
   21 00000000         ; 
   22 00000000         ;
   23 00000000         ;
   24 00000000                 IMPORT           _tx_timer_time_slice
   25 00000000                 IMPORT           _tx_timer_system_clock
   26 00000000                 IMPORT           _tx_timer_current_ptr
   27 00000000                 IMPORT           _tx_timer_list_start
   28 00000000                 IMPORT           _tx_timer_list_end
   29 00000000                 IMPORT           _tx_timer_expired_time_slice
   30 00000000                 IMPORT           _tx_timer_expired
   31 00000000                 IMPORT           _tx_thread_time_slice
   32 00000000                 IMPORT           _tx_timer_expiration_process
   33 00000000                 IMPORT           _tx_thread_current_ptr
   34 00000000                 IMPORT           _tx_thread_execute_ptr
   35 00000000                 IMPORT           _tx_thread_preempt_disable
   36 00000000         ;
   37 00000000         ;
   38 00000000                 AREA             ||.text||, CODE, READONLY
   39 00000000                 PRESERVE8
   40 00000000         ; 
   41 00000000         ; 
   42 00000000         ; 
   43 00000000         ; 
   44 00000000         ; 
   45 00000000         ; 
   46 00000000         ; 
   47 00000000         ; 
   48 00000000         ; 
   49 00000000         ; 
   50 00000000         ; 
   51 00000000         ; 
   52 00000000         ; 
   53 00000000         ; 
   54 00000000         ; 
   55 00000000         ; 
   56 00000000         ; 
   57 00000000         ; 



ARM Macro Assembler    Page 2 


   58 00000000         ; 
   59 00000000         ; 
   60 00000000         ; 
   61 00000000         ; 
   62 00000000         ; 
   63 00000000         ; 
   64 00000000         ; 
   65 00000000         ; 
   66 00000000         ; 
   67 00000000         ; 
   68 00000000         ; 
   69 00000000         ; 
   70 00000000         ; 
   71 00000000         ; 
   72 00000000         ; 
   73 00000000         ; 
   74 00000000         ; 
   75 00000000         ; 
   76 00000000         ; 
   77 00000000         ; 
   78 00000000         ; 
   79 00000000         ; 
   80 00000000         ; 
   81 00000000         ; 
   82 00000000         ;VOID   _tx_timer_interrupt(VOID)
   83 00000000         ;{
   84 00000000                 EXPORT           _tx_timer_interrupt
   85 00000000         _tx_timer_interrupt
   86 00000000         ;
   87 00000000         ;    
   88 00000000         
   89 00000000         
   90 00000000         ;
   91 00000000         ;     
   92 00000000         ;    _tx_timer_system_clock++;
   93 00000000         ;
   94 00000000 4923            LDR              r1, =_tx_timer_system_clock ; P
                                                            ickup address of sy
                                                            stem clock
   95 00000002 6808            LDR              r0, [r1, #0] ; Pickup system cl
                                                            ock
   96 00000004 1C40            ADDS             r0, r0, #1  ; Increment system 
                                                            clock
   97 00000006 6008            STR              r0, [r1, #0] ; Store new system
                                                             clock
   98 00000008         ;
   99 00000008         ;     
  100 00000008         ;    if (_tx_timer_time_slice)
  101 00000008         ;    {
  102 00000008         ;
  103 00000008 4B22            LDR              r3, =_tx_timer_time_slice ; Pic
                                                            kup address of time
                                                            -slice
  104 0000000A 681A            LDR              r2, [r3, #0] 
                                                            ; Pickup time-slice
                                                            
  105 0000000C 2A00            CMP              r2, #0      ; Is it non-active?
                                                            
  106 0000000E D006            BEQ              __tx_timer_no_time_slice ; Yes,



ARM Macro Assembler    Page 3 


                                                             skip time-slice pr
                                                            ocessing
  107 00000010         ;
  108 00000010         ;        
  109 00000010         ;       _tx_timer_time_slice--;
  110 00000010         ;
  111 00000010 1E52            SUBS             r2, r2, #1  ; Decrement the tim
                                                            e-slice
  112 00000012 601A            STR              r2, [r3, #0] ; Store new time-s
                                                            lice value
  113 00000014         ;
  114 00000014         ;        
  115 00000014         ;       if (__tx_timer_time_slice == 0)
  116 00000014         ;
  117 00000014 2A00            CMP              r2, #0      ; Has it expired?
  118 00000016 D102            BNE              __tx_timer_no_time_slice ; No, 
                                                            skip expiration pro
                                                            cessing
  119 00000018         ;
  120 00000018         ;        
  121 00000018         ;       _tx_timer_expired_time_slice =  TX_TRUE;
  122 00000018         ;
  123 00000018 4B1F            LDR              r3, =_tx_timer_expired_time_sli
ce 
                                                            ; Pickup address of
                                                             expired flag
  124 0000001A 2001            MOVS             r0, #1      ; Build expired val
                                                            ue
  125 0000001C 6018            STR              r0, [r3, #0] ; Set time-slice e
                                                            xpiration flag
  126 0000001E         ;
  127 0000001E         ;    }
  128 0000001E         ;
  129 0000001E         __tx_timer_no_time_slice
  130 0000001E         ;
  131 0000001E         ;     
  132 0000001E         ;    if (*_tx_timer_current_ptr)
  133 0000001E         ;    {
  134 0000001E         ;
  135 0000001E 491F            LDR              r1, =_tx_timer_current_ptr ; Pi
                                                            ckup current timer 
                                                            pointer address
  136 00000020 6808            LDR              r0, [r1, #0] ; Pickup current t
                                                            imer
  137 00000022 6802            LDR              r2, [r0, #0] ; Pickup timer lis
                                                            t entry
  138 00000024 2A00            CMP              r2, #0      ; Is there anything
                                                             in the list?
  139 00000026 D003            BEQ              __tx_timer_no_timer ; No, just 
                                                            increment the timer
                                                            
  140 00000028         ;
  141 00000028         ;         
  142 00000028         ;        _tx_timer_expired =  TX_TRUE;
  143 00000028         ;
  144 00000028 4B1D            LDR              r3, =_tx_timer_expired ; Pickup
                                                             expiration flag ad
                                                            dress
  145 0000002A 2201            MOVS             r2, #1      ; Build expired val



ARM Macro Assembler    Page 4 


                                                            ue
  146 0000002C 601A            STR              r2, [r3, #0] ; Set expired flag
                                                            
  147 0000002E E007            B                __tx_timer_done ; Finished time
                                                            r processing
  148 00000030         ;
  149 00000030         ;    }
  150 00000030         ;    else
  151 00000030         ;    {
  152 00000030         __tx_timer_no_timer
  153 00000030         ;
  154 00000030         ;         
  155 00000030         ;        _tx_timer_current_ptr++;
  156 00000030         ;
  157 00000030 1D00            ADDS             r0, r0, #4  ; Move to next time
                                                            r
  158 00000032         ;
  159 00000032         ;         
  160 00000032         ;        if (_tx_timer_current_ptr == _tx_timer_list_end
                       )
  161 00000032         ;
  162 00000032 4B1C            LDR              r3, =_tx_timer_list_end ; Picku
                                                            p addr of timer lis
                                                            t end
  163 00000034 681A            LDR              r2, [r3, #0] ; Pickup list end
  164 00000036 4290            CMP              r0, r2      ; Are we at list en
                                                            d?
  165 00000038 D101            BNE              __tx_timer_skip_wrap ; No, skip
                                                             wrap-around logic
  166 0000003A         ;
  167 0000003A         ;             
  168 0000003A         ;            _tx_timer_current_ptr =  _tx_timer_list_sta
                       rt;
  169 0000003A         ;
  170 0000003A 4B1B            LDR              r3, =_tx_timer_list_start ; Pic
                                                            kup addr of timer l
                                                            ist start
  171 0000003C 6818            LDR              r0, [r3, #0] ; Set current poin
                                                            ter to list start
  172 0000003E         ;
  173 0000003E         __tx_timer_skip_wrap
  174 0000003E         ;
  175 0000003E 6008            STR              r0, [r1, #0] ; Store new curren
                                                            t timer pointer
  176 00000040         ;    }
  177 00000040         ;
  178 00000040         __tx_timer_done
  179 00000040         ;
  180 00000040         ;
  181 00000040         ;     
  182 00000040         ;    if ((_tx_timer_expired_time_slice) || (_tx_timer_ex
                       pired))
  183 00000040         ;    {
  184 00000040         ;
  185 00000040 4B15            LDR              r3, =_tx_timer_expired_time_sli
ce 
                                                            ; Pickup addr of ex
                                                            pired flag
  186 00000042 681A            LDR              r2, [r3, #0] ; Pickup time-slic



ARM Macro Assembler    Page 5 


                                                            e expired flag
  187 00000044 2A00            CMP              r2, #0      ; Did a time-slice 
                                                            expire?
  188 00000046 D103            BNE              __tx_something_expired ; If non
                                                            -zero, time-slice e
                                                            xpired
  189 00000048 4915            LDR              r1, =_tx_timer_expired ; Pickup
                                                             addr of other expi
                                                            red flag
  190 0000004A 6808            LDR              r0, [r1, #0] ; Pickup timer exp
                                                            ired flag
  191 0000004C 2800            CMP              r0, #0      ; Did a timer expir
                                                            e?
  192 0000004E D01B            BEQ              __tx_timer_nothing_expired ; No
                                                            , nothing expired
  193 00000050         ;
  194 00000050         __tx_something_expired
  195 00000050         ;
  196 00000050         ;
  197 00000050 B501            PUSH             {r0, lr}    ; Save the lr regis
                                                            ter on the stack
  198 00000052         ;   and save r0 just to keep 8-byte alignment
  199 00000052         ;
  200 00000052         ;     
  201 00000052         ;    if (_tx_timer_expired)
  202 00000052         ;    {
  203 00000052         ;
  204 00000052 4913            LDR              r1, =_tx_timer_expired ; Pickup
                                                             addr of expired fl
                                                            ag
  205 00000054 6808            LDR              r0, [r1, #0] ; Pickup timer exp
                                                            ired flag
  206 00000056 2800            CMP              r0, #0      ; Check for timer e
                                                            xpiration
  207 00000058 D001            BEQ              __tx_timer_dont_activate ; If n
                                                            ot set, skip timer 
                                                            activation
  208 0000005A         ;
  209 0000005A         ;         
  210 0000005A         ;        _tx_timer_expiration_process();
  211 0000005A         ;
  212 0000005A F7FF FFFE       BL               _tx_timer_expiration_process ; 
                                                            Call the timer expi
                                                            ration handling rou
                                                            tine
  213 0000005E         ;
  214 0000005E         ;    }
  215 0000005E         __tx_timer_dont_activate
  216 0000005E         ;
  217 0000005E         ;     
  218 0000005E         ;    if (_tx_timer_expired_time_slice)
  219 0000005E         ;    {
  220 0000005E         ;
  221 0000005E 4B0E            LDR              r3, =_tx_timer_expired_time_sli
ce 
                                                            ; Pickup addr of ti
                                                            me-slice expired
  222 00000060 681A            LDR              r2, [r3, #0] ; Pickup the actua
                                                            l flag



ARM Macro Assembler    Page 6 


  223 00000062 2A00            CMP              r2, #0      ; See if the flag i
                                                            s set
  224 00000064 D00E            BEQ              __tx_timer_not_ts_expiration ; 
                                                            No, skip time-slice
                                                             processing
  225 00000066         ;
  226 00000066         ;         
  227 00000066         ;        _tx_thread_time_slice();
  228 00000066         ;
  229 00000066 F7FF FFFE       BL               _tx_thread_time_slice ; Call ti
                                                            me-slice processing
                                                            
  230 0000006A 4810            LDR              r0, =_tx_thread_preempt_disable
 
                                                            ; Build address of 
                                                            preempt disable fla
                                                            g
  231 0000006C 6801            LDR              r1, [r0]    ; Is the preempt di
                                                            sable flag set?
  232 0000006E 2900            CMP              r1, #0      ;
  233 00000070 D108            BNE              __tx_timer_skip_time_slice ; Ye
                                                            s, skip the PendSV 
                                                            logic
  234 00000072 480F            LDR              r0, =_tx_thread_current_ptr ; B
                                                            uild current thread
                                                             pointer address
  235 00000074 6801            LDR              r1, [r0]    ; Pickup the curren
                                                            t thread pointer
  236 00000076 4A0F            LDR              r2, =_tx_thread_execute_ptr ; B
                                                            uild execute thread
                                                             pointer address
  237 00000078 6813            LDR              r3, [r2]    ; Pickup the execut
                                                            e thread pointer
  238 0000007A 480F            LDR              r0, =0xE000ED04 ; Build address
                                                             of control registe
                                                            r
  239 0000007C 4A0F            LDR              r2, =0x10000000 ; Build value f
                                                            or PendSV bit
  240 0000007E 4299            CMP              r1, r3      ; Are they the same
                                                            ?
  241 00000080 D000            BEQ              __tx_timer_skip_time_slice ; If
                                                             the same, there wa
                                                            s no time-slice per
                                                            formed
  242 00000082 6002            STR              r2, [r0]    ; Not the same, iss
                                                            ue the PendSV for p
                                                            reemption
  243 00000084         __tx_timer_skip_time_slice
  244 00000084         ;
  245 00000084         ;    }
  246 00000084         ;
  247 00000084         __tx_timer_not_ts_expiration
  248 00000084         ;
  249 00000084 BC03            POP              {r0, r1}    ; Recover lr regist
                                                            er (r0 is just ther
                                                            e for
  250 00000086 468E            MOV              lr, r1      ;   the 8-byte stac
                                                            k alignment
  251 00000088         ;



ARM Macro Assembler    Page 7 


  252 00000088         ;    }
  253 00000088         ;
  254 00000088         __tx_timer_nothing_expired
  255 00000088         
  256 00000088 F3BF 8F4F       DSB                          ; Complete all memo
                                                            ry access
  257 0000008C 4770            BX               lr          ; Return to caller
  258 0000008E         ;
  259 0000008E         ;}
  260 0000008E 00 00           ALIGN
  261 00000090 00000000 
              00000000 
              00000000 
              00000000 
              00000000 
              00000000 
              00000000 
              00000000 
              00000000 
              00000000 
              E000ED04 
              10000000         LTORG
  262 000000C0                 END
Command Line: --debug --xref --cpreproc --diag_suppress=9931 --cpu=Cortex-M0 --
apcs=interwork --depend=.\objects\tx_timer_interrupt.d -o.\objects\tx_timer_int
errupt.o --predefine="__MICROLIB SETA 1" --predefine="__UVISION_VERSION SETA 53
6" --predefine="TX_ENABLE_FPU_SUPPORT SETA 1" --predefine="TX_EXECUTION_PROFILE
_ENABLE SETA 1" --predefine="TX_ENABLE_EXECUTION_CHANGE_NOTIFY SETA 1" --predef
ine="TX_LOW_POWER SETA 1" --list=.\listings\tx_timer_interrupt.lst ..\Compents\
ThreadX\ports\cortex_m0\ac5\src\tx_timer_interrupt.s



ARM Macro Assembler    Page 1 Alphabetic symbol ordering
Relocatable symbols

__tx_something_expired 00000050

Symbol: __tx_something_expired
   Definitions
      At line 194 in file ..\\Compents\\ThreadX\\ports\\cortex_m0\\ac5\\src\\tx
_timer_interrupt.s
   Uses
      At line 188 in file ..\\Compents\\ThreadX\\ports\\cortex_m0\\ac5\\src\\tx
_timer_interrupt.s
Comment: __tx_something_expired used once
__tx_timer_done 00000040

Symbol: __tx_timer_done
   Definitions
      At line 178 in file ..\\Compents\\ThreadX\\ports\\cortex_m0\\ac5\\src\\tx
_timer_interrupt.s
   Uses
      At line 147 in file ..\\Compents\\ThreadX\\ports\\cortex_m0\\ac5\\src\\tx
_timer_interrupt.s
Comment: __tx_timer_done used once
__tx_timer_dont_activate 0000005E

Symbol: __tx_timer_dont_activate
   Definitions
      At line 215 in file ..\\Compents\\ThreadX\\ports\\cortex_m0\\ac5\\src\\tx
_timer_interrupt.s
   Uses
      At line 207 in file ..\\Compents\\ThreadX\\ports\\cortex_m0\\ac5\\src\\tx
_timer_interrupt.s
Comment: __tx_timer_dont_activate used once
__tx_timer_no_time_slice 0000001E

Symbol: __tx_timer_no_time_slice
   Definitions
      At line 129 in file ..\\Compents\\ThreadX\\ports\\cortex_m0\\ac5\\src\\tx
_timer_interrupt.s
   Uses
      At line 106 in file ..\\Compents\\ThreadX\\ports\\cortex_m0\\ac5\\src\\tx
_timer_interrupt.s
      At line 118 in file ..\\Compents\\ThreadX\\ports\\cortex_m0\\ac5\\src\\tx
_timer_interrupt.s

__tx_timer_no_timer 00000030

Symbol: __tx_timer_no_timer
   Definitions
      At line 152 in file ..\\Compents\\ThreadX\\ports\\cortex_m0\\ac5\\src\\tx
_timer_interrupt.s
   Uses
      At line 139 in file ..\\Compents\\ThreadX\\ports\\cortex_m0\\ac5\\src\\tx
_timer_interrupt.s
Comment: __tx_timer_no_timer used once
__tx_timer_not_ts_expiration 00000084

Symbol: __tx_timer_not_ts_expiration
   Definitions
      At line 247 in file ..\\Compents\\ThreadX\\ports\\cortex_m0\\ac5\\src\\tx
_timer_interrupt.s
   Uses



ARM Macro Assembler    Page 2 Alphabetic symbol ordering
Relocatable symbols

      At line 224 in file ..\\Compents\\ThreadX\\ports\\cortex_m0\\ac5\\src\\tx
_timer_interrupt.s
Comment: __tx_timer_not_ts_expiration used once
__tx_timer_nothing_expired 00000088

Symbol: __tx_timer_nothing_expired
   Definitions
      At line 254 in file ..\\Compents\\ThreadX\\ports\\cortex_m0\\ac5\\src\\tx
_timer_interrupt.s
   Uses
      At line 192 in file ..\\Compents\\ThreadX\\ports\\cortex_m0\\ac5\\src\\tx
_timer_interrupt.s
Comment: __tx_timer_nothing_expired used once
__tx_timer_skip_time_slice 00000084

Symbol: __tx_timer_skip_time_slice
   Definitions
      At line 243 in file ..\\Compents\\ThreadX\\ports\\cortex_m0\\ac5\\src\\tx
_timer_interrupt.s
   Uses
      At line 233 in file ..\\Compents\\ThreadX\\ports\\cortex_m0\\ac5\\src\\tx
_timer_interrupt.s
      At line 241 in file ..\\Compents\\ThreadX\\ports\\cortex_m0\\ac5\\src\\tx
_timer_interrupt.s

__tx_timer_skip_wrap 0000003E

Symbol: __tx_timer_skip_wrap
   Definitions
      At line 173 in file ..\\Compents\\ThreadX\\ports\\cortex_m0\\ac5\\src\\tx
_timer_interrupt.s
   Uses
      At line 165 in file ..\\Compents\\ThreadX\\ports\\cortex_m0\\ac5\\src\\tx
_timer_interrupt.s
Comment: __tx_timer_skip_wrap used once
_tx_timer_interrupt 00000000

Symbol: _tx_timer_interrupt
   Definitions
      At line 85 in file ..\\Compents\\ThreadX\\ports\\cortex_m0\\ac5\\src\\tx_
timer_interrupt.s
   Uses
      At line 84 in file ..\\Compents\\ThreadX\\ports\\cortex_m0\\ac5\\src\\tx_
timer_interrupt.s
Comment: _tx_timer_interrupt used once
|.text| 00000000

Symbol: |.text|
   Definitions
      At line 38 in file ..\\Compents\\ThreadX\\ports\\cortex_m0\\ac5\\src\\tx_
timer_interrupt.s
   Uses
      None
Comment: |.text| unused
11 symbols



ARM Macro Assembler    Page 1 Alphabetic symbol ordering
External symbols

_tx_thread_current_ptr 00000000

Symbol: _tx_thread_current_ptr
   Definitions
      At line 33 in file ..\\Compents\\ThreadX\\ports\\cortex_m0\\ac5\\src\\tx_
timer_interrupt.s
   Uses
      At line 234 in file ..\\Compents\\ThreadX\\ports\\cortex_m0\\ac5\\src\\tx
_timer_interrupt.s
Comment: _tx_thread_current_ptr used once
_tx_thread_execute_ptr 00000000

Symbol: _tx_thread_execute_ptr
   Definitions
      At line 34 in file ..\\Compents\\ThreadX\\ports\\cortex_m0\\ac5\\src\\tx_
timer_interrupt.s
   Uses
      At line 236 in file ..\\Compents\\ThreadX\\ports\\cortex_m0\\ac5\\src\\tx
_timer_interrupt.s
Comment: _tx_thread_execute_ptr used once
_tx_thread_preempt_disable 00000000

Symbol: _tx_thread_preempt_disable
   Definitions
      At line 35 in file ..\\Compents\\ThreadX\\ports\\cortex_m0\\ac5\\src\\tx_
timer_interrupt.s
   Uses
      At line 230 in file ..\\Compents\\ThreadX\\ports\\cortex_m0\\ac5\\src\\tx
_timer_interrupt.s
Comment: _tx_thread_preempt_disable used once
_tx_thread_time_slice 00000000

Symbol: _tx_thread_time_slice
   Definitions
      At line 31 in file ..\\Compents\\ThreadX\\ports\\cortex_m0\\ac5\\src\\tx_
timer_interrupt.s
   Uses
      At line 229 in file ..\\Compents\\ThreadX\\ports\\cortex_m0\\ac5\\src\\tx
_timer_interrupt.s
Comment: _tx_thread_time_slice used once
_tx_timer_current_ptr 00000000

Symbol: _tx_timer_current_ptr
   Definitions
      At line 26 in file ..\\Compents\\ThreadX\\ports\\cortex_m0\\ac5\\src\\tx_
timer_interrupt.s
   Uses
      At line 135 in file ..\\Compents\\ThreadX\\ports\\cortex_m0\\ac5\\src\\tx
_timer_interrupt.s
Comment: _tx_timer_current_ptr used once
_tx_timer_expiration_process 00000000

Symbol: _tx_timer_expiration_process
   Definitions
      At line 32 in file ..\\Compents\\ThreadX\\ports\\cortex_m0\\ac5\\src\\tx_
timer_interrupt.s
   Uses
      At line 212 in file ..\\Compents\\ThreadX\\ports\\cortex_m0\\ac5\\src\\tx
_timer_interrupt.s



ARM Macro Assembler    Page 2 Alphabetic symbol ordering
External symbols

Comment: _tx_timer_expiration_process used once
_tx_timer_expired 00000000

Symbol: _tx_timer_expired
   Definitions
      At line 30 in file ..\\Compents\\ThreadX\\ports\\cortex_m0\\ac5\\src\\tx_
timer_interrupt.s
   Uses
      At line 144 in file ..\\Compents\\ThreadX\\ports\\cortex_m0\\ac5\\src\\tx
_timer_interrupt.s
      At line 189 in file ..\\Compents\\ThreadX\\ports\\cortex_m0\\ac5\\src\\tx
_timer_interrupt.s
      At line 204 in file ..\\Compents\\ThreadX\\ports\\cortex_m0\\ac5\\src\\tx
_timer_interrupt.s

_tx_timer_expired_time_slice 00000000

Symbol: _tx_timer_expired_time_slice
   Definitions
      At line 29 in file ..\\Compents\\ThreadX\\ports\\cortex_m0\\ac5\\src\\tx_
timer_interrupt.s
   Uses
      At line 123 in file ..\\Compents\\ThreadX\\ports\\cortex_m0\\ac5\\src\\tx
_timer_interrupt.s
      At line 185 in file ..\\Compents\\ThreadX\\ports\\cortex_m0\\ac5\\src\\tx
_timer_interrupt.s
      At line 221 in file ..\\Compents\\ThreadX\\ports\\cortex_m0\\ac5\\src\\tx
_timer_interrupt.s

_tx_timer_list_end 00000000

Symbol: _tx_timer_list_end
   Definitions
      At line 28 in file ..\\Compents\\ThreadX\\ports\\cortex_m0\\ac5\\src\\tx_
timer_interrupt.s
   Uses
      At line 162 in file ..\\Compents\\ThreadX\\ports\\cortex_m0\\ac5\\src\\tx
_timer_interrupt.s
Comment: _tx_timer_list_end used once
_tx_timer_list_start 00000000

Symbol: _tx_timer_list_start
   Definitions
      At line 27 in file ..\\Compents\\ThreadX\\ports\\cortex_m0\\ac5\\src\\tx_
timer_interrupt.s
   Uses
      At line 170 in file ..\\Compents\\ThreadX\\ports\\cortex_m0\\ac5\\src\\tx
_timer_interrupt.s
Comment: _tx_timer_list_start used once
_tx_timer_system_clock 00000000

Symbol: _tx_timer_system_clock
   Definitions
      At line 25 in file ..\\Compents\\ThreadX\\ports\\cortex_m0\\ac5\\src\\tx_
timer_interrupt.s
   Uses
      At line 94 in file ..\\Compents\\ThreadX\\ports\\cortex_m0\\ac5\\src\\tx_
timer_interrupt.s
Comment: _tx_timer_system_clock used once



ARM Macro Assembler    Page 3 Alphabetic symbol ordering
External symbols

_tx_timer_time_slice 00000000

Symbol: _tx_timer_time_slice
   Definitions
      At line 24 in file ..\\Compents\\ThreadX\\ports\\cortex_m0\\ac5\\src\\tx_
timer_interrupt.s
   Uses
      At line 103 in file ..\\Compents\\ThreadX\\ports\\cortex_m0\\ac5\\src\\tx
_timer_interrupt.s
Comment: _tx_timer_time_slice used once
12 symbols
361 symbols in table
