Component: ARM Compiler 5.06 update 7 (build 960) Tool: armlink [4d3601]

==============================================================================

Section Cross References

    main.o(i.DispthreadInfo) refers to uart.o(i.INFO) for INFO
    main.o(i.DispthreadInfo) refers to f2d.o(.text) for __aeabi_f2d
    main.o(i.DispthreadInfo) refers to main.o(.bss) for thread_block_start
    main.o(i.DispthreadInfo) refers to main.o(.conststring) for .conststring
    main.o(i.DispthreadInfo) refers to main.o(.data) for OSCPUUsage
    main.o(i.OSStatInit) refers to tx_thread_sleep.o(i._tx_thread_sleep) for _tx_thread_sleep
    main.o(i.OSStatInit) refers to main.o(.data) for OSStatRdy
    main.o(i.main) refers to user_init.o(i.Init_System) for Init_System
    main.o(i.main) refers to uart.o(i.Uartx_Init) for Uartx_Init
    main.o(i.main) refers to tim.o(i.BSTIM_Init) for BSTIM_Init
    main.o(i.main) refers to uart.o(i.LPUART0_Init) for LPUART0_Init
    main.o(i.main) refers to gpio.o(i.App_PortCfg) for App_PortCfg
    main.o(i.main) refers to iic.o(i.I2C_Init) for I2C_Init
    main.o(i.main) refers to spi.o(i.SpiInit) for SpiInit
    main.o(i.main) refers to tx_initialize_kernel_enter.o(i._tx_initialize_kernel_enter) for _tx_initialize_kernel_enter
    main.o(i.thread_50ms_timer_init) refers to txe_timer_create.o(i._txe_timer_create) for _txe_timer_create
    main.o(i.thread_50ms_timer_init) refers to systick.o(i.tx_TimerCallback) for tx_TimerCallback
    main.o(i.thread_50ms_timer_init) refers to main.o(.bss) for AppTimer
    main.o(i.thread_idle) refers to main.o(.data) for OSIdleCtr
    main.o(i.thread_start) refers to main.o(i.OSStatInit) for OSStatInit
    main.o(i.thread_start) refers to control_center.o(i.FuncInit) for FuncInit
    main.o(i.thread_start) refers to w25x40clsnig.o(i.SpiFlash_Init) for SpiFlash_Init
    main.o(i.thread_start) refers to communicate.o(i.lwrbDataInit) for lwrbDataInit
    main.o(i.thread_start) refers to user_init.o(i.IWDT_Init) for IWDT_Init
    main.o(i.thread_start) refers to user_init.o(i.IWDT_Clr) for IWDT_Clr
    main.o(i.thread_start) refers to main.o(i.thread_50ms_timer_init) for thread_50ms_timer_init
    main.o(i.thread_start) refers to txe_thread_create.o(i._txe_thread_create) for _txe_thread_create
    main.o(i.thread_start) refers to txe_thread_delete.o(i._txe_thread_delete) for _txe_thread_delete
    main.o(i.thread_start) refers to main.o(.bss) for thread_stack_communicate
    main.o(i.thread_start) refers to communicate.o(i.thread_communicate) for thread_communicate
    main.o(i.thread_start) refers to communicate.o(i.thread_sensor) for thread_sensor
    main.o(i.thread_start) refers to gpio.o(i.thread_led) for thread_led
    main.o(i.thread_start) refers to im8601pa.o(i.thread_pir) for thread_pir
    main.o(i.thread_start) refers to epd.o(i.thread_display) for thread_display
    main.o(i.thread_start) refers to communicate.o(i.thread_deepsleep) for thread_deepsleep
    main.o(i.thread_status) refers to tx_thread_sleep.o(i._tx_thread_sleep) for _tx_thread_sleep
    main.o(i.thread_status) refers to uidiv.o(.text) for __aeabi_uidivmod
    main.o(i.thread_status) refers to ffltui.o(.text) for __aeabi_ui2f
    main.o(i.thread_status) refers to fdiv.o(.text) for __aeabi_fdiv
    main.o(i.thread_status) refers to fadd.o(.text) for __aeabi_frsub
    main.o(i.thread_status) refers to main.o(.data) for OSStatRdy
    main.o(i.tx_application_define) refers to txe_mutex_create.o(i._txe_mutex_create) for _txe_mutex_create
    main.o(i.tx_application_define) refers to txe_event_flags_create.o(i._txe_event_flags_create) for _txe_event_flags_create
    main.o(i.tx_application_define) refers to txe_event_flags_set_notify.o(i._txe_event_flags_set_notify) for _txe_event_flags_set_notify
    main.o(i.tx_application_define) refers to txe_thread_create.o(i._txe_thread_create) for _txe_thread_create
    main.o(i.tx_application_define) refers to main.o(.bss) for mutex_info
    main.o(i.tx_application_define) refers to main.o(i.event_group_notify) for event_group_notify
    main.o(i.tx_application_define) refers to main.o(i.thread_start) for thread_start
    main.o(i.tx_application_define) refers to main.o(i.thread_status) for thread_status
    main.o(i.tx_application_define) refers to main.o(i.thread_idle) for thread_idle
    adc.o(i.ADC_BatterySglConvert) refers to fm33a0xxev_cmu.o(i.CMU_PERCLK_SetableEx) for CMU_PERCLK_SetableEx
    adc.o(i.ADC_BatterySglConvert) refers to user_init.o(i.OutputIO) for OutputIO
    adc.o(i.ADC_BatterySglConvert) refers to fm33a0xxev_gpio.o(i.GPIO_ResetBits) for GPIO_ResetBits
    adc.o(i.ADC_BatterySglConvert) refers to tx_thread_sleep.o(i._tx_thread_sleep) for _tx_thread_sleep
    adc.o(i.ADC_BatterySglConvert) refers to user_init.o(i.AnalogIO) for AnalogIO
    adc.o(i.ADC_BatterySglConvert) refers to fm33a0xxev_gpio.o(i.GPIOx_ANEN_Setable) for GPIOx_ANEN_Setable
[...]
    0x00006b50   0x00006b50   0x0000000c   Code   RO         3396    i.BSTIM_PSCR_Write  fm33a0xxev_bstim.o
    0x00006b5c   0x00006b5c   0x00000012   Code   RO         3536    i.BTx_CFGR1_GRP1SEL_Set  fm33a0xxev_bt.o
    0x00006b6e   0x00006b6e   0x00000018   Code   RO         3566    i.BTx_CR1_CLEN_Setable  fm33a0xxev_bt.o
    0x00006b86   0x00006b86   0x00000018   Code   RO         3568    i.BTx_CR1_EDGESEL_Set  fm33a0xxev_bt.o
    0x00006b9e   0x00006b9e   0x00000018   Code   RO         3570    i.BTx_CR1_MODE_Set  fm33a0xxev_bt.o
    0x00006bb6   0x00006bb6   0x00000018   Code   RO         3572    i.BTx_CR1_PWM_Setable  fm33a0xxev_bt.o
    0x00006bce   0x00006bce   0x00000018   Code   RO         3574    i.BTx_CR2_CNTHSEL_Set  fm33a0xxev_bt.o
    0x00006be6   0x00006be6   0x00000018   Code   RO         3582    i.BTx_CR2_SIG2SEL_Set  fm33a0xxev_bt.o
    0x00006bfe   0x00006bfe   0x00000018   Code   RO         3586    i.BTx_CR2_STDIR_Setable  fm33a0xxev_bt.o
    0x00006c16   0x00006c16   0x00000018   Code   RO         3611    i.BTx_LOADCR_LLEN_Setable  fm33a0xxev_bt.o
    0x00006c2e   0x00006c2e   0x00000006   Code   RO         3615    i.BTx_LOADL_Write   fm33a0xxev_bt.o
    0x00006c34   0x00006c34   0x00000018   Code   RO         3617    i.BTx_OCR_OUTCLR_Set  fm33a0xxev_bt.o
    0x00006c4c   0x00006c4c   0x00000018   Code   RO         3619    i.BTx_OCR_OUTINV_Set  fm33a0xxev_bt.o
    0x00006c64   0x00006c64   0x00000018   Code   RO         3621    i.BTx_OCR_OUTMOD_Set  fm33a0xxev_bt.o
    0x00006c7c   0x00006c7c   0x00000012   Code   RO         3623    i.BTx_OCR_OUTSEL_Set  fm33a0xxev_bt.o
    0x00006c8e   0x00006c8e   0x00000008   Code   RO         3625    i.BTx_OUTCNT_Write  fm33a0xxev_bt.o
    0x00006c96   0x00006c96   0x00000006   Code   RO         3631    i.BTx_PRES_Write    fm33a0xxev_bt.o
    0x00006c9c   0x00006c9c   0x000000c4   Code   RO         1282    i.BeepTimerInit     tim.o
    0x00006d60   0x00006d60   0x00000018   Code   RO         4136    i.CDIF_CR_INTF_EN_Setable  fm33a0xxev_cdif.o
    0x00006d78   0x00006d78   0x00000138   Code   RO         4184    i.CMU_GetClocksFreq  fm33a0xxev_cmu.o
    0x00006eb0   0x00006eb0   0x00000068   Code   RO         4194    i.CMU_Init_RCHF_Trim  fm33a0xxev_cmu.o
    0x00006f18   0x00006f18   0x00000024   Code   RO         4196    i.CMU_OPCCR1_EXTICKE_Setable  fm33a0xxev_cmu.o
    0x00006f3c   0x00006f3c   0x00000020   Code   RO         4198    i.CMU_OPCCR1_EXTICKSEL_Set  fm33a0xxev_cmu.o
    0x00006f5c   0x00006f5c   0x00000028   Code   RO         4200    i.CMU_OPCCR1_I2C0CKE_Setable  fm33a0xxev_cmu.o
    0x00006f84   0x00006f84   0x00000020   Code   RO         4202    i.CMU_OPCCR1_I2C0CKS_Set  fm33a0xxev_cmu.o
    0x00006fa4   0x00006fa4   0x00000028   Code   RO         4204    i.CMU_OPCCR1_I2C1CKE_Setable  fm33a0xxev_cmu.o
    0x00006fcc   0x00006fcc   0x00000020   Code   RO         4206    i.CMU_OPCCR1_I2C1CKS_Set  fm33a0xxev_cmu.o
    0x00006fec   0x00006fec   0x00000028   Code   RO         4208    i.CMU_OPCCR1_LPUART0CKE_Setable  fm33a0xxev_cmu.o
    0x00007014   0x00007014   0x00000020   Code   RO         4210    i.CMU_OPCCR1_LPUART0CKS_Set  fm33a0xxev_cmu.o
    0x00007034   0x00007034   0x00000028   Code   RO         4216    i.CMU_OPCCR1_UART0CKE_Setable  fm33a0xxev_cmu.o
    0x0000705c   0x0000705c   0x0000001c   Code   RO         4218    i.CMU_OPCCR1_UART0CKS_Set  fm33a0xxev_cmu.o
    0x00007078   0x00007078   0x00000028   Code   RO         4220    i.CMU_OPCCR1_UART1CKE_Setable  fm33a0xxev_cmu.o
    0x000070a0   0x000070a0   0x00000020   Code   RO         4222    i.CMU_OPCCR1_UART1CKS_Set  fm33a0xxev_cmu.o
    0x000070c0   0x000070c0   0x00000024   Code   RO         4224    i.CMU_OPCCR2_BSTCKE_Setable  fm33a0xxev_cmu.o
    0x000070e4   0x000070e4   0x0000001c   Code   RO         4226    i.CMU_OPCCR2_BSTCKS_Set  fm33a0xxev_cmu.o
    0x00007100   0x00007100   0x00000028   Code   RO         4228    i.CMU_OPCCR2_LPTCKE_Setable  fm33a0xxev_cmu.o
    0x00007128   0x00007128   0x00000020   Code   RO         4230    i.CMU_OPCCR2_LPTCKS_Set  fm33a0xxev_cmu.o
    0x00007148   0x00007148   0x00000028   Code   RO         4232    i.CMU_OPCCR2_NVMCKE_Setable  fm33a0xxev_cmu.o
    0x00007170   0x00007170   0x00000068   Code   RO         4237    i.CMU_PERCLK_SetableEx  fm33a0xxev_cmu.o
    0x000071d8   0x000071d8   0x00000018   Code   RO         4238    i.CMU_PLLHCR_EN_Getable  fm33a0xxev_cmu.o
    0x000071f0   0x000071f0   0x00000010   Code   RO         4243    i.CMU_PLLHCR_OSEL_Get  fm33a0xxev_cmu.o
    0x00007200   0x00007200   0x00000014   Code   RO         4245    i.CMU_PLLHCR_PLLHDB_Get  fm33a0xxev_cmu.o
    0x00007214   0x00007214   0x00000010   Code   RO         4255    i.CMU_RCHFCR_FSEL_Get  fm33a0xxev_cmu.o
    0x00007224   0x00007224   0x00000020   Code   RO         4256    i.CMU_RCHFCR_FSEL_Set  fm33a0xxev_cmu.o
    0x00007244   0x00007244   0x00000018   Code   RO         4257    i.CMU_RCHFCR_RCHFEN_Getable  fm33a0xxev_cmu.o
    0x0000725c   0x0000725c   0x00000024   Code   RO         4258    i.CMU_RCHFCR_RCHFEN_Setable  fm33a0xxev_cmu.o
    0x00007280   0x00007280   0x00000018   Code   RO         4260    i.CMU_RCHFTR_RCHFTRIM_Set  fm33a0xxev_cmu.o
    0x00007298   0x00007298   0x00000012   Code   RO         4261    i.CMU_RCHF_Init     fm33a0xxev_cmu.o
    0x000072aa   0x000072aa   0x00000002   PAD
    0x000072ac   0x000072ac   0x00000010   Code   RO         4262    i.CMU_SYSCLKCR_AHBPRES_Get  fm33a0xxev_cmu.o
    0x000072bc   0x000072bc   0x00000020   Code   RO         4263    i.CMU_SYSCLKCR_AHBPRES_Set  fm33a0xxev_cmu.o
    0x000072dc   0x000072dc   0x00000010   Code   RO         4264    i.CMU_SYSCLKCR_APBPRES_Get  fm33a0xxev_cmu.o
    0x000072ec   0x000072ec   0x00000020   Code   RO         4265    i.CMU_SYSCLKCR_APBPRES_Set  fm33a0xxev_cmu.o
    0x0000730c   0x0000730c   0x00000028   Code   RO         4267    i.CMU_SYSCLKCR_SLP_ENEXTI_Setable  fm33a0xxev_cmu.o
    0x00007334   0x00007334   0x00000010   Code   RO         4270    i.CMU_SYSCLKCR_SYSCLKSEL_Get  fm33a0xxev_cmu.o
    0x00007344   0x00007344   0x0000001c   Code   RO         4271    i.CMU_SYSCLKCR_SYSCLKSEL_Set  fm33a0xxev_cmu.o
    0x00007360   0x00007360   0x0000001e   Code   RO         4272    i.CMU_SysClk_Init   fm33a0xxev_cmu.o
    0x0000737e   0x0000737e   0x00000002   PAD
    0x00007380   0x00007380   0x000000bc   Code   RO          349    i.Calculate_Battery  adc.o
    0x0000743c   0x0000743c   0x0000003c   Code   RO         1622    i.CloseIO           user_init.o
    0x00007478   0x00007478   0x00000584   Code   RO        16124    i.CountPenalty      qr_encode.o
    0x000079fc   0x000079fc   0x0000000a   Code   RO         1623    i.DEBUG_Init        user_init.o
    0x00007a06   0x00007a06   0x00000002   PAD
    0x00007a08   0x00007a08   0x0000004c   Code   RO         1473    i.DebugHexInfo      uart.o
    0x00007a54   0x00007a54   0x00000150   Code   RO          399    i.DeciceEvent_Process  communicate.o
    0x00007ba4   0x00007ba4   0x00000398   Code   RO          400    i.DeviceStateProcess  communicate.o
    0x00007f3c   0x00007f3c   0x00000194   Code   RO          401    i.Device_PeriodicReport  communicate.o
    0x000080d0   0x000080d0   0x000000e4   Code   RO          402    i.Device_SensorDataReport  communicate.o
    0x000081b4   0x000081b4   0x00000020   Code   RO        13452    i.ENTER_DEEP_SLEEP  epd.o
    0x000081d4   0x000081d4   0x00000084   Code   RO        13453    i.EPD_Clear         epd.o
    0x00008258   0x00008258   0x00000168   Code   RO        13455    i.EPD_Custom_Number24_Show_Other  epd.o
    0x000083c0   0x000083c0   0x00000124   Code   RO        13457    i.EPD_Custom_Number24_Show_TempHumi  epd.o
    0x000084e4   0x000084e4   0x000000a8   Code   RO        13458    i.EPD_Display       epd.o
    0x0000858c   0x0000858c   0x00000074   Code   RO        13459    i.EPD_Display_Du    epd.o
    0x00008600   0x00008600   0x000000ac   Code   RO        13460    i.EPD_Init          epd.o
    0x000086ac   0x000086ac   0x00000060   Code   RO        13461    i.EPD_PortCfg       epd.o
    0x0000870c   0x0000870c   0x00000030   Code   RO        13462    i.EPD_RESET         epd.o
    0x0000873c   0x0000873c   0x0000001a   Code   RO        13463    i.EPD_Rfresh_MCU    epd.o
    0x00008756   0x00008756   0x0000001a   Code   RO        13464    i.EPD_Rfresh_OTP    epd.o
    0x00008770   0x00008770   0x0000001c   Code   RO        13465    i.EPD_ShowClean     epd.o
    0x0000878c   0x0000878c   0x000001bc   Code   RO        13466    i.EPD_ShowDevEUI    epd.o
    0x00008948   0x00008948   0x00000080   Code   RO        13467    i.EPD_ShowFirmUpdate  epd.o
    0x000089c8   0x000089c8   0x00000074   Code   RO        13468    i.EPD_ShowLoading   epd.o
    0x00008a3c   0x00008a3c   0x00000c48   Code   RO        13469    i.EPD_ShowUpdate    epd.o
    0x00009684   0x00009684   0x00000310   Code   RO        16125    i.EncodeData        qr_encode.o
    0x00009994   0x00009994   0x00000804   Code   RO        16126    i.EncodeSourceData  qr_encode.o
    0x0000a198   0x0000a198   0x00000130   Code   RO          656    i.FLASH_Read_DevADDR_AppSKEY_NwkSKEY  flash.o
    0x0000a2c8   0x0000a2c8   0x00000124   Code   RO          657    i.FLASH_Read_DevEUI_AppEUI_AppKEY  flash.o
    0x0000a3ec   0x0000a3ec   0x000000b4   Code   RO          658    i.FLASH_Read_Device_Work_Mode  flash.o
    0x0000a4a0   0x0000a4a0   0x00000078   Code   RO          659    i.FLASH_Read_EPD_Show_Mode  flash.o
    0x0000a518   0x0000a518   0x000000b8   Code   RO          660    i.FLASH_Read_LoRaWAN_Port_Class  flash.o
    0x0000a5d0   0x0000a5d0   0x0000001a   Code   RO          661    i.FLASH_Read_NWord  flash.o
    0x0000a5ea   0x0000a5ea   0x00000020   Code   RO          662    i.FLASH_Read_Param  flash.o
    0x0000a60a   0x0000a60a   0x00000002   PAD
    0x0000a60c   0x0000a60c   0x0000013c   Code   RO          663    i.FLASH_Read_Report_Interval  flash.o
    0x0000a748   0x0000a748   0x00000090   Code   RO          664    i.FLASH_Read_Temperature_Offset  flash.o
    0x0000a7d8   0x0000a7d8   0x00000058   Code   RO          666    i.FLASH_Reset_Param  flash.o
    0x0000a830   0x0000a830   0x000000b4   Code   RO          667    i.FLASH_Write_DevADDR_AppSKEY_NwkSKEY  flash.o
    0x0000a8e4   0x0000a8e4   0x000000b4   Code   RO          668    i.FLASH_Write_DevEUI_AppEUI_AppKEY  flash.o
    0x0000a998   0x0000a998   0x0000002c   Code   RO          669    i.FLASH_Write_Device_Work_Mode  flash.o
    0x0000a9c4   0x0000a9c4   0x00000030   Code   RO          670    i.FLASH_Write_EPD_Show_Mode  flash.o
    0x0000a9f4   0x0000a9f4   0x00000028   Code   RO          671    i.FLASH_Write_LoRaWAN_Port_Class  flash.o
    0x0000aa1c   0x0000aa1c   0x00000074   Code   RO          672    i.FLASH_Write_NWord  flash.o
    0x0000aa90   0x0000aa90   0x00000054   Code   RO          673    i.FLASH_Write_Report_Interval  flash.o
    0x0000aae4   0x0000aae4   0x00000028   Code   RO          674    i.FLASH_Write_Temperature_Offset  flash.o
    0x0000ab0c   0x0000ab0c   0x00000020   Code   RO          675    i.FLASH_Write_Update_Flag  flash.o
    0x0000ab2c   0x0000ab2c   0x0000001c   Code   RO         6273    i.FLS_EPCR_EREQ_Set  fm33a0xxev_flash.o
    0x0000ab48   0x0000ab48   0x00000020   Code   RO         6275    i.FLS_EPCR_ERTYPE_Set  fm33a0xxev_flash.o
    0x0000ab68   0x0000ab68   0x00000020   Code   RO         6277    i.FLS_EPCR_PREQ_Set  fm33a0xxev_flash.o
    0x0000ab88   0x0000ab88   0x00000018   Code   RO         6295    i.FLS_ISR_ERD_Chk   fm33a0xxev_flash.o
    0x0000aba0   0x0000aba0   0x0000000c   Code   RO         6296    i.FLS_ISR_ERD_Clr   fm33a0xxev_flash.o
    0x0000abac   0x0000abac   0x00000010   Code   RO         6298    i.FLS_ISR_KEYERR_Clr  fm33a0xxev_flash.o
    0x0000abbc   0x0000abbc   0x00000018   Code   RO         6302    i.FLS_ISR_PRD_Chk   fm33a0xxev_flash.o
    0x0000abd4   0x0000abd4   0x0000000c   Code   RO         6303    i.FLS_ISR_PRD_Clr   fm33a0xxev_flash.o
    0x0000abe0   0x0000abe0   0x0000000c   Code   RO         6304    i.FLS_KEY_Write     fm33a0xxev_flash.o
    0x0000abec   0x0000abec   0x0000001c   Code   RO         6316    i.FLS_RDCR_WAIT_Set  fm33a0xxev_flash.o
    0x0000ac08   0x0000ac08   0x00000060   Code   RO          807    i.FUNC_KEY_DOUBLE_CLICK_Handler  gpio.o
    0x0000ac68   0x0000ac68   0x000000c0   Code   RO          808    i.FUNC_KEY_LONG_RRESS_START_Handler  gpio.o
    0x0000ad28   0x0000ad28   0x000000e8   Code   RO          809    i.FUNC_KEY_SINGLE_CLICK_Handler  gpio.o
    0x0000ae10   0x0000ae10   0x00000080   Code   RO          676    i.FlashPageErase    flash.o
    0x0000ae90   0x0000ae90   0x000000bc   Code   RO        16127    i.FormatModule      qr_encode.o
    0x0000af4c   0x0000af4c   0x00000190   Code   RO          587    i.FuncInit          control_center.o
    0x0000b0dc   0x0000b0dc   0x00000010   Code   RO         6565    i.GPIOH_DO_Write    fm33a0xxev_gpio.o
    0x0000b0ec   0x0000b0ec   0x00000012   Code   RO          810    i.GPIOH_OUTPUT_L    gpio.o
    0x0000b0fe   0x0000b0fe   0x00000002   PAD
    0x0000b100   0x0000b100   0x000000fc   Code   RO         6573    i.GPIO_EXTI_EXTIDF_Setable  fm33a0xxev_gpio.o
    0x0000b1fc   0x0000b1fc   0x000000f4   Code   RO         6575    i.GPIO_EXTI_EXTIISR_ChkEx  fm33a0xxev_gpio.o
    0x0000b2f0   0x0000b2f0   0x000000ec   Code   RO         6576    i.GPIO_EXTI_EXTIISR_ClrEx  fm33a0xxev_gpio.o
    0x0000b3dc   0x0000b3dc   0x0000003a   Code   RO         6577    i.GPIO_EXTI_Init    fm33a0xxev_gpio.o
    0x0000b416   0x0000b416   0x00000002   PAD
    0x0000b418   0x0000b418   0x0000010c   Code   RO         6578    i.GPIO_EXTI_Select_Edge  fm33a0xxev_gpio.o
    0x0000b524   0x0000b524   0x00000134   Code   RO         6579    i.GPIO_EXTI_Select_Pin  fm33a0xxev_gpio.o
    0x0000b658   0x0000b658   0x00000094   Code   RO         6584    i.GPIO_Get_InitPara  fm33a0xxev_gpio.o
    0x0000b6ec   0x0000b6ec   0x00000148   Code   RO          811    i.GPIO_IRQHandler   gpio.o
    0x0000b834   0x0000b834   0x00000072   Code   RO         6589    i.GPIO_Init         fm33a0xxev_gpio.o
    0x0000b8a6   0x0000b8a6   0x0000001a   Code   RO          812    i.GPIO_OUTPUT_L     gpio.o
    0x0000b8c0   0x0000b8c0   0x00000020   Code   RO         6590    i.GPIO_PINWKEN_SetableEx  fm33a0xxev_gpio.o
    0x0000b8e0   0x0000b8e0   0x00000014   Code   RO         6595    i.GPIO_ReadInputDataBit  fm33a0xxev_gpio.o
    0x0000b8f4   0x0000b8f4   0x00000014   Code   RO         6597    i.GPIO_ReadOutputDataBit  fm33a0xxev_gpio.o
    0x0000b908   0x0000b908   0x00000004   Code   RO         6598    i.GPIO_ResetBits    fm33a0xxev_gpio.o
    0x0000b90c   0x0000b90c   0x00000004   Code   RO         6599    i.GPIO_SetBits      fm33a0xxev_gpio.o
    0x0000b910   0x0000b910   0x00000290   Code   RO          813    i.GPIO_Sleep_Config  gpio.o
    0x0000bba0   0x0000bba0   0x0000001c   Code   RO         6604    i.GPIOx_DFS_Setable  fm33a0xxev_gpio.o
    0x0000bbbc   0x0000bbbc   0x000000a4   Code   RO        16128    i.GetBitLength      qr_encode.o
    0x0000bc60   0x0000bc60   0x000000ec   Code   RO        16129    i.GetEncodeVersion  qr_encode.o
    0x0000bd4c   0x0000bd4c   0x00000090   Code   RO        16130    i.GetRSCodeWord     qr_encode.o
    0x0000bddc   0x0000bddc   0x00000032   Code   RO        12670    i.HP203B_Check      hp203b.o
    0x0000be0e   0x0000be0e   0x0000001a   Code   RO         6913    i.I2C_BaudREG_Calc  fm33a0xxev_i2c.o
    0x0000be28   0x0000be28   0x00000100   Code   RO          945    i.I2C_Init          iic.o
    0x0000bf28   0x0000bf28   0x00000054   Code   RO          946    i.I2C_Receive_Byte  iic.o
    0x0000bf7c   0x0000bf7c   0x000000bc   Code   RO          947    i.I2C_Send_Bit      iic.o
    0x0000c038   0x0000c038   0x00000060   Code   RO          948    i.I2C_Send_Byte     iic.o
    0x0000c098   0x0000c098   0x00000018   Code   RO         6915    i.I2Cx_BRG_MSPBRGH_Set  fm33a0xxev_i2c.o
    0x0000c0b0   0x0000c0b0   0x0000000a   Code   RO         6916    i.I2Cx_BRG_MSPBRGL_Get  fm33a0xxev_i2c.o
    0x0000c0ba   0x0000c0ba   0x00000012   Code   RO         6917    i.I2Cx_BRG_MSPBRGL_Set  fm33a0xxev_i2c.o
    0x0000c0cc   0x0000c0cc   0x00000008   Code   RO         6918    i.I2Cx_BUF_Read     fm33a0xxev_i2c.o
    0x0000c0d4   0x0000c0d4   0x00000006   Code   RO         6919    i.I2Cx_BUF_Write    fm33a0xxev_i2c.o
    0x0000c0da   0x0000c0da   0x00000018   Code   RO         6923    i.I2Cx_CFGR_MSPEN_Setable  fm33a0xxev_i2c.o
    0x0000c0f2   0x0000c0f2   0x00000018   Code   RO         6927    i.I2Cx_CFGR_TOEN_Setable  fm33a0xxev_i2c.o
    0x0000c10a   0x0000c10a   0x00000018   Code   RO         6929    i.I2Cx_CR_PEN_Setable  fm33a0xxev_i2c.o
    0x0000c122   0x0000c122   0x00000018   Code   RO         6931    i.I2Cx_CR_RCEN_Setable  fm33a0xxev_i2c.o
    0x0000c13a   0x0000c13a   0x00000018   Code   RO         6933    i.I2Cx_CR_RSEN_Setable  fm33a0xxev_i2c.o
    0x0000c152   0x0000c152   0x00000018   Code   RO         6935    i.I2Cx_CR_SEN_Setable  fm33a0xxev_i2c.o
    0x0000c16a   0x0000c16a   0x00000002   PAD
    0x0000c16c   0x0000c16c   0x00000044   Code   RO         6936    i.I2Cx_Deinit       fm33a0xxev_i2c.o
    0x0000c1b0   0x0000c1b0   0x00000050   Code   RO          950    i.I2Cx_IRQHandler   iic.o
    0x0000c200   0x0000c200   0x00000014   Code   RO         6951    i.I2Cx_ISR_ACKSTA_Chk  fm33a0xxev_i2c.o
    0x0000c214   0x0000c214   0x00000006   Code   RO         6952    i.I2Cx_ISR_ACKSTA_Clr  fm33a0xxev_i2c.o
    0x0000c21a   0x0000c21a   0x00000014   Code   RO         6955    i.I2Cx_ISR_P_Chk    fm33a0xxev_i2c.o
    0x0000c22e   0x0000c22e   0x00000014   Code   RO         6956    i.I2Cx_ISR_RXIF_Chk  fm33a0xxev_i2c.o
    0x0000c242   0x0000c242   0x00000006   Code   RO         6957    i.I2Cx_ISR_RXIF_Clr  fm33a0xxev_i2c.o
    0x0000c248   0x0000c248   0x00000014   Code   RO         6958    i.I2Cx_ISR_S_Chk    fm33a0xxev_i2c.o
    0x0000c25c   0x0000c25c   0x00000014   Code   RO         6959    i.I2Cx_ISR_TXIF_Chk  fm33a0xxev_i2c.o
    0x0000c270   0x0000c270   0x00000006   Code   RO         6960    i.I2Cx_ISR_TXIF_Clr  fm33a0xxev_i2c.o
    0x0000c276   0x0000c276   0x00000012   Code   RO         6964    i.I2Cx_SR_ACKMO_Set  fm33a0xxev_i2c.o
    0x0000c288   0x0000c288   0x00000008   Code   RO         6969    i.I2Cx_TIMING_Write  fm33a0xxev_i2c.o
    0x0000c290   0x0000c290   0x0000000a   Code   RO         6970    i.I2Cx_TO_Read      fm33a0xxev_i2c.o
    0x0000c29a   0x0000c29a   0x00000008   Code   RO         6971    i.I2Cx_TO_Write     fm33a0xxev_i2c.o
    0x0000c2a2   0x0000c2a2   0x00000002   PAD
    0x0000c2a4   0x0000c2a4   0x00000054   Code   RO         1475    i.INFO              uart.o
    0x0000c2f8   0x0000c2f8   0x00000030   Code   RO         1476    i.INFO_SendData     uart.o
    0x0000c328   0x0000c328   0x00000010   Code   RO         1624    i.IWDT_Clr          user_init.o
    0x0000c338   0x0000c338   0x00000020   Code   RO         1625    i.IWDT_Init         user_init.o
    0x0000c358   0x0000c358   0x0000001c   Code   RO         1626    i.Init_RCHF         user_init.o
    0x0000c374   0x0000c374   0x00000018   Code   RO         1627    i.Init_SysClk       user_init.o
    0x0000c38c   0x0000c38c   0x00000012   Code   RO         1628    i.Init_SysClk_Gen   user_init.o
    0x0000c39e   0x0000c39e   0x00000002   PAD
    0x0000c3a0   0x0000c3a0   0x00000048   Code   RO         1629    i.Init_SysTick      user_init.o
    0x0000c3e8   0x0000c3e8   0x00000032   Code   RO         1630    i.Init_System       user_init.o
    0x0000c41a   0x0000c41a   0x00000074   Code   RO         1631    i.InputtIO          user_init.o
    0x0000c48e   0x0000c48e   0x00000046   Code   RO        16131    i.IsAlphabetData    qr_encode.o
    0x0000c4d4   0x0000c4d4   0x00000032   Code   RO        16133    i.IsKanjiData       qr_encode.o
    0x0000c506   0x0000c506   0x00000012   Code   RO        16134    i.IsNumeralData     qr_encode.o
    0x0000c518   0x0000c518   0x00000038   Code   RO        16135    i.KanjiToBinaly     qr_encode.o
    0x0000c550   0x0000c550   0x0000000c   Code   RO         7724    i.LPTIM_ARR_Write   fm33a0xxev_lptim.o
    0x0000c55c   0x0000c55c   0x00000020   Code   RO         7768    i.LPTIM_CFGR_DIVSEL_Set  fm33a0xxev_lptim.o
    0x0000c57c   0x0000c57c   0x00000028   Code   RO         7772    i.LPTIM_CFGR_ETR_AFEN_Setable  fm33a0xxev_lptim.o
    0x0000c5a4   0x0000c5a4   0x00000020   Code   RO         7774    i.LPTIM_CFGR_ONST_Set  fm33a0xxev_lptim.o
    0x0000c5c4   0x0000c5c4   0x00000020   Code   RO         7776    i.LPTIM_CFGR_PSCSEL_Set  fm33a0xxev_lptim.o
    0x0000c5e4   0x0000c5e4   0x0000001c   Code   RO         7778    i.LPTIM_CFGR_TMODE_Set  fm33a0xxev_lptim.o
    0x0000c600   0x0000c600   0x00000024   Code   RO         7783    i.LPTIM_CR_EN_Setable  fm33a0xxev_lptim.o
    0x0000c624   0x0000c624   0x00000024   Code   RO         7794    i.LPTIM_IER_OVIE_Setable  fm33a0xxev_lptim.o
    0x0000c648   0x0000c648   0x000002c0   Code   RO         1283    i.LPTIM_IRQHandler  tim.o
    0x0000c908   0x0000c908   0x00000018   Code   RO         7821    i.LPTIM_ISR_OVIF_Chk  fm33a0xxev_lptim.o
    0x0000c920   0x0000c920   0x0000000c   Code   RO         7822    i.LPTIM_ISR_OVIF_Clr  fm33a0xxev_lptim.o
    0x0000c92c   0x0000c92c   0x00000068   Code   RO         1284    i.LPTIM_Init        tim.o
    0x0000c994   0x0000c994   0x000000b4   Code   RO         1477    i.LPUART0_IRQHandler  uart.o
    0x0000ca48   0x0000ca48   0x000000b8   Code   RO         1478    i.LPUART0_Init      uart.o
    0x0000cb00   0x0000cb00   0x00000012   Code   RO         8354    i.LPUARTx_BMR_BAUD_Set  fm33a0xxev_lpuart.o
    0x0000cb12   0x0000cb12   0x00000002   PAD
    0x0000cb14   0x0000cb14   0x00000018   Code   RO         8356    i.LPUARTx_BMR_MCTL_Set  fm33a0xxev_lpuart.o
    0x0000cb2c   0x0000cb2c   0x00000018   Code   RO         8365    i.LPUARTx_CSR_PARITY_Set  fm33a0xxev_lpuart.o
    0x0000cb44   0x0000cb44   0x00000018   Code   RO         8367    i.LPUARTx_CSR_PDSEL_Set  fm33a0xxev_lpuart.o
    0x0000cb5c   0x0000cb5c   0x00000018   Code   RO         8369    i.LPUARTx_CSR_RXEN_Setable  fm33a0xxev_lpuart.o
    0x0000cb74   0x0000cb74   0x0000001a   Code   RO         8375    i.LPUARTx_CSR_STOPCFG_Set  fm33a0xxev_lpuart.o
    0x0000cb8e   0x0000cb8e   0x00000018   Code   RO         8377    i.LPUARTx_CSR_TXEN_Setable  fm33a0xxev_lpuart.o
    0x0000cba6   0x0000cba6   0x00000016   Code   RO         8385    i.LPUARTx_IER_RXBF_IE_Getable  fm33a0xxev_lpuart.o
    0x0000cbbc   0x0000cbbc   0x0000001a   Code   RO         8386    i.LPUARTx_IER_RXBF_IE_Setable  fm33a0xxev_lpuart.o
    0x0000cbd6   0x0000cbd6   0x00000014   Code   RO         8393    i.LPUARTx_IER_TXSE_IE_Getable  fm33a0xxev_lpuart.o
    0x0000cbea   0x0000cbea   0x00000016   Code   RO         8401    i.LPUARTx_ISR_RXBF_Chk  fm33a0xxev_lpuart.o
    0x0000cc00   0x0000cc00   0x00000008   Code   RO         8402    i.LPUARTx_ISR_RXBF_Clr  fm33a0xxev_lpuart.o
    0x0000cc08   0x0000cc08   0x00000014   Code   RO         8405    i.LPUARTx_ISR_TXBE_Chk  fm33a0xxev_lpuart.o
    0x0000cc1c   0x0000cc1c   0x00000014   Code   RO         8408    i.LPUARTx_ISR_TXSE_Chk  fm33a0xxev_lpuart.o
    0x0000cc30   0x0000cc30   0x00000006   Code   RO         8409    i.LPUARTx_ISR_TXSE_Clr  fm33a0xxev_lpuart.o
    0x0000cc36   0x0000cc36   0x0000000a   Code   RO         8410    i.LPUARTx_RXBUF_Read  fm33a0xxev_lpuart.o
    0x0000cc40   0x0000cc40   0x00000008   Code   RO         8411    i.LPUARTx_TXBUF_Write  fm33a0xxev_lpuart.o
    0x0000cc48   0x0000cc48   0x00000020   Code   RO        12800    i.LightIntensity_Check  ltr_3xxals_01.o
    0x0000cc68   0x0000cc68   0x000003d4   Code   RO         2538    i.LoRaWAN_Init      lorawan_apply.o
    0x0000d03c   0x0000d03c   0x000003c4   Code   RO         2539    i.LoRaWAN_JoinInit  lorawan_apply.o
    0x0000d400   0x0000d400   0x0000000c   Code   RO         2540    i.LoRa_DelayMs      lorawan_apply.o
    0x0000d40c   0x0000d40c   0x00000016   Code   RO         1479    i.LoRa_SendCMD      uart.o
    0x0000d422   0x0000d422   0x00000002   PAD
    0x0000d424   0x0000d424   0x00000050   Code   RO         1480    i.LoRa_SendData     uart.o
    0x0000d474   0x0000d474   0x0000008c   Code   RO         2541    i.MDK_MONTH         lorawan_apply.o
    0x0000d500   0x0000d500   0x000000a4   Code   RO         1178    i.NMI_Handler       systick.o
    0x0000d5a4   0x0000d5a4   0x00000040   Code   RO            4    i.OSStatInit        main.o
    0x0000d5e4   0x0000d5e4   0x00000072   Code   RO         1633    i.OutputIO          user_init.o
    0x0000d656   0x0000d656   0x00000002   PAD
    0x0000d658   0x0000d658   0x00000070   Code   RO         1634    i.OutputIO_H        user_init.o
    0x0000d6c8   0x0000d6c8   0x00000394   Code   RO        12732    i.PIR_Init          im8601pa.o
    0x0000da5c   0x0000da5c   0x00000034   Code   RO        12733    i.PIR_ReadEnd       im8601pa.o
    0x0000da90   0x0000da90   0x00000020   Code   RO         8984    i.PMU_CR_CVS_Set    fm33a0xxev_pmu.o
    0x0000dab0   0x0000dab0   0x0000001c   Code   RO         8988    i.PMU_CR_PMOD_Set   fm33a0xxev_pmu.o
    0x0000dacc   0x0000dacc   0x00000020   Code   RO         8990    i.PMU_CR_SLPDP_Set  fm33a0xxev_pmu.o
    0x0000daec   0x0000daec   0x00000020   Code   RO         8992    i.PMU_CR_WKFSEL_Set  fm33a0xxev_pmu.o
    0x0000db0c   0x0000db0c   0x0000004c   Code   RO         1179    i.PMU_LpRunCfg      systick.o
    0x0000db58   0x0000db58   0x0000004c   Code   RO         1180    i.PMU_SleepCfg      systick.o
    0x0000dba4   0x0000dba4   0x00000034   Code   RO         9002    i.PMU_SleepCfg_Init  fm33a0xxev_pmu.o
    0x0000dbd8   0x0000dbd8   0x00000018   Code   RO         9018    i.PMU_WKFR_WKPxF_Chk  fm33a0xxev_pmu.o
    0x0000dbf0   0x0000dbf0   0x0000000c   Code   RO         9019    i.PMU_WKFR_WKPxF_Clr  fm33a0xxev_pmu.o
    0x0000dbfc   0x0000dbfc   0x0000001c   Code   RO         9023    i.PMU_WKTR_T1A_Set  fm33a0xxev_pmu.o
    0x0000dc18   0x0000dc18   0x00000084   Code   RO         1976    i.Paint_Clear       gui_paint.o
    0x0000dc9c   0x0000dc9c   0x000000b2   Code   RO         1980    i.Paint_DrawBitMap_Paste  gui_paint.o
    0x0000dd4e   0x0000dd4e   0x00000002   PAD
    0x0000dd50   0x0000dd50   0x0000015c   Code   RO         1981    i.Paint_DrawChar    gui_paint.o
    0x0000deac   0x0000deac   0x0000014c   Code   RO         1983    i.Paint_DrawLine    gui_paint.o
    0x0000dff8   0x0000dff8   0x000000ec   Code   RO         1984    i.Paint_DrawNum     gui_paint.o
    0x0000e0e4   0x0000e0e4   0x00000148   Code   RO         1985    i.Paint_DrawPoint   gui_paint.o
    0x0000e22c   0x0000e22c   0x000000c8   Code   RO         1988    i.Paint_DrawString_EN  gui_paint.o
    0x0000e2f4   0x0000e2f4   0x00000070   Code   RO         1990    i.Paint_NewImage    gui_paint.o
    0x0000e364   0x0000e364   0x0000000c   Code   RO         1991    i.Paint_SelectImage  gui_paint.o
    0x0000e370   0x0000e370   0x00000240   Code   RO         1993    i.Paint_SetPixel    gui_paint.o
    0x0000e5b0   0x0000e5b0   0x00000070   Code   RO        13470    i.READBUSY          epd.o
    0x0000e620   0x0000e620   0x00000074   Code   RO        13471    i.READBUSY_CALLBACK  epd.o
    0x0000e694   0x0000e694   0x00000024   Code   RO         9650    i.RMU_APBRST1_I2C1RST_Setable  fm33a0xxev_rmu.o
    0x0000e6b8   0x0000e6b8   0x00000024   Code   RO         9688    i.RMU_APBRST2_I2C0RST_Setable  fm33a0xxev_rmu.o
    0x0000e6dc   0x0000e6dc   0x00000024   Code   RO         9708    i.RMU_BORCR_OFF_BOR_Setable  fm33a0xxev_rmu.o
    0x0000e700   0x0000e700   0x00000020   Code   RO         9711    i.RMU_PDRCR_PDRCFG_Set  fm33a0xxev_rmu.o
    0x0000e720   0x0000e720   0x00000024   Code   RO         9713    i.RMU_PDRCR_PDREN_Setable  fm33a0xxev_rmu.o
    0x0000e744   0x0000e744   0x0000000c   Code   RO         9714    i.RMU_PRSTEN_Write  fm33a0xxev_rmu.o
    0x0000e750   0x0000e750   0x0000002c   Code   RO          814    i.RST_KEY_DOUBLE_CLICK_Handler  gpio.o
    0x0000e77c   0x0000e77c   0x00000090   Code   RO          815    i.RST_KEY_LONG_RRESS_START_Handler  gpio.o
    0x0000e80c   0x0000e80c   0x00000070   Code   RO          816    i.RST_KEY_SINGLE_CLICK_Handler  gpio.o
    0x0000e87c   0x0000e87c   0x00000020   Code   RO        10321    i.RTC_ALARM_ALARMHOUR_Set  fm33a0xxev_rtc.o
    0x0000e89c   0x0000e89c   0x00000020   Code   RO        10323    i.RTC_ALARM_ALARMMIN_Set  fm33a0xxev_rtc.o
    0x0000e8bc   0x0000e8bc   0x0000001c   Code   RO        10325    i.RTC_ALARM_ALARMSEC_Set  fm33a0xxev_rtc.o
    0x0000e8d8   0x0000e8d8   0x00000024   Code   RO        10327    i.RTC_ALARM_ALMEN_Setable  fm33a0xxev_rtc.o
    0x0000e8fc   0x0000e8fc   0x000000d8   Code   RO         1285    i.RTC_AlarmInit     tim.o
    0x0000e9d4   0x0000e9d4   0x0000001c   Code   RO        10328    i.RTC_AlarmTime_SetEx  fm33a0xxev_rtc.o
    0x0000e9f0   0x0000e9f0   0x00000010   Code   RO        10329    i.RTC_BCDDATE_Read  fm33a0xxev_rtc.o
    0x0000ea00   0x0000ea00   0x00000010   Code   RO        10330    i.RTC_BCDDATE_Write  fm33a0xxev_rtc.o
    0x0000ea10   0x0000ea10   0x00000010   Code   RO        10331    i.RTC_BCDHOUR_Read  fm33a0xxev_rtc.o
    0x0000ea20   0x0000ea20   0x00000010   Code   RO        10332    i.RTC_BCDHOUR_Write  fm33a0xxev_rtc.o
    0x0000ea30   0x0000ea30   0x00000010   Code   RO        10333    i.RTC_BCDMIN_Read   fm33a0xxev_rtc.o
    0x0000ea40   0x0000ea40   0x00000010   Code   RO        10334    i.RTC_BCDMIN_Write  fm33a0xxev_rtc.o
    0x0000ea50   0x0000ea50   0x00000010   Code   RO        10335    i.RTC_BCDMONTH_Read  fm33a0xxev_rtc.o
    0x0000ea60   0x0000ea60   0x00000010   Code   RO        10336    i.RTC_BCDMONTH_Write  fm33a0xxev_rtc.o
    0x0000ea70   0x0000ea70   0x00000010   Code   RO        10337    i.RTC_BCDSEC_Read   fm33a0xxev_rtc.o
    0x0000ea80   0x0000ea80   0x00000010   Code   RO        10338    i.RTC_BCDSEC_Write  fm33a0xxev_rtc.o
    0x0000ea90   0x0000ea90   0x00000010   Code   RO        10339    i.RTC_BCDWEEK_Read  fm33a0xxev_rtc.o
    0x0000eaa0   0x0000eaa0   0x00000010   Code   RO        10340    i.RTC_BCDWEEK_Write  fm33a0xxev_rtc.o
    0x0000eab0   0x0000eab0   0x0000000c   Code   RO        10341    i.RTC_BCDYEAR_Read  fm33a0xxev_rtc.o
    0x0000eabc   0x0000eabc   0x0000000c   Code   RO        10342    i.RTC_BCDYEAR_Write  fm33a0xxev_rtc.o
    0x0000eac8   0x0000eac8   0x00000024   Code   RO        10346    i.RTC_CR_RTC_EN_Setable  fm33a0xxev_rtc.o
    0x0000eaec   0x0000eaec   0x00000056   Code   RO         1286    i.RTC_GetRTC        tim.o
    0x0000eb42   0x0000eb42   0x00000002   PAD
    0x0000eb44   0x0000eb44   0x00000028   Code   RO        10365    i.RTC_IER_ALARM_IE_Setable  fm33a0xxev_rtc.o
    0x0000eb6c   0x0000eb6c   0x00000038   Code   RO         1287    i.RTC_IRQHandler    tim.o
    0x0000eba4   0x0000eba4   0x0000001c   Code   RO        10388    i.RTC_ISR_ALARM_IF_Chk  fm33a0xxev_rtc.o
    0x0000ebc0   0x0000ebc0   0x00000010   Code   RO        10389    i.RTC_ISR_ALARM_IF_Clr  fm33a0xxev_rtc.o
    0x0000ebd0   0x0000ebd0   0x00000100   Code   RO         1288    i.RTC_Init          tim.o
    0x0000ecd0   0x0000ecd0   0x00000060   Code   RO         1289    i.RTC_SetRTC        tim.o
    0x0000ed30   0x0000ed30   0x00000030   Code   RO        10407    i.RTC_TimeDate_GetEx  fm33a0xxev_rtc.o
    0x0000ed60   0x0000ed60   0x00000030   Code   RO        10408    i.RTC_TimeDate_SetEx  fm33a0xxev_rtc.o
    0x0000ed90   0x0000ed90   0x00000024   Code   RO        10410    i.RTC_VCAL_PR1SEN_Setable  fm33a0xxev_rtc.o
    0x0000edb4   0x0000edb4   0x0000000c   Code   RO        10413    i.RTC_WER_Write     fm33a0xxev_rtc.o
    0x0000edc0   0x0000edc0   0x0000003c   Code   RO        13096    i.SCD4X_Check       scd4x.o
    0x0000edfc   0x0000edfc   0x00000010   Code   RO        13097    i.SCD4X_DeInit      scd4x.o
    0x0000ee0c   0x0000ee0c   0x00000070   Code   RO        13098    i.SCD4X_ForcedPPM   scd4x.o
    0x0000ee7c   0x0000ee7c   0x00000320   Code   RO        13099    i.SCD4X_Init        scd4x.o
    0x0000f19c   0x0000f19c   0x00000020   Code   RO        13100    i.SCD4X_ReStart     scd4x.o
    0x0000f1bc   0x0000f1bc   0x00000218   Code   RO        13101    i.SCD4X_Read_Periodic_Data  scd4x.o
    0x0000f3d4   0x0000f3d4   0x0000007c   Code   RO        13102    i.SCD4X_Start_Periodic  scd4x.o
    0x0000f450   0x0000f450   0x0000001c   Code   RO        13163    i.SGP4X_Check       sgp4x.o
    0x0000f46c   0x0000f46c   0x0000001c   Code   RO        13205    i.SHT40X_Check      sht40x.o
    0x0000f488   0x0000f488   0x00000090   Code   RO        13206    i.SHT40X_Init       sht40x.o
    0x0000f518   0x0000f518   0x00000074   Code   RO        13472    i.SPI4W_WRITECOM    epd.o
    0x0000f58c   0x0000f58c   0x00000074   Code   RO        13473    i.SPI4W_WRITEDATA   epd.o
    0x0000f600   0x0000f600   0x00000018   Code   RO        10931    i.SPIx_CR1_BAUD_Set  fm33a0xxev_spi.o
    0x0000f618   0x0000f618   0x00000012   Code   RO        10933    i.SPIx_CR1_CPHA_Set  fm33a0xxev_spi.o
    0x0000f62a   0x0000f62a   0x00000018   Code   RO        10935    i.SPIx_CR1_CPHOL_Set  fm33a0xxev_spi.o
    0x0000f642   0x0000f642   0x0000001a   Code   RO        10937    i.SPIx_CR1_IOSWAP_Set  fm33a0xxev_spi.o
    0x0000f65c   0x0000f65c   0x00000018   Code   RO        10939    i.SPIx_CR1_LSBF_Set  fm33a0xxev_spi.o
    0x0000f674   0x0000f674   0x0000001a   Code   RO        10941    i.SPIx_CR1_MM_Set   fm33a0xxev_spi.o
    0x0000f68e   0x0000f68e   0x00000018   Code   RO        10947    i.SPIx_CR1_WAIT_Set  fm33a0xxev_spi.o
    0x0000f6a6   0x0000f6a6   0x0000001a   Code   RO        10951    i.SPIx_CR2_DLEN_Set  fm33a0xxev_spi.o
    0x0000f6c0   0x0000f6c0   0x0000001a   Code   RO        10955    i.SPIx_CR2_HALFDUPLEX_Set  fm33a0xxev_spi.o
    0x0000f6da   0x0000f6da   0x0000001a   Code   RO        10959    i.SPIx_CR2_RXO_Setable  fm33a0xxev_spi.o
    0x0000f6f4   0x0000f6f4   0x00000018   Code   RO        10961    i.SPIx_CR2_SPIEN_Setable  fm33a0xxev_spi.o
    0x0000f70c   0x0000f70c   0x00000018   Code   RO        10963    i.SPIx_CR2_SSNM_Set  fm33a0xxev_spi.o
    0x0000f724   0x0000f724   0x00000018   Code   RO        10965    i.SPIx_CR2_SSNSEN_Setable  fm33a0xxev_spi.o
    0x0000f73c   0x0000f73c   0x00000018   Code   RO        10967    i.SPIx_CR2_SSN_Set  fm33a0xxev_spi.o
    0x0000f754   0x0000f754   0x00000018   Code   RO        10969    i.SPIx_CR2_TXO_AC_Setable  fm33a0xxev_spi.o
    0x0000f76c   0x0000f76c   0x00000018   Code   RO        10971    i.SPIx_CR2_TXO_Setable  fm33a0xxev_spi.o
    0x0000f784   0x0000f784   0x00000006   Code   RO        10972    i.SPIx_CR3_MERRC_Clr  fm33a0xxev_spi.o
    0x0000f78a   0x0000f78a   0x00000006   Code   RO        10973    i.SPIx_CR3_RXBFC_Clr  fm33a0xxev_spi.o
    0x0000f790   0x0000f790   0x00000006   Code   RO        10974    i.SPIx_CR3_SERRC_Clr  fm33a0xxev_spi.o
    0x0000f796   0x0000f796   0x00000006   Code   RO        10975    i.SPIx_CR3_TXBFC_Clr  fm33a0xxev_spi.o
    0x0000f79c   0x0000f79c   0x00000014   Code   RO        10987    i.SPIx_ISR_RXBF_Chk  fm33a0xxev_spi.o
    0x0000f7b0   0x0000f7b0   0x00000014   Code   RO        10991    i.SPIx_ISR_TXBE_Chk  fm33a0xxev_spi.o
    0x0000f7c4   0x0000f7c4   0x00000006   Code   RO        10994    i.SPIx_RXBUF_Read   fm33a0xxev_spi.o
    0x0000f7ca   0x0000f7ca   0x00000004   Code   RO        10995    i.SPIx_TXBUF_Write  fm33a0xxev_spi.o
    0x0000f7ce   0x0000f7ce   0x00000002   PAD
    0x0000f7d0   0x0000f7d0   0x00000064   Code   RO        16137    i.SetAlignmentPattern  qr_encode.o
    0x0000f834   0x0000f834   0x00000070   Code   RO        16138    i.SetBitStream      qr_encode.o
    0x0000f8a4   0x0000f8a4   0x000000a8   Code   RO        16139    i.SetCodeWordPattern  qr_encode.o
    0x0000f94c   0x0000f94c   0x0000004c   Code   RO        16140    i.SetFinderPattern  qr_encode.o
    0x0000f998   0x0000f998   0x00000150   Code   RO        16141    i.SetFormatInfoPattern  qr_encode.o
    0x0000fae8   0x0000fae8   0x000001b8   Code   RO        16142    i.SetFunctionModule  qr_encode.o
    0x0000fca0   0x0000fca0   0x000001a0   Code   RO        16143    i.SetMaskingPattern  qr_encode.o
    0x0000fe40   0x0000fe40   0x000000a0   Code   RO        16144    i.SetVersionPattern  qr_encode.o
    0x0000fee0   0x0000fee0   0x0000018c   Code   RO         1037    i.Spi2WriteReadNByte  spi.o
    0x0001006c   0x0001006c   0x00000078   Code   RO        12974    i.SpiFlash_Init     w25x40clsnig.o
    0x000100e4   0x000100e4   0x000000fc   Code   RO         1044    i.SpiInit           spi.o
    0x000101e0   0x000101e0   0x0000001c   Code   RO         1776    i.SystemInit        system_fm33a0xxev.o
    0x000101fc   0x000101fc   0x00000114   Code   RO         1181    i.SystemTimer       systick.o
    0x00010310   0x00010310   0x00000028   Code   RO         1635    i.TicksDelay        user_init.o
    0x00010338   0x00010338   0x00000028   Code   RO         1636    i.TicksDelayMs      user_init.o
    0x00010360   0x00010360   0x0000001c   Code   RO         1637    i.TicksDelayUs      user_init.o
    0x0001037c   0x0001037c   0x000000ac   Code   RO         1482    i.UART0_IRQHandler  uart.o
    0x00010428   0x00010428   0x00000040   Code   RO         1483    i.UART1_IRQHandler  uart.o
    0x00010468   0x00010468   0x000000a0   Code   RO         1484    i.UART2_IRQHandler  uart.o
    0x00010508   0x00010508   0x0000006c   Code   RO         1485    i.UART3_IRQHandler  uart.o
    0x00010574   0x00010574   0x00000040   Code   RO         1486    i.UART4_IRQHandler  uart.o
    0x000105b4   0x000105b4   0x0000009c   Code   RO         1487    i.UART5_IRQHandler  uart.o
    0x00010650   0x00010650   0x00000064   Code   RO        11953    i.UART_BaudREGCalc  fm33a0xxev_uart.o
    0x000106b4   0x000106b4   0x00000078   Code   RO        11956    i.UART_Init         fm33a0xxev_uart.o
    0x0001072c   0x0001072c   0x00000210   Code   RO        11957    i.UART_SInit        fm33a0xxev_uart.o
    0x0001093c   0x0001093c   0x00000006   Code   RO        11959    i.UARTx_BGR_Write   fm33a0xxev_uart.o
    0x00010942   0x00010942   0x00000018   Code   RO        11968    i.UARTx_CSR_PARITY_Set  fm33a0xxev_uart.o
    0x0001095a   0x0001095a   0x00000018   Code   RO        11970    i.UARTx_CSR_PDSEL_Set  fm33a0xxev_uart.o
    0x00010972   0x00010972   0x00000018   Code   RO        11972    i.UARTx_CSR_RXEN_Setable  fm33a0xxev_uart.o
    0x0001098a   0x0001098a   0x00000018   Code   RO        11974    i.UARTx_CSR_RXPOL_Setable  fm33a0xxev_uart.o
    0x000109a2   0x000109a2   0x0000001a   Code   RO        11978    i.UARTx_CSR_STOPCFG_Set  fm33a0xxev_uart.o
    0x000109bc   0x000109bc   0x00000018   Code   RO        11980    i.UARTx_CSR_TXEN_Setable  fm33a0xxev_uart.o
    0x000109d4   0x000109d4   0x0000001a   Code   RO        11982    i.UARTx_CSR_TXIREN_Setable  fm33a0xxev_uart.o
    0x000109ee   0x000109ee   0x00000018   Code   RO        11984    i.UARTx_CSR_TXPOL_Setable  fm33a0xxev_uart.o
    0x00010a06   0x00010a06   0x00000016   Code   RO        11986    i.UARTx_IER_RXBF_IE_Getable  fm33a0xxev_uart.o
    0x00010a1c   0x00010a1c   0x0000001a   Code   RO        11987    i.UARTx_IER_RXBF_IE_Setable  fm33a0xxev_uart.o
    0x00010a36   0x00010a36   0x0000001a   Code   RO        11989    i.UARTx_IER_RXERR_IE_Setable  fm33a0xxev_uart.o
    0x00010a50   0x00010a50   0x0000001a   Code   RO        11991    i.UARTx_IER_RXTO_IE_Setable  fm33a0xxev_uart.o
    0x00010a6a   0x00010a6a   0x00000018   Code   RO        11993    i.UARTx_IER_TXBE_IE_Setable  fm33a0xxev_uart.o
    0x00010a82   0x00010a82   0x00000014   Code   RO        11994    i.UARTx_IER_TXSE_IE_Getable  fm33a0xxev_uart.o
    0x00010a96   0x00010a96   0x00000018   Code   RO        11995    i.UARTx_IER_TXSE_IE_Setable  fm33a0xxev_uart.o
    0x00010aae   0x00010aae   0x00000016   Code   RO        12002    i.UARTx_ISR_RXBF_Chk  fm33a0xxev_uart.o
    0x00010ac4   0x00010ac4   0x00000014   Code   RO        12006    i.UARTx_ISR_TXBE_Chk  fm33a0xxev_uart.o
    0x00010ad8   0x00010ad8   0x00000014   Code   RO        12008    i.UARTx_ISR_TXSE_Chk  fm33a0xxev_uart.o
    0x00010aec   0x00010aec   0x00000006   Code   RO        12009    i.UARTx_ISR_TXSE_Clr  fm33a0xxev_uart.o
    0x00010af2   0x00010af2   0x0000000a   Code   RO        12010    i.UARTx_RXBUF_Read  fm33a0xxev_uart.o
    0x00010afc   0x00010afc   0x00000008   Code   RO        12016    i.UARTx_TXBUF_Write  fm33a0xxev_uart.o
    0x00010b04   0x00010b04   0x000001a0   Code   RO         1488    i.Uartx_Init        uart.o
    0x00010ca4   0x00010ca4   0x00000024   Code   RO        12406    i.VRTC_RCMFCR_EN_Setable  fm33a0xxev_vrtc.o
    0x00010cc8   0x00010cc8   0x0000001a   Code   RO         1049    i.W25X40_PowerDown  spi.o
    0x00010ce2   0x00010ce2   0x0000001c   Code   RO         1050    i.W25X40_ReleasePowerDown  spi.o
    0x00010cfe   0x00010cfe   0x00000002   PAD
    0x00010d00   0x00010d00   0x00000020   Code   RO        20684    i.__0printf         mc_p.l(printfa.o)
    0x00010d20   0x00010d20   0x00000038   Code   RO        20685    i.__0snprintf       mc_p.l(printfa.o)
    0x00010d58   0x00010d58   0x00000028   Code   RO        20686    i.__0sprintf        mc_p.l(printfa.o)
    0x00010d80   0x00010d80   0x00000030   Code   RO        20689    i.__0vsnprintf      mc_p.l(printfa.o)
    0x00010db0   0x00010db0   0x00000024   Code   RO        20690    i.__0vsprintf       mc_p.l(printfa.o)
    0x00010dd4   0x00010dd4   0x0000002e   Code   RO        20857    i.__ARM_clz         mf_p.l(depilogue.o)
    0x00010e02   0x00010e02   0x0000001c   Code   RO          520    i.__ARM_common_switch8  communicate.o
    0x00010e1e   0x00010e1e   0x00000002   PAD
    0x00010e20   0x00010e20   0x00000038   Code   RO         1290    i.__NVIC_DisableIRQ  tim.o
    0x00010e58   0x00010e58   0x00000038   Code   RO         1489    i.__NVIC_DisableIRQ  uart.o
    0x00010e90   0x00010e90   0x00000018   Code   RO         1291    i.__NVIC_EnableIRQ  tim.o
    0x00010ea8   0x00010ea8   0x00000018   Code   RO         1490    i.__NVIC_EnableIRQ  uart.o
    0x00010ec0   0x00010ec0   0x00000078   Code   RO          818    i.__NVIC_SetPriority  gpio.o
    0x00010f38   0x00010f38   0x00000078   Code   RO         1292    i.__NVIC_SetPriority  tim.o
    0x00010fb0   0x00010fb0   0x00000078   Code   RO         1491    i.__NVIC_SetPriority  uart.o
    0x00011028   0x00011028   0x00000078   Code   RO         1638    i.__NVIC_SetPriority  user_init.o
    0x000110a0   0x000110a0   0x00000034   Code   RO          403    i.__NVIC_SystemReset  communicate.o
    0x000110d4   0x000110d4   0x00000008   Code   RO        20742    i.__aeabi_errno_addr  mc_p.l(errno.o)
    0x000110dc   0x000110dc   0x0000000e   Code   RO        20907    i.__scatterload_copy  mc_p.l(handlers.o)
    0x000110ea   0x000110ea   0x00000002   Code   RO        20908    i.__scatterload_null  mc_p.l(handlers.o)
    0x000110ec   0x000110ec   0x0000000e   Code   RO        20909    i.__scatterload_zeroinit  mc_p.l(handlers.o)
    0x000110fa   0x000110fa   0x00000028   Code   RO        15229    i._fdb_flash_erase  fdb_utils.o
    0x00011122   0x00011122   0x00000030   Code   RO        15230    i._fdb_flash_read   fdb_utils.o
    0x00011152   0x00011152   0x00000030   Code   RO        15231    i._fdb_flash_write  fdb_utils.o
    0x00011182   0x00011182   0x00000032   Code   RO        15232    i._fdb_get_status   fdb_utils.o
    0x000111b4   0x000111b4   0x00000284   Code   RO        14669    i._fdb_init_ex      fdb.o
    0x00011438   0x00011438   0x000000dc   Code   RO        14670    i._fdb_init_finish  fdb.o
    0x00011514   0x00011514   0x00000032   Code   RO        15234    i._fdb_set_status   fdb_utils.o
    0x00011546   0x00011546   0x00000002   PAD
    0x00011548   0x00011548   0x00000134   Code   RO        15235    i._fdb_write_status  fdb_utils.o
    0x0001167c   0x0001167c   0x00000174   Code   RO        20691    i._fp_digits        mc_p.l(printfa.o)
    0x000117f0   0x000117f0   0x000006f0   Code   RO        20692    i._printf_core      mc_p.l(printfa.o)
    0x00011ee0   0x00011ee0   0x00000020   Code   RO        20693    i._printf_post_padding  mc_p.l(printfa.o)
    0x00011f00   0x00011f00   0x0000002c   Code   RO        20694    i._printf_pre_padding  mc_p.l(printfa.o)
    0x00011f2c   0x00011f2c   0x00000016   Code   RO        20695    i._snputc           mc_p.l(printfa.o)
    0x00011f42   0x00011f42   0x0000000a   Code   RO        20696    i._sputc            mc_p.l(printfa.o)
    0x00011f4c   0x00011f4c   0x000000bc   Code   RO        17457    i._tx_event_flags_cleanup  tx_event_flags_cleanup.o
    0x00012008   0x00012008   0x00000064   Code   RO        17478    i._tx_event_flags_create  tx_event_flags_create.o
    0x0001206c   0x0001206c   0x00000154   Code   RO        17512    i._tx_event_flags_get  tx_event_flags_get.o
    0x000121c0   0x000121c0   0x000002b4   Code   RO        17591    i._tx_event_flags_set  tx_event_flags_set.o
    0x00012474   0x00012474   0x00000018   Code   RO        17608    i._tx_event_flags_set_notify  tx_event_flags_set_notify.o
    0x0001248c   0x0001248c   0x00000070   Code   RO        17625    i._tx_initialize_high_level  tx_initialize_high_level.o
    0x000124fc   0x000124fc   0x00000050   Code   RO        17670    i._tx_initialize_kernel_enter  tx_initialize_kernel_enter.o
    0x0001254c   0x0001254c   0x000000a8   Code   RO        17719    i._tx_mutex_cleanup  tx_mutex_cleanup.o
    0x000125f4   0x000125f4   0x00000078   Code   RO        17746    i._tx_mutex_create  tx_mutex_create.o
    0x0001266c   0x0001266c   0x0000015c   Code   RO        17780    i._tx_mutex_get     tx_mutex_get.o
    0x000127c8   0x000127c8   0x000000fc   Code   RO        17859    i._tx_mutex_prioritize  tx_mutex_prioritize.o
    0x000128c4   0x000128c4   0x000000f8   Code   RO        17876    i._tx_mutex_priority_change  tx_mutex_priority_change.o
    0x000129bc   0x000129bc   0x000002b8   Code   RO        17893    i._tx_mutex_put     tx_mutex_put.o
    0x00012c74   0x00012c74   0x0000005c   Code   RO        17720    i._tx_mutex_thread_release  tx_mutex_cleanup.o
    0x00012cd0   0x00012cd0   0x000001a0   Code   RO        18331    i._tx_thread_create  tx_thread_create.o
    0x00012e70   0x00012e70   0x00000070   Code   RO        18348    i._tx_thread_delete  tx_thread_delete.o
    0x00012ee0   0x00012ee0   0x00000074   Code   RO        18416    i._tx_thread_initialize  tx_thread_initialize.o
    0x00012f54   0x00012f54   0x00000080   Code   RO        18566    i._tx_thread_shell_entry  tx_thread_shell_entry.o
    0x00012fd4   0x00012fd4   0x000000a8   Code   RO        18583    i._tx_thread_sleep  tx_thread_sleep.o
    0x0001307c   0x0001307c   0x00000094   Code   RO        18600    i._tx_thread_stack_analyze  tx_thread_stack_analyze.o
    0x00013110   0x00013110   0x0000002c   Code   RO        18617    i._tx_thread_stack_error_handler  tx_thread_stack_error_handler.o
    0x0001313c   0x0001313c   0x000000b4   Code   RO        18668    i._tx_thread_system_preempt_check  tx_thread_system_preempt_check.o
    0x000131f0   0x000131f0   0x000002f4   Code   RO        18685    i._tx_thread_system_resume  tx_thread_system_resume.o
    0x000134e4   0x000134e4   0x0000002c   Code   RO        18669    i._tx_thread_system_return_inline  tx_thread_system_preempt_check.o
    0x00013510   0x00013510   0x0000002c   Code   RO        18686    i._tx_thread_system_return_inline  tx_thread_system_resume.o
    0x0001353c   0x0001353c   0x0000002c   Code   RO        18702    i._tx_thread_system_return_inline  tx_thread_system_suspend.o
    0x00013568   0x00013568   0x000002e8   Code   RO        18703    i._tx_thread_system_suspend  tx_thread_system_suspend.o
    0x00013850   0x00013850   0x0000018c   Code   RO        18737    i._tx_thread_time_slice  tx_thread_time_slice.o
    0x000139dc   0x000139dc   0x0000004c   Code   RO        18771    i._tx_thread_timeout  tx_thread_timeout.o
    0x00013a28   0x00013a28   0x00000084   Code   RO        18873    i._tx_timer_create  tx_timer_create.o
    0x00013aac   0x00013aac   0x00000060   Code   RO        18907    i._tx_timer_delete  tx_timer_delete.o
    0x00013b0c   0x00013b0c   0x0000002c   Code   RO        18924    i._tx_timer_expiration_process  tx_timer_expiration_process.o
    0x00013b38   0x00013b38   0x000000e8   Code   RO        18958    i._tx_timer_initialize  tx_timer_initialize.o
    0x00013c20   0x00013c20   0x0000006c   Code   RO        19016    i._tx_timer_system_activate  tx_timer_system_activate.o
    0x00013c8c   0x00013c8c   0x00000030   Code   RO        19033    i._tx_timer_system_deactivate  tx_timer_system_deactivate.o
    0x00013cbc   0x00013cbc   0x00000174   Code   RO        19050    i._tx_timer_thread_entry  tx_timer_thread_entry.o
    0x00013e30   0x00013e30   0x000000e4   Code   RO        19475    i._txe_event_flags_create  txe_event_flags_create.o
    0x00013f14   0x00013f14   0x00000088   Code   RO        19509    i._txe_event_flags_get  txe_event_flags_get.o
    0x00013f9c   0x00013f9c   0x00000040   Code   RO        19543    i._txe_event_flags_set  txe_event_flags_set.o
    0x00013fdc   0x00013fdc   0x0000002c   Code   RO        19560    i._txe_event_flags_set_notify  txe_event_flags_set_notify.o
    0x00014008   0x00014008   0x00000104   Code   RO        19577    i._txe_mutex_create  txe_mutex_create.o
    0x0001410c   0x0001410c   0x00000088   Code   RO        19611    i._txe_mutex_get    txe_mutex_get.o
    0x00014194   0x00014194   0x00000058   Code   RO        19662    i._txe_mutex_put    txe_mutex_put.o
    0x000141ec   0x000141ec   0x00000198   Code   RO        19968    i._txe_thread_create  txe_thread_create.o
    0x00014384   0x00014384   0x00000040   Code   RO        19985    i._txe_thread_delete  txe_thread_delete.o
    0x000143c4   0x000143c4   0x00000118   Code   RO        20223    i._txe_timer_create  txe_timer_create.o
    0x000144dc   0x000144dc   0x00000058   Code   RO        20257    i._txe_timer_delete  txe_timer_delete.o
    0x00014534   0x00014534   0x0000024c   Code   RO        15570    i.aai_write         sfud.o
    0x00014780   0x00014780   0x0000002c   Code   RO         1294    i.beep_set          tim.o
    0x000147ac   0x000147ac   0x0000000c   Code   RO         1924    i.button_attach     multi_button.o
    0x000147b8   0x000147b8   0x0000025a   Code   RO         1925    i.button_handler    multi_button.o
    0x00014a12   0x00014a12   0x00000042   Code   RO         1926    i.button_init       multi_button.o
    0x00014a54   0x00014a54   0x00000010   Code   RO          820    i.button_read_func_key_pin  gpio.o
    0x00014a64   0x00014a64   0x00000010   Code   RO          821    i.button_read_rst_key_pin  gpio.o
    0x00014a74   0x00014a74   0x0000002c   Code   RO         1927    i.button_start      multi_button.o
    0x00014aa0   0x00014aa0   0x0000001c   Code   RO         1929    i.button_ticks      multi_button.o
    0x00014abc   0x00014abc   0x00000020   Code   RO          405    i.checkDataSyncHead  communicate.o
    0x00014adc   0x00014adc   0x00000104   Code   RO        15444    i.check_and_update_part_cache  fal_partition.o
    0x00014be0   0x00014be0   0x000000d8   Code   RO        15083    i.check_sec_hdr_cb  fdb_tsdb.o
    0x00014cb8   0x00014cb8   0x000000ee   Code   RO         2189    i.cmd_get_hexstr2hex  lorawan_atcmd.o
    0x00014da6   0x00014da6   0x0000005c   Code   RO         2190    i.cmd_split         lorawan_atcmd.o
    0x00014e02   0x00014e02   0x0000006a   Code   RO         2191    i.cmd_string_to_hex  lorawan_atcmd.o
    0x00014e6c   0x00014e6c   0x00000018   Code   RO        14362    i.convert_ticks_to_celsius  sht4x_i2c.o
    0x00014e84   0x00014e84   0x00000018   Code   RO        14363    i.convert_ticks_to_percent_rh  sht4x_i2c.o
    0x00014e9c   0x00014e9c   0x000000a0   Code   RO        15385    i.erase             fal_flash_sfud_port.o
    0x00014f3c   0x00014f3c   0x00000002   Code   RO            6    i.event_group_notify  main.o
    0x00014f3e   0x00014f3e   0x00000002   PAD
    0x00014f40   0x00014f40   0x000000e4   Code   RO        12976    i.export_cb         w25x40clsnig.o
    0x00015024   0x00015024   0x000003b8   Code   RO          589    i.factoryTestMode   control_center.o
    0x000153dc   0x000153dc   0x00000090   Code   RO        15350    i.fal_flash_device_find  fal_flash.o
    0x0001546c   0x0001546c   0x00000160   Code   RO        15351    i.fal_flash_init    fal_flash.o
    0x000155cc   0x000155cc   0x00000114   Code   RO        15316    i.fal_init          fal.o
    0x000156e0   0x000156e0   0x00000170   Code   RO        15446    i.fal_partition_erase  fal_partition.o
    0x00015850   0x00015850   0x00000084   Code   RO        15448    i.fal_partition_find  fal_partition.o
    0x000158d4   0x000158d4   0x00000050   Code   RO        15449    i.fal_partition_init  fal_partition.o
    0x00015924   0x00015924   0x00000188   Code   RO        15450    i.fal_partition_read  fal_partition.o
    0x00015aac   0x00015aac   0x0000018c   Code   RO        15451    i.fal_partition_write  fal_partition.o
    0x00015c38   0x00015c38   0x00000250   Code   RO        15453    i.fal_show_part_table  fal_partition.o
    0x00015e88   0x00015e88   0x00000006   Code   RO        15237    i.fdb_blob_make     fdb_utils.o
    0x00015e8e   0x00015e8e   0x00000026   Code   RO        15238    i.fdb_blob_read     fdb_utils.o
    0x00015eb4   0x00015eb4   0x000001e0   Code   RO        15084    i.fdb_tsdb_control  fdb_tsdb.o
    0x00016094   0x00016094   0x00000244   Code   RO        15086    i.fdb_tsdb_init     fdb_tsdb.o
    0x000162d8   0x000162d8   0x00000098   Code   RO        15087    i.fdb_tsl_append    fdb_tsdb.o
    0x00016370   0x00016370   0x000000f0   Code   RO        15089    i.fdb_tsl_iter      fdb_tsdb.o
    0x00016460   0x00016460   0x00000012   Code   RO        15093    i.fdb_tsl_to_blob   fdb_tsdb.o
    0x00016472   0x00016472   0x00000002   PAD
    0x00016474   0x00016474   0x000000c8   Code   RO        15454    i.flash_device_find_by_part  fal_partition.o
    0x0001653c   0x0001653c   0x00000016   Code   RO        15094    i.format_all_cb     fdb_tsdb.o
    0x00016552   0x00016552   0x00000002   PAD
    0x00016554   0x00016554   0x00000130   Code   RO        15095    i.format_sector     fdb_tsdb.o
    0x00016684   0x00016684   0x00000012   Code   RO        20832    i.fputc             mc_p.l(fputc.o)
    0x00016696   0x00016696   0x00000002   PAD
    0x00016698   0x00016698   0x00001560   Code   RO          406    i.fromInfoDataHandle  communicate.o
    0x00017bf8   0x00017bf8   0x00000a04   Code   RO          407    i.fromLoRaWANDataHandle  communicate.o
    0x000185fc   0x000185fc   0x000000bc   Code   RO          408    i.fromUartDataHandle  communicate.o
    0x000186b8   0x000186b8   0x0000001c   Code   RO         2543    i.getLoRaWANBusyIOLevel  lorawan_apply.o
    0x000186d4   0x000186d4   0x00000026   Code   RO         2544    i.getLoRaWANBusyStat  lorawan_apply.o
    0x000186fa   0x000186fa   0x00000002   PAD
    0x000186fc   0x000186fc   0x0000001c   Code   RO         2545    i.getLoRaWANMode    lorawan_apply.o
    0x00018718   0x00018718   0x0000002e   Code   RO         2546    i.getLoRaWANSendStat  lorawan_apply.o
    0x00018746   0x00018746   0x00000002   PAD
    0x00018748   0x00018748   0x0000001c   Code   RO         2547    i.getLoRaWANStatIOLevel  lorawan_apply.o
    0x00018764   0x00018764   0x0000001c   Code   RO         2548    i.getLoRaWANStatus  lorawan_apply.o
    0x00018780   0x00018780   0x000000a0   Code   RO         1295    i.getTimestamp      tim.o
    0x00018820   0x00018820   0x0000002c   Code   RO        15096    i.get_next_sector_addr  fdb_tsdb.o
    0x0001884c   0x0001884c   0x0000002e   Code   RO        15097    i.get_next_tsl_addr  fdb_tsdb.o
    0x0001887a   0x0001887a   0x00000002   PAD
    0x0001887c   0x0001887c   0x00000020   Code   RO         1185    i.get_syspant_ms    systick.o
    0x0001889c   0x0001889c   0x0000000c   Code   RO        12977    i.get_time          w25x40clsnig.o
    0x000188a8   0x000188a8   0x00000344   Code   RO        15571    i.hardware_init     sfud.o
    0x00018bec   0x00018bec   0x00000028   Code   RO        12672    i.hp20x_cmm_soft_rst  hp203b.o
    0x00018c14   0x00018c14   0x0000004c   Code   RO        12675    i.hp20x_get_data_ready_flag  hp203b.o
    0x00018c60   0x00018c60   0x00000080   Code   RO          952    i.i2c_hard_read     iic.o
    0x00018ce0   0x00018ce0   0x00000080   Code   RO          953    i.i2c_hard_write    iic.o
    0x00018d60   0x00018d60   0x000000e0   Code   RO          954    i.i2c_hard_write_read  iic.o
    0x00018e40   0x00018e40   0x000000f0   Code   RO          955    i.i2c_hard_write_read_n  iic.o
    0x00018f30   0x00018f30   0x000000f8   Code   RO          956    i.i2c_hard_write_wait_read_n  iic.o
    0x00019028   0x00019028   0x00000034   Code   RO        15386    i.init              fal_flash_sfud_port.o
    0x0001905c   0x0001905c   0x000000cc   Code   RO         1296    i.lpmSleepTimeInit  tim.o
    0x00019128   0x00019128   0x00000030   Code   RO        12807    i.ltr3xx_serial_number  ltr_3xxals_01.o
    0x00019158   0x00019158   0x00000024   Code   RO          409    i.lwrbDataInit      communicate.o
    0x0001917c   0x0001917c   0x00000060   Code   RO         1818    i.lwrb_get_free     lwrb.o
    0x000191dc   0x000191dc   0x00000060   Code   RO         1819    i.lwrb_get_full     lwrb.o
    0x0001923c   0x0001923c   0x00000034   Code   RO         1824    i.lwrb_init         lwrb.o
    0x00019270   0x00019270   0x000000c0   Code   RO         1827    i.lwrb_read         lwrb.o
    0x00019330   0x00019330   0x00000044   Code   RO         1828    i.lwrb_reset        lwrb.o
    0x00019374   0x00019374   0x00000028   Code   RO         1829    i.lwrb_set_evt_fn   lwrb.o
    0x0001939c   0x0001939c   0x000000c0   Code   RO         1831    i.lwrb_write        lwrb.o
    0x0001945c   0x0001945c   0x00000018   Code   RO         1186    i.mDelay            systick.o
    0x00019474   0x00019474   0x00000048   Code   RO            7    i.main              main.o
    0x000194bc   0x000194bc   0x000000d4   Code   RO        15572    i.make_adress_byte_array  sfud.o
    0x00019590   0x00019590   0x000000cc   Code   RO          410    i.my_buff_evt_fn    communicate.o
    0x0001965c   0x0001965c   0x00000044   Code   RO        12981    i.nor_flash_read_export  w25x40clsnig.o
    0x000196a0   0x000196a0   0x00000034   Code   RO        12982    i.nor_flash_write   w25x40clsnig.o
    0x000196d4   0x000196d4   0x00000264   Code   RO        15573    i.page256_or_1_byte_write  sfud.o
    0x00019938   0x00019938   0x00000010   Code   RO        12735    i.pir_delay         im8601pa.o
    0x00019948   0x00019948   0x0000009c   Code   RO        15387    i.read              fal_flash_sfud_port.o
    0x000199e4   0x000199e4   0x00000078   Code   RO          822    i.readDCPowerInputStatus  gpio.o
    0x00019a5c   0x00019a5c   0x000000dc   Code   RO        12736    i.readPIRAllData    im8601pa.o
    0x00019b38   0x00019b38   0x00000194   Code   RO        12737    i.readPIRData_AllBits  im8601pa.o
    0x00019ccc   0x00019ccc   0x00000330   Code   RO        13104    i.readSCD4XConvertResult  scd4x.o
    0x00019ffc   0x00019ffc   0x00000148   Code   RO        13208    i.readSHT40XConvertResult  sht40x.o
    0x0001a144   0x0001a144   0x00000188   Code   RO        15710    i.read_basic_header  sfud_sfdp.o
    0x0001a2cc   0x0001a2cc   0x0000064a   Code   RO        15711    i.read_basic_table  sfud_sfdp.o
    0x0001a916   0x0001a916   0x00000002   PAD
    0x0001a918   0x0001a918   0x00000104   Code   RO        15574    i.read_jedec_id     sfud.o
    0x0001aa1c   0x0001aa1c   0x00000254   Code   RO        15099    i.read_sector_info  fdb_tsdb.o
    0x0001ac70   0x0001ac70   0x00000140   Code   RO        15712    i.read_sfdp_data    sfud_sfdp.o
    0x0001adb0   0x0001adb0   0x000001b0   Code   RO        15713    i.read_sfdp_header  sfud_sfdp.o
    0x0001af60   0x0001af60   0x00000052   Code   RO        15100    i.read_tsl          fdb_tsdb.o
    0x0001afb2   0x0001afb2   0x00000002   PAD
    0x0001afb4   0x0001afb4   0x00000138   Code   RO        15575    i.reset             sfud.o
    0x0001b0ec   0x0001b0ec   0x0000000a   Code   RO        15760    i.retry_delay_100us  sfud_port.o
    0x0001b0f6   0x0001b0f6   0x00000002   PAD
    0x0001b0f8   0x0001b0f8   0x00000034   Code   RO         2549    i.rstLoRaWANModule  lorawan_apply.o
    0x0001b12c   0x0001b12c   0x00000054   Code   RO        13770    i.scd4x_get_data_ready_flag  scd4x_i2c.o
    0x0001b180   0x0001b180   0x0000005c   Code   RO        13772    i.scd4x_get_serial_number  scd4x_i2c.o
    0x0001b1dc   0x0001b1dc   0x00000038   Code   RO        13775    i.scd4x_measure_single_shot  scd4x_i2c.o
    0x0001b214   0x0001b214   0x00000058   Code   RO        13779    i.scd4x_perform_forced_recalibration  scd4x_i2c.o
    0x0001b26c   0x0001b26c   0x00000034   Code   RO        13782    i.scd4x_power_down  scd4x_i2c.o
    0x0001b2a0   0x0001b2a0   0x00000090   Code   RO        13783    i.scd4x_read_measurement  scd4x_i2c.o
    0x0001b330   0x0001b330   0x00000074   Code   RO        13784    i.scd4x_read_measurement_ticks  scd4x_i2c.o
    0x0001b3a4   0x0001b3a4   0x00000038   Code   RO        13785    i.scd4x_reinit      scd4x_i2c.o
    0x0001b3dc   0x0001b3dc   0x00000034   Code   RO        13792    i.scd4x_start_periodic_measurement  scd4x_i2c.o
    0x0001b410   0x0001b410   0x00000038   Code   RO        13793    i.scd4x_stop_periodic_measurement  scd4x_i2c.o
    0x0001b448   0x0001b448   0x0000002c   Code   RO        13794    i.scd4x_wake_up     scd4x_i2c.o
    0x0001b474   0x0001b474   0x00000070   Code   RO        15101    i.sector_iterator   fdb_tsdb.o
    0x0001b4e4   0x0001b4e4   0x000002c8   Code   RO          412    i.sendLoRaWANData   communicate.o
    0x0001b7ac   0x0001b7ac   0x00000050   Code   RO        12738    i.sendPIRDataBits   im8601pa.o
    0x0001b7fc   0x0001b7fc   0x0000000c   Code   RO        13944    i.sensirion_common_bytes_to_uint16_t  sensirion_common.o
    0x0001b808   0x0001b808   0x00000018   Code   RO        13945    i.sensirion_common_bytes_to_uint32_t  sensirion_common.o
    0x0001b820   0x0001b820   0x00000020   Code   RO        14017    i.sensirion_i2c_add_command_to_buffer  sensirion_i2c.o
    0x0001b840   0x0001b840   0x00000034   Code   RO        14021    i.sensirion_i2c_add_uint16_t_to_buffer  sensirion_i2c.o
    0x0001b874   0x0001b874   0x0000001c   Code   RO        14023    i.sensirion_i2c_check_crc  sensirion_i2c.o
    0x0001b890   0x0001b890   0x0000003c   Code   RO        14027    i.sensirion_i2c_generate_crc  sensirion_i2c.o
    0x0001b8cc   0x0001b8cc   0x00000036   Code   RO        14028    i.sensirion_i2c_hal_sleep_usec  sensirion_i2c.o
    0x0001b902   0x0001b902   0x00000084   Code   RO        14030    i.sensirion_i2c_read_data_inplace  sensirion_i2c.o
    0x0001b986   0x0001b986   0x00000014   Code   RO        14035    i.sensirion_i2c_write_data  sensirion_i2c.o
    0x0001b99a   0x0001b99a   0x00000002   PAD
    0x0001b99c   0x0001b99c   0x000002b0   Code   RO          413    i.setDataPackage    communicate.o
    0x0001bc4c   0x0001bc4c   0x00000028   Code   RO         2550    i.setLoRaWANMode    lorawan_apply.o
    0x0001bc74   0x0001bc74   0x00000028   Code   RO         2552    i.setLoRaWANStatus  lorawan_apply.o
    0x0001bc9c   0x0001bc9c   0x00000150   Code   RO        15576    i.set_4_byte_address_mode  sfud.o
    0x0001bdec   0x0001bdec   0x00000138   Code   RO        15577    i.set_write_enabled  sfud.o
    0x0001bf24   0x0001bf24   0x00000170   Code   RO        15578    i.sfud_chip_erase   sfud.o
    0x0001c094   0x0001c094   0x00000094   Code   RO        15579    i.sfud_device_init  sfud.o
    0x0001c128   0x0001c128   0x00000250   Code   RO        15580    i.sfud_erase        sfud.o
    0x0001c378   0x0001c378   0x0000004c   Code   RO        15761    i.sfud_log_debug    sfud_port.o
    0x0001c3c4   0x0001c3c4   0x0000003c   Code   RO        15762    i.sfud_log_info     sfud_port.o
    0x0001c400   0x0001c400   0x00000178   Code   RO        15586    i.sfud_read         sfud.o
    0x0001c578   0x0001c578   0x000000b0   Code   RO        15714    i.sfud_read_sfdp    sfud_sfdp.o
    0x0001c628   0x0001c628   0x000000bc   Code   RO        15587    i.sfud_read_status  sfud.o
    0x0001c6e4   0x0001c6e4   0x000000f0   Code   RO        15715    i.sfud_sfdp_get_suitable_eraser  sfud_sfdp.o
    0x0001c7d4   0x0001c7d4   0x00000040   Code   RO        15763    i.sfud_spi_port_init  sfud_port.o
    0x0001c814   0x0001c814   0x0000004c   Code   RO        15588    i.sfud_write        sfud.o
    0x0001c860   0x0001c860   0x00000108   Code   RO        15589    i.sfud_write_status  sfud.o
    0x0001c968   0x0001c968   0x00000068   Code   RO        14333    i.sgp40_get_serial_number  sgp40_i2c.o
    0x0001c9d0   0x0001c9d0   0x00000030   Code   RO        14376    i.sht4x_measure_high_precision  sht4x_i2c.o
    0x0001ca00   0x0001ca00   0x0000005c   Code   RO        14377    i.sht4x_measure_high_precision_ticks  sht4x_i2c.o
    0x0001ca5c   0x0001ca5c   0x00000050   Code   RO        14382    i.sht4x_serial_number  sht4x_i2c.o
    0x0001caac   0x0001caac   0x00000030   Code   RO        14383    i.sht4x_soft_reset  sht4x_i2c.o
    0x0001cadc   0x0001cadc   0x00000084   Code   RO        15590    i.software_init     sfud.o
    0x0001cb60   0x0001cb60   0x00000002   Code   RO        15764    i.spi_configuration  sfud_port.o
    0x0001cb62   0x0001cb62   0x00000002   PAD
    0x0001cb64   0x0001cb64   0x00000018   Code   RO        15547    i.spi_flash_init    drv_spi_flash.o
    0x0001cb7c   0x0001cb7c   0x00000004   Code   RO        15765    i.spi_lock          sfud_port.o
    0x0001cb80   0x0001cb80   0x00000004   Code   RO        15766    i.spi_unlock        sfud_port.o
    0x0001cb84   0x0001cb84   0x000000e0   Code   RO        15767    i.spi_write_read    sfud_port.o
    0x0001cc64   0x0001cc64   0x00000130   Code   RO         1297    i.sysTimeSwitchToRtcTime  tim.o
    0x0001cd94   0x0001cd94   0x0000005c   Code   RO         1188    i.systemTime_Init   systick.o
    0x0001cdf0   0x0001cdf0   0x00000034   Code   RO            8    i.thread_50ms_timer_init  main.o
    0x0001ce24   0x0001ce24   0x0000001e   Code   RO          414    i.thread_communicate  communicate.o
    0x0001ce42   0x0001ce42   0x00000002   PAD
    0x0001ce44   0x0001ce44   0x000003a8   Code   RO          415    i.thread_deepsleep  communicate.o
    0x0001d1ec   0x0001d1ec   0x000000dc   Code   RO        13477    i.thread_display    epd.o
    0x0001d2c8   0x0001d2c8   0x00000014   Code   RO            9    i.thread_idle       main.o
    0x0001d2dc   0x0001d2dc   0x000001d8   Code   RO          823    i.thread_led        gpio.o
    0x0001d4b4   0x0001d4b4   0x00000030   Code   RO        12739    i.thread_pir        im8601pa.o
    0x0001d4e4   0x0001d4e4   0x000003dc   Code   RO          416    i.thread_sensor     communicate.o
    0x0001d8c0   0x0001d8c0   0x000001bc   Code   RO           10    i.thread_start      main.o
    0x0001da7c   0x0001da7c   0x0000008c   Code   RO           11    i.thread_status     main.o
    0x0001db08   0x0001db08   0x0000016c   Code   RO        15102    i.tsl_append        fdb_tsdb.o
    0x0001dc74   0x0001dc74   0x0000008c   Code   RO        15103    i.tsl_format_all    fdb_tsdb.o
    0x0001dd00   0x0001dd00   0x000000fc   Code   RO         1189    i.tx_TimerCallback  systick.o
    0x0001ddfc   0x0001ddfc   0x0000012c   Code   RO           12    i.tx_application_define  main.o
    0x0001df28   0x0001df28   0x0000001c   Code   RO        20291    i.tx_low_power_enter  tx_low_power.o
    0x0001df44   0x0001df44   0x00000024   Code   RO        20292    i.tx_low_power_exit  tx_low_power.o
    0x0001df68   0x0001df68   0x00000104   Code   RO        20293    i.tx_time_increment  tx_low_power.o
    0x0001e06c   0x0001e06c   0x00000240   Code   RO        15104    i.update_sec_status  fdb_tsdb.o
    0x0001e2ac   0x0001e2ac   0x000000fc   Code   RO        15591    i.wait_busy         sfud.o
    0x0001e3a8   0x0001e3a8   0x00000070   Code   RO         1190    i.whatday           systick.o
    0x0001e418   0x0001e418   0x000000a4   Code   RO        15388    i.write             fal_flash_sfud_port.o
    0x0001e4bc   0x0001e4bc   0x000000ae   Code   RO        15105    i.write_tsl         fdb_tsdb.o
    0x0001e56a   0x0001e56a   0x00000003   Data   RO          418    .constdata          communicate.o
    0x0001e56d   0x0001e56d   0x00000013   Data   RO         1055    .constdata          spi.o
    0x0001e580   0x0001e580   0x00000030   Data   RO         1192    .constdata          systick.o
    0x0001e5b0   0x0001e5b0   0x00000023   Data   RO        12741    .constdata          im8601pa.o
    0x0001e5d3   0x0001e5d3   0x00000001   PAD
    0x0001e5d4   0x0001e5d4   0x0000003c   Data   RO        12988    .constdata          w25x40clsnig.o
    0x0001e610   0x0001e610   0x0000f740   Data   RO        13479    .constdata          epd.o
    0x0002dd50   0x0002dd50   0x000042a0   Data   RO        14498    .constdata          font_custom.o
    0x00031ff0   0x00031ff0   0x00001ab8   Data   RO        14596    .constdata          font24.o
    0x00033aa8   0x00033aa8   0x00000019   Data   RO        14672    .constdata          fdb.o
    0x00033ac1   0x00033ac1   0x00000049   Data   RO        15106    .constdata          fdb_tsdb.o
    0x00033b0a   0x00033b0a   0x00000002   PAD
    0x00033b0c   0x00033b0c   0x00000423   Data   RO        15240    .constdata          fdb_utils.o
    0x00033f2f   0x00033f2f   0x00000009   Data   RO        15318    .constdata          fal.o
    0x00033f38   0x00033f38   0x00000029   Data   RO        15352    .constdata          fal_flash.o
    0x00033f61   0x00033f61   0x00000011   Data   RO        15389    .constdata          fal_flash_sfud_port.o
    0x00033f72   0x00033f72   0x00000002   PAD
    0x00033f74   0x00033f74   0x000000f9   Data   RO        15455    .constdata          fal_partition.o
    0x0003406d   0x0003406d   0x00000003   PAD
    0x00034070   0x00034070   0x0000035d   Data   RO        15593    .constdata          sfud.o
    0x000343cd   0x000343cd   0x00000070   Data   RO        15716    .constdata          sfud_sfdp.o
    0x0003443d   0x0003443d   0x0000000f   Data   RO        15769    .constdata          sfud_port.o
    0x0003444c   0x0003444c   0x00001292   Data   RO        16147    .constdata          qr_encode.o
    0x000356de   0x000356de   0x0000000c   Data   RO        20408    .constdata          mc_p.l(localtime_r.o)
    0x000356ea   0x000356ea   0x0000000c   Data   RO        20411    .constdata          mc_p.l(mktime.o)
    0x000356f6   0x000356f6   0x00000081   Data   RO        20871    .constdata          mc_p.l(ctype_o.o)
    0x00035777   0x00035777   0x00000001   PAD
    0x00035778   0x00035778   0x00000004   Data   RO        20872    .constdata          mc_p.l(ctype_o.o)
    0x0003577c   0x0003577c   0x0000031a   Data   RO          419    .conststring        communicate.o
    0x00035a96   0x00035a96   0x00000002   PAD
    0x00035a98   0x00035a98   0x000000c3   Data   RO          678    .conststring        flash.o
    0x00035b5b   0x00035b5b   0x00000001   PAD
    0x00035b5c   0x00035b5c   0x000000ab   Data   RO         1298    .conststring        tim.o
    0x00035c07   0x00035c07   0x00000001   PAD
    0x00035c08   0x00035c08   0x0000005d   Data   RO         2193    .conststring        lorawan_atcmd.o
    0x00035c65   0x00035c65   0x00000003   PAD
    0x00035c68   0x00035c68   0x0000004c   Data   RO         2554    .conststring        lorawan_apply.o
    0x00035cb4   0x00035cb4   0x00000143   Data   RO        15107    .conststring        fdb_tsdb.o
    0x00035df7   0x00035df7   0x00000001   PAD
    0x00035df8   0x00035df8   0x0000005b   Data   RO        15353    .conststring        fal_flash.o
    0x00035e53   0x00035e53   0x00000001   PAD
    0x00035e54   0x00035e54   0x00000132   Data   RO        15456    .conststring        fal_partition.o
    0x00035f86   0x00035f86   0x00000002   PAD
    0x00035f88   0x00035f88   0x00000021   Data   RO        15548    .conststring        drv_spi_flash.o
    0x00035fa9   0x00035fa9   0x00000003   PAD
    0x00035fac   0x00035fac   0x000001c5   Data   RO        15594    .conststring        sfud.o
    0x00036171   0x00036171   0x00000003   PAD
    0x00036174   0x00036174   0x0000038f   Data   RO        15717    .conststring        sfud_sfdp.o
    0x00036503   0x00036503   0x00000001   PAD
    0x00036504   0x00036504   0x00000020   Data   RO        20905    Region$$Table       anon$$obj.o


    Execution Region RW_IRAM1 (Exec base: 0x20000000, Load base: 0x00036524, Size: 0x000111a8, Max: 0x00014000, ABSOLUTE, COMPRESSED[0x00000210])

    Exec Addr    Load Addr    Size         Type   Attr      Idx    E Section Name        Object

    0x20000000   COMPRESSED   0x00000014   Data   RW           15    .data               main.o
    0x20000014   COMPRESSED   0x0000001c   Data   RW          351    .data               adc.o
    0x20000030   COMPRESSED   0x00000014   Data   RW          420    .data               communicate.o
    0x20000044   COMPRESSED   0x00000008   Data   RW          825    .data               gpio.o
    0x2000004c   COMPRESSED   0x00000018   Data   RW         1193    .data               systick.o
    0x20000064   COMPRESSED   0x00000020   Data   RW         1299    .data               tim.o
    0x20000084   COMPRESSED   0x00000002   Data   RW         1494    .data               uart.o
    0x20000086   COMPRESSED   0x00000002   PAD
    0x20000088   COMPRESSED   0x00000004   Data   RW         1777    .data               system_fm33a0xxev.o
    0x2000008c   COMPRESSED   0x00000004   Data   RW         1931    .data               multi_button.o
    0x20000090   COMPRESSED   0x0000004a   Data   RW         2555    .data               lorawan_apply.o
    0x200000da   COMPRESSED   0x00000001   Data   RW        12627    .data               cb_hcho_v4c.o
    0x200000db   COMPRESSED   0x00000001   PAD
    0x200000dc   COMPRESSED   0x00000008   Data   RW        12989    .data               w25x40clsnig.o
    0x200000e4   COMPRESSED   0x0000031c   Data   RW        13480    .data               epd.o
    0x20000400   COMPRESSED   0x00000030   Data   RW        14499    .data               font_custom.o
    0x20000430   COMPRESSED   0x00000008   Data   RW        14597    .data               font24.o
    0x20000438   COMPRESSED   0x00000001   Data   RW        14673    .data               fdb.o
    0x20000439   COMPRESSED   0x00000001   Data   RW        15319    .data               fal.o
    0x2000043a   COMPRESSED   0x00000001   Data   RW        15354    .data               fal_flash.o
    0x2000043b   COMPRESSED   0x00000001   PAD
    0x2000043c   COMPRESSED   0x0000003c   Data   RW        15390    .data               fal_flash_sfud_port.o
    0x20000478   COMPRESSED   0x00000010   Data   RW        15457    .data               fal_partition.o
    0x20000488   COMPRESSED   0x00000074   Data   RW        15549    .data               drv_spi_flash.o
    0x200004fc   COMPRESSED   0x0000000c   Data   RW        15770    .data               sfud_port.o
    0x20000508   COMPRESSED   0x00000140   Data   RW        16148    .data               qr_encode.o
    0x20000648   COMPRESSED   0x00000034   Data   RW        17627    .data               tx_initialize_high_level.o
    0x2000067c   COMPRESSED   0x00000098   Data   RW        18420    .data               tx_thread_initialize.o
    0x20000714   COMPRESSED   0x00000034   Data   RW        18960    .data               tx_timer_initialize.o
    0x20000748   COMPRESSED   0x00000004   Data   RW        20295    .data               tx_low_power.o
    0x2000074c   COMPRESSED   0x00000004   Data   RW        20438    .data               mc_p.l(strtok.o)
    0x20000750   COMPRESSED   0x00000004   Data   RW        20745    .data               mc_p.l(errno.o)
    0x20000754   COMPRESSED   0x00000004   Data   RW        20834    .data               mc_p.l(stdout.o)
    0x20000758        -       0x00006bec   Zero   RW           13    .bss                main.o
    0x20007344        -       0x000012ec   Zero   RW          417    .bss                communicate.o
    0x20008630        -       0x000000b4   Zero   RW          590    .bss                control_center.o
    0x200086e4        -       0x00000050   Zero   RW          824    .bss                gpio.o
    0x20008734        -       0x0000002c   Zero   RW         1191    .bss                systick.o
    0x20008760        -       0x00002b34   Zero   RW         1493    .bss                uart.o
    0x2000b294        -       0x00000018   Zero   RW         1997    .bss                gui_paint.o
    0x2000b2ac        -       0x00000078   Zero   RW         2192    .bss                lorawan_atcmd.o
    0x2000b324        -       0x00000058   Zero   RW         2553    .bss                lorawan_apply.o
    0x2000b37c        -       0x00000010   Zero   RW        12740    .bss                im8601pa.o
    0x2000b38c   COMPRESSED   0x00000004   PAD
    0x2000b390        -       0x00000080   Zero   RW        12987    .bss                w25x40clsnig.o
    0x2000b410        -       0x00003a98   Zero   RW        13478    .bss                epd.o
    0x2000eea8        -       0x00000105   Zero   RW        15592    .bss                sfud.o
    0x2000efad        -       0x00000100   Zero   RW        15768    .bss                sfud_port.o
    0x2000f0ad        -       0x00000b1a   Zero   RW        16146    .bss                qr_encode.o
    0x2000fbc7   COMPRESSED   0x00000001   PAD
    0x2000fbc8        -       0x00000080   Zero   RW        18418    .bss                tx_thread_initialize.o
    0x2000fc48        -       0x00000534   Zero   RW        18959    .bss                tx_timer_initialize.o
    0x2001017c        -       0x0000002c   Zero   RW        20405    .bss                mc_p.l(localtime_w.o)
    0x200101a8        -       0x00001000   Zero   RW         1809    STACK               startup_fm33a0xxev.o


==============================================================================

Image component sizes


      Code (inc. data)   RO Data    RW Data    ZI Data      Debug   Object Name

       188         72          0         28          0       2656   adc.o
         0          0          0          1          0        267   cb_hcho_v4c.o
     13818       3702        797         20       4844      21941   communicate.o
      1352        908          0          0        180       4148   control_center.o
        24          4         33        116          0       5342   drv_spi_flash.o
      6008        710      63296        796      15000      19949   epd.o
       276        176          9          1          0        871   fal.o
       496        216        132          1          0       2381   fal_flash.o
       532        242         17         60          0      10342   fal_flash_sfud_port.o
      2420       1258        555         16          0       9506   fal_partition.o
       864        394         25          1          0       9480   fdb.o
         0          0          0          0          0       4768   fdb_file.o
         0          0          0          0          0       6296   fdb_kvdb.o
      4146       1156        396          0          0      17657   fdb_tsdb.o
       588        168       1059          0          0       7971   fdb_utils.o
      2578        384        195          0          0      13326   flash.o
       200         38          0          0          0       4110   fm33a0xxev_bstim.o
       320          0          0          0          0       9570   fm33a0xxev_bt.o
        24          4          0          0          0        526   fm33a0xxev_cdif.o
      1540        190          0          0          0      20818   fm33a0xxev_cmu.o
       220         50          0          0          0       5127   fm33a0xxev_flash.o
      1752         76          0          0          0      11954   fm33a0xxev_gpio.o
       466         20          0          0          0      14257   fm33a0xxev_i2c.o
       284         48          0          0          0       5278   fm33a0xxev_lptim.o
       326          6          0          0          0      10279   fm33a0xxev_lpuart.o
       240         44          0          0          0       4827   fm33a0xxev_pmu.o
       188         28          0          0          0       3164   fm33a0xxev_rmu.o
       636        130          0          0          0      14264   fm33a0xxev_rtc.o
       462          0          0          0          0      14010   fm33a0xxev_spi.o
      1204         38          0          0          0      31468   fm33a0xxev_uart.o
        36          4          0          0          0        521   fm33a0xxev_vrtc.o
         0          0       6840          8          0       1956   font24.o
         0          0      17056         48          0       2335   font_custom.o
      3092        412          0          8         80      19516   gpio.o
      2454        450          0          0         24      13342   gui_paint.o
       166          4          0          0          0       2020   hp203b.o
      1672         74          0          0          0      18051   iic.o
      1736        548         35          0         16       5819   im8601pa.o
      2424        686         76         74         88      10796   lorawan_apply.o
      6168       1834         93          0        120      26272   lorawan_atcmd.o
        80          0          0          0          0       1354   ltr_3xxals_01.o
       736         32          0          0          0       6664   lwrb.o
      1094        384          0         20      27628      86756   main.o
       752         20          0          4          0       3361   multi_button.o
      7084        310       4754        320       2842      22054   qr_encode.o
      2496        976          0          0          0       5687   scd4x.o
       840         84          0          0          0       9094   scd4x_i2c.o
        36          0          0          0          0       1770   sensirion_common.o
       378          0          0          0          0       5820   sensirion_i2c.o
      5864       2628       1314          0        261      21614   sfud.o
       444        186         15         12        256       5990   sfud_port.o
      3170       1540       1023          0          0      10893   sfud_sfdp.o
       104          6          0          0          0       1386   sgp40_i2c.o
        28          0          0          0          0        666   sgp4x.o
       500        228          0          0          0       1799   sht40x.o
       316         36          0          0          0       4653   sht4x_i2c.o
       702        110         19          0          0       3400   spi.o
        28          8        192          0       4096        640   startup_fm33a0xxev.o
        28         12          0          4          0        703   system_fm33a0xxev.o
      1104         98         48         24         44       6630   systick.o
      2882        260        171         32          0      20628   tim.o
         0          0          0          0          0      14792   tx_block_allocate.o
       188         14          0          0          0       1642   tx_event_flags_cleanup.o
       100         14          0          0          0       1325   tx_event_flags_create.o
       340         12          0          0          0       2102   tx_event_flags_get.o
       692          4          0          0          0       2866   tx_event_flags_set.o
        24          0          0          0          0       1237   tx_event_flags_set_notify.o
       112         50          0         52          0       5257   tx_initialize_high_level.o
        80         16          0          0          0        586   tx_initialize_kernel_enter.o
       172         62          0          0          0        448   tx_initialize_low_level.o
       324         30          0          4          0       2976   tx_low_power.o
       260         18          0          0          0       2227   tx_mutex_cleanup.o
       120         20          0          0          0       1383   tx_mutex_create.o
       348         12          0          0          0       1788   tx_mutex_get.o
       252          4          0          0          0       1635   tx_mutex_prioritize.o
       248         12          0          0          0       1052   tx_mutex_priority_change.o
       696         10          0          0          0       2252   tx_mutex_put.o
       416         36          0          0          0       2164   tx_thread_create.o
       112         10          0          0          0        748   tx_thread_delete.o
       116         46          0        152        128      19676   tx_thread_initialize.o
       200         30          0          0          0        444   tx_thread_schedule.o
       128         12          0          0          0        701   tx_thread_shell_entry.o
       168         18          0          0          0        771   tx_thread_sleep.o
       148          8          0          0          0       1467   tx_thread_stack_analyze.o
        68         14          0          0          0        388   tx_thread_stack_build.o
        44          6          0          0          0        673   tx_thread_stack_error_handler.o
       224         30          0          0          0       1350   tx_thread_system_preempt_check.o
       800         44          0          0          0       2191   tx_thread_system_resume.o
       788         48          0          0          0       2288   tx_thread_system_suspend.o
       396         32          0          0          0        964   tx_thread_time_slice.o
        76          4          0          0          0        829   tx_thread_timeout.o
       132         12          0          0          0       1607   tx_timer_create.o
        96         10          0          0          0       1235   tx_timer_delete.o
        44          8          0          0          0        587   tx_timer_expiration_process.o
       232         92          0         52       1332       2422   tx_timer_initialize.o
       192         50          0          0          0        436   tx_timer_interrupt.o
       108         12          0          0          0       1468   tx_timer_system_activate.o
        48          0          0          0          0       1290   tx_timer_system_deactivate.o
       372         34          0          0          0       1833   tx_timer_thread_entry.o
       228         28          0          0          0       1694   txe_event_flags_create.o
       136         18          0          0          0       1571   txe_event_flags_get.o
        64          4          0          0          0       1299   txe_event_flags_set.o
        44          4          0          0          0       1274   txe_event_flags_set_notify.o
       260         30          0          0          0       1704   txe_mutex_create.o
       136         20          0          0          0       1321   txe_mutex_get.o
        88         14          0          0          0       1189   txe_mutex_put.o
       408         28          0          0          0       2349   txe_thread_create.o
        64         10          0          0          0        645   txe_thread_delete.o
       280         30          0          0          0       1912   txe_timer_create.o
        88         16          0          0          0       1216   txe_timer_delete.o
      2014        230          0          2      11060      11441   uart.o
      1046         54          0          0          0      19440   user_init.o
       480        184         60          8        128      12411   w25x40clsnig.o

    ----------------------------------------------------------------------
    101826      22496      98268       1868      68132     757309   Object Totals
         0          0         32          0          0          0   (incl. Generated)
        60          0         26          4          5          0   (incl. Padding)

    ----------------------------------------------------------------------

      Code (inc. data)   RO Data    RW Data    ZI Data      Debug   Library Member Name

        86          0          0          0          0          0   __dczerorl2.o
        30          0          0          0          0         60   _chval.o
       166          0          0          0          0         84   _strtoul.o
        26          0          0          0          0         72   atoi.o
         8          4        133          0          0         60   ctype_o.o
         0          0          0          0          0          0   entry.o
         0          0          0          0          0          0   entry10a.o
         0          0          0          0          0          0   entry11a.o
         4          0          0          0          0          0   entry12b.o
         8          4          0          0          0          0   entry2.o
         4          0          0          0          0          0   entry5.o
         0          0          0          0          0          0   entry7b.o
         0          0          0          0          0          0   entry8b.o
         8          4          0          0          0          0   entry9a.o
         8          4          0          4          0         60   errno.o
        18          0          0          0          0         72   fputc.o
        30          0          0          0          0          0   handlers.o
        40          0          0          0          0         72   idiv.o
        36          8          0          0          0         68   init.o
         0          0          0          0          0          0   iusefp.o
         0          0          0          0          0          0   iusesemip.o
        32          0          0          0          0         68   llshl.o
        38          0          0          0          0         68   llsshr.o
        34          0          0          0          0         68   llushr.o
       116         12         12          0          0         72   localtime_r.o
        16          6          0          0         44         68   localtime_w.o
        26          0          0          0          0         72   memcmp.o
        66          0          0          0          0         68   memmove.o
        36          0          0          0          0        100   memseta.o
       140         16         12          0          0         72   mktime.o
      2468        118          0          0          0        852   printfa.o
         0          0          0          0          0          0   semi.o
         0          0          0          4          0          0   stdout.o
        28          0          0          0          0         68   strcmp.o
        14          0          0          0          0         60   strlen.o
        30          0          0          0          0         72   strncmp.o
        40          0          0          0          0         72   strstr.o
        72          4          0          4          0         72   strtok.o
       112          4          0          0          0         76   strtol.o
        44          0          0          0          0         72   uidiv.o
        96          0          0          0          0         84   uldiv.o
        40          2          0          0          0         68   cdrcmple.o
        20          0          0          0          0         68   cfrcmple.o
       360          6          0          0          0        140   dadd.o
       240          6          0          0          0         84   ddiv.o
       236          0          0          0          0        216   depilogue.o
        60         10          0          0          0         68   dfixui.o
        64         10          0          0          0         68   dfixul.o
        40          6          0          0          0         68   dflti.o
        28          4          0          0          0         68   dfltui.o
       208          6          0          0          0         88   dmul.o
        40          0          0          0          0         60   f2d.o
       178          0          0          0          0        108   fadd.o
       124          0          0          0          0         72   fdiv.o
       130          0          0          0          0        144   fepilogue.o
        50          0          0          0          0         60   ffixi.o
        22          0          0          0          0         68   fflti.o
        14          0          0          0          0         68   ffltui.o
       122          0          0          0          0         72   fmul.o

    ----------------------------------------------------------------------
      5864        234        158         12         44       4220   Library Totals
         8          0          1          0          0          0   (incl. Padding)

    ----------------------------------------------------------------------

      Code (inc. data)   RO Data    RW Data    ZI Data      Debug   Library Name

      3880        184        157         12         44       2632   mc_p.l
      1976         50          0          0          0       1588   mf_p.l

    ----------------------------------------------------------------------
      5864        234        158         12         44       4220   Library Totals

    ----------------------------------------------------------------------

==============================================================================


      Code (inc. data)   RO Data    RW Data    ZI Data      Debug   

    107690      22730      98426       1880      68176     730585   Grand Totals
    107690      22730      98426        528      68176     730585   ELF Image Totals (compressed)
    107690      22730      98426        528          0          0   ROM Totals

==============================================================================

    Total RO  Size (Code + RO Data)               206116 ( 201.29kB)
    Total RW  Size (RW Data + ZI Data)             70056 (  68.41kB)
    Total ROM Size (Code + RO Data + RW Data)     206644 ( 201.80kB)

==============================================================================

