


ARM Macro Assembler    Page 1 


    1 00000000         #line   1                "..\\Compents\\ThreadX\\ports\\
cortex_m0\\ac5\\example_build\\tx_initialize_low_level.s"
    1 00000000         ; 
    2 00000000         ; 
    3 00000000         ; 
    4 00000000         ; 
    5 00000000         ; 
    6 00000000         ; 
    7 00000000         ; 
    8 00000000         ; 
    9 00000000         ; 
   10 00000000         ; 
   11 00000000         ;
   12 00000000         ;
   13 00000000         ; 
   14 00000000         ; 
   15 00000000         ; 
   16 00000000         ; 
   17 00000000         ; 
   18 00000000         ; 
   19 00000000         ; 
   20 00000000         ; 
   21 00000000         ; 
   22 00000000         ;
   23 00000000         ;
   24 00000000                 IMPORT           _tx_thread_system_stack_ptr
   25 00000000                 IMPORT           _tx_initialize_unused_memory
   26 00000000                 IMPORT           _tx_thread_context_save
   27 00000000                 IMPORT           _tx_thread_context_restore
   28 00000000                 IMPORT           _tx_timer_interrupt
   29 00000000                 IMPORT           __main
   30 00000000                 IMPORT           __Vectors
   31 00000000                 IMPORT           __initial_sp
   32 00000000         ;
   33 00000000         ;
   34 00000000 00F42400 
                       SYSTEM_CLOCK
                               EQU              16000000
   35 00000000 00003E7F 
                       SYSTICK_CYCLES
                               EQU              ((SYSTEM_CLOCK / 1000) -1)
   36 00000000         ;
   37 00000000         ;
   38 00000000         
   39 00000000                 AREA             ||.text||, CODE, READONLY
   40 00000000                 EXPORT           Reset_Handler
   41 00000000         Reset_Handler
   42 00000000 B672            CPSID            i
   43 00000002 481B            LDR              R0, =__main
   44 00000004 4700            BX               R0
   45 00000006         
   46 00000006         ; 
   47 00000006         ; 
   48 00000006         ; 
   49 00000006         ; 
   50 00000006         ; 
   51 00000006         ; 
   52 00000006         ; 
   53 00000006         ; 



ARM Macro Assembler    Page 2 


   54 00000006         ; 
   55 00000006         ; 
   56 00000006         ; 
   57 00000006         ; 
   58 00000006         ; 
   59 00000006         ; 
   60 00000006         ; 
   61 00000006         ; 
   62 00000006         ; 
   63 00000006         ; 
   64 00000006         ; 
   65 00000006         ; 
   66 00000006         ; 
   67 00000006         ; 
   68 00000006         ; 
   69 00000006         ; 
   70 00000006         ; 
   71 00000006         ; 
   72 00000006         ; 
   73 00000006         ; 
   74 00000006         ; 
   75 00000006         ; 
   76 00000006         ; 
   77 00000006         ; 
   78 00000006         ; 
   79 00000006         ; 
   80 00000006         ; 
   81 00000006         ; 
   82 00000006         ; 
   83 00000006         ; 
   84 00000006         ; 
   85 00000006         ; 
   86 00000006         ; 
   87 00000006         ;VOID   _tx_initialize_low_level(VOID)
   88 00000006         ;{
   89 00000006                 EXPORT           _tx_initialize_low_level
   90 00000006         _tx_initialize_low_level
   91 00000006         ;
   92 00000006         ;     
   93 00000006         ;
   94 00000006 B672            CPSID            i           ; Disable interrupt
                                                            s
   95 00000008         ;
   96 00000008         ;     
   97 00000008         ;
   98 00000008 481A            LDR              r0, =_tx_initialize_unused_memo
ry 
                                                            ; Build address of 
                                                            unused memory point
                                                            er
   99 0000000A 491B            LDR              r1, =__initial_sp ; Build first
                                                             free address
  100 0000000C 1D09            ADDS             r1, r1, #4  ;
  101 0000000E 6001            STR              r1, [r0]    ; Setup first unuse
                                                            d memory pointer
  102 00000010         ;
  103 00000010         ;     
  104 00000010         ;
  105 00000010 481A            LDR              r0, =0xE000ED08 ; Build address



ARM Macro Assembler    Page 3 


                                                             of NVIC registers
  106 00000012 491B            LDR              r1, =__Vectors ; Pickup address
                                                             of vector table
  107 00000014 6001            STR              r1, [r0]    ; Set vector table 
                                                            address
  108 00000016         ;
  109 00000016         ;     
  110 00000016         ;
  111 00000016         ;    LDR     r0, =0xE0001000                         ; B
                       uild address of DWT register
  112 00000016         ;    LDR     r1, [r0]                                ; P
                       ickup the current value
  113 00000016         ;    MOVS    r2, #1
  114 00000016         ;    ORRS    r1, r1, r2                              ; S
                       et the CYCCNTENA bit
  115 00000016         ;    STR     r1, [r0]                                ; E
                       nable the cycle count register
  116 00000016         ;
  117 00000016         ;     
  118 00000016         ;
  119 00000016 481B            LDR              r0, =0xE000E000 ; Build address
                                                             of NVIC registers
  120 00000018 4A1B            LDR              r2, =0xD08  ; Offset to vector 
                                                            base register
  121 0000001A 4410            ADD              r0, r0, r2  ; Build vector base
                                                             register
  122 0000001C 4918            LDR              r1, =__Vectors ; Pickup address
                                                             of vector table
  123 0000001E 6001            STR              r1, [r0]    ; Set vector table 
                                                            address
  124 00000020         ;
  125 00000020         ;     
  126 00000020         ;
  127 00000020 481A            LDR              r0, =_tx_thread_system_stack_pt
r 
                                                            ; Build address of 
                                                            system stack pointe
                                                            r
  128 00000022 4917            LDR              r1, =__Vectors ; Pickup address
                                                             of vector table
  129 00000024 6809            LDR              r1, [r1]    ; Pickup reset stac
                                                            k pointer
  130 00000026 6001            STR              r1, [r0]    ; Save system stack
                                                             pointer
  131 00000028         ;
  132 00000028         ;     
  133 00000028         ;
  134 00000028 4816            LDR              r0, =0xE000E000 ; Build address
                                                             of NVIC registers
  135 0000002A 4919            LDR              r1, =SYSTICK_CYCLES
  136 0000002C 6141            STR              r1, [r0, #0x14] ; Setup SysTick
                                                             Reload Value
  137 0000002E 2107            MOVS             r1, #0x7    ; Build SysTick Con
                                                            trol Enable Value
  138 00000030 6101            STR              r1, [r0, #0x10] ; Setup SysTick
                                                             Control
  139 00000032         ;
  140 00000032         ;     
  141 00000032         ;



ARM Macro Assembler    Page 4 


  142 00000032 4918            LDR              r1, =0x00000000 ; Rsrv, UsgF, B
                                                            usF, MemM
  143 00000034 4813            LDR              r0, =0xE000E000 ; Build address
                                                             of NVIC registers
  144 00000036 4A18            LDR              r2, =0xD18  ;
  145 00000038 4410            ADD              r0, r0, r2  ;
  146 0000003A 6001            STR              r1, [r0]    ; Setup System Hand
                                                            lers 4-7 Priority R
                                                            egisters
  147 0000003C         
  148 0000003C 4917            LDR              r1, =0xFF000000 ; SVCl, Rsrv, R
                                                            srv, Rsrv
  149 0000003E 4811            LDR              r0, =0xE000E000 ; Build address
                                                             of NVIC registers
  150 00000040 4A17            LDR              r2, =0xD1C  ;
  151 00000042 4410            ADD              r0, r0, r2  ;
  152 00000044 6001            STR              r1, [r0]    ; Setup System Hand
                                                            lers 8-11 Priority 
                                                            Registers
  153 00000046         ; Note: SVC must be lowest priority, which is 0xFF
  154 00000046         
  155 00000046 4917            LDR              r1, =0x40FF0000 ; SysT, PnSV, R
                                                            srv, DbgM
  156 00000048 480E            LDR              r0, =0xE000E000 ; Build address
                                                             of NVIC registers
  157 0000004A 4A17            LDR              r2, =0xD20  ;
  158 0000004C 4410            ADD              r0, r0, r2  ;
  159 0000004E 6001            STR              r1, [r0]    ; Setup System Hand
                                                            lers 12-15 Priority
                                                             Registers
  160 00000050         ; Note: PnSV must be lowest priority, which is 0xFF
  161 00000050         ;
  162 00000050         ;     
  163 00000050         ;
  164 00000050 4770            BX               lr
  165 00000052         ;}
  166 00000052         ;
  167 00000052         ;
  168 00000052         
  169 00000052         ; 
  170 00000052         ;
  171 00000052                 EXPORT           __tx_BadHandler
  172 00000052         __tx_BadHandler
  173 00000052 E7FE            B                __tx_BadHandler
  174 00000054         
  175 00000054                 EXPORT           __tx_SVCallHandler
  176 00000054         __tx_SVCallHandler
  177 00000054 E7FE            B                __tx_SVCallHandler
  178 00000056         
  179 00000056                 EXPORT           __tx_IntHandler
  180 00000056         __tx_IntHandler
  181 00000056         ; VOID InterruptHandler (VOID)
  182 00000056         ; {
  183 00000056 B501            PUSH             {r0, lr}
  184 00000058         
  185 00000058         
  186 00000058         
  187 00000058         ;     
  188 00000058         ;     



ARM Macro Assembler    Page 5 


  189 00000058         
  190 00000058         
  191 00000058         
  192 00000058 BC03            POP              {r0, r1}
  193 0000005A 468E            MOV              lr, r1
  194 0000005C 4770            BX               lr
  195 0000005E         ; }
  196 0000005E         
  197 0000005E                 EXPORT           SysTick_Handler
  198 0000005E                 EXPORT           __tx_SysTickHandler
  199 0000005E         __tx_SysTickHandler
  200 0000005E         SysTick_Handler
  201 0000005E         ; VOID TimerInterruptHandler (VOID)
  202 0000005E         ; {
  203 0000005E         ;
  204 0000005E B501            PUSH             {r0, lr}
  205 00000060         
  206 00000060         
  207 00000060         
  208 00000060 F7FF FFFE       BL               _tx_timer_interrupt
  209 00000064         
  210 00000064         
  211 00000064         
  212 00000064 BC03            POP              {r0, r1}
  213 00000066 468E            MOV              lr, r1
  214 00000068 4770            BX               lr
  215 0000006A         ; }
  216 0000006A         
  217 0000006A                 EXPORT           __tx_NMIHandler
  218 0000006A         __tx_NMIHandler
  219 0000006A E7FE            B                __tx_NMIHandler
  220 0000006C         
  221 0000006C                 EXPORT           __tx_DBGHandler
  222 0000006C         __tx_DBGHandler
  223 0000006C E7FE            B                __tx_DBGHandler
  224 0000006E         
  225 0000006E 00 00           ALIGN
  226 00000070 00000000 
              00000000 
              00000000 
              E000ED08 
              00000000 
              E000E000 
              00000D08 
              00000000 
              00003E7F 
              00000000 
              00000D18 
              FF000000 
              00000D1C 
              40FF0000 
              00000D20         LTORG
  227 000000AC                 END
Command Line: --debug --xref --cpreproc --diag_suppress=9931 --cpu=Cortex-M0 --
apcs=interwork --depend=.\objects\tx_initialize_low_level.d -o.\objects\tx_init
ialize_low_level.o --predefine="__MICROLIB SETA 1" --predefine="__UVISION_VERSI
ON SETA 536" --predefine="TX_ENABLE_FPU_SUPPORT SETA 1" --predefine="TX_EXECUTI
ON_PROFILE_ENABLE SETA 1" --predefine="TX_ENABLE_EXECUTION_CHANGE_NOTIFY SETA 1
" --predefine="TX_LOW_POWER SETA 1" --list=.\listings\tx_initialize_low_level.l



ARM Macro Assembler    Page 6 


st ..\Compents\ThreadX\ports\cortex_m0\ac5\example_build\tx_initialize_low_leve
l.s



ARM Macro Assembler    Page 1 Alphabetic symbol ordering
Relocatable symbols

Reset_Handler 00000000

Symbol: Reset_Handler
   Definitions
      At line 41 in file ..\\Compents\\ThreadX\\ports\\cortex_m0\\ac5\\example_
build\\tx_initialize_low_level.s
   Uses
      At line 40 in file ..\\Compents\\ThreadX\\ports\\cortex_m0\\ac5\\example_
build\\tx_initialize_low_level.s
Comment: Reset_Handler used once
SysTick_Handler 0000005E

Symbol: SysTick_Handler
   Definitions
      At line 200 in file ..\\Compents\\ThreadX\\ports\\cortex_m0\\ac5\\example
_build\\tx_initialize_low_level.s
   Uses
      At line 197 in file ..\\Compents\\ThreadX\\ports\\cortex_m0\\ac5\\example
_build\\tx_initialize_low_level.s
Comment: SysTick_Handler used once
__tx_BadHandler 00000052

Symbol: __tx_BadHandler
   Definitions
      At line 172 in file ..\\Compents\\ThreadX\\ports\\cortex_m0\\ac5\\example
_build\\tx_initialize_low_level.s
   Uses
      At line 171 in file ..\\Compents\\ThreadX\\ports\\cortex_m0\\ac5\\example
_build\\tx_initialize_low_level.s
      At line 173 in file ..\\Compents\\ThreadX\\ports\\cortex_m0\\ac5\\example
_build\\tx_initialize_low_level.s

__tx_DBGHandler 0000006C

Symbol: __tx_DBGHandler
   Definitions
      At line 222 in file ..\\Compents\\ThreadX\\ports\\cortex_m0\\ac5\\example
_build\\tx_initialize_low_level.s
   Uses
      At line 221 in file ..\\Compents\\ThreadX\\ports\\cortex_m0\\ac5\\example
_build\\tx_initialize_low_level.s
      At line 223 in file ..\\Compents\\ThreadX\\ports\\cortex_m0\\ac5\\example
_build\\tx_initialize_low_level.s

__tx_IntHandler 00000056

Symbol: __tx_IntHandler
   Definitions
      At line 180 in file ..\\Compents\\ThreadX\\ports\\cortex_m0\\ac5\\example
_build\\tx_initialize_low_level.s
   Uses
      At line 179 in file ..\\Compents\\ThreadX\\ports\\cortex_m0\\ac5\\example
_build\\tx_initialize_low_level.s
Comment: __tx_IntHandler used once
__tx_NMIHandler 0000006A

Symbol: __tx_NMIHandler
   Definitions
      At line 218 in file ..\\Compents\\ThreadX\\ports\\cortex_m0\\ac5\\example



ARM Macro Assembler    Page 2 Alphabetic symbol ordering
Relocatable symbols

_build\\tx_initialize_low_level.s
   Uses
      At line 217 in file ..\\Compents\\ThreadX\\ports\\cortex_m0\\ac5\\example
_build\\tx_initialize_low_level.s
      At line 219 in file ..\\Compents\\ThreadX\\ports\\cortex_m0\\ac5\\example
_build\\tx_initialize_low_level.s

__tx_SVCallHandler 00000054

Symbol: __tx_SVCallHandler
   Definitions
      At line 176 in file ..\\Compents\\ThreadX\\ports\\cortex_m0\\ac5\\example
_build\\tx_initialize_low_level.s
   Uses
      At line 175 in file ..\\Compents\\ThreadX\\ports\\cortex_m0\\ac5\\example
_build\\tx_initialize_low_level.s
      At line 177 in file ..\\Compents\\ThreadX\\ports\\cortex_m0\\ac5\\example
_build\\tx_initialize_low_level.s

__tx_SysTickHandler 0000005E

Symbol: __tx_SysTickHandler
   Definitions
      At line 199 in file ..\\Compents\\ThreadX\\ports\\cortex_m0\\ac5\\example
_build\\tx_initialize_low_level.s
   Uses
      At line 198 in file ..\\Compents\\ThreadX\\ports\\cortex_m0\\ac5\\example
_build\\tx_initialize_low_level.s
Comment: __tx_SysTickHandler used once
_tx_initialize_low_level 00000006

Symbol: _tx_initialize_low_level
   Definitions
      At line 90 in file ..\\Compents\\ThreadX\\ports\\cortex_m0\\ac5\\example_
build\\tx_initialize_low_level.s
   Uses
      At line 89 in file ..\\Compents\\ThreadX\\ports\\cortex_m0\\ac5\\example_
build\\tx_initialize_low_level.s
Comment: _tx_initialize_low_level used once
|.text| 00000000

Symbol: |.text|
   Definitions
      At line 39 in file ..\\Compents\\ThreadX\\ports\\cortex_m0\\ac5\\example_
build\\tx_initialize_low_level.s
   Uses
      None
Comment: |.text| unused
10 symbols



ARM Macro Assembler    Page 1 Alphabetic symbol ordering
Absolute symbols

SYSTEM_CLOCK 00F42400

Symbol: SYSTEM_CLOCK
   Definitions
      At line 34 in file ..\\Compents\\ThreadX\\ports\\cortex_m0\\ac5\\example_
build\\tx_initialize_low_level.s
   Uses
      At line 35 in file ..\\Compents\\ThreadX\\ports\\cortex_m0\\ac5\\example_
build\\tx_initialize_low_level.s
Comment: SYSTEM_CLOCK used once
SYSTICK_CYCLES 00003E7F

Symbol: SYSTICK_CYCLES
   Definitions
      At line 35 in file ..\\Compents\\ThreadX\\ports\\cortex_m0\\ac5\\example_
build\\tx_initialize_low_level.s
   Uses
      At line 135 in file ..\\Compents\\ThreadX\\ports\\cortex_m0\\ac5\\example
_build\\tx_initialize_low_level.s
Comment: SYSTICK_CYCLES used once
2 symbols



ARM Macro Assembler    Page 1 Alphabetic symbol ordering
External symbols

__Vectors 00000000

Symbol: __Vectors
   Definitions
      At line 30 in file ..\\Compents\\ThreadX\\ports\\cortex_m0\\ac5\\example_
build\\tx_initialize_low_level.s
   Uses
      At line 106 in file ..\\Compents\\ThreadX\\ports\\cortex_m0\\ac5\\example
_build\\tx_initialize_low_level.s
      At line 122 in file ..\\Compents\\ThreadX\\ports\\cortex_m0\\ac5\\example
_build\\tx_initialize_low_level.s
      At line 128 in file ..\\Compents\\ThreadX\\ports\\cortex_m0\\ac5\\example
_build\\tx_initialize_low_level.s

__initial_sp 00000000

Symbol: __initial_sp
   Definitions
      At line 31 in file ..\\Compents\\ThreadX\\ports\\cortex_m0\\ac5\\example_
build\\tx_initialize_low_level.s
   Uses
      At line 99 in file ..\\Compents\\ThreadX\\ports\\cortex_m0\\ac5\\example_
build\\tx_initialize_low_level.s
Comment: __initial_sp used once
__main 00000000

Symbol: __main
   Definitions
      At line 29 in file ..\\Compents\\ThreadX\\ports\\cortex_m0\\ac5\\example_
build\\tx_initialize_low_level.s
   Uses
      At line 43 in file ..\\Compents\\ThreadX\\ports\\cortex_m0\\ac5\\example_
build\\tx_initialize_low_level.s
Comment: __main used once
_tx_initialize_unused_memory 00000000

Symbol: _tx_initialize_unused_memory
   Definitions
      At line 25 in file ..\\Compents\\ThreadX\\ports\\cortex_m0\\ac5\\example_
build\\tx_initialize_low_level.s
   Uses
      At line 98 in file ..\\Compents\\ThreadX\\ports\\cortex_m0\\ac5\\example_
build\\tx_initialize_low_level.s
Comment: _tx_initialize_unused_memory used once
_tx_thread_context_restore 00000000

Symbol: _tx_thread_context_restore
   Definitions
      At line 27 in file ..\\Compents\\ThreadX\\ports\\cortex_m0\\ac5\\example_
build\\tx_initialize_low_level.s
   Uses
      None
Comment: _tx_thread_context_restore unused
_tx_thread_context_save 00000000

Symbol: _tx_thread_context_save
   Definitions
      At line 26 in file ..\\Compents\\ThreadX\\ports\\cortex_m0\\ac5\\example_
build\\tx_initialize_low_level.s



ARM Macro Assembler    Page 2 Alphabetic symbol ordering
External symbols

   Uses
      None
Comment: _tx_thread_context_save unused
_tx_thread_system_stack_ptr 00000000

Symbol: _tx_thread_system_stack_ptr
   Definitions
      At line 24 in file ..\\Compents\\ThreadX\\ports\\cortex_m0\\ac5\\example_
build\\tx_initialize_low_level.s
   Uses
      At line 127 in file ..\\Compents\\ThreadX\\ports\\cortex_m0\\ac5\\example
_build\\tx_initialize_low_level.s
Comment: _tx_thread_system_stack_ptr used once
_tx_timer_interrupt 00000000

Symbol: _tx_timer_interrupt
   Definitions
      At line 28 in file ..\\Compents\\ThreadX\\ports\\cortex_m0\\ac5\\example_
build\\tx_initialize_low_level.s
   Uses
      At line 208 in file ..\\Compents\\ThreadX\\ports\\cortex_m0\\ac5\\example
_build\\tx_initialize_low_level.s
Comment: _tx_timer_interrupt used once
8 symbols
358 symbols in table
