


ARM Macro Assembler    Page 1 


    1 00000000         #line   1                "..\\Compents\\ThreadX\\ports\\
cortex_m0\\ac5\\src\\tx_thread_schedule.s"
    1 00000000         ; 
    2 00000000         ; 
    3 00000000         ; 
    4 00000000         ; 
    5 00000000         ; 
    6 00000000         ; 
    7 00000000         ; 
    8 00000000         ; 
    9 00000000         ; 
   10 00000000         ; 
   11 00000000         ;
   12 00000000         ;
   13 00000000         ; 
   14 00000000         ; 
   15 00000000         ; 
   16 00000000         ; 
   17 00000000         ; 
   18 00000000         ; 
   19 00000000         ; 
   20 00000000         ; 
   21 00000000         ; 
   22 00000000         ;
   23 00000000         ;
   24 00000000                 IMPORT           _tx_thread_current_ptr
   25 00000000                 IMPORT           _tx_thread_execute_ptr
   26 00000000                 IMPORT           _tx_timer_time_slice
   27 00000000                 IMPORT           _tx_thread_system_stack_ptr
   28 00000000                 IMPORT           _tx_thread_preempt_disable
   29 00000000         
   30 00000000         
   31 00000000         
   32 00000000         
   33 00000000                 IF               :DEF:TX_LOW_POWER
   34 00000000                 IMPORT           tx_low_power_enter
   35 00000000                 IMPORT           tx_low_power_exit
   36 00000000                 ENDIF
   37 00000000         ;
   38 00000000         ;
   39 00000000                 AREA             ||.text||, CODE, READONLY
   40 00000000                 PRESERVE8
   41 00000000         ; 
   42 00000000         ; 
   43 00000000         ; 
   44 00000000         ; 
   45 00000000         ; 
   46 00000000         ; 
   47 00000000         ; 
   48 00000000         ; 
   49 00000000         ; 
   50 00000000         ; 
   51 00000000         ; 
   52 00000000         ; 
   53 00000000         ; 
   54 00000000         ; 
   55 00000000         ; 
   56 00000000         ; 
   57 00000000         ; 



ARM Macro Assembler    Page 2 


   58 00000000         ; 
   59 00000000         ; 
   60 00000000         ; 
   61 00000000         ; 
   62 00000000         ; 
   63 00000000         ; 
   64 00000000         ; 
   65 00000000         ; 
   66 00000000         ; 
   67 00000000         ; 
   68 00000000         ; 
   69 00000000         ; 
   70 00000000         ; 
   71 00000000         ; 
   72 00000000         ; 
   73 00000000         ; 
   74 00000000         ; 
   75 00000000         ; 
   76 00000000         ; 
   77 00000000         ; 
   78 00000000         ; 
   79 00000000         ; 
   80 00000000         ; 
   81 00000000         ; 
   82 00000000         ; 
   83 00000000         ; 
   84 00000000         ; 
   85 00000000         ;VOID   _tx_thread_schedule(VOID)
   86 00000000         ;{
   87 00000000                 EXPORT           _tx_thread_schedule
   88 00000000         _tx_thread_schedule
   89 00000000         ;
   90 00000000         ;    
   91 00000000         
   92 00000000         
   93 00000000         ;
   94 00000000         ;     
   95 00000000         ;
   96 00000000 2000            MOVS             r0, #0      ; Build value for T
                                                            X_FALSE
   97 00000002 4A2A            LDR              r2, =_tx_thread_preempt_disable
 
                                                            ; Build address of 
                                                            preempt disable fla
                                                            g
   98 00000004 6010            STR              r0, [r2, #0] ; Clear preempt di
                                                            sable flag
   99 00000006         ;
  100 00000006         ;     
  101 00000006         ;
  102 00000006 B662            CPSIE            i
  103 00000008         ;
  104 00000008         ;     
  105 00000008         ;
  106 00000008 4829            LDR              r0, =0x10000000 ; Load PENDSVSE
                                                            T bit
  107 0000000A 492A            LDR              r1, =0xE000ED04 
                                                            ; Load ICSR address
                                                            



ARM Macro Assembler    Page 3 


  108 0000000C 6008            STR              r0, [r1]    ; Set PENDSVBIT in 
                                                            ICSR
  109 0000000E F3BF 8F4F       DSB                          ; Complete all memo
                                                            ry accesses
  110 00000012 F3BF 8F6F       ISB                          ; Flush pipeline
  111 00000016         ;
  112 00000016         ;     
  113 00000016         ;
  114 00000016         __tx_wait_here
  115 00000016 E7FE            B                __tx_wait_here ; Wait for the P
                                                            endSV to happen
  116 00000018         ;}
  117 00000018         ;
  118 00000018         ;    
  119 00000018         
  120 00000018         ;
  121 00000018                 EXPORT           PendSV_Handler
  122 00000018                 EXPORT           __tx_PendSVHandler
  123 00000018         PendSV_Handler
  124 00000018         __tx_PendSVHandler
  125 00000018         ;
  126 00000018         ;     
  127 00000018         ;
  128 00000018         __tx_ts_handler
  129 00000018         
  130 00000018         #line   141              "..\\Compents\\ThreadX\\ports\\
cortex_m0\\ac5\\src\\tx_thread_schedule.s"
  141 00000018 4827            LDR              r0, =_tx_thread_current_ptr ; B
                                                            uild current thread
                                                             pointer address
  142 0000001A 4A28            LDR              r2, =_tx_thread_execute_ptr ; B
                                                            uild execute thread
                                                             pointer address
  143 0000001C 2300            MOVS             r3, #0      ; Build NULL value
  144 0000001E 6801            LDR              r1, [r0]    ; Pickup current th
                                                            read pointer
  145 00000020         ;
  146 00000020         ;     
  147 00000020         ;
  148 00000020 2900            CMP              r1,#0       ; If NULL, skip pre
                                                            servation
  149 00000022 D015            BEQ              __tx_ts_new ;
  150 00000024         ;
  151 00000024         ;     
  152 00000024         ;
  153 00000024 6003            STR              r3, [r0]    ; Set _tx_thread_cu
                                                            rrent_ptr to NULL
  154 00000026 F3EF 8309       MRS              r3, PSP     ; Pickup PSP pointe
                                                            r (thread's stack p
                                                            ointer)
  155 0000002A 3B10            SUBS             r3, r3, #16 ; Allocate stack sp
                                                            ace
  156 0000002C C3F0            STM              r3!, {r4-r7} ; Save its remaini
                                                            ng registers (M3 In
                                                            struction: STMDB r1
                                                            2!, {r4-r11})
  157 0000002E 4644            MOV              r4,r8       ;
  158 00000030 464D            MOV              r5,r9       ;
  159 00000032 4656            MOV              r6,r10      ;



ARM Macro Assembler    Page 4 


  160 00000034 465F            MOV              r7,r11      ;
  161 00000036 3B20            SUBS             r3, r3, #32 ; Allocate stack sp
                                                            ace
  162 00000038 C3F0            STM              r3!, {r4-r7} ;
  163 0000003A 3B14            SUBS             r3, r3, #20 ; Allocate stack sp
                                                            ace
  164 0000003C 4675            MOV              r5, LR      ;
  165 0000003E 601D            STR              r5, [r3]    ; Save LR on the st
                                                            ack
  166 00000040 608B            STR              r3, [r1, #8] ; Save its stack p
                                                            ointer
  167 00000042         ;
  168 00000042         ;     
  169 00000042         ;
  170 00000042 4C1F            LDR              r4, =_tx_timer_time_slice ; Bui
                                                            ld address of time-
                                                            slice variable
  171 00000044 6825            LDR              r5, [r4]    ; Pickup current ti
                                                            me-slice
  172 00000046 2D00            CMP              r5, #0      ; If not active, sk
                                                            ip processing
  173 00000048 D002            BEQ              __tx_ts_new ;
  174 0000004A         ;
  175 0000004A         ;     
  176 0000004A         ;
  177 0000004A 618D            STR              r5, [r1, #24] ; Save current ti
                                                            me-slice
  178 0000004C         ;
  179 0000004C         ;     
  180 0000004C         ;
  181 0000004C 2500            MOVS             r5, #0      ; Build clear value
                                                            
  182 0000004E 6025            STR              r5, [r4]    ; Clear time-slice
  183 00000050         ;
  184 00000050         ;     
  185 00000050         ;
  186 00000050         __tx_ts_new
  187 00000050         ;
  188 00000050         ;     
  189 00000050         ;
  190 00000050 B672            CPSID            i           ; Disable interrupt
                                                            s
  191 00000052 6811            LDR              r1, [r2]    ; Is there another 
                                                            thread ready to exe
                                                            cute?
  192 00000054 2900            CMP              r1, #0      ;
  193 00000056 D014            BEQ              __tx_ts_wait ; No, skip to the 
                                                            wait processing
  194 00000058         ;
  195 00000058         ;     
  196 00000058         ;
  197 00000058 6001            STR              r1, [r0]    ; Setup the current
                                                             thread pointer to 
                                                            the new thread
  198 0000005A B662            CPSIE            i           ; Enable interrupts
                                                            
  199 0000005C         ;
  200 0000005C         ;     
  201 0000005C         ;



ARM Macro Assembler    Page 5 


  202 0000005C         __tx_ts_restore
  203 0000005C 684F            LDR              r7, [r1, #4] ; Pickup the curre
                                                            nt thread run count
                                                            
  204 0000005E 4C18            LDR              r4, =_tx_timer_time_slice ; Bui
                                                            ld address of time-
                                                            slice variable
  205 00000060 698D            LDR              r5, [r1, #24] ; Pickup thread's
                                                             current time-slice
                                                            
  206 00000062 1C7F            ADDS             r7, r7, #1  ; Increment the thr
                                                            ead run count
  207 00000064 604F            STR              r7, [r1, #4] ; Store the new ru
                                                            n count
  208 00000066         ;
  209 00000066         ;     
  210 00000066         ;
  211 00000066 6025            STR              r5, [r4]    ; Setup global time
                                                            -slice
  212 00000068         
  213 00000068         #line   221              "..\\Compents\\ThreadX\\ports\\
cortex_m0\\ac5\\src\\tx_thread_schedule.s"
  221 00000068         ;
  222 00000068         ;     
  223 00000068         ;
  224 00000068 688B            LDR              r3, [r1, #8] ; Pickup thread's 
                                                            stack pointer
  225 0000006A 681D            LDR              r5, [r3]    ; Recover saved LR
  226 0000006C 1D1B            ADDS             r3, r3, #4  ; Position past LR
  227 0000006E 46AE            MOV              lr, r5      ; Restore LR
  228 00000070 CBF0            LDM              r3!,{r4-r7} ; Recover thread's 
                                                            registers (r4-r11)
  229 00000072 46BB            MOV              r11,r7      ;
  230 00000074 46B2            MOV              r10,r6      ;
  231 00000076 46A9            MOV              r9,r5       ;
  232 00000078 46A0            MOV              r8,r4       ;
  233 0000007A CBF0            LDM              r3!,{r4-r7} ;
  234 0000007C F383 8809       MSR              PSP, r3     ; Setup the thread'
                                                            s stack pointer
  235 00000080         ;
  236 00000080         ;     
  237 00000080         ;
  238 00000080 4770            BX               lr          ; Return to thread!
                                                            
  239 00000082         ;
  240 00000082         ;    
  241 00000082         
  242 00000082         
  243 00000082         ;
  244 00000082         __tx_ts_wait
  245 00000082 B672            CPSID            i           ; Disable interrupt
                                                            s
  246 00000084 6811            LDR              r1, [r2]    ; Pickup the next t
                                                            hread to execute po
                                                            inter
  247 00000086 6001            STR              r1, [r0]    ; Store it in the c
                                                            urrent pointer
  248 00000088 2900            CMP              r1, #0      ; If non-NULL, a ne
                                                            w thread is ready!



ARM Macro Assembler    Page 6 


  249 0000008A D109            BNE              __tx_ts_ready ;
  250 0000008C                 IF               :DEF:TX_LOW_POWER
  251 0000008C B40F            PUSH             {r0-r3}
  252 0000008E F7FF FFFE       BL               tx_low_power_enter ; Possibly e
                                                            nter low power mode
                                                            
  253 00000092 BC0F            POP              {r0-r3}
  254 00000094                 ENDIF
  255 00000094         
  256 00000094                 IF               :DEF:TX_ENABLE_WFI
  260                          ENDIF
  261 00000094         
  262 00000094                 IF               :DEF:TX_LOW_POWER
  263 00000094 B40F            PUSH             {r0-r3}
  264 00000096 F7FF FFFE       BL               tx_low_power_exit ; Exit low po
                                                            wer mode
  265 0000009A BC0F            POP              {r0-r3}
  266 0000009C                 ENDIF
  267 0000009C         __tx_ts_ISB
  268 0000009C B662            CPSIE            i           ; Enable interrupts
                                                            
  269 0000009E E7F0            B                __tx_ts_wait ; Loop to continue
                                                             waiting
  270 000000A0         ;
  271 000000A0         ;    
  272 000000A0         
  273 000000A0         ;
  274 000000A0         __tx_ts_ready
  275 000000A0 4F08            LDR              r7, =0x08000000 ; Build clear P
                                                            endSV value
  276 000000A2 4D04            LDR              r5, =0xE000ED04 ; Build base NV
                                                            IC address
  277 000000A4 602F            STR              r7, [r5]    ; Clear any PendSV
  278 000000A6         ;
  279 000000A6         ;     
  280 000000A6         ;
  281 000000A6 B662            CPSIE            i           ; Enable interrupts
                                                            
  282 000000A8 E7D8            B                __tx_ts_restore ; Restore the t
                                                            hread
  283 000000AA         
  284 000000AA 00 00           ALIGN
  285 000000AC 00000000 
              10000000 
              E000ED04 
              00000000 
              00000000 
              00000000 
              08000000         LTORG
  286 000000C8                 END
Command Line: --debug --xref --cpreproc --diag_suppress=9931 --cpu=Cortex-M0 --
apcs=interwork --depend=.\objects\tx_thread_schedule.d -o.\objects\tx_thread_sc
hedule.o --predefine="__MICROLIB SETA 1" --predefine="__UVISION_VERSION SETA 53
6" --predefine="TX_ENABLE_FPU_SUPPORT SETA 1" --predefine="TX_EXECUTION_PROFILE
_ENABLE SETA 1" --predefine="TX_ENABLE_EXECUTION_CHANGE_NOTIFY SETA 1" --predef
ine="TX_LOW_POWER SETA 1" --list=.\listings\tx_thread_schedule.lst ..\Compents\
ThreadX\ports\cortex_m0\ac5\src\tx_thread_schedule.s



ARM Macro Assembler    Page 1 Alphabetic symbol ordering
Relocatable symbols

PendSV_Handler 00000018

Symbol: PendSV_Handler
   Definitions
      At line 123 in file ..\\Compents\\ThreadX\\ports\\cortex_m0\\ac5\\src\\tx
_thread_schedule.s
   Uses
      At line 121 in file ..\\Compents\\ThreadX\\ports\\cortex_m0\\ac5\\src\\tx
_thread_schedule.s
Comment: PendSV_Handler used once
__tx_PendSVHandler 00000018

Symbol: __tx_PendSVHandler
   Definitions
      At line 124 in file ..\\Compents\\ThreadX\\ports\\cortex_m0\\ac5\\src\\tx
_thread_schedule.s
   Uses
      At line 122 in file ..\\Compents\\ThreadX\\ports\\cortex_m0\\ac5\\src\\tx
_thread_schedule.s
Comment: __tx_PendSVHandler used once
__tx_ts_ISB 0000009C

Symbol: __tx_ts_ISB
   Definitions
      At line 267 in file ..\\Compents\\ThreadX\\ports\\cortex_m0\\ac5\\src\\tx
_thread_schedule.s
   Uses
      None
Comment: __tx_ts_ISB unused
__tx_ts_handler 00000018

Symbol: __tx_ts_handler
   Definitions
      At line 128 in file ..\\Compents\\ThreadX\\ports\\cortex_m0\\ac5\\src\\tx
_thread_schedule.s
   Uses
      None
Comment: __tx_ts_handler unused
__tx_ts_new 00000050

Symbol: __tx_ts_new
   Definitions
      At line 186 in file ..\\Compents\\ThreadX\\ports\\cortex_m0\\ac5\\src\\tx
_thread_schedule.s
   Uses
      At line 149 in file ..\\Compents\\ThreadX\\ports\\cortex_m0\\ac5\\src\\tx
_thread_schedule.s
      At line 173 in file ..\\Compents\\ThreadX\\ports\\cortex_m0\\ac5\\src\\tx
_thread_schedule.s

__tx_ts_ready 000000A0

Symbol: __tx_ts_ready
   Definitions
      At line 274 in file ..\\Compents\\ThreadX\\ports\\cortex_m0\\ac5\\src\\tx
_thread_schedule.s
   Uses
      At line 249 in file ..\\Compents\\ThreadX\\ports\\cortex_m0\\ac5\\src\\tx
_thread_schedule.s



ARM Macro Assembler    Page 2 Alphabetic symbol ordering
Relocatable symbols

Comment: __tx_ts_ready used once
__tx_ts_restore 0000005C

Symbol: __tx_ts_restore
   Definitions
      At line 202 in file ..\\Compents\\ThreadX\\ports\\cortex_m0\\ac5\\src\\tx
_thread_schedule.s
   Uses
      At line 282 in file ..\\Compents\\ThreadX\\ports\\cortex_m0\\ac5\\src\\tx
_thread_schedule.s
Comment: __tx_ts_restore used once
__tx_ts_wait 00000082

Symbol: __tx_ts_wait
   Definitions
      At line 244 in file ..\\Compents\\ThreadX\\ports\\cortex_m0\\ac5\\src\\tx
_thread_schedule.s
   Uses
      At line 193 in file ..\\Compents\\ThreadX\\ports\\cortex_m0\\ac5\\src\\tx
_thread_schedule.s
      At line 269 in file ..\\Compents\\ThreadX\\ports\\cortex_m0\\ac5\\src\\tx
_thread_schedule.s

__tx_wait_here 00000016

Symbol: __tx_wait_here
   Definitions
      At line 114 in file ..\\Compents\\ThreadX\\ports\\cortex_m0\\ac5\\src\\tx
_thread_schedule.s
   Uses
      At line 115 in file ..\\Compents\\ThreadX\\ports\\cortex_m0\\ac5\\src\\tx
_thread_schedule.s
Comment: __tx_wait_here used once
_tx_thread_schedule 00000000

Symbol: _tx_thread_schedule
   Definitions
      At line 88 in file ..\\Compents\\ThreadX\\ports\\cortex_m0\\ac5\\src\\tx_
thread_schedule.s
   Uses
      At line 87 in file ..\\Compents\\ThreadX\\ports\\cortex_m0\\ac5\\src\\tx_
thread_schedule.s
Comment: _tx_thread_schedule used once
|.text| 00000000

Symbol: |.text|
   Definitions
      At line 39 in file ..\\Compents\\ThreadX\\ports\\cortex_m0\\ac5\\src\\tx_
thread_schedule.s
   Uses
      None
Comment: |.text| unused
11 symbols



ARM Macro Assembler    Page 1 Alphabetic symbol ordering
External symbols

_tx_thread_current_ptr 00000000

Symbol: _tx_thread_current_ptr
   Definitions
      At line 24 in file ..\\Compents\\ThreadX\\ports\\cortex_m0\\ac5\\src\\tx_
thread_schedule.s
   Uses
      At line 141 in file ..\\Compents\\ThreadX\\ports\\cortex_m0\\ac5\\src\\tx
_thread_schedule.s
Comment: _tx_thread_current_ptr used once
_tx_thread_execute_ptr 00000000

Symbol: _tx_thread_execute_ptr
   Definitions
      At line 25 in file ..\\Compents\\ThreadX\\ports\\cortex_m0\\ac5\\src\\tx_
thread_schedule.s
   Uses
      At line 142 in file ..\\Compents\\ThreadX\\ports\\cortex_m0\\ac5\\src\\tx
_thread_schedule.s
Comment: _tx_thread_execute_ptr used once
_tx_thread_preempt_disable 00000000

Symbol: _tx_thread_preempt_disable
   Definitions
      At line 28 in file ..\\Compents\\ThreadX\\ports\\cortex_m0\\ac5\\src\\tx_
thread_schedule.s
   Uses
      At line 97 in file ..\\Compents\\ThreadX\\ports\\cortex_m0\\ac5\\src\\tx_
thread_schedule.s
Comment: _tx_thread_preempt_disable used once
_tx_thread_system_stack_ptr 00000000

Symbol: _tx_thread_system_stack_ptr
   Definitions
      At line 27 in file ..\\Compents\\ThreadX\\ports\\cortex_m0\\ac5\\src\\tx_
thread_schedule.s
   Uses
      None
Comment: _tx_thread_system_stack_ptr unused
_tx_timer_time_slice 00000000

Symbol: _tx_timer_time_slice
   Definitions
      At line 26 in file ..\\Compents\\ThreadX\\ports\\cortex_m0\\ac5\\src\\tx_
thread_schedule.s
   Uses
      At line 170 in file ..\\Compents\\ThreadX\\ports\\cortex_m0\\ac5\\src\\tx
_thread_schedule.s
      At line 204 in file ..\\Compents\\ThreadX\\ports\\cortex_m0\\ac5\\src\\tx
_thread_schedule.s

tx_low_power_enter 00000000

Symbol: tx_low_power_enter
   Definitions
      At line 34 in file ..\\Compents\\ThreadX\\ports\\cortex_m0\\ac5\\src\\tx_
thread_schedule.s
   Uses
      At line 252 in file ..\\Compents\\ThreadX\\ports\\cortex_m0\\ac5\\src\\tx



ARM Macro Assembler    Page 2 Alphabetic symbol ordering
External symbols

_thread_schedule.s
Comment: tx_low_power_enter used once
tx_low_power_exit 00000000

Symbol: tx_low_power_exit
   Definitions
      At line 35 in file ..\\Compents\\ThreadX\\ports\\cortex_m0\\ac5\\src\\tx_
thread_schedule.s
   Uses
      At line 264 in file ..\\Compents\\ThreadX\\ports\\cortex_m0\\ac5\\src\\tx
_thread_schedule.s
Comment: tx_low_power_exit used once
7 symbols
358 symbols in table
