<html>
<body>
<pre>
<h1>�Vision Build Log</h1>
<h2>Tool Versions:</h2>
IDE-Version: ��Vision V5.36.0.0
Copyright (C) 2021 ARM Ltd and ARM Germany GmbH. All rights reserved.
License Information: zlbb aszx11020@outlook.com, zlbb, LIC=UJWP0-BTXX8-2Z2W4-FG41V-IUFXK-SV4BX
 
Tool Versions:
Toolchain:       MDK-ARM Plus  Version: 5.36.0.0
Toolchain Path:  d:\Keil_v5\ARM\ARMCC\Bin
C Compiler:      Armcc.exe V5.06 update 7 (build 960)
Assembler:       Armasm.exe V5.06 update 7 (build 960)
Linker/Locator:  ArmLink.exe V5.06 update 7 (build 960)
Library Manager: ArmAr.exe V5.06 update 7 (build 960)
Hex Converter:   FromElf.exe V5.06 update 7 (build 960)
CPU DLL:         SARMCM3.DLL V5.36.0.0
Dialog DLL:      DARMCM1.DLL V1.19.4.0
Target DLL:      Segger\JL2CM3.dll V2.99.40.0
Dialog DLL:      TARMCM1.DLL V1.14.4.0
 
<h2>Project:</h2>
D:\Workspace\Projects\HKTProject\Project\LoRaWAN_IAQ300\USER\LoRaWAN_IAQ300.uvguix.uvprojx
Project File Date:  07/06/2025

<h2>Output:</h2>
*** Using Compiler 'V5.06 update 7 (build 960)', folder: 'd:\Keil_v5\ARM\ARMCC\Bin'
Rebuild target 'LoRaWAN_IAQ300_Release'
assembling startup_FM33A0XXEV.s...
compiling system_FM33A0XXEV.c...
compiling control_center.c...
compiling trng.c...
compiling iic.c...
compiling main.c...
main.c(211): warning:  #167-D: argument of type "void (*)(void)" is incompatible with parameter of type "void (*)(ULONG)"
      tx_timer_create(&AppTimer,
main.c(71): warning:  #177-D: variable "thread_block_tvoc"  was declared but never referenced
  static TX_THREAD thread_block_tvoc;
main.c(72): warning:  #177-D: variable "thread_stack_tvoc"  was declared but never referenced
  static uint64_t thread_stack_tvoc[thread_stack_size_tvoc / 8];
main.c: 3 warnings, 0 errors
compiling adc.c...
Drive\adc.c(161): warning:  #1-D: last line of file ends without a newline
  }
Drive\adc.c: 1 warning, 0 errors
compiling uart.c...
compiling multi_button.c...
compiling user_init.c...
compiling systick.c...
compiling lwrb.c...
compiling spi.c...
compiling gpio.c...
compiling flash.c...
compiling tim.c...
Drive\tim.c(285): warning:  #177-D: variable "AlarmTime_InitStruct"  was declared but never referenced
      RTC_AlarmTmieTypeDef AlarmTime_InitStruct;
Drive\tim.c: 1 warning, 0 errors
compiling communicate.c...
Drive\communicate.c(1445): warning:  #177-D: variable "deep_tick"  was declared but never referenced
      u32 deep_tick = 0;
Drive\communicate.c: 1 warning, 0 errors
compiling fm33a0xxev_bstim.c...
compiling fm33a0xxev_aes.c...
compiling fm33a0xxev_adc.c...
compiling fm33a0xxev_cdif.c...
compiling fm33a0xxev_cmu.c...
compiling fm33a0xxev_bt.c...
compiling fm33a0xxev_dbg.c...
compiling fm33a0xxev_crc.c...
compiling fm33a0xxev_et.c...
compiling fm33a0xxev_dma.c...
compiling fm33a0xxev_flash.c...
compiling GUI_Paint.c...
compiling LoRaWAN_APPLY.c...
compiling fm33a0xxev_comp.c...
compiling fm33a0xxev_hash.c...
compiling fm33a0xxev_iwdt.c...
compiling fm33a0xxev_gpio.c...
..\Compents\Lib\Drivers\fm33a0xxev_gpio.c(504): warning:  #1296-D: extended constant initialiser used
  	case (uint32_t)GPIOE: //
..\Compents\Lib\Drivers\fm33a0xxev_gpio.c(505): warning:  #1296-D: extended constant initialiser used
  	case (uint32_t)GPIOF: //
..\Compents\Lib\Drivers\fm33a0xxev_gpio.c(532): warning:  #1296-D: extended constant initialiser used
  	case (uint32_t)GPIOA: //
..\Compents\Lib\Drivers\fm33a0xxev_gpio.c(533): warning:  #1296-D: extended constant initialiser used
  	case (uint32_t)GPIOB: //
..\Compents\Lib\Drivers\fm33a0xxev_gpio.c(534): warning:  #1296-D: extended constant initialiser used
  	case (uint32_t)GPIOC: //
..\Compents\Lib\Drivers\fm33a0xxev_gpio.c(535): warning:  #1296-D: extended constant initialiser used
  	case (uint32_t)GPIOD: //
..\Compents\Lib\Drivers\fm33a0xxev_gpio.c(611): warning:  #1296-D: extended constant initialiser used
  	case (uint32_t)GPIOA:
..\Compents\Lib\Drivers\fm33a0xxev_gpio.c(612): warning:  #1296-D: extended constant initialiser used
  	case (uint32_t)GPIOB:
..\Compents\Lib\Drivers\fm33a0xxev_gpio.c(613): warning:  #1296-D: extended constant initialiser used
  	case (uint32_t)GPIOC:
..\Compents\Lib\Drivers\fm33a0xxev_gpio.c(614): warning:  #1296-D: extended constant initialiser used
  	case (uint32_t)GPIOD:
..\Compents\Lib\Drivers\fm33a0xxev_gpio.c(654): warning:  #1296-D: extended constant initialiser used
  	case (uint32_t)GPIOE:
..\Compents\Lib\Drivers\fm33a0xxev_gpio.c(655): warning:  #1296-D: extended constant initialiser used
  	case (uint32_t)GPIOF:
..\Compents\Lib\Drivers\fm33a0xxev_gpio.c(703): warning:  #1296-D: extended constant initialiser used
  	case (uint32_t)GPIOA:
..\Compents\Lib\Drivers\fm33a0xxev_gpio.c(704): warning:  #1296-D: extended constant initialiser used
  	case (uint32_t)GPIOB:
..\Compents\Lib\Drivers\fm33a0xxev_gpio.c(705): warning:  #1296-D: extended constant initialiser used
  	case (uint32_t)GPIOC:
..\Compents\Lib\Drivers\fm33a0xxev_gpio.c(706): warning:  #1296-D: extended constant initialiser used
  	case (uint32_t)GPIOD:
..\Compents\Lib\Drivers\fm33a0xxev_gpio.c(707): warning:  #1296-D: extended constant initialiser used
  	case (uint32_t)GPIOE:
..\Compents\Lib\Drivers\fm33a0xxev_gpio.c(708): warning:  #1296-D: extended constant initialiser used
  	case (uint32_t)GPIOF:
..\Compents\Lib\Drivers\fm33a0xxev_gpio.c(795): warning:  #1296-D: extended constant initialiser used
  	case (uint32_t)GPIOA:
..\Compents\Lib\Drivers\fm33a0xxev_gpio.c(796): warning:  #1296-D: extended constant initialiser used
  	case (uint32_t)GPIOB:
..\Compents\Lib\Drivers\fm33a0xxev_gpio.c(797): warning:  #1296-D: extended constant initialiser used
  	case (uint32_t)GPIOC:
..\Compents\Lib\Drivers\fm33a0xxev_gpio.c(798): warning:  #1296-D: extended constant initialiser used
  	case (uint32_t)GPIOD:
..\Compents\Lib\Drivers\fm33a0xxev_gpio.c(799): warning:  #1296-D: extended constant initialiser used
  	case (uint32_t)GPIOE:
..\Compents\Lib\Drivers\fm33a0xxev_gpio.c(800): warning:  #1296-D: extended constant initialiser used
  	case (uint32_t)GPIOF:
..\Compents\Lib\Drivers\fm33a0xxev_gpio.c(892): warning:  #1296-D: extended constant initialiser used
  	case (uint32_t)GPIOA:
..\Compents\Lib\Drivers\fm33a0xxev_gpio.c(893): warning:  #1296-D: extended constant initialiser used
  	case (uint32_t)GPIOB:
..\Compents\Lib\Drivers\fm33a0xxev_gpio.c(894): warning:  #1296-D: extended constant initialiser used
  	case (uint32_t)GPIOC:
..\Compents\Lib\Drivers\fm33a0xxev_gpio.c(895): warning:  #1296-D: extended constant initialiser used
  	case (uint32_t)GPIOD:
..\Compents\Lib\Drivers\fm33a0xxev_gpio.c(896): warning:  #1296-D: extended constant initialiser used
  	case (uint32_t)GPIOE:
..\Compents\Lib\Drivers\fm33a0xxev_gpio.c(897): warning:  #1296-D: extended constant initialiser used
  	case (uint32_t)GPIOF:
..\Compents\Lib\Drivers\fm33a0xxev_gpio.c(984): warning:  #1296-D: extended constant initialiser used
  	case (uint32_t)GPIOA:
..\Compents\Lib\Drivers\fm33a0xxev_gpio.c(985): warning:  #1296-D: extended constant initialiser used
  	case (uint32_t)GPIOB:
..\Compents\Lib\Drivers\fm33a0xxev_gpio.c(986): warning:  #1296-D: extended constant initialiser used
  	case (uint32_t)GPIOC:
..\Compents\Lib\Drivers\fm33a0xxev_gpio.c(987): warning:  #1296-D: extended constant initialiser used
  	case (uint32_t)GPIOD:
..\Compents\Lib\Drivers\fm33a0xxev_gpio.c(988): warning:  #1296-D: extended constant initialiser used
  	case (uint32_t)GPIOE:
..\Compents\Lib\Drivers\fm33a0xxev_gpio.c(989): warning:  #1296-D: extended constant initialiser used
  	case (uint32_t)GPIOF:
..\Compents\Lib\Drivers\fm33a0xxev_gpio.c: 36 warnings, 0 errors
compiling LoRaWAN_ATCMD.c...
compiling fm33a0xxev_i2c.c...
compiling fm33a0xxev_lcd.c...
compiling fm33a0xxev_lpuart.c...
compiling fm33a0xxev_pae.c...
compiling fm33a0xxev_lptim.c...
compiling fm33a0xxev_rng.c...
compiling fm33a0xxev_qspi.c...
compiling fm33a0xxev_pmu.c...
compiling fm33a0xxev_spi.c...
compiling fm33a0xxev_svd.c...
compiling fm33a0xxev_rmu.c...
compiling fm33a0xxev_rtc.c...
compiling fm33a0xxev_u7816.c...
compiling fm33a0xxev_vrtc.c...
compiling fm33a0xxev_wwdt.c...
compiling fm33a0xxev_uart.c...
compiling zmod4xxx.c...
compiling HP203B.c...
..\Compents\Sensor\HP203B.c(150): warning:  #177-D: variable "data"  was declared but never referenced
      u8 data[6] = {0};
..\Compents\Sensor\HP203B.c(151): warning:  #177-D: variable "Pressure"  was declared but never referenced
      u32 Pressure;
..\Compents\Sensor\HP203B.c(152): warning:  #177-D: variable "Altitude"  was declared but never referenced
      int32_t Altitude;
..\Compents\Sensor\HP203B.c: 3 warnings, 0 errors
compiling CB_HCHO_V4C.c...
compiling LTR_3XXALS_01.c...
compiling SEN0231.c...
compiling IM8601PA.c...
..\Compents\Sensor\IM8601PA.c(303): warning:  #177-D: variable "actual_events"  was declared but never referenced
      ULONG actual_events;
..\Compents\Sensor\IM8601PA.c: 1 warning, 0 errors
compiling PMSA003.c...
..\Compents\Sensor\PMSA003.c(97): warning:  #550-D: variable "cf_pm_1_0"  was set but never used
      u16 cf_pm_1_0, cf_pm_2_5, cf_pm_10_0;                                                          // PM 浓度（CF=1，标准颗粒物）μg/m3
..\Compents\Sensor\PMSA003.c(97): warning:  #550-D: variable "cf_pm_2_5"  was set but never used
      u16 cf_pm_1_0, cf_pm_2_5, cf_pm_10_0;                                                          // PM 浓度（CF=1，标准颗粒物）μg/m3
..\Compents\Sensor\PMSA003.c(97): warning:  #550-D: variable "cf_pm_10_0"  was set but never used
      u16 cf_pm_1_0, cf_pm_2_5, cf_pm_10_0;                                                          // PM 浓度（CF=1，标准颗粒物）μg/m3
..\Compents\Sensor\PMSA003.c(99): warning:  #550-D: variable "number_pm_0_3"  was set but never used
      u16 number_pm_0_3, number_pm_0_5, number_pm_1_0, number_pm_2_5, number_pm_5_0, number_pm_10_0; // 0.1 升空气中直径�? xum 以上颗粒物个�?
..\Compents\Sensor\PMSA003.c(99): warning:  #550-D: variable "number_pm_0_5"  was set but never used
      u16 number_pm_0_3, number_pm_0_5, number_pm_1_0, number_pm_2_5, number_pm_5_0, number_pm_10_0; // 0.1 升空气中直径�? xum 以上颗粒物个�?
..\Compents\Sensor\PMSA003.c(99): warning:  #550-D: variable "number_pm_1_0"  was set but never used
      u16 number_pm_0_3, number_pm_0_5, number_pm_1_0, number_pm_2_5, number_pm_5_0, number_pm_10_0; // 0.1 升空气中直径�? xum 以上颗粒物个�?
..\Compents\Sensor\PMSA003.c(99): warning:  #550-D: variable "number_pm_2_5"  was set but never used
      u16 number_pm_0_3, number_pm_0_5, number_pm_1_0, number_pm_2_5, number_pm_5_0, number_pm_10_0; // 0.1 升空气中直径�? xum 以上颗粒物个�?
..\Compents\Sensor\PMSA003.c(99): warning:  #550-D: variable "number_pm_5_0"  was set but never used
      u16 number_pm_0_3, number_pm_0_5, number_pm_1_0, number_pm_2_5, number_pm_5_0, number_pm_10_0; // 0.1 升空气中直径�? xum 以上颗粒物个�?
..\Compents\Sensor\PMSA003.c(99): warning:  #550-D: variable "number_pm_10_0"  was set but never used
      u16 number_pm_0_3, number_pm_0_5, number_pm_1_0, number_pm_2_5, number_pm_5_0, number_pm_10_0; // 0.1 升空气中直径�? xum 以上颗粒物个�?
..\Compents\Sensor\PMSA003.c(100): warning:  #550-D: variable "version"  was set but never used
      u8 version, error_code;
..\Compents\Sensor\PMSA003.c(100): warning:  #550-D: variable "error_code"  was set but never used
      u8 version, error_code;
..\Compents\Sensor\PMSA003.c: 11 warnings, 0 errors
compiling SGP4X.c...
compiling SCD4X.c...
compiling W25X40CLSNIG.c...
..\Compents\Sensor\W25X40CLSNIG.c(204): warning:  #177-D: function "set_status_cb"  was declared but never referenced
  static bool set_status_cb(fdb_tsl_t tsl, void *arg)
..\Compents\Sensor\W25X40CLSNIG.c(32): warning:  #177-D: function "lock"  was declared but never referenced
  static void lock(fdb_db_t db)
..\Compents\Sensor\W25X40CLSNIG.c(37): warning:  #177-D: function "unlock"  was declared but never referenced
  static void unlock(fdb_db_t db)
..\Compents\Sensor\W25X40CLSNIG.c: 3 warnings, 0 errors
compiling SHT40X.c...
compiling ZMOD441X.c...
compiling ZMOD451X.c...
compiling CM1106SL.c...
..\Compents\Sensor\CM1106SL.c(84): warning:  #177-D: variable "i"  was declared but never referenced
          uint8_t  i;
..\Compents\Sensor\CM1106SL.c(314): warning:  #1-D: last line of file ends without a newline
  }
..\Compents\Sensor\CM1106SL.c: 2 warnings, 0 errors
compiling sensirion_common.c...
compiling sgp40_i2c.c...
compiling EPD.c...
..\Compents\Sensor\EPD.c(440): warning:  #177-D: variable "Xpoint"  was declared but never referenced
      u16 Xpoint, Ypoint, Height, Width;
..\Compents\Sensor\EPD.c(440): warning:  #177-D: variable "Ypoint"  was declared but never referenced
      u16 Xpoint, Ypoint, Height, Width;
..\Compents\Sensor\EPD.c(440): warning:  #550-D: variable "Height"  was set but never used
      u16 Xpoint, Ypoint, Height, Width;
..\Compents\Sensor\EPD.c(440): warning:  #550-D: variable "Width"  was set but never used
      u16 Xpoint, Ypoint, Height, Width;
..\Compents\Sensor\EPD.c(443): warning:  #177-D: variable "Addr"  was declared but never referenced
      u32 Addr = 0;
..\Compents\Sensor\EPD.c(505): warning:  #177-D: variable "atmos_pm_2_5"  was declared but never referenced
      u16 atmos_pm_2_5;
..\Compents\Sensor\EPD.c(506): warning:  #177-D: variable "atmos_pm_10_0"  was declared but never referenced
      u16 atmos_pm_10_0;
..\Compents\Sensor\EPD.c(1193): warning:  #186-D: pointless comparison of unsigned integer with zero
      if (data >= 0) {
..\Compents\Sensor\EPD.c(1229): warning:  #550-D: variable "status"  was set but never used
      UINT status;
..\Compents\Sensor\EPD.c: 9 warnings, 0 errors
compiling zmod4xxx_i2c_hal.c...
compiling sensirion_i2c.c...
compiling scd4x_i2c.c...
compiling font8.c...
compiling sht4x_i2c.c...
compiling font_custom.c...
compiling sensirion_voc_algorithm.c...
compiling font12.c...
compiling font12CN.c...
compiling font16.c...
compiling font16_H_16x11.c...
compiling font20.c...
compiling font24_h_24x12.c...
compiling font24.c...
compiling font24CN.c...
compiling font30.c...
compiling font30_h_30x16.c...
compiling drv_spi_flash.c...
compiling bitstream.c...
compiling sfud.c...
compiling sfud_sfdp.c...
compiling fdb_file.c...
compiling fdb.c...
compiling mask.c...
compiling fal.c...
compiling fal_flash_sfud_port.c...
compiling fdb_utils.c...
compiling fal_flash.c...
compiling fal_rtt.c...
compiling fdb_tsdb.c...
compiling fal_partition.c...
compiling fdb_kvdb.c...
compiling mmask.c...
compiling mqrspec.c...
compiling sfud_port.c...
..\Compents\Modules\FlashDB-1.1.2\sfud\port\sfud_port.c(83): warning:  #167-D: argument of type "const uint8_t *" is incompatible with parameter of type "uint8_t *"
      Spi2WriteReadNByte(write_buf, write_size, read_buf, read_size);
..\Compents\Modules\FlashDB-1.1.2\sfud\port\sfud_port.c(71): warning:  #177-D: variable "spi_dev"  was declared but never referenced
      spi_user_data_t spi_dev = (spi_user_data_t)spi->user_data;
..\Compents\Modules\FlashDB-1.1.2\sfud\port\sfud_port.c: 2 warnings, 0 errors
compiling split.c...
compiling rscode.c...
compiling qrencode.c...
compiling qrspec.c...
assembling tx_thread_context_restore.s...
compiling qrinput.c...
assembling tx_thread_interrupt_control.s...
assembling tx_thread_context_save.s...
assembling tx_thread_interrupt_disable.s...
assembling tx_thread_interrupt_restore.s...
assembling tx_thread_schedule.s...
assembling tx_thread_stack_build.s...
assembling tx_thread_system_return.s...
compiling QR_Encode.c...
assembling tx_initialize_low_level.s...
assembling tx_timer_interrupt.s...
compiling tx_block_pool_cleanup.c...
compiling tx_block_allocate.c...
compiling tx_block_pool_create.c...
compiling tx_block_pool_delete.c...
compiling tx_block_pool_info_get.c...
compiling tx_block_pool_initialize.c...
compiling tx_block_pool_performance_info_get.c...
compiling tx_block_pool_performance_system_info_get.c...
compiling tx_block_pool_prioritize.c...
compiling tx_block_release.c...
compiling tx_byte_allocate.c...
compiling tx_byte_pool_cleanup.c...
compiling tx_byte_pool_create.c...
compiling tx_byte_pool_delete.c...
compiling tx_byte_pool_info_get.c...
compiling tx_byte_pool_initialize.c...
compiling tx_byte_pool_performance_info_get.c...
compiling tx_byte_pool_performance_system_info_get.c...
compiling tx_byte_pool_prioritize.c...
compiling tx_byte_pool_search.c...
compiling tx_byte_release.c...
compiling tx_event_flags_cleanup.c...
compiling tx_event_flags_create.c...
compiling tx_event_flags_delete.c...
compiling tx_event_flags_get.c...
compiling tx_event_flags_info_get.c...
compiling tx_event_flags_initialize.c...
compiling tx_event_flags_performance_info_get.c...
compiling tx_event_flags_performance_system_info_get.c...
compiling tx_event_flags_set_notify.c...
compiling tx_event_flags_set.c...
compiling tx_initialize_high_level.c...
compiling tx_initialize_kernel_enter.c...
compiling tx_initialize_kernel_setup.c...
compiling tx_misra.c...
compiling tx_mutex_cleanup.c...
compiling tx_mutex_create.c...
compiling tx_mutex_delete.c...
compiling tx_mutex_get.c...
compiling tx_mutex_info_get.c...
compiling tx_mutex_initialize.c...
compiling tx_mutex_performance_info_get.c...
compiling tx_mutex_performance_system_info_get.c...
compiling tx_mutex_prioritize.c...
compiling tx_mutex_priority_change.c...
compiling tx_queue_cleanup.c...
compiling tx_queue_delete.c...
compiling tx_mutex_put.c...
compiling tx_queue_create.c...
compiling tx_queue_flush.c...
compiling tx_queue_initialize.c...
compiling tx_queue_front_send.c...
compiling tx_queue_info_get.c...
compiling tx_queue_performance_info_get.c...
compiling tx_queue_performance_system_info_get.c...
compiling tx_queue_prioritize.c...
compiling tx_queue_send_notify.c...
compiling tx_queue_send.c...
compiling tx_queue_receive.c...
compiling tx_semaphore_ceiling_put.c...
compiling tx_semaphore_cleanup.c...
compiling tx_semaphore_create.c...
compiling tx_semaphore_delete.c...
compiling tx_semaphore_get.c...
compiling tx_semaphore_info_get.c...
compiling tx_semaphore_initialize.c...
compiling tx_semaphore_performance_info_get.c...
compiling tx_semaphore_performance_system_info_get.c...
compiling tx_semaphore_prioritize.c...
compiling tx_semaphore_put.c...
compiling tx_semaphore_put_notify.c...
compiling tx_thread_create.c...
compiling tx_thread_delete.c...
compiling tx_thread_entry_exit_notify.c...
compiling tx_thread_identify.c...
compiling tx_thread_info_get.c...
compiling tx_thread_initialize.c...
compiling tx_thread_performance_info_get.c...
compiling tx_thread_performance_system_info_get.c...
compiling tx_thread_preemption_change.c...
compiling tx_thread_priority_change.c...
compiling tx_thread_relinquish.c...
compiling tx_thread_reset.c...
compiling tx_thread_resume.c...
compiling tx_thread_shell_entry.c...
compiling tx_thread_sleep.c...
compiling tx_thread_stack_analyze.c...
compiling tx_thread_stack_error_handler.c...
compiling tx_thread_stack_error_notify.c...
compiling tx_thread_system_preempt_check.c...
compiling tx_thread_system_resume.c...
compiling tx_thread_suspend.c...
compiling tx_thread_system_suspend.c...
compiling tx_thread_terminate.c...
compiling tx_thread_time_slice.c...
compiling tx_thread_time_slice_change.c...
compiling tx_thread_timeout.c...
compiling tx_thread_wait_abort.c...
compiling tx_time_get.c...
compiling tx_time_set.c...
compiling tx_timer_activate.c...
compiling tx_timer_change.c...
compiling tx_timer_create.c...
compiling tx_timer_deactivate.c...
compiling tx_timer_delete.c...
compiling tx_timer_expiration_process.c...
compiling tx_timer_initialize.c...
compiling tx_timer_info_get.c...
compiling tx_timer_performance_info_get.c...
compiling tx_timer_system_activate.c...
compiling tx_timer_performance_system_info_get.c...
compiling tx_timer_system_deactivate.c...
compiling tx_timer_thread_entry.c...
compiling tx_trace_buffer_full_notify.c...
compiling tx_trace_disable.c...
compiling tx_trace_enable.c...
compiling tx_trace_event_filter.c...
compiling tx_trace_event_unfilter.c...
compiling tx_trace_interrupt_control.c...
compiling tx_trace_initialize.c...
compiling tx_trace_isr_enter_insert.c...
compiling tx_trace_isr_exit_insert.c...
compiling tx_trace_object_register.c...
compiling tx_trace_object_unregister.c...
compiling tx_trace_user_event_insert.c...
compiling txe_block_allocate.c...
compiling txe_block_pool_create.c...
compiling txe_block_pool_delete.c...
compiling txe_block_pool_info_get.c...
compiling txe_block_pool_prioritize.c...
compiling txe_block_release.c...
compiling txe_byte_allocate.c...
compiling txe_byte_pool_delete.c...
compiling txe_byte_pool_create.c...
compiling txe_byte_pool_info_get.c...
compiling txe_byte_pool_prioritize.c...
compiling txe_byte_release.c...
compiling txe_event_flags_create.c...
compiling txe_event_flags_delete.c...
compiling txe_event_flags_get.c...
compiling txe_event_flags_info_get.c...
compiling txe_event_flags_set.c...
compiling txe_event_flags_set_notify.c...
compiling txe_mutex_create.c...
compiling txe_mutex_delete.c...
compiling txe_mutex_get.c...
compiling txe_mutex_info_get.c...
compiling txe_mutex_prioritize.c...
compiling txe_mutex_put.c...
compiling txe_queue_create.c...
compiling txe_queue_delete.c...
compiling txe_queue_flush.c...
compiling txe_queue_front_send.c...
compiling txe_queue_info_get.c...
compiling txe_queue_prioritize.c...
compiling txe_queue_receive.c...
compiling txe_queue_send.c...
compiling txe_queue_send_notify.c...
compiling txe_semaphore_ceiling_put.c...
compiling txe_semaphore_create.c...
compiling txe_semaphore_delete.c...
compiling txe_semaphore_get.c...
compiling txe_semaphore_info_get.c...
compiling txe_semaphore_prioritize.c...
compiling txe_semaphore_put.c...
compiling txe_semaphore_put_notify.c...
compiling txe_thread_delete.c...
compiling txe_thread_create.c...
compiling txe_thread_entry_exit_notify.c...
compiling txe_thread_info_get.c...
compiling txe_thread_preemption_change.c...
compiling txe_thread_priority_change.c...
compiling txe_thread_relinquish.c...
compiling txe_thread_reset.c...
compiling txe_thread_resume.c...
compiling txe_thread_suspend.c...
compiling txe_thread_terminate.c...
compiling txe_thread_time_slice_change.c...
compiling txe_thread_wait_abort.c...
compiling txe_timer_change.c...
compiling txe_timer_activate.c...
compiling txe_timer_create.c...
compiling txe_timer_deactivate.c...
compiling txe_timer_delete.c...
compiling tx_low_power.c...
compiling txe_timer_info_get.c...
linking...
Program Size: Code=107690 RO-data=98426 RW-data=1880 ZI-data=68176  
FromELF: creating hex file...
After Build - User command #1: fromelf.exe  --bin -o "D:\Workspace\Projects\HKTProject\Project\LoRaWAN_IAQ300\USER\Objects\LoRaWAN_IAQ300.bin" "D:\Workspace\Projects\HKTProject\Project\LoRaWAN_IAQ300\USER\Objects\LoRaWAN_IAQ300.axf"
".\Objects\LoRaWAN_IAQ300.axf" - 0 Error(s), 73 Warning(s).

<h2>Software Packages used:</h2>

Package Vendor: Keil
                
                Keil.FM33A0XXEV_DFP.0.0.4
                FMSH ARM Cortex-M0 Device Family Pack

<h2>Collection of Component include folders:</h2>

<h2>Collection of Component Files used:</h2>
Build Time Elapsed:  00:00:11
</pre>
</body>
</html>
