<!doctype html public "-//w3c//dtd html 4.0 transitional//en">
<html><head>
<title>Static Call Graph - [.\Objects\LoRaWAN_IAQ300.axf]</title></head>
<body><HR>
<H1>Static Call Graph for image .\Objects\LoRaWAN_IAQ300.axf</H1><HR>
<BR><P>#&#060CALLGRAPH&#062# ARM Linker, 5060960: Last Updated: Sun Jul 20 11:47:24 2025
<BR><P>
<H3>Maximum Stack Usage =       1040 bytes + Unknown(Functions without stacksize, Cycles, Untraceable Function Pointers)</H3><H3>
Call chain for Maximum Stack Depth:</H3>
thread_display &rArr; EPD_ShowUpdate &rArr; Paint_DrawNum &rArr; Paint_DrawString_EN &rArr; Paint_DrawChar &rArr; Paint_SetPixel &rArr; INFO &rArr; _txe_mutex_put &rArr; _tx_mutex_put &rArr; _tx_mutex_priority_change &rArr; _tx_thread_system_suspend &rArr; _tx_timer_system_activate
<P>
<H3>
Functions with no stack information
</H3><UL>
 <LI><a href="#[284]">_tx_thread_schedule</a>
 <LI><a href="#[8]">PendSV_Handler</a>
 <LI><a href="#[307]">__tx_PendSVHandler</a>
 <LI><a href="#[28b]">_tx_thread_stack_build</a>
 <LI><a href="#[57]">_tx_timer_interrupt</a>
 <LI><a href="#[4]">Reset_Handler</a>
 <LI><a href="#[282]">_tx_initialize_low_level</a>
 <LI><a href="#[5a]">__tx_BadHandler</a>
 <LI><a href="#[5b]">__tx_SVCallHandler</a>
 <LI><a href="#[308]">__tx_IntHandler</a>
 <LI><a href="#[9]">SysTick_Handler</a>
 <LI><a href="#[309]">__tx_SysTickHandler</a>
 <LI><a href="#[5c]">__tx_NMIHandler</a>
 <LI><a href="#[5d]">__tx_DBGHandler</a>
</UL>
</UL>
<P>
<H3>
Mutually Recursive functions
</H3> <LI><a href="#[6]">HardFault_Handler</a>&nbsp;&nbsp;&nbsp;&rArr;&nbsp;&nbsp;&nbsp;<a href="#[6]">HardFault_Handler</a><BR>
 <LI><a href="#[7]">SVC_Handler</a>&nbsp;&nbsp;&nbsp;&rArr;&nbsp;&nbsp;&nbsp;<a href="#[7]">SVC_Handler</a><BR>
 <LI><a href="#[f]">ADC_IRQHandler</a>&nbsp;&nbsp;&nbsp;&rArr;&nbsp;&nbsp;&nbsp;<a href="#[f]">ADC_IRQHandler</a><BR>
</UL>
<P>
<H3>
Function Pointers
</H3><UL>
 <LI><a href="#[f]">ADC_IRQHandler</a> from startup_fm33a0xxev.o(.text) referenced from startup_fm33a0xxev.o(RESET)
 <LI><a href="#[24]">BSTIM_IRQHandler</a> from tim.o(i.BSTIM_IRQHandler) referenced from startup_fm33a0xxev.o(RESET)
 <LI><a href="#[21]">BTx_IRQHandler</a> from startup_fm33a0xxev.o(.text) referenced from startup_fm33a0xxev.o(RESET)
 <LI><a href="#[e]">CMU_IRQHandler</a> from startup_fm33a0xxev.o(.text) referenced from startup_fm33a0xxev.o(RESET)
 <LI><a href="#[20]">COMP_IRQHandler</a> from startup_fm33a0xxev.o(.text) referenced from startup_fm33a0xxev.o(RESET)
 <LI><a href="#[1c]">CRYPTO_IRQHandler</a> from startup_fm33a0xxev.o(.text) referenced from startup_fm33a0xxev.o(RESET)
 <LI><a href="#[1e]">DMA_IRQHandler</a> from startup_fm33a0xxev.o(.text) referenced from startup_fm33a0xxev.o(RESET)
 <LI><a href="#[23]">ETx_IRQHandler</a> from startup_fm33a0xxev.o(.text) referenced from startup_fm33a0xxev.o(RESET)
 <LI><a href="#[d]">FLASH_IRQHandler</a> from startup_fm33a0xxev.o(.text) referenced from startup_fm33a0xxev.o(RESET)
 <LI><a href="#[2f]">FUNC_KEY_DOUBLE_CLICK_Handler</a> from gpio.o(i.FUNC_KEY_DOUBLE_CLICK_Handler) referenced from gpio.o(i.App_PortCfg)
 <LI><a href="#[30]">FUNC_KEY_LONG_RRESS_START_Handler</a> from gpio.o(i.FUNC_KEY_LONG_RRESS_START_Handler) referenced from gpio.o(i.App_PortCfg)
 <LI><a href="#[2e]">FUNC_KEY_SINGLE_CLICK_Handler</a> from gpio.o(i.FUNC_KEY_SINGLE_CLICK_Handler) referenced from gpio.o(i.App_PortCfg)
 <LI><a href="#[27]">GPIO_IRQHandler</a> from gpio.o(i.GPIO_IRQHandler) referenced from startup_fm33a0xxev.o(RESET)
 <LI><a href="#[6]">HardFault_Handler</a> from startup_fm33a0xxev.o(.text) referenced from startup_fm33a0xxev.o(RESET)
 <LI><a href="#[1b]">I2Cx_IRQHandler</a> from iic.o(i.I2Cx_IRQHandler) referenced from startup_fm33a0xxev.o(RESET)
 <LI><a href="#[1d]">LPTIM_IRQHandler</a> from tim.o(i.LPTIM_IRQHandler) referenced from startup_fm33a0xxev.o(RESET)
 <LI><a href="#[1a]">LPUART0_IRQHandler</a> from uart.o(i.LPUART0_IRQHandler) referenced from startup_fm33a0xxev.o(RESET)
 <LI><a href="#[28]">LPUART1_IRQHandler</a> from startup_fm33a0xxev.o(.text) referenced from startup_fm33a0xxev.o(RESET)
 <LI><a href="#[5]">NMI_Handler</a> from systick.o(i.NMI_Handler) referenced from startup_fm33a0xxev.o(RESET)
 <LI><a href="#[8]">PendSV_Handler</a> from tx_thread_schedule.o(.text) referenced from startup_fm33a0xxev.o(RESET)
 <LI><a href="#[22]">QSPI_IRQHandler</a> from startup_fm33a0xxev.o(.text) referenced from startup_fm33a0xxev.o(RESET)
 <LI><a href="#[32]">RST_KEY_DOUBLE_CLICK_Handler</a> from gpio.o(i.RST_KEY_DOUBLE_CLICK_Handler) referenced from gpio.o(i.App_PortCfg)
 <LI><a href="#[33]">RST_KEY_LONG_RRESS_START_Handler</a> from gpio.o(i.RST_KEY_LONG_RRESS_START_Handler) referenced from gpio.o(i.App_PortCfg)
 <LI><a href="#[31]">RST_KEY_SINGLE_CLICK_Handler</a> from gpio.o(i.RST_KEY_SINGLE_CLICK_Handler) referenced from gpio.o(i.App_PortCfg)
 <LI><a href="#[c]">RTC_IRQHandler</a> from tim.o(i.RTC_IRQHandler) referenced from startup_fm33a0xxev.o(RESET)
 <LI><a href="#[4]">Reset_Handler</a> from tx_initialize_low_level.o(.text) referenced from startup_fm33a0xxev.o(RESET)
 <LI><a href="#[10]">SPI0_IRQHandler</a> from startup_fm33a0xxev.o(.text) referenced from startup_fm33a0xxev.o(RESET)
 <LI><a href="#[11]">SPI1_IRQHandler</a> from startup_fm33a0xxev.o(.text) referenced from startup_fm33a0xxev.o(RESET)
 <LI><a href="#[12]">SPI2_IRQHandler</a> from startup_fm33a0xxev.o(.text) referenced from startup_fm33a0xxev.o(RESET)
 <LI><a href="#[25]">SPI3_IRQHandler</a> from startup_fm33a0xxev.o(.text) referenced from startup_fm33a0xxev.o(RESET)
 <LI><a href="#[26]">SPI4_IRQHandler</a> from startup_fm33a0xxev.o(.text) referenced from startup_fm33a0xxev.o(RESET)
 <LI><a href="#[7]">SVC_Handler</a> from startup_fm33a0xxev.o(.text) referenced from startup_fm33a0xxev.o(RESET)
 <LI><a href="#[b]">SVD_IRQHandler</a> from startup_fm33a0xxev.o(.text) referenced from startup_fm33a0xxev.o(RESET)
 <LI><a href="#[9]">SysTick_Handler</a> from tx_initialize_low_level.o(.text) referenced from startup_fm33a0xxev.o(RESET)
 <LI><a href="#[2a]">SystemInit</a> from system_fm33a0xxev.o(i.SystemInit) referenced from startup_fm33a0xxev.o(.text)
 <LI><a href="#[19]">U7816_IRQHandler</a> from startup_fm33a0xxev.o(.text) referenced from startup_fm33a0xxev.o(RESET)
 <LI><a href="#[13]">UART0_IRQHandler</a> from uart.o(i.UART0_IRQHandler) referenced from startup_fm33a0xxev.o(RESET)
 <LI><a href="#[14]">UART1_IRQHandler</a> from uart.o(i.UART1_IRQHandler) referenced from startup_fm33a0xxev.o(RESET)
 <LI><a href="#[15]">UART2_IRQHandler</a> from uart.o(i.UART2_IRQHandler) referenced from startup_fm33a0xxev.o(RESET)
 <LI><a href="#[16]">UART3_IRQHandler</a> from uart.o(i.UART3_IRQHandler) referenced from startup_fm33a0xxev.o(RESET)
 <LI><a href="#[17]">UART4_IRQHandler</a> from uart.o(i.UART4_IRQHandler) referenced from startup_fm33a0xxev.o(RESET)
 <LI><a href="#[18]">UART5_IRQHandler</a> from uart.o(i.UART5_IRQHandler) referenced from startup_fm33a0xxev.o(RESET)
 <LI><a href="#[1f]">WKUPx_IRQHandler</a> from startup_fm33a0xxev.o(.text) referenced from startup_fm33a0xxev.o(RESET)
 <LI><a href="#[a]">WWDT_IRQHandler</a> from startup_fm33a0xxev.o(.text) referenced from startup_fm33a0xxev.o(RESET)
 <LI><a href="#[2b]">__main</a> from entry.o(.ARM.Collect$$$$00000000) referenced 2 times from startup_fm33a0xxev.o(.text)
 <LI><a href="#[36]">_snputc</a> from printfa.o(i._snputc) referenced from printfa.o(i.__0snprintf)
 <LI><a href="#[36]">_snputc</a> from printfa.o(i._snputc) referenced from printfa.o(i.__0vsnprintf)
 <LI><a href="#[37]">_sputc</a> from printfa.o(i._sputc) referenced from printfa.o(i.__0sprintf)
 <LI><a href="#[37]">_sputc</a> from printfa.o(i._sputc) referenced from printfa.o(i.__0vsprintf)
 <LI><a href="#[38]">_tx_event_flags_cleanup</a> from tx_event_flags_cleanup.o(i._tx_event_flags_cleanup) referenced from tx_event_flags_cleanup.o(i._tx_event_flags_cleanup)
 <LI><a href="#[38]">_tx_event_flags_cleanup</a> from tx_event_flags_cleanup.o(i._tx_event_flags_cleanup) referenced from tx_event_flags_get.o(i._tx_event_flags_get)
 <LI><a href="#[39]">_tx_mutex_cleanup</a> from tx_mutex_cleanup.o(i._tx_mutex_cleanup) referenced from tx_mutex_cleanup.o(i._tx_mutex_cleanup)
 <LI><a href="#[39]">_tx_mutex_cleanup</a> from tx_mutex_cleanup.o(i._tx_mutex_cleanup) referenced from tx_mutex_get.o(i._tx_mutex_get)
 <LI><a href="#[3a]">_tx_mutex_thread_release</a> from tx_mutex_cleanup.o(i._tx_mutex_thread_release) referenced from tx_mutex_create.o(i._tx_mutex_create)
 <LI><a href="#[3c]">_tx_thread_shell_entry</a> from tx_thread_shell_entry.o(i._tx_thread_shell_entry) referenced from tx_thread_create.o(i._tx_thread_create)
 <LI><a href="#[3b]">_tx_thread_timeout</a> from tx_thread_timeout.o(i._tx_thread_timeout) referenced from tx_thread_create.o(i._tx_thread_create)
 <LI><a href="#[3d]">_tx_timer_thread_entry</a> from tx_timer_thread_entry.o(i._tx_timer_thread_entry) referenced from tx_timer_initialize.o(i._tx_timer_initialize)
 <LI><a href="#[2c]">button_read_func_key_pin</a> from gpio.o(i.button_read_func_key_pin) referenced from gpio.o(i.App_PortCfg)
 <LI><a href="#[2d]">button_read_rst_key_pin</a> from gpio.o(i.button_read_rst_key_pin) referenced from gpio.o(i.App_PortCfg)
 <LI><a href="#[3e]">check_sec_hdr_cb</a> from fdb_tsdb.o(i.check_sec_hdr_cb) referenced from fdb_tsdb.o(i.fdb_tsdb_init)
 <LI><a href="#[3]">erase</a> from fal_flash_sfud_port.o(i.erase) referenced 2 times from fal_flash_sfud_port.o(.data)
 <LI><a href="#[4d]">event_group_notify</a> from main.o(i.event_group_notify) referenced from main.o(i.tx_application_define)
 <LI><a href="#[40]">export_cb</a> from w25x40clsnig.o(i.export_cb) referenced from w25x40clsnig.o(i.nor_flash_read_export)
 <LI><a href="#[4c]">format_all_cb</a> from fdb_tsdb.o(i.format_all_cb) referenced from fdb_tsdb.o(i.tsl_format_all)
 <LI><a href="#[35]">fputc</a> from fputc.o(i.fputc) referenced from printfa.o(i.__0printf)
 <LI><a href="#[34]">get_time</a> from w25x40clsnig.o(i.get_time) referenced from w25x40clsnig.o(i.SpiFlash_Init)
 <LI><a href="#[0]">init</a> from fal_flash_sfud_port.o(i.init) referenced 2 times from fal_flash_sfud_port.o(.data)
 <LI><a href="#[29]">main</a> from main.o(i.main) referenced from entry9a.o(.ARM.Collect$$$$0000000B)
 <LI><a href="#[3f]">my_buff_evt_fn</a> from communicate.o(i.my_buff_evt_fn) referenced from communicate.o(i.lwrbDataInit)
 <LI><a href="#[1]">read</a> from fal_flash_sfud_port.o(i.read) referenced 2 times from fal_flash_sfud_port.o(.data)
 <LI><a href="#[44]">retry_delay_100us</a> from sfud_port.o(i.retry_delay_100us) referenced from sfud_port.o(i.sfud_spi_port_init)
 <LI><a href="#[42]">spi_lock</a> from sfud_port.o(i.spi_lock) referenced from sfud_port.o(i.sfud_spi_port_init)
 <LI><a href="#[43]">spi_unlock</a> from sfud_port.o(i.spi_unlock) referenced from sfud_port.o(i.sfud_spi_port_init)
 <LI><a href="#[41]">spi_write_read</a> from sfud_port.o(i.spi_write_read) referenced from sfud_port.o(i.sfud_spi_port_init)
 <LI><a href="#[46]">thread_communicate</a> from communicate.o(i.thread_communicate) referenced from main.o(i.thread_start)
 <LI><a href="#[4b]">thread_deepsleep</a> from communicate.o(i.thread_deepsleep) referenced from main.o(i.thread_start)
 <LI><a href="#[4a]">thread_display</a> from epd.o(i.thread_display) referenced from main.o(i.thread_start)
 <LI><a href="#[50]">thread_idle</a> from main.o(i.thread_idle) referenced from main.o(i.tx_application_define)
 <LI><a href="#[48]">thread_led</a> from gpio.o(i.thread_led) referenced from main.o(i.thread_start)
 <LI><a href="#[49]">thread_pir</a> from im8601pa.o(i.thread_pir) referenced from main.o(i.thread_start)
 <LI><a href="#[47]">thread_sensor</a> from communicate.o(i.thread_sensor) referenced from main.o(i.thread_start)
 <LI><a href="#[4e]">thread_start</a> from main.o(i.thread_start) referenced from main.o(i.tx_application_define)
 <LI><a href="#[4f]">thread_status</a> from main.o(i.thread_status) referenced from main.o(i.tx_application_define)
 <LI><a href="#[45]">tx_TimerCallback</a> from systick.o(i.tx_TimerCallback) referenced from main.o(i.thread_50ms_timer_init)
 <LI><a href="#[2]">write</a> from fal_flash_sfud_port.o(i.write) referenced 2 times from fal_flash_sfud_port.o(.data)
</UL>
<P>
<H3>
Global Symbols
</H3>
<P><STRONG><a name="[2b]"></a>__main</STRONG> (Thumb, 0 bytes, Stack size unknown bytes, entry.o(.ARM.Collect$$$$00000000))
<BR>[Address Reference Count : 2]<UL><LI> startup_fm33a0xxev.o(.text)
<LI> tx_initialize_low_level.o(.text)
</UL>
<P><STRONG><a name="[301]"></a>_main_stk</STRONG> (Thumb, 0 bytes, Stack size unknown bytes, entry2.o(.ARM.Collect$$$$00000001))

<P><STRONG><a name="[51]"></a>_main_scatterload</STRONG> (Thumb, 0 bytes, Stack size unknown bytes, entry5.o(.ARM.Collect$$$$00000004))
<BR><BR>[Calls]<UL><LI><a href="#[52]">&gt;&gt;</a>&nbsp;&nbsp;&nbsp;__scatterload
</UL>

<P><STRONG><a name="[84]"></a>__main_after_scatterload</STRONG> (Thumb, 0 bytes, Stack size unknown bytes, entry5.o(.ARM.Collect$$$$00000004))
<BR><BR>[Called By]<UL><LI><a href="#[52]">&gt;&gt;</a>&nbsp;&nbsp;&nbsp;__scatterload
</UL>

<P><STRONG><a name="[302]"></a>_main_clock</STRONG> (Thumb, 0 bytes, Stack size unknown bytes, entry7b.o(.ARM.Collect$$$$00000008))

<P><STRONG><a name="[303]"></a>_main_cpp_init</STRONG> (Thumb, 0 bytes, Stack size unknown bytes, entry8b.o(.ARM.Collect$$$$0000000A))

<P><STRONG><a name="[304]"></a>_main_init</STRONG> (Thumb, 0 bytes, Stack size unknown bytes, entry9a.o(.ARM.Collect$$$$0000000B))

<P><STRONG><a name="[53]"></a>__rt_lib_shutdown_fini</STRONG> (Thumb, 0 bytes, Stack size unknown bytes, entry12b.o(.ARM.Collect$$$$0000000E))
<BR><BR>[Calls]<UL><LI><a href="#[54]">&gt;&gt;</a>&nbsp;&nbsp;&nbsp;__arm_fini_ (Weak Reference)
</UL>

<P><STRONG><a name="[305]"></a>__rt_final_cpp</STRONG> (Thumb, 0 bytes, Stack size unknown bytes, entry10a.o(.ARM.Collect$$$$0000000F))

<P><STRONG><a name="[306]"></a>__rt_final_exit</STRONG> (Thumb, 0 bytes, Stack size unknown bytes, entry11a.o(.ARM.Collect$$$$00000011))

<P><STRONG><a name="[6]"></a>HardFault_Handler</STRONG> (Thumb, 2 bytes, Stack size 0 bytes, startup_fm33a0xxev.o(.text))
<BR><BR>[Calls]<UL><LI><a href="#[6]">&gt;&gt;</a>&nbsp;&nbsp;&nbsp;HardFault_Handler
</UL>
<BR>[Called By]<UL><LI><a href="#[6]">&gt;&gt;</a>&nbsp;&nbsp;&nbsp;HardFault_Handler
</UL>
<BR>[Address Reference Count : 1]<UL><LI> startup_fm33a0xxev.o(RESET)
</UL>
<P><STRONG><a name="[7]"></a>SVC_Handler</STRONG> (Thumb, 2 bytes, Stack size 0 bytes, startup_fm33a0xxev.o(.text))
<BR><BR>[Calls]<UL><LI><a href="#[7]">&gt;&gt;</a>&nbsp;&nbsp;&nbsp;SVC_Handler
</UL>
<BR>[Called By]<UL><LI><a href="#[7]">&gt;&gt;</a>&nbsp;&nbsp;&nbsp;SVC_Handler
</UL>
<BR>[Address Reference Count : 1]<UL><LI> startup_fm33a0xxev.o(RESET)
</UL>
<P><STRONG><a name="[f]"></a>ADC_IRQHandler</STRONG> (Thumb, 0 bytes, Stack size 0 bytes, startup_fm33a0xxev.o(.text))
<BR><BR>[Calls]<UL><LI><a href="#[f]">&gt;&gt;</a>&nbsp;&nbsp;&nbsp;ADC_IRQHandler
</UL>
<BR>[Called By]<UL><LI><a href="#[f]">&gt;&gt;</a>&nbsp;&nbsp;&nbsp;ADC_IRQHandler
</UL>
<BR>[Address Reference Count : 1]<UL><LI> startup_fm33a0xxev.o(RESET)
</UL>
<P><STRONG><a name="[21]"></a>BTx_IRQHandler</STRONG> (Thumb, 0 bytes, Stack size 0 bytes, startup_fm33a0xxev.o(.text))
<BR>[Address Reference Count : 1]<UL><LI> startup_fm33a0xxev.o(RESET)
</UL>
<P><STRONG><a name="[e]"></a>CMU_IRQHandler</STRONG> (Thumb, 0 bytes, Stack size 0 bytes, startup_fm33a0xxev.o(.text))
<BR>[Address Reference Count : 1]<UL><LI> startup_fm33a0xxev.o(RESET)
</UL>
<P><STRONG><a name="[20]"></a>COMP_IRQHandler</STRONG> (Thumb, 0 bytes, Stack size 0 bytes, startup_fm33a0xxev.o(.text))
<BR>[Address Reference Count : 1]<UL><LI> startup_fm33a0xxev.o(RESET)
</UL>
<P><STRONG><a name="[1c]"></a>CRYPTO_IRQHandler</STRONG> (Thumb, 0 bytes, Stack size 0 bytes, startup_fm33a0xxev.o(.text))
<BR>[Address Reference Count : 1]<UL><LI> startup_fm33a0xxev.o(RESET)
</UL>
<P><STRONG><a name="[1e]"></a>DMA_IRQHandler</STRONG> (Thumb, 0 bytes, Stack size 0 bytes, startup_fm33a0xxev.o(.text))
<BR>[Address Reference Count : 1]<UL><LI> startup_fm33a0xxev.o(RESET)
</UL>
<P><STRONG><a name="[23]"></a>ETx_IRQHandler</STRONG> (Thumb, 0 bytes, Stack size 0 bytes, startup_fm33a0xxev.o(.text))
<BR>[Address Reference Count : 1]<UL><LI> startup_fm33a0xxev.o(RESET)
</UL>
<P><STRONG><a name="[d]"></a>FLASH_IRQHandler</STRONG> (Thumb, 0 bytes, Stack size 0 bytes, startup_fm33a0xxev.o(.text))
<BR>[Address Reference Count : 1]<UL><LI> startup_fm33a0xxev.o(RESET)
</UL>
<P><STRONG><a name="[28]"></a>LPUART1_IRQHandler</STRONG> (Thumb, 0 bytes, Stack size 0 bytes, startup_fm33a0xxev.o(.text))
<BR>[Address Reference Count : 1]<UL><LI> startup_fm33a0xxev.o(RESET)
</UL>
<P><STRONG><a name="[22]"></a>QSPI_IRQHandler</STRONG> (Thumb, 0 bytes, Stack size 0 bytes, startup_fm33a0xxev.o(.text))
<BR>[Address Reference Count : 1]<UL><LI> startup_fm33a0xxev.o(RESET)
</UL>
<P><STRONG><a name="[10]"></a>SPI0_IRQHandler</STRONG> (Thumb, 0 bytes, Stack size 0 bytes, startup_fm33a0xxev.o(.text))
<BR>[Address Reference Count : 1]<UL><LI> startup_fm33a0xxev.o(RESET)
</UL>
<P><STRONG><a name="[11]"></a>SPI1_IRQHandler</STRONG> (Thumb, 0 bytes, Stack size 0 bytes, startup_fm33a0xxev.o(.text))
<BR>[Address Reference Count : 1]<UL><LI> startup_fm33a0xxev.o(RESET)
</UL>
<P><STRONG><a name="[12]"></a>SPI2_IRQHandler</STRONG> (Thumb, 0 bytes, Stack size 0 bytes, startup_fm33a0xxev.o(.text))
<BR>[Address Reference Count : 1]<UL><LI> startup_fm33a0xxev.o(RESET)
</UL>
<P><STRONG><a name="[25]"></a>SPI3_IRQHandler</STRONG> (Thumb, 0 bytes, Stack size 0 bytes, startup_fm33a0xxev.o(.text))
<BR>[Address Reference Count : 1]<UL><LI> startup_fm33a0xxev.o(RESET)
</UL>
<P><STRONG><a name="[26]"></a>SPI4_IRQHandler</STRONG> (Thumb, 0 bytes, Stack size 0 bytes, startup_fm33a0xxev.o(.text))
<BR>[Address Reference Count : 1]<UL><LI> startup_fm33a0xxev.o(RESET)
</UL>
<P><STRONG><a name="[b]"></a>SVD_IRQHandler</STRONG> (Thumb, 0 bytes, Stack size 0 bytes, startup_fm33a0xxev.o(.text))
<BR>[Address Reference Count : 1]<UL><LI> startup_fm33a0xxev.o(RESET)
</UL>
<P><STRONG><a name="[19]"></a>U7816_IRQHandler</STRONG> (Thumb, 0 bytes, Stack size 0 bytes, startup_fm33a0xxev.o(.text))
<BR>[Address Reference Count : 1]<UL><LI> startup_fm33a0xxev.o(RESET)
</UL>
<P><STRONG><a name="[1f]"></a>WKUPx_IRQHandler</STRONG> (Thumb, 0 bytes, Stack size 0 bytes, startup_fm33a0xxev.o(.text))
<BR>[Address Reference Count : 1]<UL><LI> startup_fm33a0xxev.o(RESET)
</UL>
<P><STRONG><a name="[a]"></a>WWDT_IRQHandler</STRONG> (Thumb, 0 bytes, Stack size 0 bytes, startup_fm33a0xxev.o(.text))
<BR>[Address Reference Count : 1]<UL><LI> startup_fm33a0xxev.o(RESET)
</UL>
<P><STRONG><a name="[284]"></a>_tx_thread_schedule</STRONG> (Thumb, 0 bytes, Stack size unknown bytes, tx_thread_schedule.o(.text))
<BR><BR>[Called By]<UL><LI><a href="#[281]">&gt;&gt;</a>&nbsp;&nbsp;&nbsp;_tx_initialize_kernel_enter
</UL>

<P><STRONG><a name="[8]"></a>PendSV_Handler</STRONG> (Thumb, 0 bytes, Stack size unknown bytes, tx_thread_schedule.o(.text))
<BR><BR>[Stack]<UL><LI>Max Depth = 64 + Unknown Stack Size
<LI>Call Chain = PendSV_Handler &rArr; tx_low_power_exit &rArr; tx_time_increment &rArr; _tx_timer_system_activate
</UL>
<BR>[Calls]<UL><LI><a href="#[56]">&gt;&gt;</a>&nbsp;&nbsp;&nbsp;tx_low_power_exit
<LI><a href="#[55]">&gt;&gt;</a>&nbsp;&nbsp;&nbsp;tx_low_power_enter
</UL>
<BR>[Address Reference Count : 1]<UL><LI> startup_fm33a0xxev.o(RESET)
</UL>
<P><STRONG><a name="[307]"></a>__tx_PendSVHandler</STRONG> (Thumb, 0 bytes, Stack size unknown bytes, tx_thread_schedule.o(.text), UNUSED)

<P><STRONG><a name="[28b]"></a>_tx_thread_stack_build</STRONG> (Thumb, 0 bytes, Stack size unknown bytes, tx_thread_stack_build.o(.text))
<BR><BR>[Called By]<UL><LI><a href="#[28a]">&gt;&gt;</a>&nbsp;&nbsp;&nbsp;_tx_thread_create
</UL>

<P><STRONG><a name="[57]"></a>_tx_timer_interrupt</STRONG> (Thumb, 0 bytes, Stack size unknown bytes, tx_timer_interrupt.o(.text))
<BR><BR>[Stack]<UL><LI>Max Depth = 76 + Unknown Stack Size
<LI>Call Chain = _tx_timer_interrupt &rArr; _tx_timer_expiration_process &rArr; _tx_thread_system_resume &rArr; _tx_thread_stack_analyze
</UL>
<BR>[Calls]<UL><LI><a href="#[58]">&gt;&gt;</a>&nbsp;&nbsp;&nbsp;_tx_timer_expiration_process
<LI><a href="#[59]">&gt;&gt;</a>&nbsp;&nbsp;&nbsp;_tx_thread_time_slice
</UL>
<BR>[Called By]<UL><LI><a href="#[9]">&gt;&gt;</a>&nbsp;&nbsp;&nbsp;SysTick_Handler
</UL>

<P><STRONG><a name="[4]"></a>Reset_Handler</STRONG> (Thumb, 0 bytes, Stack size unknown bytes, tx_initialize_low_level.o(.text))
<BR>[Address Reference Count : 1]<UL><LI> startup_fm33a0xxev.o(RESET)
</UL>
<P><STRONG><a name="[282]"></a>_tx_initialize_low_level</STRONG> (Thumb, 0 bytes, Stack size unknown bytes, tx_initialize_low_level.o(.text))
<BR><BR>[Called By]<UL><LI><a href="#[281]">&gt;&gt;</a>&nbsp;&nbsp;&nbsp;_tx_initialize_kernel_enter
</UL>

<P><STRONG><a name="[5a]"></a>__tx_BadHandler</STRONG> (Thumb, 0 bytes, Stack size unknown bytes, tx_initialize_low_level.o(.text), UNUSED)
<BR><BR>[Calls]<UL><LI><a href="#[5a]">&gt;&gt;</a>&nbsp;&nbsp;&nbsp;__tx_BadHandler
</UL>
<BR>[Called By]<UL><LI><a href="#[5a]">&gt;&gt;</a>&nbsp;&nbsp;&nbsp;__tx_BadHandler
</UL>

<P><STRONG><a name="[5b]"></a>__tx_SVCallHandler</STRONG> (Thumb, 0 bytes, Stack size unknown bytes, tx_initialize_low_level.o(.text), UNUSED)
<BR><BR>[Calls]<UL><LI><a href="#[5b]">&gt;&gt;</a>&nbsp;&nbsp;&nbsp;__tx_SVCallHandler
</UL>
<BR>[Called By]<UL><LI><a href="#[5b]">&gt;&gt;</a>&nbsp;&nbsp;&nbsp;__tx_SVCallHandler
</UL>

<P><STRONG><a name="[308]"></a>__tx_IntHandler</STRONG> (Thumb, 0 bytes, Stack size unknown bytes, tx_initialize_low_level.o(.text), UNUSED)

<P><STRONG><a name="[9]"></a>SysTick_Handler</STRONG> (Thumb, 0 bytes, Stack size unknown bytes, tx_initialize_low_level.o(.text))
<BR><BR>[Stack]<UL><LI>Max Depth = 76 + Unknown Stack Size
<LI>Call Chain = SysTick_Handler &rArr; _tx_timer_interrupt &rArr; _tx_timer_expiration_process &rArr; _tx_thread_system_resume &rArr; _tx_thread_stack_analyze
</UL>
<BR>[Calls]<UL><LI><a href="#[57]">&gt;&gt;</a>&nbsp;&nbsp;&nbsp;_tx_timer_interrupt
</UL>
<BR>[Address Reference Count : 1]<UL><LI> startup_fm33a0xxev.o(RESET)
</UL>
<P><STRONG><a name="[309]"></a>__tx_SysTickHandler</STRONG> (Thumb, 0 bytes, Stack size unknown bytes, tx_initialize_low_level.o(.text), UNUSED)

<P><STRONG><a name="[5c]"></a>__tx_NMIHandler</STRONG> (Thumb, 0 bytes, Stack size unknown bytes, tx_initialize_low_level.o(.text), UNUSED)
<BR><BR>[Calls]<UL><LI><a href="#[5c]">&gt;&gt;</a>&nbsp;&nbsp;&nbsp;__tx_NMIHandler
</UL>
<BR>[Called By]<UL><LI><a href="#[5c]">&gt;&gt;</a>&nbsp;&nbsp;&nbsp;__tx_NMIHandler
</UL>

<P><STRONG><a name="[5d]"></a>__tx_DBGHandler</STRONG> (Thumb, 0 bytes, Stack size unknown bytes, tx_initialize_low_level.o(.text), UNUSED)
<BR><BR>[Calls]<UL><LI><a href="#[5d]">&gt;&gt;</a>&nbsp;&nbsp;&nbsp;__tx_DBGHandler
</UL>
<BR>[Called By]<UL><LI><a href="#[5d]">&gt;&gt;</a>&nbsp;&nbsp;&nbsp;__tx_DBGHandler
</UL>

<P><STRONG><a name="[30a]"></a>__aeabi_uidiv</STRONG> (Thumb, 0 bytes, Stack size 12 bytes, uidiv.o(.text), UNUSED)

<P><STRONG><a name="[5f]"></a>__aeabi_uidivmod</STRONG> (Thumb, 44 bytes, Stack size 12 bytes, uidiv.o(.text))
<BR><BR>[Stack]<UL><LI>Max Depth = 12<LI>Call Chain = __aeabi_uidivmod
</UL>
<BR>[Called By]<UL><LI><a href="#[9e]">&gt;&gt;</a>&nbsp;&nbsp;&nbsp;RTC_Init
<LI><a href="#[4f]">&gt;&gt;</a>&nbsp;&nbsp;&nbsp;thread_status
<LI><a href="#[16b]">&gt;&gt;</a>&nbsp;&nbsp;&nbsp;I2C_BaudREG_Calc
<LI><a href="#[1e7]">&gt;&gt;</a>&nbsp;&nbsp;&nbsp;RTC_AlarmInit
<LI><a href="#[2d1]">&gt;&gt;</a>&nbsp;&nbsp;&nbsp;sensirion_i2c_hal_sleep_usec
<LI><a href="#[113]">&gt;&gt;</a>&nbsp;&nbsp;&nbsp;EPD_Custom_Number24_Show_TempHumi
<LI><a href="#[26d]">&gt;&gt;</a>&nbsp;&nbsp;&nbsp;_fdb_init_ex
<LI><a href="#[2ac]">&gt;&gt;</a>&nbsp;&nbsp;&nbsp;sfud_erase
<LI><a href="#[2c0]">&gt;&gt;</a>&nbsp;&nbsp;&nbsp;format_sector
<LI><a href="#[2f4]">&gt;&gt;</a>&nbsp;&nbsp;&nbsp;sfud_sfdp_get_suitable_eraser
<LI><a href="#[2a2]">&gt;&gt;</a>&nbsp;&nbsp;&nbsp;page256_or_1_byte_write
<LI><a href="#[262]">&gt;&gt;</a>&nbsp;&nbsp;&nbsp;_printf_core
<LI><a href="#[62]">&gt;&gt;</a>&nbsp;&nbsp;&nbsp;localtime_r
<LI><a href="#[5e]">&gt;&gt;</a>&nbsp;&nbsp;&nbsp;__aeabi_idivmod
</UL>

<P><STRONG><a name="[30b]"></a>__aeabi_idiv</STRONG> (Thumb, 0 bytes, Stack size 16 bytes, idiv.o(.text), UNUSED)

<P><STRONG><a name="[5e]"></a>__aeabi_idivmod</STRONG> (Thumb, 40 bytes, Stack size 16 bytes, idiv.o(.text))
<BR><BR>[Stack]<UL><LI>Max Depth = 28<LI>Call Chain = __aeabi_idivmod &rArr; __aeabi_uidivmod
</UL>
<BR>[Calls]<UL><LI><a href="#[5f]">&gt;&gt;</a>&nbsp;&nbsp;&nbsp;__aeabi_uidivmod
</UL>
<BR>[Called By]<UL><LI><a href="#[9d]">&gt;&gt;</a>&nbsp;&nbsp;&nbsp;whatday
<LI><a href="#[47]">&gt;&gt;</a>&nbsp;&nbsp;&nbsp;thread_sensor
<LI><a href="#[241]">&gt;&gt;</a>&nbsp;&nbsp;&nbsp;SystemTimer
<LI><a href="#[1a4]">&gt;&gt;</a>&nbsp;&nbsp;&nbsp;beep_set
<LI><a href="#[12a]">&gt;&gt;</a>&nbsp;&nbsp;&nbsp;Paint_DrawNum
<LI><a href="#[129]">&gt;&gt;</a>&nbsp;&nbsp;&nbsp;Paint_DrawLine
<LI><a href="#[128]">&gt;&gt;</a>&nbsp;&nbsp;&nbsp;EPD_ShowUpdate
<LI><a href="#[113]">&gt;&gt;</a>&nbsp;&nbsp;&nbsp;EPD_Custom_Number24_Show_TempHumi
<LI><a href="#[111]">&gt;&gt;</a>&nbsp;&nbsp;&nbsp;EPD_Custom_Number24_Show_Other
<LI><a href="#[158]">&gt;&gt;</a>&nbsp;&nbsp;&nbsp;SetMaskingPattern
<LI><a href="#[130]">&gt;&gt;</a>&nbsp;&nbsp;&nbsp;GetRSCodeWord
<LI><a href="#[136]">&gt;&gt;</a>&nbsp;&nbsp;&nbsp;GetBitLength
<LI><a href="#[fb]">&gt;&gt;</a>&nbsp;&nbsp;&nbsp;CountPenalty
<LI><a href="#[63]">&gt;&gt;</a>&nbsp;&nbsp;&nbsp;mktime
</UL>

<P><STRONG><a name="[60]"></a>localtime</STRONG> (Thumb, 10 bytes, Stack size 8 bytes, localtime_w.o(.text))
<BR><BR>[Stack]<UL><LI>Max Depth = 24<LI>Call Chain = localtime &rArr; _localtime
</UL>
<BR>[Calls]<UL><LI><a href="#[61]">&gt;&gt;</a>&nbsp;&nbsp;&nbsp;_localtime
</UL>
<BR>[Called By]<UL><LI><a href="#[2c1]">&gt;&gt;</a>&nbsp;&nbsp;&nbsp;fromInfoDataHandle
</UL>

<P><STRONG><a name="[61]"></a>_localtime</STRONG> (Thumb, 0 bytes, Stack size 16 bytes, localtime_r.o(.text))
<BR><BR>[Stack]<UL><LI>Max Depth = 16<LI>Call Chain = _localtime
</UL>
<BR>[Called By]<UL><LI><a href="#[63]">&gt;&gt;</a>&nbsp;&nbsp;&nbsp;mktime
<LI><a href="#[60]">&gt;&gt;</a>&nbsp;&nbsp;&nbsp;localtime
</UL>

<P><STRONG><a name="[62]"></a>localtime_r</STRONG> (Thumb, 104 bytes, Stack size 16 bytes, localtime_r.o(.text))
<BR><BR>[Stack]<UL><LI>Max Depth = 28<LI>Call Chain = localtime_r &rArr; __aeabi_uidivmod
</UL>
<BR>[Calls]<UL><LI><a href="#[5f]">&gt;&gt;</a>&nbsp;&nbsp;&nbsp;__aeabi_uidivmod
</UL>
<BR>[Called By]<UL><LI><a href="#[2d8]">&gt;&gt;</a>&nbsp;&nbsp;&nbsp;lpmSleepTimeInit
</UL>

<P><STRONG><a name="[63]"></a>mktime</STRONG> (Thumb, 124 bytes, Stack size 16 bytes, mktime.o(.text))
<BR><BR>[Stack]<UL><LI>Max Depth = 44<LI>Call Chain = mktime &rArr; __aeabi_idivmod &rArr; __aeabi_uidivmod
</UL>
<BR>[Calls]<UL><LI><a href="#[61]">&gt;&gt;</a>&nbsp;&nbsp;&nbsp;_localtime
<LI><a href="#[5e]">&gt;&gt;</a>&nbsp;&nbsp;&nbsp;__aeabi_idivmod
</UL>
<BR>[Called By]<UL><LI><a href="#[9f]">&gt;&gt;</a>&nbsp;&nbsp;&nbsp;getTimestamp
</UL>

<P><STRONG><a name="[30c]"></a>____aeabi_memcpy8$ret$move</STRONG> (Thumb, 0 bytes, Stack size 8 bytes, memmove.o(.text), UNUSED)

<P><STRONG><a name="[30d]"></a>___aeabi_memmove4$ret</STRONG> (Thumb, 0 bytes, Stack size 8 bytes, memmove.o(.text), UNUSED)

<P><STRONG><a name="[30e]"></a>___aeabi_memmove8$ret</STRONG> (Thumb, 0 bytes, Stack size 8 bytes, memmove.o(.text), UNUSED)

<P><STRONG><a name="[13b]"></a>__aeabi_memcpy</STRONG> (Thumb, 66 bytes, Stack size 8 bytes, memmove.o(.text))
<BR><BR>[Stack]<UL><LI>Max Depth = 8<LI>Call Chain = __aeabi_memcpy
</UL>
<BR>[Called By]<UL><LI><a href="#[100]">&gt;&gt;</a>&nbsp;&nbsp;&nbsp;lwrb_write
<LI><a href="#[105]">&gt;&gt;</a>&nbsp;&nbsp;&nbsp;lwrb_read
<LI><a href="#[1c8]">&gt;&gt;</a>&nbsp;&nbsp;&nbsp;LoRaWAN_Init
<LI><a href="#[fe]">&gt;&gt;</a>&nbsp;&nbsp;&nbsp;setDataPackage
<LI><a href="#[106]">&gt;&gt;</a>&nbsp;&nbsp;&nbsp;sendLoRaWANData
<LI><a href="#[2c4]">&gt;&gt;</a>&nbsp;&nbsp;&nbsp;fromLoRaWANDataHandle
<LI><a href="#[13c]">&gt;&gt;</a>&nbsp;&nbsp;&nbsp;FLASH_Read_DevEUI_AppEUI_AppKEY
<LI><a href="#[139]">&gt;&gt;</a>&nbsp;&nbsp;&nbsp;FLASH_Read_DevADDR_AppSKEY_NwkSKEY
<LI><a href="#[1f1]">&gt;&gt;</a>&nbsp;&nbsp;&nbsp;RTC_GetRTC
<LI><a href="#[2a2]">&gt;&gt;</a>&nbsp;&nbsp;&nbsp;page256_or_1_byte_write
</UL>

<P><STRONG><a name="[a8]"></a>__aeabi_memcpy4</STRONG> (Thumb, 0 bytes, Stack size 8 bytes, memmove.o(.text))
<BR><BR>[Stack]<UL><LI>Max Depth = 8<LI>Call Chain = __aeabi_memcpy4
</UL>
<BR>[Called By]<UL><LI><a href="#[2dd]">&gt;&gt;</a>&nbsp;&nbsp;&nbsp;nor_flash_write
<LI><a href="#[b2]">&gt;&gt;</a>&nbsp;&nbsp;&nbsp;AT_LoRaWAN_setRX2
<LI><a href="#[b1]">&gt;&gt;</a>&nbsp;&nbsp;&nbsp;AT_LoRaWAN_setRTC
<LI><a href="#[ad]">&gt;&gt;</a>&nbsp;&nbsp;&nbsp;AT_LoRaWAN_setFREQ
<LI><a href="#[a9]">&gt;&gt;</a>&nbsp;&nbsp;&nbsp;AT_LoRaWAN_setAPPKEY
<LI><a href="#[a7]">&gt;&gt;</a>&nbsp;&nbsp;&nbsp;AT_LoRaWAN_setAPPEUI
<LI><a href="#[2bc]">&gt;&gt;</a>&nbsp;&nbsp;&nbsp;fdb_tsl_iter
<LI><a href="#[11f]">&gt;&gt;</a>&nbsp;&nbsp;&nbsp;EPD_ShowDevEUI
<LI><a href="#[3e]">&gt;&gt;</a>&nbsp;&nbsp;&nbsp;check_sec_hdr_cb
</UL>

<P><STRONG><a name="[12f]"></a>__aeabi_memmove</STRONG> (Thumb, 0 bytes, Stack size 8 bytes, memmove.o(.text))
<BR><BR>[Stack]<UL><LI>Max Depth = 8<LI>Call Chain = __aeabi_memmove
</UL>
<BR>[Called By]<UL><LI><a href="#[124]">&gt;&gt;</a>&nbsp;&nbsp;&nbsp;EncodeData
</UL>

<P><STRONG><a name="[30f]"></a>memcpy</STRONG> (Thumb, 0 bytes, Stack size 8 bytes, memmove.o(.text), UNUSED)

<P><STRONG><a name="[310]"></a>memmove</STRONG> (Thumb, 0 bytes, Stack size 8 bytes, memmove.o(.text), UNUSED)

<P><STRONG><a name="[65]"></a>__aeabi_memset</STRONG> (Thumb, 14 bytes, Stack size 0 bytes, memseta.o(.text))
<BR><BR>[Called By]<UL><LI><a href="#[272]">&gt;&gt;</a>&nbsp;&nbsp;&nbsp;_fdb_set_status
<LI><a href="#[41]">&gt;&gt;</a>&nbsp;&nbsp;&nbsp;spi_write_read
<LI><a href="#[28a]">&gt;&gt;</a>&nbsp;&nbsp;&nbsp;_tx_thread_create
<LI><a href="#[66]">&gt;&gt;</a>&nbsp;&nbsp;&nbsp;_memset$wrapper
<LI><a href="#[64]">&gt;&gt;</a>&nbsp;&nbsp;&nbsp;__aeabi_memclr
</UL>

<P><STRONG><a name="[311]"></a>__aeabi_memset4</STRONG> (Thumb, 0 bytes, Stack size 0 bytes, memseta.o(.text), UNUSED)

<P><STRONG><a name="[312]"></a>__aeabi_memset8</STRONG> (Thumb, 0 bytes, Stack size 0 bytes, memseta.o(.text), UNUSED)

<P><STRONG><a name="[64]"></a>__aeabi_memclr</STRONG> (Thumb, 4 bytes, Stack size 0 bytes, memseta.o(.text))
<BR><BR>[Calls]<UL><LI><a href="#[65]">&gt;&gt;</a>&nbsp;&nbsp;&nbsp;__aeabi_memset
</UL>
<BR>[Called By]<UL><LI><a href="#[126]">&gt;&gt;</a>&nbsp;&nbsp;&nbsp;EPD_ShowFirmUpdate
<LI><a href="#[9c]">&gt;&gt;</a>&nbsp;&nbsp;&nbsp;AT_LoRaWAN_getRTC
<LI><a href="#[106]">&gt;&gt;</a>&nbsp;&nbsp;&nbsp;sendLoRaWANData
<LI><a href="#[2c7]">&gt;&gt;</a>&nbsp;&nbsp;&nbsp;fromUartDataHandle
<LI><a href="#[2c4]">&gt;&gt;</a>&nbsp;&nbsp;&nbsp;fromLoRaWANDataHandle
<LI><a href="#[b3]">&gt;&gt;</a>&nbsp;&nbsp;&nbsp;AT_LoRaWAN_syncTime
<LI><a href="#[ae]">&gt;&gt;</a>&nbsp;&nbsp;&nbsp;AT_LoRaWAN_setJOIN
<LI><a href="#[86]">&gt;&gt;</a>&nbsp;&nbsp;&nbsp;AT_Exec_SendCMD
<LI><a href="#[124]">&gt;&gt;</a>&nbsp;&nbsp;&nbsp;EncodeData
<LI><a href="#[128]">&gt;&gt;</a>&nbsp;&nbsp;&nbsp;EPD_ShowUpdate
<LI><a href="#[127]">&gt;&gt;</a>&nbsp;&nbsp;&nbsp;EPD_ShowLoading
<LI><a href="#[11f]">&gt;&gt;</a>&nbsp;&nbsp;&nbsp;EPD_ShowDevEUI
<LI><a href="#[131]">&gt;&gt;</a>&nbsp;&nbsp;&nbsp;FormatModule
<LI><a href="#[132]">&gt;&gt;</a>&nbsp;&nbsp;&nbsp;EncodeSourceData
</UL>

<P><STRONG><a name="[8f]"></a>__aeabi_memclr4</STRONG> (Thumb, 0 bytes, Stack size 0 bytes, memseta.o(.text))
<BR><BR>[Called By]<UL><LI><a href="#[2dd]">&gt;&gt;</a>&nbsp;&nbsp;&nbsp;nor_flash_write
<LI><a href="#[2da]">&gt;&gt;</a>&nbsp;&nbsp;&nbsp;lwrb_init
<LI><a href="#[2d8]">&gt;&gt;</a>&nbsp;&nbsp;&nbsp;lpmSleepTimeInit
<LI><a href="#[9f]">&gt;&gt;</a>&nbsp;&nbsp;&nbsp;getTimestamp
<LI><a href="#[149]">&gt;&gt;</a>&nbsp;&nbsp;&nbsp;FLASH_Write_DevEUI_AppEUI_AppKEY
<LI><a href="#[146]">&gt;&gt;</a>&nbsp;&nbsp;&nbsp;FLASH_Write_DevADDR_AppSKEY_NwkSKEY
<LI><a href="#[9c]">&gt;&gt;</a>&nbsp;&nbsp;&nbsp;AT_LoRaWAN_getRTC
<LI><a href="#[2c4]">&gt;&gt;</a>&nbsp;&nbsp;&nbsp;fromLoRaWANDataHandle
<LI><a href="#[2c1]">&gt;&gt;</a>&nbsp;&nbsp;&nbsp;fromInfoDataHandle
<LI><a href="#[109]">&gt;&gt;</a>&nbsp;&nbsp;&nbsp;Device_SensorDataReport
<LI><a href="#[108]">&gt;&gt;</a>&nbsp;&nbsp;&nbsp;Device_PeriodicReport
<LI><a href="#[104]">&gt;&gt;</a>&nbsp;&nbsp;&nbsp;DeviceStateProcess
<LI><a href="#[fd]">&gt;&gt;</a>&nbsp;&nbsp;&nbsp;DeciceEvent_Process
<LI><a href="#[47]">&gt;&gt;</a>&nbsp;&nbsp;&nbsp;thread_sensor
<LI><a href="#[c1]">&gt;&gt;</a>&nbsp;&nbsp;&nbsp;button_init
<LI><a href="#[13c]">&gt;&gt;</a>&nbsp;&nbsp;&nbsp;FLASH_Read_DevEUI_AppEUI_AppKEY
<LI><a href="#[139]">&gt;&gt;</a>&nbsp;&nbsp;&nbsp;FLASH_Read_DevADDR_AppSKEY_NwkSKEY
<LI><a href="#[15b]">&gt;&gt;</a>&nbsp;&nbsp;&nbsp;systemTime_Init
<LI><a href="#[12a]">&gt;&gt;</a>&nbsp;&nbsp;&nbsp;Paint_DrawNum
<LI><a href="#[b3]">&gt;&gt;</a>&nbsp;&nbsp;&nbsp;AT_LoRaWAN_syncTime
<LI><a href="#[9a]">&gt;&gt;</a>&nbsp;&nbsp;&nbsp;AT_LoRaWAN_getNwkSKEY
<LI><a href="#[98]">&gt;&gt;</a>&nbsp;&nbsp;&nbsp;AT_LoRaWAN_getDEVEUI
<LI><a href="#[97]">&gt;&gt;</a>&nbsp;&nbsp;&nbsp;AT_LoRaWAN_getDEVADDR
<LI><a href="#[93]">&gt;&gt;</a>&nbsp;&nbsp;&nbsp;AT_LoRaWAN_getAPPSKEY
<LI><a href="#[92]">&gt;&gt;</a>&nbsp;&nbsp;&nbsp;AT_LoRaWAN_getAPPKEY
<LI><a href="#[8e]">&gt;&gt;</a>&nbsp;&nbsp;&nbsp;AT_LoRaWAN_getAPPEUI
<LI><a href="#[2e4]">&gt;&gt;</a>&nbsp;&nbsp;&nbsp;read_basic_table
<LI><a href="#[285]">&gt;&gt;</a>&nbsp;&nbsp;&nbsp;_tx_mutex_create
<LI><a href="#[280]">&gt;&gt;</a>&nbsp;&nbsp;&nbsp;_tx_timer_initialize
<LI><a href="#[27f]">&gt;&gt;</a>&nbsp;&nbsp;&nbsp;_tx_thread_initialize
<LI><a href="#[279]">&gt;&gt;</a>&nbsp;&nbsp;&nbsp;_tx_event_flags_create
<LI><a href="#[28a]">&gt;&gt;</a>&nbsp;&nbsp;&nbsp;_tx_thread_create
<LI><a href="#[293]">&gt;&gt;</a>&nbsp;&nbsp;&nbsp;_tx_timer_create
</UL>

<P><STRONG><a name="[313]"></a>__aeabi_memclr8</STRONG> (Thumb, 0 bytes, Stack size 0 bytes, memseta.o(.text), UNUSED)

<P><STRONG><a name="[66]"></a>_memset$wrapper</STRONG> (Thumb, 18 bytes, Stack size 8 bytes, memseta.o(.text), UNUSED)
<BR><BR>[Calls]<UL><LI><a href="#[65]">&gt;&gt;</a>&nbsp;&nbsp;&nbsp;__aeabi_memset
</UL>

<P><STRONG><a name="[8c]"></a>strstr</STRONG> (Thumb, 40 bytes, Stack size 12 bytes, strstr.o(.text))
<BR><BR>[Stack]<UL><LI>Max Depth = 12<LI>Call Chain = strstr
</UL>
<BR>[Called By]<UL><LI><a href="#[9c]">&gt;&gt;</a>&nbsp;&nbsp;&nbsp;AT_LoRaWAN_getRTC
<LI><a href="#[2c1]">&gt;&gt;</a>&nbsp;&nbsp;&nbsp;fromInfoDataHandle
<LI><a href="#[b3]">&gt;&gt;</a>&nbsp;&nbsp;&nbsp;AT_LoRaWAN_syncTime
<LI><a href="#[a1]">&gt;&gt;</a>&nbsp;&nbsp;&nbsp;AT_LoRaWAN_getVer
<LI><a href="#[a0]">&gt;&gt;</a>&nbsp;&nbsp;&nbsp;AT_LoRaWAN_getRX2
<LI><a href="#[9b]">&gt;&gt;</a>&nbsp;&nbsp;&nbsp;AT_LoRaWAN_getPORT
<LI><a href="#[9a]">&gt;&gt;</a>&nbsp;&nbsp;&nbsp;AT_LoRaWAN_getNwkSKEY
<LI><a href="#[99]">&gt;&gt;</a>&nbsp;&nbsp;&nbsp;AT_LoRaWAN_getDataRate
<LI><a href="#[98]">&gt;&gt;</a>&nbsp;&nbsp;&nbsp;AT_LoRaWAN_getDEVEUI
<LI><a href="#[97]">&gt;&gt;</a>&nbsp;&nbsp;&nbsp;AT_LoRaWAN_getDEVADDR
<LI><a href="#[96]">&gt;&gt;</a>&nbsp;&nbsp;&nbsp;AT_LoRaWAN_getConfirm
<LI><a href="#[95]">&gt;&gt;</a>&nbsp;&nbsp;&nbsp;AT_LoRaWAN_getClass
<LI><a href="#[94]">&gt;&gt;</a>&nbsp;&nbsp;&nbsp;AT_LoRaWAN_getBAND
<LI><a href="#[93]">&gt;&gt;</a>&nbsp;&nbsp;&nbsp;AT_LoRaWAN_getAPPSKEY
<LI><a href="#[92]">&gt;&gt;</a>&nbsp;&nbsp;&nbsp;AT_LoRaWAN_getAPPKEY
<LI><a href="#[8e]">&gt;&gt;</a>&nbsp;&nbsp;&nbsp;AT_LoRaWAN_getAPPEUI
<LI><a href="#[86]">&gt;&gt;</a>&nbsp;&nbsp;&nbsp;AT_Exec_SendCMD
</UL>

<P><STRONG><a name="[12c]"></a>strlen</STRONG> (Thumb, 14 bytes, Stack size 0 bytes, strlen.o(.text))
<BR><BR>[Called By]<UL><LI><a href="#[2ab]">&gt;&gt;</a>&nbsp;&nbsp;&nbsp;cmd_string_to_hex
<LI><a href="#[90]">&gt;&gt;</a>&nbsp;&nbsp;&nbsp;cmd_split
<LI><a href="#[2c1]">&gt;&gt;</a>&nbsp;&nbsp;&nbsp;fromInfoDataHandle
<LI><a href="#[89]">&gt;&gt;</a>&nbsp;&nbsp;&nbsp;INFO
<LI><a href="#[8b]">&gt;&gt;</a>&nbsp;&nbsp;&nbsp;LoRa_SendCMD
<LI><a href="#[124]">&gt;&gt;</a>&nbsp;&nbsp;&nbsp;EncodeData
<LI><a href="#[2b6]">&gt;&gt;</a>&nbsp;&nbsp;&nbsp;fal_show_part_table
</UL>

<P><STRONG><a name="[2b5]"></a>strcmp</STRONG> (Thumb, 28 bytes, Stack size 8 bytes, strcmp.o(.text))
<BR><BR>[Stack]<UL><LI>Max Depth = 8<LI>Call Chain = strcmp
</UL>
<BR>[Called By]<UL><LI><a href="#[26f]">&gt;&gt;</a>&nbsp;&nbsp;&nbsp;fal_partition_find
</UL>

<P><STRONG><a name="[2a8]"></a>memcmp</STRONG> (Thumb, 26 bytes, Stack size 12 bytes, memcmp.o(.text))
<BR><BR>[Stack]<UL><LI>Max Depth = 12<LI>Call Chain = memcmp
</UL>
<BR>[Called By]<UL><LI><a href="#[2a7]">&gt;&gt;</a>&nbsp;&nbsp;&nbsp;checkDataSyncHead
</UL>

<P><STRONG><a name="[2b1]"></a>strncmp</STRONG> (Thumb, 30 bytes, Stack size 12 bytes, strncmp.o(.text))
<BR><BR>[Stack]<UL><LI>Max Depth = 12<LI>Call Chain = strncmp
</UL>
<BR>[Called By]<UL><LI><a href="#[270]">&gt;&gt;</a>&nbsp;&nbsp;&nbsp;fal_flash_device_find
</UL>

<P><STRONG><a name="[2aa]"></a>strtok</STRONG> (Thumb, 68 bytes, Stack size 16 bytes, strtok.o(.text))
<BR><BR>[Stack]<UL><LI>Max Depth = 16<LI>Call Chain = strtok
</UL>
<BR>[Called By]<UL><LI><a href="#[90]">&gt;&gt;</a>&nbsp;&nbsp;&nbsp;cmd_split
</UL>

<P><STRONG><a name="[67]"></a>atoi</STRONG> (Thumb, 26 bytes, Stack size 16 bytes, atoi.o(.text))
<BR><BR>[Stack]<UL><LI>Max Depth = 88<LI>Call Chain = atoi &rArr; strtol &rArr; _strtoul
</UL>
<BR>[Calls]<UL><LI><a href="#[68]">&gt;&gt;</a>&nbsp;&nbsp;&nbsp;__aeabi_errno_addr
<LI><a href="#[69]">&gt;&gt;</a>&nbsp;&nbsp;&nbsp;strtol
</UL>
<BR>[Called By]<UL><LI><a href="#[2c1]">&gt;&gt;</a>&nbsp;&nbsp;&nbsp;fromInfoDataHandle
</UL>

<P><STRONG><a name="[6a]"></a>__aeabi_fadd</STRONG> (Thumb, 162 bytes, Stack size 24 bytes, fadd.o(.text))
<BR><BR>[Stack]<UL><LI>Max Depth = 36<LI>Call Chain = __aeabi_fadd &rArr; _float_epilogue
</UL>
<BR>[Calls]<UL><LI><a href="#[6c]">&gt;&gt;</a>&nbsp;&nbsp;&nbsp;_float_round
<LI><a href="#[6b]">&gt;&gt;</a>&nbsp;&nbsp;&nbsp;_float_epilogue
</UL>
<BR>[Called By]<UL><LI><a href="#[6e]">&gt;&gt;</a>&nbsp;&nbsp;&nbsp;__aeabi_frsub
<LI><a href="#[6d]">&gt;&gt;</a>&nbsp;&nbsp;&nbsp;__aeabi_fsub
</UL>

<P><STRONG><a name="[6d]"></a>__aeabi_fsub</STRONG> (Thumb, 8 bytes, Stack size 0 bytes, fadd.o(.text))
<BR><BR>[Stack]<UL><LI>Max Depth = 36<LI>Call Chain = __aeabi_fsub &rArr; __aeabi_fadd &rArr; _float_epilogue
</UL>
<BR>[Calls]<UL><LI><a href="#[6a]">&gt;&gt;</a>&nbsp;&nbsp;&nbsp;__aeabi_fadd
</UL>
<BR>[Called By]<UL><LI><a href="#[211]">&gt;&gt;</a>&nbsp;&nbsp;&nbsp;scd4x_read_measurement
</UL>

<P><STRONG><a name="[6e]"></a>__aeabi_frsub</STRONG> (Thumb, 8 bytes, Stack size 0 bytes, fadd.o(.text))
<BR><BR>[Stack]<UL><LI>Max Depth = 36<LI>Call Chain = __aeabi_frsub &rArr; __aeabi_fadd &rArr; _float_epilogue
</UL>
<BR>[Calls]<UL><LI><a href="#[6a]">&gt;&gt;</a>&nbsp;&nbsp;&nbsp;__aeabi_fadd
</UL>
<BR>[Called By]<UL><LI><a href="#[4f]">&gt;&gt;</a>&nbsp;&nbsp;&nbsp;thread_status
</UL>

<P><STRONG><a name="[2eb]"></a>__aeabi_fmul</STRONG> (Thumb, 122 bytes, Stack size 16 bytes, fmul.o(.text))
<BR><BR>[Stack]<UL><LI>Max Depth = 16<LI>Call Chain = __aeabi_fmul
</UL>
<BR>[Called By]<UL><LI><a href="#[211]">&gt;&gt;</a>&nbsp;&nbsp;&nbsp;scd4x_read_measurement
</UL>

<P><STRONG><a name="[6f]"></a>__aeabi_fdiv</STRONG> (Thumb, 124 bytes, Stack size 16 bytes, fdiv.o(.text))
<BR><BR>[Stack]<UL><LI>Max Depth = 16<LI>Call Chain = __aeabi_fdiv
</UL>
<BR>[Calls]<UL><LI><a href="#[6c]">&gt;&gt;</a>&nbsp;&nbsp;&nbsp;_float_round
</UL>
<BR>[Called By]<UL><LI><a href="#[21e]">&gt;&gt;</a>&nbsp;&nbsp;&nbsp;readSHT40XConvertResult
<LI><a href="#[2e0]">&gt;&gt;</a>&nbsp;&nbsp;&nbsp;readSCD4XConvertResult
<LI><a href="#[214]">&gt;&gt;</a>&nbsp;&nbsp;&nbsp;SCD4X_Read_Periodic_Data
<LI><a href="#[20e]">&gt;&gt;</a>&nbsp;&nbsp;&nbsp;SCD4X_Init
<LI><a href="#[4f]">&gt;&gt;</a>&nbsp;&nbsp;&nbsp;thread_status
<LI><a href="#[249]">&gt;&gt;</a>&nbsp;&nbsp;&nbsp;UART_BaudREGCalc
<LI><a href="#[211]">&gt;&gt;</a>&nbsp;&nbsp;&nbsp;scd4x_read_measurement
</UL>

<P><STRONG><a name="[70]"></a>__aeabi_dadd</STRONG> (Thumb, 330 bytes, Stack size 48 bytes, dadd.o(.text))
<BR><BR>[Stack]<UL><LI>Max Depth = 104<LI>Call Chain = __aeabi_dadd &rArr; _double_epilogue &rArr; _double_round
</UL>
<BR>[Calls]<UL><LI><a href="#[74]">&gt;&gt;</a>&nbsp;&nbsp;&nbsp;_double_round
<LI><a href="#[73]">&gt;&gt;</a>&nbsp;&nbsp;&nbsp;_double_epilogue
<LI><a href="#[72]">&gt;&gt;</a>&nbsp;&nbsp;&nbsp;__aeabi_lasr
<LI><a href="#[71]">&gt;&gt;</a>&nbsp;&nbsp;&nbsp;__aeabi_llsl
</UL>
<BR>[Called By]<UL><LI><a href="#[fa]">&gt;&gt;</a>&nbsp;&nbsp;&nbsp;Calculate_Battery
<LI><a href="#[75]">&gt;&gt;</a>&nbsp;&nbsp;&nbsp;__aeabi_dsub
<LI><a href="#[249]">&gt;&gt;</a>&nbsp;&nbsp;&nbsp;UART_BaudREGCalc
<LI><a href="#[128]">&gt;&gt;</a>&nbsp;&nbsp;&nbsp;EPD_ShowUpdate
<LI><a href="#[76]">&gt;&gt;</a>&nbsp;&nbsp;&nbsp;__aeabi_drsub
<LI><a href="#[274]">&gt;&gt;</a>&nbsp;&nbsp;&nbsp;_fp_digits
</UL>

<P><STRONG><a name="[75]"></a>__aeabi_dsub</STRONG> (Thumb, 12 bytes, Stack size 8 bytes, dadd.o(.text))
<BR><BR>[Stack]<UL><LI>Max Depth = 112<LI>Call Chain = __aeabi_dsub &rArr; __aeabi_dadd &rArr; _double_epilogue &rArr; _double_round
</UL>
<BR>[Calls]<UL><LI><a href="#[70]">&gt;&gt;</a>&nbsp;&nbsp;&nbsp;__aeabi_dadd
</UL>
<BR>[Called By]<UL><LI><a href="#[249]">&gt;&gt;</a>&nbsp;&nbsp;&nbsp;UART_BaudREGCalc
</UL>

<P><STRONG><a name="[76]"></a>__aeabi_drsub</STRONG> (Thumb, 12 bytes, Stack size 8 bytes, dadd.o(.text), UNUSED)
<BR><BR>[Calls]<UL><LI><a href="#[70]">&gt;&gt;</a>&nbsp;&nbsp;&nbsp;__aeabi_dadd
</UL>

<P><STRONG><a name="[77]"></a>__aeabi_dmul</STRONG> (Thumb, 202 bytes, Stack size 72 bytes, dmul.o(.text))
<BR><BR>[Stack]<UL><LI>Max Depth = 128<LI>Call Chain = __aeabi_dmul &rArr; _double_epilogue &rArr; _double_round
</UL>
<BR>[Calls]<UL><LI><a href="#[73]">&gt;&gt;</a>&nbsp;&nbsp;&nbsp;_double_epilogue
</UL>
<BR>[Called By]<UL><LI><a href="#[fa]">&gt;&gt;</a>&nbsp;&nbsp;&nbsp;Calculate_Battery
<LI><a href="#[128]">&gt;&gt;</a>&nbsp;&nbsp;&nbsp;EPD_ShowUpdate
<LI><a href="#[274]">&gt;&gt;</a>&nbsp;&nbsp;&nbsp;_fp_digits
</UL>

<P><STRONG><a name="[78]"></a>__aeabi_ddiv</STRONG> (Thumb, 234 bytes, Stack size 40 bytes, ddiv.o(.text))
<BR><BR>[Stack]<UL><LI>Max Depth = 48<LI>Call Chain = __aeabi_ddiv &rArr; _double_round
</UL>
<BR>[Calls]<UL><LI><a href="#[74]">&gt;&gt;</a>&nbsp;&nbsp;&nbsp;_double_round
</UL>
<BR>[Called By]<UL><LI><a href="#[fa]">&gt;&gt;</a>&nbsp;&nbsp;&nbsp;Calculate_Battery
<LI><a href="#[274]">&gt;&gt;</a>&nbsp;&nbsp;&nbsp;_fp_digits
</UL>

<P><STRONG><a name="[79]"></a>__aeabi_i2f</STRONG> (Thumb, 22 bytes, Stack size 8 bytes, fflti.o(.text))
<BR><BR>[Stack]<UL><LI>Max Depth = 20<LI>Call Chain = __aeabi_i2f &rArr; _float_epilogue
</UL>
<BR>[Calls]<UL><LI><a href="#[6b]">&gt;&gt;</a>&nbsp;&nbsp;&nbsp;_float_epilogue
</UL>
<BR>[Called By]<UL><LI><a href="#[21e]">&gt;&gt;</a>&nbsp;&nbsp;&nbsp;readSHT40XConvertResult
<LI><a href="#[2e0]">&gt;&gt;</a>&nbsp;&nbsp;&nbsp;readSCD4XConvertResult
<LI><a href="#[214]">&gt;&gt;</a>&nbsp;&nbsp;&nbsp;SCD4X_Read_Periodic_Data
<LI><a href="#[20e]">&gt;&gt;</a>&nbsp;&nbsp;&nbsp;SCD4X_Init
</UL>

<P><STRONG><a name="[7a]"></a>__aeabi_ui2f</STRONG> (Thumb, 14 bytes, Stack size 8 bytes, ffltui.o(.text))
<BR><BR>[Stack]<UL><LI>Max Depth = 20<LI>Call Chain = __aeabi_ui2f &rArr; _float_epilogue
</UL>
<BR>[Calls]<UL><LI><a href="#[6b]">&gt;&gt;</a>&nbsp;&nbsp;&nbsp;_float_epilogue
</UL>
<BR>[Called By]<UL><LI><a href="#[4f]">&gt;&gt;</a>&nbsp;&nbsp;&nbsp;thread_status
<LI><a href="#[249]">&gt;&gt;</a>&nbsp;&nbsp;&nbsp;UART_BaudREGCalc
<LI><a href="#[211]">&gt;&gt;</a>&nbsp;&nbsp;&nbsp;scd4x_read_measurement
</UL>

<P><STRONG><a name="[7b]"></a>__aeabi_i2d</STRONG> (Thumb, 34 bytes, Stack size 16 bytes, dflti.o(.text))
<BR><BR>[Stack]<UL><LI>Max Depth = 72<LI>Call Chain = __aeabi_i2d &rArr; _double_epilogue &rArr; _double_round
</UL>
<BR>[Calls]<UL><LI><a href="#[73]">&gt;&gt;</a>&nbsp;&nbsp;&nbsp;_double_epilogue
</UL>
<BR>[Called By]<UL><LI><a href="#[128]">&gt;&gt;</a>&nbsp;&nbsp;&nbsp;EPD_ShowUpdate
</UL>

<P><STRONG><a name="[7c]"></a>__aeabi_ui2d</STRONG> (Thumb, 24 bytes, Stack size 16 bytes, dfltui.o(.text))
<BR><BR>[Stack]<UL><LI>Max Depth = 72<LI>Call Chain = __aeabi_ui2d &rArr; _double_epilogue &rArr; _double_round
</UL>
<BR>[Calls]<UL><LI><a href="#[73]">&gt;&gt;</a>&nbsp;&nbsp;&nbsp;_double_epilogue
</UL>
<BR>[Called By]<UL><LI><a href="#[fa]">&gt;&gt;</a>&nbsp;&nbsp;&nbsp;Calculate_Battery
</UL>

<P><STRONG><a name="[2ec]"></a>__aeabi_f2iz</STRONG> (Thumb, 50 bytes, Stack size 0 bytes, ffixi.o(.text))
<BR><BR>[Called By]<UL><LI><a href="#[211]">&gt;&gt;</a>&nbsp;&nbsp;&nbsp;scd4x_read_measurement
</UL>

<P><STRONG><a name="[7d]"></a>__aeabi_d2uiz</STRONG> (Thumb, 50 bytes, Stack size 8 bytes, dfixui.o(.text))
<BR><BR>[Stack]<UL><LI>Max Depth = 16<LI>Call Chain = __aeabi_d2uiz &rArr; __aeabi_llsr
</UL>
<BR>[Calls]<UL><LI><a href="#[7e]">&gt;&gt;</a>&nbsp;&nbsp;&nbsp;__aeabi_llsr
</UL>
<BR>[Called By]<UL><LI><a href="#[fa]">&gt;&gt;</a>&nbsp;&nbsp;&nbsp;Calculate_Battery
<LI><a href="#[249]">&gt;&gt;</a>&nbsp;&nbsp;&nbsp;UART_BaudREGCalc
<LI><a href="#[128]">&gt;&gt;</a>&nbsp;&nbsp;&nbsp;EPD_ShowUpdate
</UL>

<P><STRONG><a name="[212]"></a>__aeabi_f2d</STRONG> (Thumb, 40 bytes, Stack size 0 bytes, f2d.o(.text))
<BR><BR>[Called By]<UL><LI><a href="#[21e]">&gt;&gt;</a>&nbsp;&nbsp;&nbsp;readSHT40XConvertResult
<LI><a href="#[2e0]">&gt;&gt;</a>&nbsp;&nbsp;&nbsp;readSCD4XConvertResult
<LI><a href="#[214]">&gt;&gt;</a>&nbsp;&nbsp;&nbsp;SCD4X_Read_Periodic_Data
<LI><a href="#[20e]">&gt;&gt;</a>&nbsp;&nbsp;&nbsp;SCD4X_Init
<LI><a href="#[249]">&gt;&gt;</a>&nbsp;&nbsp;&nbsp;UART_BaudREGCalc
</UL>

<P><STRONG><a name="[24a]"></a>__aeabi_cfrcmple</STRONG> (Thumb, 20 bytes, Stack size 0 bytes, cfrcmple.o(.text))
<BR><BR>[Called By]<UL><LI><a href="#[249]">&gt;&gt;</a>&nbsp;&nbsp;&nbsp;UART_BaudREGCalc
</UL>

<P><STRONG><a name="[7f]"></a>__aeabi_uldivmod</STRONG> (Thumb, 96 bytes, Stack size 48 bytes, uldiv.o(.text), UNUSED)
<BR><BR>[Calls]<UL><LI><a href="#[7e]">&gt;&gt;</a>&nbsp;&nbsp;&nbsp;__aeabi_llsr
<LI><a href="#[71]">&gt;&gt;</a>&nbsp;&nbsp;&nbsp;__aeabi_llsl
</UL>
<BR>[Called By]<UL><LI><a href="#[262]">&gt;&gt;</a>&nbsp;&nbsp;&nbsp;_printf_core
<LI><a href="#[274]">&gt;&gt;</a>&nbsp;&nbsp;&nbsp;_fp_digits
</UL>

<P><STRONG><a name="[71]"></a>__aeabi_llsl</STRONG> (Thumb, 32 bytes, Stack size 8 bytes, llshl.o(.text))
<BR><BR>[Stack]<UL><LI>Max Depth = 8<LI>Call Chain = __aeabi_llsl
</UL>
<BR>[Called By]<UL><LI><a href="#[70]">&gt;&gt;</a>&nbsp;&nbsp;&nbsp;__aeabi_dadd
<LI><a href="#[73]">&gt;&gt;</a>&nbsp;&nbsp;&nbsp;_double_epilogue
<LI><a href="#[83]">&gt;&gt;</a>&nbsp;&nbsp;&nbsp;__aeabi_d2ulz
<LI><a href="#[7f]">&gt;&gt;</a>&nbsp;&nbsp;&nbsp;__aeabi_uldivmod
</UL>

<P><STRONG><a name="[314]"></a>_ll_shift_l</STRONG> (Thumb, 0 bytes, Stack size 8 bytes, llshl.o(.text), UNUSED)

<P><STRONG><a name="[7e]"></a>__aeabi_llsr</STRONG> (Thumb, 34 bytes, Stack size 8 bytes, llushr.o(.text))
<BR><BR>[Stack]<UL><LI>Max Depth = 8<LI>Call Chain = __aeabi_llsr
</UL>
<BR>[Called By]<UL><LI><a href="#[7d]">&gt;&gt;</a>&nbsp;&nbsp;&nbsp;__aeabi_d2uiz
<LI><a href="#[73]">&gt;&gt;</a>&nbsp;&nbsp;&nbsp;_double_epilogue
<LI><a href="#[83]">&gt;&gt;</a>&nbsp;&nbsp;&nbsp;__aeabi_d2ulz
<LI><a href="#[7f]">&gt;&gt;</a>&nbsp;&nbsp;&nbsp;__aeabi_uldivmod
</UL>

<P><STRONG><a name="[315]"></a>_ll_ushift_r</STRONG> (Thumb, 0 bytes, Stack size 8 bytes, llushr.o(.text), UNUSED)

<P><STRONG><a name="[72]"></a>__aeabi_lasr</STRONG> (Thumb, 38 bytes, Stack size 8 bytes, llsshr.o(.text))
<BR><BR>[Stack]<UL><LI>Max Depth = 8<LI>Call Chain = __aeabi_lasr
</UL>
<BR>[Called By]<UL><LI><a href="#[70]">&gt;&gt;</a>&nbsp;&nbsp;&nbsp;__aeabi_dadd
</UL>

<P><STRONG><a name="[316]"></a>_ll_sshift_r</STRONG> (Thumb, 0 bytes, Stack size 8 bytes, llsshr.o(.text), UNUSED)

<P><STRONG><a name="[69]"></a>strtol</STRONG> (Thumb, 108 bytes, Stack size 32 bytes, strtol.o(.text))
<BR><BR>[Stack]<UL><LI>Max Depth = 72<LI>Call Chain = strtol &rArr; _strtoul
</UL>
<BR>[Calls]<UL><LI><a href="#[68]">&gt;&gt;</a>&nbsp;&nbsp;&nbsp;__aeabi_errno_addr
<LI><a href="#[81]">&gt;&gt;</a>&nbsp;&nbsp;&nbsp;_strtoul
<LI><a href="#[80]">&gt;&gt;</a>&nbsp;&nbsp;&nbsp;__rt_ctype_table
</UL>
<BR>[Called By]<UL><LI><a href="#[67]">&gt;&gt;</a>&nbsp;&nbsp;&nbsp;atoi
</UL>

<P><STRONG><a name="[317]"></a>__I$use$fp</STRONG> (Thumb, 0 bytes, Stack size 0 bytes, iusefp.o(.text), UNUSED)

<P><STRONG><a name="[6c]"></a>_float_round</STRONG> (Thumb, 16 bytes, Stack size 0 bytes, fepilogue.o(.text))
<BR><BR>[Called By]<UL><LI><a href="#[6f]">&gt;&gt;</a>&nbsp;&nbsp;&nbsp;__aeabi_fdiv
<LI><a href="#[6a]">&gt;&gt;</a>&nbsp;&nbsp;&nbsp;__aeabi_fadd
</UL>

<P><STRONG><a name="[6b]"></a>_float_epilogue</STRONG> (Thumb, 114 bytes, Stack size 12 bytes, fepilogue.o(.text))
<BR><BR>[Stack]<UL><LI>Max Depth = 12<LI>Call Chain = _float_epilogue
</UL>
<BR>[Called By]<UL><LI><a href="#[7a]">&gt;&gt;</a>&nbsp;&nbsp;&nbsp;__aeabi_ui2f
<LI><a href="#[79]">&gt;&gt;</a>&nbsp;&nbsp;&nbsp;__aeabi_i2f
<LI><a href="#[6a]">&gt;&gt;</a>&nbsp;&nbsp;&nbsp;__aeabi_fadd
</UL>

<P><STRONG><a name="[74]"></a>_double_round</STRONG> (Thumb, 26 bytes, Stack size 8 bytes, depilogue.o(.text))
<BR><BR>[Stack]<UL><LI>Max Depth = 8<LI>Call Chain = _double_round
</UL>
<BR>[Called By]<UL><LI><a href="#[78]">&gt;&gt;</a>&nbsp;&nbsp;&nbsp;__aeabi_ddiv
<LI><a href="#[70]">&gt;&gt;</a>&nbsp;&nbsp;&nbsp;__aeabi_dadd
<LI><a href="#[73]">&gt;&gt;</a>&nbsp;&nbsp;&nbsp;_double_epilogue
</UL>

<P><STRONG><a name="[73]"></a>_double_epilogue</STRONG> (Thumb, 164 bytes, Stack size 48 bytes, depilogue.o(.text))
<BR><BR>[Stack]<UL><LI>Max Depth = 56<LI>Call Chain = _double_epilogue &rArr; _double_round
</UL>
<BR>[Calls]<UL><LI><a href="#[74]">&gt;&gt;</a>&nbsp;&nbsp;&nbsp;_double_round
<LI><a href="#[82]">&gt;&gt;</a>&nbsp;&nbsp;&nbsp;__ARM_clz
<LI><a href="#[7e]">&gt;&gt;</a>&nbsp;&nbsp;&nbsp;__aeabi_llsr
<LI><a href="#[71]">&gt;&gt;</a>&nbsp;&nbsp;&nbsp;__aeabi_llsl
</UL>
<BR>[Called By]<UL><LI><a href="#[7c]">&gt;&gt;</a>&nbsp;&nbsp;&nbsp;__aeabi_ui2d
<LI><a href="#[77]">&gt;&gt;</a>&nbsp;&nbsp;&nbsp;__aeabi_dmul
<LI><a href="#[70]">&gt;&gt;</a>&nbsp;&nbsp;&nbsp;__aeabi_dadd
<LI><a href="#[7b]">&gt;&gt;</a>&nbsp;&nbsp;&nbsp;__aeabi_i2d
</UL>

<P><STRONG><a name="[83]"></a>__aeabi_d2ulz</STRONG> (Thumb, 54 bytes, Stack size 8 bytes, dfixul.o(.text), UNUSED)
<BR><BR>[Calls]<UL><LI><a href="#[7e]">&gt;&gt;</a>&nbsp;&nbsp;&nbsp;__aeabi_llsr
<LI><a href="#[71]">&gt;&gt;</a>&nbsp;&nbsp;&nbsp;__aeabi_llsl
</UL>
<BR>[Called By]<UL><LI><a href="#[274]">&gt;&gt;</a>&nbsp;&nbsp;&nbsp;_fp_digits
</UL>

<P><STRONG><a name="[275]"></a>__aeabi_cdrcmple</STRONG> (Thumb, 38 bytes, Stack size 0 bytes, cdrcmple.o(.text), UNUSED)
<BR><BR>[Called By]<UL><LI><a href="#[274]">&gt;&gt;</a>&nbsp;&nbsp;&nbsp;_fp_digits
</UL>

<P><STRONG><a name="[52]"></a>__scatterload</STRONG> (Thumb, 28 bytes, Stack size 0 bytes, init.o(.text))
<BR><BR>[Calls]<UL><LI><a href="#[84]">&gt;&gt;</a>&nbsp;&nbsp;&nbsp;__main_after_scatterload
</UL>
<BR>[Called By]<UL><LI><a href="#[51]">&gt;&gt;</a>&nbsp;&nbsp;&nbsp;_main_scatterload
</UL>

<P><STRONG><a name="[318]"></a>__scatterload_rt2</STRONG> (Thumb, 0 bytes, Stack size 0 bytes, init.o(.text), UNUSED)

<P><STRONG><a name="[80]"></a>__rt_ctype_table</STRONG> (Thumb, 4 bytes, Stack size 0 bytes, ctype_o.o(.text))
<BR><BR>[Called By]<UL><LI><a href="#[69]">&gt;&gt;</a>&nbsp;&nbsp;&nbsp;strtol
</UL>

<P><STRONG><a name="[319]"></a>__semihosting_library_function</STRONG> (Thumb, 0 bytes, Stack size 0 bytes, semi.o(.text), UNUSED)

<P><STRONG><a name="[81]"></a>_strtoul</STRONG> (Thumb, 166 bytes, Stack size 40 bytes, _strtoul.o(.text))
<BR><BR>[Stack]<UL><LI>Max Depth = 40<LI>Call Chain = _strtoul
</UL>
<BR>[Calls]<UL><LI><a href="#[68]">&gt;&gt;</a>&nbsp;&nbsp;&nbsp;__aeabi_errno_addr
<LI><a href="#[85]">&gt;&gt;</a>&nbsp;&nbsp;&nbsp;_chval
</UL>
<BR>[Called By]<UL><LI><a href="#[69]">&gt;&gt;</a>&nbsp;&nbsp;&nbsp;strtol
</UL>

<P><STRONG><a name="[31a]"></a>__I$use$semihosting$fputc</STRONG> (Thumb, 0 bytes, Stack size 0 bytes, iusesemip.o(.text), UNUSED)

<P><STRONG><a name="[85]"></a>_chval</STRONG> (Thumb, 30 bytes, Stack size 0 bytes, _chval.o(.text))
<BR><BR>[Called By]<UL><LI><a href="#[81]">&gt;&gt;</a>&nbsp;&nbsp;&nbsp;_strtoul
</UL>

<P><STRONG><a name="[31b]"></a>__decompress</STRONG> (Thumb, 0 bytes, Stack size unknown bytes, __dczerorl2.o(.text), UNUSED)

<P><STRONG><a name="[31c]"></a>__decompress1</STRONG> (Thumb, 86 bytes, Stack size unknown bytes, __dczerorl2.o(.text), UNUSED)

<P><STRONG><a name="[86]"></a>AT_Exec_SendCMD</STRONG> (Thumb, 268 bytes, Stack size 40 bytes, lorawan_atcmd.o(i.AT_Exec_SendCMD))
<BR><BR>[Stack]<UL><LI>Max Depth = 264<LI>Call Chain = AT_Exec_SendCMD &rArr; INFO &rArr; _txe_mutex_put &rArr; _tx_mutex_put &rArr; _tx_mutex_priority_change &rArr; _tx_thread_system_suspend &rArr; _tx_timer_system_activate
</UL>
<BR>[Calls]<UL><LI><a href="#[8a]">&gt;&gt;</a>&nbsp;&nbsp;&nbsp;getLoRaWANStatus
<LI><a href="#[88]">&gt;&gt;</a>&nbsp;&nbsp;&nbsp;getLoRaWANMode
<LI><a href="#[87]">&gt;&gt;</a>&nbsp;&nbsp;&nbsp;IWDT_Clr
<LI><a href="#[89]">&gt;&gt;</a>&nbsp;&nbsp;&nbsp;INFO
<LI><a href="#[8b]">&gt;&gt;</a>&nbsp;&nbsp;&nbsp;LoRa_SendCMD
<LI><a href="#[8d]">&gt;&gt;</a>&nbsp;&nbsp;&nbsp;LoRa_DelayMs
<LI><a href="#[8c]">&gt;&gt;</a>&nbsp;&nbsp;&nbsp;strstr
<LI><a href="#[64]">&gt;&gt;</a>&nbsp;&nbsp;&nbsp;__aeabi_memclr
</UL>
<BR>[Called By]<UL><LI><a href="#[9c]">&gt;&gt;</a>&nbsp;&nbsp;&nbsp;AT_LoRaWAN_getRTC
<LI><a href="#[b3]">&gt;&gt;</a>&nbsp;&nbsp;&nbsp;AT_LoRaWAN_syncTime
<LI><a href="#[b2]">&gt;&gt;</a>&nbsp;&nbsp;&nbsp;AT_LoRaWAN_setRX2
<LI><a href="#[b1]">&gt;&gt;</a>&nbsp;&nbsp;&nbsp;AT_LoRaWAN_setRTC
<LI><a href="#[b0]">&gt;&gt;</a>&nbsp;&nbsp;&nbsp;AT_LoRaWAN_setPORT
<LI><a href="#[af]">&gt;&gt;</a>&nbsp;&nbsp;&nbsp;AT_LoRaWAN_setOTAA
<LI><a href="#[ae]">&gt;&gt;</a>&nbsp;&nbsp;&nbsp;AT_LoRaWAN_setJOIN
<LI><a href="#[ad]">&gt;&gt;</a>&nbsp;&nbsp;&nbsp;AT_LoRaWAN_setFREQ
<LI><a href="#[ac]">&gt;&gt;</a>&nbsp;&nbsp;&nbsp;AT_LoRaWAN_setDataRate
<LI><a href="#[ab]">&gt;&gt;</a>&nbsp;&nbsp;&nbsp;AT_LoRaWAN_setConfirm
<LI><a href="#[aa]">&gt;&gt;</a>&nbsp;&nbsp;&nbsp;AT_LoRaWAN_setClass
<LI><a href="#[a9]">&gt;&gt;</a>&nbsp;&nbsp;&nbsp;AT_LoRaWAN_setAPPKEY
<LI><a href="#[a7]">&gt;&gt;</a>&nbsp;&nbsp;&nbsp;AT_LoRaWAN_setAPPEUI
<LI><a href="#[a5]">&gt;&gt;</a>&nbsp;&nbsp;&nbsp;AT_LoRaWAN_setADR
<LI><a href="#[a4]">&gt;&gt;</a>&nbsp;&nbsp;&nbsp;AT_LoRaWAN_saveEEPROM
<LI><a href="#[a2]">&gt;&gt;</a>&nbsp;&nbsp;&nbsp;AT_LoRaWAN_restFactory
<LI><a href="#[a1]">&gt;&gt;</a>&nbsp;&nbsp;&nbsp;AT_LoRaWAN_getVer
<LI><a href="#[a0]">&gt;&gt;</a>&nbsp;&nbsp;&nbsp;AT_LoRaWAN_getRX2
<LI><a href="#[9b]">&gt;&gt;</a>&nbsp;&nbsp;&nbsp;AT_LoRaWAN_getPORT
<LI><a href="#[9a]">&gt;&gt;</a>&nbsp;&nbsp;&nbsp;AT_LoRaWAN_getNwkSKEY
<LI><a href="#[99]">&gt;&gt;</a>&nbsp;&nbsp;&nbsp;AT_LoRaWAN_getDataRate
<LI><a href="#[98]">&gt;&gt;</a>&nbsp;&nbsp;&nbsp;AT_LoRaWAN_getDEVEUI
<LI><a href="#[97]">&gt;&gt;</a>&nbsp;&nbsp;&nbsp;AT_LoRaWAN_getDEVADDR
<LI><a href="#[96]">&gt;&gt;</a>&nbsp;&nbsp;&nbsp;AT_LoRaWAN_getConfirm
<LI><a href="#[95]">&gt;&gt;</a>&nbsp;&nbsp;&nbsp;AT_LoRaWAN_getClass
<LI><a href="#[94]">&gt;&gt;</a>&nbsp;&nbsp;&nbsp;AT_LoRaWAN_getBAND
<LI><a href="#[93]">&gt;&gt;</a>&nbsp;&nbsp;&nbsp;AT_LoRaWAN_getAPPSKEY
<LI><a href="#[92]">&gt;&gt;</a>&nbsp;&nbsp;&nbsp;AT_LoRaWAN_getAPPKEY
<LI><a href="#[8e]">&gt;&gt;</a>&nbsp;&nbsp;&nbsp;AT_LoRaWAN_getAPPEUI
</UL>

<P><STRONG><a name="[8e]"></a>AT_LoRaWAN_getAPPEUI</STRONG> (Thumb, 208 bytes, Stack size 48 bytes, lorawan_atcmd.o(i.AT_LoRaWAN_getAPPEUI))
<BR><BR>[Stack]<UL><LI>Max Depth = 312<LI>Call Chain = AT_LoRaWAN_getAPPEUI &rArr; AT_Exec_SendCMD &rArr; INFO &rArr; _txe_mutex_put &rArr; _tx_mutex_put &rArr; _tx_mutex_priority_change &rArr; _tx_thread_system_suspend &rArr; _tx_timer_system_activate
</UL>
<BR>[Calls]<UL><LI><a href="#[90]">&gt;&gt;</a>&nbsp;&nbsp;&nbsp;cmd_split
<LI><a href="#[89]">&gt;&gt;</a>&nbsp;&nbsp;&nbsp;INFO
<LI><a href="#[8d]">&gt;&gt;</a>&nbsp;&nbsp;&nbsp;LoRa_DelayMs
<LI><a href="#[91]">&gt;&gt;</a>&nbsp;&nbsp;&nbsp;cmd_get_hexstr2hex
<LI><a href="#[86]">&gt;&gt;</a>&nbsp;&nbsp;&nbsp;AT_Exec_SendCMD
<LI><a href="#[8c]">&gt;&gt;</a>&nbsp;&nbsp;&nbsp;strstr
<LI><a href="#[8f]">&gt;&gt;</a>&nbsp;&nbsp;&nbsp;__aeabi_memclr4
</UL>
<BR>[Called By]<UL><LI><a href="#[1c8]">&gt;&gt;</a>&nbsp;&nbsp;&nbsp;LoRaWAN_Init
</UL>

<P><STRONG><a name="[92]"></a>AT_LoRaWAN_getAPPKEY</STRONG> (Thumb, 262 bytes, Stack size 80 bytes, lorawan_atcmd.o(i.AT_LoRaWAN_getAPPKEY))
<BR><BR>[Stack]<UL><LI>Max Depth = 344<LI>Call Chain = AT_LoRaWAN_getAPPKEY &rArr; AT_Exec_SendCMD &rArr; INFO &rArr; _txe_mutex_put &rArr; _tx_mutex_put &rArr; _tx_mutex_priority_change &rArr; _tx_thread_system_suspend &rArr; _tx_timer_system_activate
</UL>
<BR>[Calls]<UL><LI><a href="#[90]">&gt;&gt;</a>&nbsp;&nbsp;&nbsp;cmd_split
<LI><a href="#[89]">&gt;&gt;</a>&nbsp;&nbsp;&nbsp;INFO
<LI><a href="#[8d]">&gt;&gt;</a>&nbsp;&nbsp;&nbsp;LoRa_DelayMs
<LI><a href="#[91]">&gt;&gt;</a>&nbsp;&nbsp;&nbsp;cmd_get_hexstr2hex
<LI><a href="#[86]">&gt;&gt;</a>&nbsp;&nbsp;&nbsp;AT_Exec_SendCMD
<LI><a href="#[8c]">&gt;&gt;</a>&nbsp;&nbsp;&nbsp;strstr
<LI><a href="#[8f]">&gt;&gt;</a>&nbsp;&nbsp;&nbsp;__aeabi_memclr4
</UL>
<BR>[Called By]<UL><LI><a href="#[1c8]">&gt;&gt;</a>&nbsp;&nbsp;&nbsp;LoRaWAN_Init
</UL>

<P><STRONG><a name="[93]"></a>AT_LoRaWAN_getAPPSKEY</STRONG> (Thumb, 242 bytes, Stack size 80 bytes, lorawan_atcmd.o(i.AT_LoRaWAN_getAPPSKEY))
<BR><BR>[Stack]<UL><LI>Max Depth = 344<LI>Call Chain = AT_LoRaWAN_getAPPSKEY &rArr; AT_Exec_SendCMD &rArr; INFO &rArr; _txe_mutex_put &rArr; _tx_mutex_put &rArr; _tx_mutex_priority_change &rArr; _tx_thread_system_suspend &rArr; _tx_timer_system_activate
</UL>
<BR>[Calls]<UL><LI><a href="#[90]">&gt;&gt;</a>&nbsp;&nbsp;&nbsp;cmd_split
<LI><a href="#[89]">&gt;&gt;</a>&nbsp;&nbsp;&nbsp;INFO
<LI><a href="#[8d]">&gt;&gt;</a>&nbsp;&nbsp;&nbsp;LoRa_DelayMs
<LI><a href="#[91]">&gt;&gt;</a>&nbsp;&nbsp;&nbsp;cmd_get_hexstr2hex
<LI><a href="#[86]">&gt;&gt;</a>&nbsp;&nbsp;&nbsp;AT_Exec_SendCMD
<LI><a href="#[8c]">&gt;&gt;</a>&nbsp;&nbsp;&nbsp;strstr
<LI><a href="#[8f]">&gt;&gt;</a>&nbsp;&nbsp;&nbsp;__aeabi_memclr4
</UL>
<BR>[Called By]<UL><LI><a href="#[1c8]">&gt;&gt;</a>&nbsp;&nbsp;&nbsp;LoRaWAN_Init
</UL>

<P><STRONG><a name="[94]"></a>AT_LoRaWAN_getBAND</STRONG> (Thumb, 70 bytes, Stack size 16 bytes, lorawan_atcmd.o(i.AT_LoRaWAN_getBAND))
<BR><BR>[Stack]<UL><LI>Max Depth = 280<LI>Call Chain = AT_LoRaWAN_getBAND &rArr; AT_Exec_SendCMD &rArr; INFO &rArr; _txe_mutex_put &rArr; _tx_mutex_put &rArr; _tx_mutex_priority_change &rArr; _tx_thread_system_suspend &rArr; _tx_timer_system_activate
</UL>
<BR>[Calls]<UL><LI><a href="#[89]">&gt;&gt;</a>&nbsp;&nbsp;&nbsp;INFO
<LI><a href="#[8d]">&gt;&gt;</a>&nbsp;&nbsp;&nbsp;LoRa_DelayMs
<LI><a href="#[86]">&gt;&gt;</a>&nbsp;&nbsp;&nbsp;AT_Exec_SendCMD
<LI><a href="#[8c]">&gt;&gt;</a>&nbsp;&nbsp;&nbsp;strstr
</UL>
<BR>[Called By]<UL><LI><a href="#[1c8]">&gt;&gt;</a>&nbsp;&nbsp;&nbsp;LoRaWAN_Init
</UL>

<P><STRONG><a name="[95]"></a>AT_LoRaWAN_getClass</STRONG> (Thumb, 70 bytes, Stack size 16 bytes, lorawan_atcmd.o(i.AT_LoRaWAN_getClass))
<BR><BR>[Stack]<UL><LI>Max Depth = 280<LI>Call Chain = AT_LoRaWAN_getClass &rArr; AT_Exec_SendCMD &rArr; INFO &rArr; _txe_mutex_put &rArr; _tx_mutex_put &rArr; _tx_mutex_priority_change &rArr; _tx_thread_system_suspend &rArr; _tx_timer_system_activate
</UL>
<BR>[Calls]<UL><LI><a href="#[89]">&gt;&gt;</a>&nbsp;&nbsp;&nbsp;INFO
<LI><a href="#[8d]">&gt;&gt;</a>&nbsp;&nbsp;&nbsp;LoRa_DelayMs
<LI><a href="#[86]">&gt;&gt;</a>&nbsp;&nbsp;&nbsp;AT_Exec_SendCMD
<LI><a href="#[8c]">&gt;&gt;</a>&nbsp;&nbsp;&nbsp;strstr
</UL>
<BR>[Called By]<UL><LI><a href="#[1c8]">&gt;&gt;</a>&nbsp;&nbsp;&nbsp;LoRaWAN_Init
</UL>

<P><STRONG><a name="[96]"></a>AT_LoRaWAN_getConfirm</STRONG> (Thumb, 70 bytes, Stack size 16 bytes, lorawan_atcmd.o(i.AT_LoRaWAN_getConfirm))
<BR><BR>[Stack]<UL><LI>Max Depth = 280<LI>Call Chain = AT_LoRaWAN_getConfirm &rArr; AT_Exec_SendCMD &rArr; INFO &rArr; _txe_mutex_put &rArr; _tx_mutex_put &rArr; _tx_mutex_priority_change &rArr; _tx_thread_system_suspend &rArr; _tx_timer_system_activate
</UL>
<BR>[Calls]<UL><LI><a href="#[89]">&gt;&gt;</a>&nbsp;&nbsp;&nbsp;INFO
<LI><a href="#[8d]">&gt;&gt;</a>&nbsp;&nbsp;&nbsp;LoRa_DelayMs
<LI><a href="#[86]">&gt;&gt;</a>&nbsp;&nbsp;&nbsp;AT_Exec_SendCMD
<LI><a href="#[8c]">&gt;&gt;</a>&nbsp;&nbsp;&nbsp;strstr
</UL>
<BR>[Called By]<UL><LI><a href="#[1c8]">&gt;&gt;</a>&nbsp;&nbsp;&nbsp;LoRaWAN_Init
</UL>

<P><STRONG><a name="[97]"></a>AT_LoRaWAN_getDEVADDR</STRONG> (Thumb, 170 bytes, Stack size 32 bytes, lorawan_atcmd.o(i.AT_LoRaWAN_getDEVADDR))
<BR><BR>[Stack]<UL><LI>Max Depth = 296<LI>Call Chain = AT_LoRaWAN_getDEVADDR &rArr; AT_Exec_SendCMD &rArr; INFO &rArr; _txe_mutex_put &rArr; _tx_mutex_put &rArr; _tx_mutex_priority_change &rArr; _tx_thread_system_suspend &rArr; _tx_timer_system_activate
</UL>
<BR>[Calls]<UL><LI><a href="#[90]">&gt;&gt;</a>&nbsp;&nbsp;&nbsp;cmd_split
<LI><a href="#[89]">&gt;&gt;</a>&nbsp;&nbsp;&nbsp;INFO
<LI><a href="#[8d]">&gt;&gt;</a>&nbsp;&nbsp;&nbsp;LoRa_DelayMs
<LI><a href="#[91]">&gt;&gt;</a>&nbsp;&nbsp;&nbsp;cmd_get_hexstr2hex
<LI><a href="#[86]">&gt;&gt;</a>&nbsp;&nbsp;&nbsp;AT_Exec_SendCMD
<LI><a href="#[8c]">&gt;&gt;</a>&nbsp;&nbsp;&nbsp;strstr
<LI><a href="#[8f]">&gt;&gt;</a>&nbsp;&nbsp;&nbsp;__aeabi_memclr4
</UL>
<BR>[Called By]<UL><LI><a href="#[1c8]">&gt;&gt;</a>&nbsp;&nbsp;&nbsp;LoRaWAN_Init
</UL>

<P><STRONG><a name="[98]"></a>AT_LoRaWAN_getDEVEUI</STRONG> (Thumb, 208 bytes, Stack size 48 bytes, lorawan_atcmd.o(i.AT_LoRaWAN_getDEVEUI))
<BR><BR>[Stack]<UL><LI>Max Depth = 312<LI>Call Chain = AT_LoRaWAN_getDEVEUI &rArr; AT_Exec_SendCMD &rArr; INFO &rArr; _txe_mutex_put &rArr; _tx_mutex_put &rArr; _tx_mutex_priority_change &rArr; _tx_thread_system_suspend &rArr; _tx_timer_system_activate
</UL>
<BR>[Calls]<UL><LI><a href="#[90]">&gt;&gt;</a>&nbsp;&nbsp;&nbsp;cmd_split
<LI><a href="#[89]">&gt;&gt;</a>&nbsp;&nbsp;&nbsp;INFO
<LI><a href="#[8d]">&gt;&gt;</a>&nbsp;&nbsp;&nbsp;LoRa_DelayMs
<LI><a href="#[91]">&gt;&gt;</a>&nbsp;&nbsp;&nbsp;cmd_get_hexstr2hex
<LI><a href="#[86]">&gt;&gt;</a>&nbsp;&nbsp;&nbsp;AT_Exec_SendCMD
<LI><a href="#[8c]">&gt;&gt;</a>&nbsp;&nbsp;&nbsp;strstr
<LI><a href="#[8f]">&gt;&gt;</a>&nbsp;&nbsp;&nbsp;__aeabi_memclr4
</UL>
<BR>[Called By]<UL><LI><a href="#[1c8]">&gt;&gt;</a>&nbsp;&nbsp;&nbsp;LoRaWAN_Init
</UL>

<P><STRONG><a name="[99]"></a>AT_LoRaWAN_getDataRate</STRONG> (Thumb, 70 bytes, Stack size 16 bytes, lorawan_atcmd.o(i.AT_LoRaWAN_getDataRate))
<BR><BR>[Stack]<UL><LI>Max Depth = 280<LI>Call Chain = AT_LoRaWAN_getDataRate &rArr; AT_Exec_SendCMD &rArr; INFO &rArr; _txe_mutex_put &rArr; _tx_mutex_put &rArr; _tx_mutex_priority_change &rArr; _tx_thread_system_suspend &rArr; _tx_timer_system_activate
</UL>
<BR>[Calls]<UL><LI><a href="#[89]">&gt;&gt;</a>&nbsp;&nbsp;&nbsp;INFO
<LI><a href="#[8d]">&gt;&gt;</a>&nbsp;&nbsp;&nbsp;LoRa_DelayMs
<LI><a href="#[86]">&gt;&gt;</a>&nbsp;&nbsp;&nbsp;AT_Exec_SendCMD
<LI><a href="#[8c]">&gt;&gt;</a>&nbsp;&nbsp;&nbsp;strstr
</UL>
<BR>[Called By]<UL><LI><a href="#[1c8]">&gt;&gt;</a>&nbsp;&nbsp;&nbsp;LoRaWAN_Init
</UL>

<P><STRONG><a name="[9a]"></a>AT_LoRaWAN_getNwkSKEY</STRONG> (Thumb, 242 bytes, Stack size 80 bytes, lorawan_atcmd.o(i.AT_LoRaWAN_getNwkSKEY))
<BR><BR>[Stack]<UL><LI>Max Depth = 344<LI>Call Chain = AT_LoRaWAN_getNwkSKEY &rArr; AT_Exec_SendCMD &rArr; INFO &rArr; _txe_mutex_put &rArr; _tx_mutex_put &rArr; _tx_mutex_priority_change &rArr; _tx_thread_system_suspend &rArr; _tx_timer_system_activate
</UL>
<BR>[Calls]<UL><LI><a href="#[90]">&gt;&gt;</a>&nbsp;&nbsp;&nbsp;cmd_split
<LI><a href="#[89]">&gt;&gt;</a>&nbsp;&nbsp;&nbsp;INFO
<LI><a href="#[8d]">&gt;&gt;</a>&nbsp;&nbsp;&nbsp;LoRa_DelayMs
<LI><a href="#[91]">&gt;&gt;</a>&nbsp;&nbsp;&nbsp;cmd_get_hexstr2hex
<LI><a href="#[86]">&gt;&gt;</a>&nbsp;&nbsp;&nbsp;AT_Exec_SendCMD
<LI><a href="#[8c]">&gt;&gt;</a>&nbsp;&nbsp;&nbsp;strstr
<LI><a href="#[8f]">&gt;&gt;</a>&nbsp;&nbsp;&nbsp;__aeabi_memclr4
</UL>
<BR>[Called By]<UL><LI><a href="#[1c8]">&gt;&gt;</a>&nbsp;&nbsp;&nbsp;LoRaWAN_Init
</UL>

<P><STRONG><a name="[9b]"></a>AT_LoRaWAN_getPORT</STRONG> (Thumb, 70 bytes, Stack size 16 bytes, lorawan_atcmd.o(i.AT_LoRaWAN_getPORT))
<BR><BR>[Stack]<UL><LI>Max Depth = 280<LI>Call Chain = AT_LoRaWAN_getPORT &rArr; AT_Exec_SendCMD &rArr; INFO &rArr; _txe_mutex_put &rArr; _tx_mutex_put &rArr; _tx_mutex_priority_change &rArr; _tx_thread_system_suspend &rArr; _tx_timer_system_activate
</UL>
<BR>[Calls]<UL><LI><a href="#[89]">&gt;&gt;</a>&nbsp;&nbsp;&nbsp;INFO
<LI><a href="#[8d]">&gt;&gt;</a>&nbsp;&nbsp;&nbsp;LoRa_DelayMs
<LI><a href="#[86]">&gt;&gt;</a>&nbsp;&nbsp;&nbsp;AT_Exec_SendCMD
<LI><a href="#[8c]">&gt;&gt;</a>&nbsp;&nbsp;&nbsp;strstr
</UL>
<BR>[Called By]<UL><LI><a href="#[1c8]">&gt;&gt;</a>&nbsp;&nbsp;&nbsp;LoRaWAN_Init
</UL>

<P><STRONG><a name="[9c]"></a>AT_LoRaWAN_getRTC</STRONG> (Thumb, 400 bytes, Stack size 40 bytes, lorawan_atcmd.o(i.AT_LoRaWAN_getRTC))
<BR><BR>[Stack]<UL><LI>Max Depth = 328<LI>Call Chain = AT_LoRaWAN_getRTC &rArr; getTimestamp &rArr; INFO &rArr; _txe_mutex_put &rArr; _tx_mutex_put &rArr; _tx_mutex_priority_change &rArr; _tx_thread_system_suspend &rArr; _tx_timer_system_activate
</UL>
<BR>[Calls]<UL><LI><a href="#[9d]">&gt;&gt;</a>&nbsp;&nbsp;&nbsp;whatday
<LI><a href="#[9f]">&gt;&gt;</a>&nbsp;&nbsp;&nbsp;getTimestamp
<LI><a href="#[90]">&gt;&gt;</a>&nbsp;&nbsp;&nbsp;cmd_split
<LI><a href="#[9e]">&gt;&gt;</a>&nbsp;&nbsp;&nbsp;RTC_Init
<LI><a href="#[89]">&gt;&gt;</a>&nbsp;&nbsp;&nbsp;INFO
<LI><a href="#[8d]">&gt;&gt;</a>&nbsp;&nbsp;&nbsp;LoRa_DelayMs
<LI><a href="#[91]">&gt;&gt;</a>&nbsp;&nbsp;&nbsp;cmd_get_hexstr2hex
<LI><a href="#[86]">&gt;&gt;</a>&nbsp;&nbsp;&nbsp;AT_Exec_SendCMD
<LI><a href="#[8c]">&gt;&gt;</a>&nbsp;&nbsp;&nbsp;strstr
<LI><a href="#[8f]">&gt;&gt;</a>&nbsp;&nbsp;&nbsp;__aeabi_memclr4
<LI><a href="#[64]">&gt;&gt;</a>&nbsp;&nbsp;&nbsp;__aeabi_memclr
</UL>
<BR>[Called By]<UL><LI><a href="#[fd]">&gt;&gt;</a>&nbsp;&nbsp;&nbsp;DeciceEvent_Process
</UL>

<P><STRONG><a name="[a0]"></a>AT_LoRaWAN_getRX2</STRONG> (Thumb, 70 bytes, Stack size 16 bytes, lorawan_atcmd.o(i.AT_LoRaWAN_getRX2))
<BR><BR>[Stack]<UL><LI>Max Depth = 280<LI>Call Chain = AT_LoRaWAN_getRX2 &rArr; AT_Exec_SendCMD &rArr; INFO &rArr; _txe_mutex_put &rArr; _tx_mutex_put &rArr; _tx_mutex_priority_change &rArr; _tx_thread_system_suspend &rArr; _tx_timer_system_activate
</UL>
<BR>[Calls]<UL><LI><a href="#[89]">&gt;&gt;</a>&nbsp;&nbsp;&nbsp;INFO
<LI><a href="#[8d]">&gt;&gt;</a>&nbsp;&nbsp;&nbsp;LoRa_DelayMs
<LI><a href="#[86]">&gt;&gt;</a>&nbsp;&nbsp;&nbsp;AT_Exec_SendCMD
<LI><a href="#[8c]">&gt;&gt;</a>&nbsp;&nbsp;&nbsp;strstr
</UL>
<BR>[Called By]<UL><LI><a href="#[1c8]">&gt;&gt;</a>&nbsp;&nbsp;&nbsp;LoRaWAN_Init
</UL>

<P><STRONG><a name="[a1]"></a>AT_LoRaWAN_getVer</STRONG> (Thumb, 70 bytes, Stack size 16 bytes, lorawan_atcmd.o(i.AT_LoRaWAN_getVer))
<BR><BR>[Stack]<UL><LI>Max Depth = 280<LI>Call Chain = AT_LoRaWAN_getVer &rArr; AT_Exec_SendCMD &rArr; INFO &rArr; _txe_mutex_put &rArr; _tx_mutex_put &rArr; _tx_mutex_priority_change &rArr; _tx_thread_system_suspend &rArr; _tx_timer_system_activate
</UL>
<BR>[Calls]<UL><LI><a href="#[89]">&gt;&gt;</a>&nbsp;&nbsp;&nbsp;INFO
<LI><a href="#[8d]">&gt;&gt;</a>&nbsp;&nbsp;&nbsp;LoRa_DelayMs
<LI><a href="#[86]">&gt;&gt;</a>&nbsp;&nbsp;&nbsp;AT_Exec_SendCMD
<LI><a href="#[8c]">&gt;&gt;</a>&nbsp;&nbsp;&nbsp;strstr
</UL>
<BR>[Called By]<UL><LI><a href="#[1c8]">&gt;&gt;</a>&nbsp;&nbsp;&nbsp;LoRaWAN_Init
</UL>

<P><STRONG><a name="[a2]"></a>AT_LoRaWAN_restFactory</STRONG> (Thumb, 66 bytes, Stack size 8 bytes, lorawan_atcmd.o(i.AT_LoRaWAN_restFactory))
<BR><BR>[Stack]<UL><LI>Max Depth = 272<LI>Call Chain = AT_LoRaWAN_restFactory &rArr; AT_Exec_SendCMD &rArr; INFO &rArr; _txe_mutex_put &rArr; _tx_mutex_put &rArr; _tx_mutex_priority_change &rArr; _tx_thread_system_suspend &rArr; _tx_timer_system_activate
</UL>
<BR>[Calls]<UL><LI><a href="#[a3]">&gt;&gt;</a>&nbsp;&nbsp;&nbsp;getLoRaWANBusyIOLevel
<LI><a href="#[8d]">&gt;&gt;</a>&nbsp;&nbsp;&nbsp;LoRa_DelayMs
<LI><a href="#[86]">&gt;&gt;</a>&nbsp;&nbsp;&nbsp;AT_Exec_SendCMD
</UL>
<BR>[Called By]<UL><LI><a href="#[1c8]">&gt;&gt;</a>&nbsp;&nbsp;&nbsp;LoRaWAN_Init
</UL>

<P><STRONG><a name="[a4]"></a>AT_LoRaWAN_saveEEPROM</STRONG> (Thumb, 42 bytes, Stack size 8 bytes, lorawan_atcmd.o(i.AT_LoRaWAN_saveEEPROM))
<BR><BR>[Stack]<UL><LI>Max Depth = 272<LI>Call Chain = AT_LoRaWAN_saveEEPROM &rArr; AT_Exec_SendCMD &rArr; INFO &rArr; _txe_mutex_put &rArr; _tx_mutex_put &rArr; _tx_mutex_priority_change &rArr; _tx_thread_system_suspend &rArr; _tx_timer_system_activate
</UL>
<BR>[Calls]<UL><LI><a href="#[8d]">&gt;&gt;</a>&nbsp;&nbsp;&nbsp;LoRa_DelayMs
<LI><a href="#[86]">&gt;&gt;</a>&nbsp;&nbsp;&nbsp;AT_Exec_SendCMD
</UL>
<BR>[Called By]<UL><LI><a href="#[1c8]">&gt;&gt;</a>&nbsp;&nbsp;&nbsp;LoRaWAN_Init
</UL>

<P><STRONG><a name="[a5]"></a>AT_LoRaWAN_setADR</STRONG> (Thumb, 62 bytes, Stack size 24 bytes, lorawan_atcmd.o(i.AT_LoRaWAN_setADR))
<BR><BR>[Stack]<UL><LI>Max Depth = 288<LI>Call Chain = AT_LoRaWAN_setADR &rArr; AT_Exec_SendCMD &rArr; INFO &rArr; _txe_mutex_put &rArr; _tx_mutex_put &rArr; _tx_mutex_priority_change &rArr; _tx_thread_system_suspend &rArr; _tx_timer_system_activate
</UL>
<BR>[Calls]<UL><LI><a href="#[8d]">&gt;&gt;</a>&nbsp;&nbsp;&nbsp;LoRa_DelayMs
<LI><a href="#[86]">&gt;&gt;</a>&nbsp;&nbsp;&nbsp;AT_Exec_SendCMD
<LI><a href="#[a6]">&gt;&gt;</a>&nbsp;&nbsp;&nbsp;__2sprintf
</UL>
<BR>[Called By]<UL><LI><a href="#[1c8]">&gt;&gt;</a>&nbsp;&nbsp;&nbsp;LoRaWAN_Init
</UL>

<P><STRONG><a name="[a7]"></a>AT_LoRaWAN_setAPPEUI</STRONG> (Thumb, 106 bytes, Stack size 72 bytes, lorawan_atcmd.o(i.AT_LoRaWAN_setAPPEUI))
<BR><BR>[Stack]<UL><LI>Max Depth = 336<LI>Call Chain = AT_LoRaWAN_setAPPEUI &rArr; AT_Exec_SendCMD &rArr; INFO &rArr; _txe_mutex_put &rArr; _tx_mutex_put &rArr; _tx_mutex_priority_change &rArr; _tx_thread_system_suspend &rArr; _tx_timer_system_activate
</UL>
<BR>[Calls]<UL><LI><a href="#[8d]">&gt;&gt;</a>&nbsp;&nbsp;&nbsp;LoRa_DelayMs
<LI><a href="#[86]">&gt;&gt;</a>&nbsp;&nbsp;&nbsp;AT_Exec_SendCMD
<LI><a href="#[a6]">&gt;&gt;</a>&nbsp;&nbsp;&nbsp;__2sprintf
<LI><a href="#[a8]">&gt;&gt;</a>&nbsp;&nbsp;&nbsp;__aeabi_memcpy4
</UL>
<BR>[Called By]<UL><LI><a href="#[1c8]">&gt;&gt;</a>&nbsp;&nbsp;&nbsp;LoRaWAN_Init
</UL>

<P><STRONG><a name="[a9]"></a>AT_LoRaWAN_setAPPKEY</STRONG> (Thumb, 168 bytes, Stack size 128 bytes, lorawan_atcmd.o(i.AT_LoRaWAN_setAPPKEY))
<BR><BR>[Stack]<UL><LI>Max Depth = 392<LI>Call Chain = AT_LoRaWAN_setAPPKEY &rArr; AT_Exec_SendCMD &rArr; INFO &rArr; _txe_mutex_put &rArr; _tx_mutex_put &rArr; _tx_mutex_priority_change &rArr; _tx_thread_system_suspend &rArr; _tx_timer_system_activate
</UL>
<BR>[Calls]<UL><LI><a href="#[8d]">&gt;&gt;</a>&nbsp;&nbsp;&nbsp;LoRa_DelayMs
<LI><a href="#[86]">&gt;&gt;</a>&nbsp;&nbsp;&nbsp;AT_Exec_SendCMD
<LI><a href="#[a6]">&gt;&gt;</a>&nbsp;&nbsp;&nbsp;__2sprintf
<LI><a href="#[a8]">&gt;&gt;</a>&nbsp;&nbsp;&nbsp;__aeabi_memcpy4
</UL>
<BR>[Called By]<UL><LI><a href="#[1c8]">&gt;&gt;</a>&nbsp;&nbsp;&nbsp;LoRaWAN_Init
</UL>

<P><STRONG><a name="[aa]"></a>AT_LoRaWAN_setClass</STRONG> (Thumb, 62 bytes, Stack size 24 bytes, lorawan_atcmd.o(i.AT_LoRaWAN_setClass))
<BR><BR>[Stack]<UL><LI>Max Depth = 288<LI>Call Chain = AT_LoRaWAN_setClass &rArr; AT_Exec_SendCMD &rArr; INFO &rArr; _txe_mutex_put &rArr; _tx_mutex_put &rArr; _tx_mutex_priority_change &rArr; _tx_thread_system_suspend &rArr; _tx_timer_system_activate
</UL>
<BR>[Calls]<UL><LI><a href="#[8d]">&gt;&gt;</a>&nbsp;&nbsp;&nbsp;LoRa_DelayMs
<LI><a href="#[86]">&gt;&gt;</a>&nbsp;&nbsp;&nbsp;AT_Exec_SendCMD
<LI><a href="#[a6]">&gt;&gt;</a>&nbsp;&nbsp;&nbsp;__2sprintf
</UL>
<BR>[Called By]<UL><LI><a href="#[1c8]">&gt;&gt;</a>&nbsp;&nbsp;&nbsp;LoRaWAN_Init
</UL>

<P><STRONG><a name="[ab]"></a>AT_LoRaWAN_setConfirm</STRONG> (Thumb, 70 bytes, Stack size 32 bytes, lorawan_atcmd.o(i.AT_LoRaWAN_setConfirm))
<BR><BR>[Stack]<UL><LI>Max Depth = 296<LI>Call Chain = AT_LoRaWAN_setConfirm &rArr; AT_Exec_SendCMD &rArr; INFO &rArr; _txe_mutex_put &rArr; _tx_mutex_put &rArr; _tx_mutex_priority_change &rArr; _tx_thread_system_suspend &rArr; _tx_timer_system_activate
</UL>
<BR>[Calls]<UL><LI><a href="#[8d]">&gt;&gt;</a>&nbsp;&nbsp;&nbsp;LoRa_DelayMs
<LI><a href="#[86]">&gt;&gt;</a>&nbsp;&nbsp;&nbsp;AT_Exec_SendCMD
<LI><a href="#[a6]">&gt;&gt;</a>&nbsp;&nbsp;&nbsp;__2sprintf
</UL>
<BR>[Called By]<UL><LI><a href="#[1c8]">&gt;&gt;</a>&nbsp;&nbsp;&nbsp;LoRaWAN_Init
</UL>

<P><STRONG><a name="[ac]"></a>AT_LoRaWAN_setDataRate</STRONG> (Thumb, 64 bytes, Stack size 32 bytes, lorawan_atcmd.o(i.AT_LoRaWAN_setDataRate))
<BR><BR>[Stack]<UL><LI>Max Depth = 296<LI>Call Chain = AT_LoRaWAN_setDataRate &rArr; AT_Exec_SendCMD &rArr; INFO &rArr; _txe_mutex_put &rArr; _tx_mutex_put &rArr; _tx_mutex_priority_change &rArr; _tx_thread_system_suspend &rArr; _tx_timer_system_activate
</UL>
<BR>[Calls]<UL><LI><a href="#[8d]">&gt;&gt;</a>&nbsp;&nbsp;&nbsp;LoRa_DelayMs
<LI><a href="#[86]">&gt;&gt;</a>&nbsp;&nbsp;&nbsp;AT_Exec_SendCMD
<LI><a href="#[a6]">&gt;&gt;</a>&nbsp;&nbsp;&nbsp;__2sprintf
</UL>
<BR>[Called By]<UL><LI><a href="#[1c8]">&gt;&gt;</a>&nbsp;&nbsp;&nbsp;LoRaWAN_Init
</UL>

<P><STRONG><a name="[ad]"></a>AT_LoRaWAN_setFREQ</STRONG> (Thumb, 76 bytes, Stack size 48 bytes, lorawan_atcmd.o(i.AT_LoRaWAN_setFREQ))
<BR><BR>[Stack]<UL><LI>Max Depth = 312<LI>Call Chain = AT_LoRaWAN_setFREQ &rArr; AT_Exec_SendCMD &rArr; INFO &rArr; _txe_mutex_put &rArr; _tx_mutex_put &rArr; _tx_mutex_priority_change &rArr; _tx_thread_system_suspend &rArr; _tx_timer_system_activate
</UL>
<BR>[Calls]<UL><LI><a href="#[8d]">&gt;&gt;</a>&nbsp;&nbsp;&nbsp;LoRa_DelayMs
<LI><a href="#[86]">&gt;&gt;</a>&nbsp;&nbsp;&nbsp;AT_Exec_SendCMD
<LI><a href="#[a6]">&gt;&gt;</a>&nbsp;&nbsp;&nbsp;__2sprintf
<LI><a href="#[a8]">&gt;&gt;</a>&nbsp;&nbsp;&nbsp;__aeabi_memcpy4
</UL>
<BR>[Called By]<UL><LI><a href="#[1c8]">&gt;&gt;</a>&nbsp;&nbsp;&nbsp;LoRaWAN_Init
</UL>

<P><STRONG><a name="[ae]"></a>AT_LoRaWAN_setJOIN</STRONG> (Thumb, 60 bytes, Stack size 8 bytes, lorawan_atcmd.o(i.AT_LoRaWAN_setJOIN))
<BR><BR>[Stack]<UL><LI>Max Depth = 272<LI>Call Chain = AT_LoRaWAN_setJOIN &rArr; AT_Exec_SendCMD &rArr; INFO &rArr; _txe_mutex_put &rArr; _tx_mutex_put &rArr; _tx_mutex_priority_change &rArr; _tx_thread_system_suspend &rArr; _tx_timer_system_activate
</UL>
<BR>[Calls]<UL><LI><a href="#[8d]">&gt;&gt;</a>&nbsp;&nbsp;&nbsp;LoRa_DelayMs
<LI><a href="#[86]">&gt;&gt;</a>&nbsp;&nbsp;&nbsp;AT_Exec_SendCMD
<LI><a href="#[64]">&gt;&gt;</a>&nbsp;&nbsp;&nbsp;__aeabi_memclr
</UL>
<BR>[Called By]<UL><LI><a href="#[1cc]">&gt;&gt;</a>&nbsp;&nbsp;&nbsp;LoRaWAN_JoinInit
<LI><a href="#[1c8]">&gt;&gt;</a>&nbsp;&nbsp;&nbsp;LoRaWAN_Init
</UL>

<P><STRONG><a name="[af]"></a>AT_LoRaWAN_setOTAA</STRONG> (Thumb, 42 bytes, Stack size 8 bytes, lorawan_atcmd.o(i.AT_LoRaWAN_setOTAA))
<BR><BR>[Stack]<UL><LI>Max Depth = 272<LI>Call Chain = AT_LoRaWAN_setOTAA &rArr; AT_Exec_SendCMD &rArr; INFO &rArr; _txe_mutex_put &rArr; _tx_mutex_put &rArr; _tx_mutex_priority_change &rArr; _tx_thread_system_suspend &rArr; _tx_timer_system_activate
</UL>
<BR>[Calls]<UL><LI><a href="#[8d]">&gt;&gt;</a>&nbsp;&nbsp;&nbsp;LoRa_DelayMs
<LI><a href="#[86]">&gt;&gt;</a>&nbsp;&nbsp;&nbsp;AT_Exec_SendCMD
</UL>
<BR>[Called By]<UL><LI><a href="#[1c8]">&gt;&gt;</a>&nbsp;&nbsp;&nbsp;LoRaWAN_Init
</UL>

<P><STRONG><a name="[b0]"></a>AT_LoRaWAN_setPORT</STRONG> (Thumb, 62 bytes, Stack size 24 bytes, lorawan_atcmd.o(i.AT_LoRaWAN_setPORT))
<BR><BR>[Stack]<UL><LI>Max Depth = 288<LI>Call Chain = AT_LoRaWAN_setPORT &rArr; AT_Exec_SendCMD &rArr; INFO &rArr; _txe_mutex_put &rArr; _tx_mutex_put &rArr; _tx_mutex_priority_change &rArr; _tx_thread_system_suspend &rArr; _tx_timer_system_activate
</UL>
<BR>[Calls]<UL><LI><a href="#[8d]">&gt;&gt;</a>&nbsp;&nbsp;&nbsp;LoRa_DelayMs
<LI><a href="#[86]">&gt;&gt;</a>&nbsp;&nbsp;&nbsp;AT_Exec_SendCMD
<LI><a href="#[a6]">&gt;&gt;</a>&nbsp;&nbsp;&nbsp;__2sprintf
</UL>
<BR>[Called By]<UL><LI><a href="#[1c8]">&gt;&gt;</a>&nbsp;&nbsp;&nbsp;LoRaWAN_Init
</UL>

<P><STRONG><a name="[b1]"></a>AT_LoRaWAN_setRTC</STRONG> (Thumb, 56 bytes, Stack size 40 bytes, lorawan_atcmd.o(i.AT_LoRaWAN_setRTC))
<BR><BR>[Stack]<UL><LI>Max Depth = 304<LI>Call Chain = AT_LoRaWAN_setRTC &rArr; AT_Exec_SendCMD &rArr; INFO &rArr; _txe_mutex_put &rArr; _tx_mutex_put &rArr; _tx_mutex_priority_change &rArr; _tx_thread_system_suspend &rArr; _tx_timer_system_activate
</UL>
<BR>[Calls]<UL><LI><a href="#[8d]">&gt;&gt;</a>&nbsp;&nbsp;&nbsp;LoRa_DelayMs
<LI><a href="#[86]">&gt;&gt;</a>&nbsp;&nbsp;&nbsp;AT_Exec_SendCMD
<LI><a href="#[a8]">&gt;&gt;</a>&nbsp;&nbsp;&nbsp;__aeabi_memcpy4
</UL>
<BR>[Called By]<UL><LI><a href="#[1c8]">&gt;&gt;</a>&nbsp;&nbsp;&nbsp;LoRaWAN_Init
</UL>

<P><STRONG><a name="[b2]"></a>AT_LoRaWAN_setRX2</STRONG> (Thumb, 72 bytes, Stack size 40 bytes, lorawan_atcmd.o(i.AT_LoRaWAN_setRX2))
<BR><BR>[Stack]<UL><LI>Max Depth = 304<LI>Call Chain = AT_LoRaWAN_setRX2 &rArr; AT_Exec_SendCMD &rArr; INFO &rArr; _txe_mutex_put &rArr; _tx_mutex_put &rArr; _tx_mutex_priority_change &rArr; _tx_thread_system_suspend &rArr; _tx_timer_system_activate
</UL>
<BR>[Calls]<UL><LI><a href="#[8d]">&gt;&gt;</a>&nbsp;&nbsp;&nbsp;LoRa_DelayMs
<LI><a href="#[86]">&gt;&gt;</a>&nbsp;&nbsp;&nbsp;AT_Exec_SendCMD
<LI><a href="#[a6]">&gt;&gt;</a>&nbsp;&nbsp;&nbsp;__2sprintf
<LI><a href="#[a8]">&gt;&gt;</a>&nbsp;&nbsp;&nbsp;__aeabi_memcpy4
</UL>
<BR>[Called By]<UL><LI><a href="#[1c8]">&gt;&gt;</a>&nbsp;&nbsp;&nbsp;LoRaWAN_Init
</UL>

<P><STRONG><a name="[b3]"></a>AT_LoRaWAN_syncTime</STRONG> (Thumb, 400 bytes, Stack size 48 bytes, lorawan_atcmd.o(i.AT_LoRaWAN_syncTime))
<BR><BR>[Stack]<UL><LI>Max Depth = 336<LI>Call Chain = AT_LoRaWAN_syncTime &rArr; getTimestamp &rArr; INFO &rArr; _txe_mutex_put &rArr; _tx_mutex_put &rArr; _tx_mutex_priority_change &rArr; _tx_thread_system_suspend &rArr; _tx_timer_system_activate
</UL>
<BR>[Calls]<UL><LI><a href="#[9d]">&gt;&gt;</a>&nbsp;&nbsp;&nbsp;whatday
<LI><a href="#[9f]">&gt;&gt;</a>&nbsp;&nbsp;&nbsp;getTimestamp
<LI><a href="#[90]">&gt;&gt;</a>&nbsp;&nbsp;&nbsp;cmd_split
<LI><a href="#[9e]">&gt;&gt;</a>&nbsp;&nbsp;&nbsp;RTC_Init
<LI><a href="#[89]">&gt;&gt;</a>&nbsp;&nbsp;&nbsp;INFO
<LI><a href="#[8d]">&gt;&gt;</a>&nbsp;&nbsp;&nbsp;LoRa_DelayMs
<LI><a href="#[91]">&gt;&gt;</a>&nbsp;&nbsp;&nbsp;cmd_get_hexstr2hex
<LI><a href="#[86]">&gt;&gt;</a>&nbsp;&nbsp;&nbsp;AT_Exec_SendCMD
<LI><a href="#[8c]">&gt;&gt;</a>&nbsp;&nbsp;&nbsp;strstr
<LI><a href="#[8f]">&gt;&gt;</a>&nbsp;&nbsp;&nbsp;__aeabi_memclr4
<LI><a href="#[64]">&gt;&gt;</a>&nbsp;&nbsp;&nbsp;__aeabi_memclr
</UL>
<BR>[Called By]<UL><LI><a href="#[1cc]">&gt;&gt;</a>&nbsp;&nbsp;&nbsp;LoRaWAN_JoinInit
</UL>

<P><STRONG><a name="[137]"></a>AlphabetToBinaly</STRONG> (Thumb, 102 bytes, Stack size 0 bytes, qr_encode.o(i.AlphabetToBinaly))
<BR><BR>[Called By]<UL><LI><a href="#[132]">&gt;&gt;</a>&nbsp;&nbsp;&nbsp;EncodeSourceData
</UL>

<P><STRONG><a name="[b4]"></a>AltFunIO</STRONG> (Thumb, 166 bytes, Stack size 32 bytes, user_init.o(i.AltFunIO))
<BR><BR>[Stack]<UL><LI>Max Depth = 52<LI>Call Chain = AltFunIO &rArr; GPIO_Init
</UL>
<BR>[Calls]<UL><LI><a href="#[b6]">&gt;&gt;</a>&nbsp;&nbsp;&nbsp;GPIO_Init
<LI><a href="#[b5]">&gt;&gt;</a>&nbsp;&nbsp;&nbsp;GPIO_Get_InitPara
</UL>
<BR>[Called By]<UL><LI><a href="#[166]">&gt;&gt;</a>&nbsp;&nbsp;&nbsp;GPIO_Sleep_Config
<LI><a href="#[25f]">&gt;&gt;</a>&nbsp;&nbsp;&nbsp;Uartx_Init
<LI><a href="#[22c]">&gt;&gt;</a>&nbsp;&nbsp;&nbsp;SpiInit
[...]
</UL>
<BR>[Calls]<UL><LI><a href="#[89]">&gt;&gt;</a>&nbsp;&nbsp;&nbsp;INFO
<LI><a href="#[2ac]">&gt;&gt;</a>&nbsp;&nbsp;&nbsp;sfud_erase
</UL>
<BR>[Address Reference Count : 1]<UL><LI> fal_flash_sfud_port.o(.data)
</UL>
<P><STRONG><a name="[0]"></a>init</STRONG> (Thumb, 40 bytes, Stack size 0 bytes, fal_flash_sfud_port.o(i.init))
<BR>[Address Reference Count : 1]<UL><LI> fal_flash_sfud_port.o(.data)
</UL>
<P><STRONG><a name="[1]"></a>read</STRONG> (Thumb, 78 bytes, Stack size 16 bytes, fal_flash_sfud_port.o(i.read))
<BR><BR>[Stack]<UL><LI>Max Depth = 384<LI>Call Chain = read &rArr; sfud_read &rArr; wait_busy &rArr; sfud_read_status &rArr; sfud_log_debug &rArr; INFO &rArr; _txe_mutex_put &rArr; _tx_mutex_put &rArr; _tx_mutex_priority_change &rArr; _tx_thread_system_suspend &rArr; _tx_timer_system_activate
</UL>
<BR>[Calls]<UL><LI><a href="#[89]">&gt;&gt;</a>&nbsp;&nbsp;&nbsp;INFO
<LI><a href="#[2de]">&gt;&gt;</a>&nbsp;&nbsp;&nbsp;sfud_read
</UL>
<BR>[Address Reference Count : 1]<UL><LI> fal_flash_sfud_port.o(.data)
</UL>
<P><STRONG><a name="[2]"></a>write</STRONG> (Thumb, 88 bytes, Stack size 16 bytes, fal_flash_sfud_port.o(i.write))
<BR><BR>[Stack]<UL><LI>Max Depth = 480<LI>Call Chain = write &rArr; sfud_write &rArr; aai_write &rArr; page256_or_1_byte_write &rArr; wait_busy &rArr; sfud_read_status &rArr; sfud_log_debug &rArr; INFO &rArr; _txe_mutex_put &rArr; _tx_mutex_put &rArr; _tx_mutex_priority_change &rArr; _tx_thread_system_suspend &rArr; _tx_timer_system_activate
</UL>
<BR>[Calls]<UL><LI><a href="#[89]">&gt;&gt;</a>&nbsp;&nbsp;&nbsp;INFO
<LI><a href="#[2f7]">&gt;&gt;</a>&nbsp;&nbsp;&nbsp;sfud_write
</UL>
<BR>[Address Reference Count : 1]<UL><LI> fal_flash_sfud_port.o(.data)
</UL>
<P><STRONG><a name="[2a9]"></a>check_and_update_part_cache</STRONG> (Thumb, 138 bytes, Stack size 24 bytes, fal_partition.o(i.check_and_update_part_cache))
<BR><BR>[Stack]<UL><LI>Max Depth = 264<LI>Call Chain = check_and_update_part_cache &rArr; fal_flash_device_find &rArr; INFO &rArr; _txe_mutex_put &rArr; _tx_mutex_put &rArr; _tx_mutex_priority_change &rArr; _tx_thread_system_suspend &rArr; _tx_timer_system_activate
</UL>
<BR>[Calls]<UL><LI><a href="#[89]">&gt;&gt;</a>&nbsp;&nbsp;&nbsp;INFO
<LI><a href="#[270]">&gt;&gt;</a>&nbsp;&nbsp;&nbsp;fal_flash_device_find
</UL>
<BR>[Called By]<UL><LI><a href="#[2b3]">&gt;&gt;</a>&nbsp;&nbsp;&nbsp;fal_partition_init
</UL>

<P><STRONG><a name="[2b4]"></a>flash_device_find_by_part</STRONG> (Thumb, 74 bytes, Stack size 8 bytes, fal_partition.o(i.flash_device_find_by_part))
<BR><BR>[Stack]<UL><LI>Max Depth = 232<LI>Call Chain = flash_device_find_by_part &rArr; INFO &rArr; _txe_mutex_put &rArr; _tx_mutex_put &rArr; _tx_mutex_priority_change &rArr; _tx_thread_system_suspend &rArr; _tx_timer_system_activate
</UL>
<BR>[Calls]<UL><LI><a href="#[89]">&gt;&gt;</a>&nbsp;&nbsp;&nbsp;INFO
</UL>
<BR>[Called By]<UL><LI><a href="#[26c]">&gt;&gt;</a>&nbsp;&nbsp;&nbsp;fal_partition_write
<LI><a href="#[26a]">&gt;&gt;</a>&nbsp;&nbsp;&nbsp;fal_partition_read
<LI><a href="#[268]">&gt;&gt;</a>&nbsp;&nbsp;&nbsp;fal_partition_erase
</UL>

<P><STRONG><a name="[29f]"></a>aai_write</STRONG> (Thumb, 388 bytes, Stack size 64 bytes, sfud.o(i.aai_write))
<BR><BR>[Stack]<UL><LI>Max Depth = 432<LI>Call Chain = aai_write &rArr; page256_or_1_byte_write &rArr; wait_busy &rArr; sfud_read_status &rArr; sfud_log_debug &rArr; INFO &rArr; _txe_mutex_put &rArr; _tx_mutex_put &rArr; _tx_mutex_priority_change &rArr; _tx_thread_system_suspend &rArr; _tx_timer_system_activate
</UL>
<BR>[Calls]<UL><LI><a href="#[2a1]">&gt;&gt;</a>&nbsp;&nbsp;&nbsp;sfud_log_info
<LI><a href="#[2a0]">&gt;&gt;</a>&nbsp;&nbsp;&nbsp;sfud_log_debug
<LI><a href="#[2a5]">&gt;&gt;</a>&nbsp;&nbsp;&nbsp;wait_busy
<LI><a href="#[2a3]">&gt;&gt;</a>&nbsp;&nbsp;&nbsp;set_write_enabled
<LI><a href="#[2a2]">&gt;&gt;</a>&nbsp;&nbsp;&nbsp;page256_or_1_byte_write
<LI><a href="#[2a4]">&gt;&gt;</a>&nbsp;&nbsp;&nbsp;make_adress_byte_array
</UL>
<BR>[Called By]<UL><LI><a href="#[2f7]">&gt;&gt;</a>&nbsp;&nbsp;&nbsp;sfud_write
</UL>

<P><STRONG><a name="[2c9]"></a>hardware_init</STRONG> (Thumb, 532 bytes, Stack size 24 bytes, sfud.o(i.hardware_init))
<BR><BR>[Stack]<UL><LI>Max Depth = 440<LI>Call Chain = hardware_init &rArr; sfud_read_sfdp &rArr; read_basic_table &rArr; read_sfdp_data &rArr; sfud_log_debug &rArr; INFO &rArr; _txe_mutex_put &rArr; _tx_mutex_put &rArr; _tx_mutex_priority_change &rArr; _tx_thread_system_suspend &rArr; _tx_timer_system_activate
</UL>
<BR>[Calls]<UL><LI><a href="#[2ca]">&gt;&gt;</a>&nbsp;&nbsp;&nbsp;sfud_spi_port_init
<LI><a href="#[2cc]">&gt;&gt;</a>&nbsp;&nbsp;&nbsp;sfud_read_sfdp
<LI><a href="#[2a1]">&gt;&gt;</a>&nbsp;&nbsp;&nbsp;sfud_log_info
<LI><a href="#[2a0]">&gt;&gt;</a>&nbsp;&nbsp;&nbsp;sfud_log_debug
<LI><a href="#[2ce]">&gt;&gt;</a>&nbsp;&nbsp;&nbsp;sfud_write_status
<LI><a href="#[2cf]">&gt;&gt;</a>&nbsp;&nbsp;&nbsp;set_4_byte_address_mode
<LI><a href="#[2cd]">&gt;&gt;</a>&nbsp;&nbsp;&nbsp;reset
<LI><a href="#[2cb]">&gt;&gt;</a>&nbsp;&nbsp;&nbsp;read_jedec_id
</UL>
<BR>[Called By]<UL><LI><a href="#[2f2]">&gt;&gt;</a>&nbsp;&nbsp;&nbsp;sfud_device_init
</UL>

<P><STRONG><a name="[2a4]"></a>make_adress_byte_array</STRONG> (Thumb, 102 bytes, Stack size 40 bytes, sfud.o(i.make_adress_byte_array))
<BR><BR>[Stack]<UL><LI>Max Depth = 296<LI>Call Chain = make_adress_byte_array &rArr; sfud_log_debug &rArr; INFO &rArr; _txe_mutex_put &rArr; _tx_mutex_put &rArr; _tx_mutex_priority_change &rArr; _tx_thread_system_suspend &rArr; _tx_timer_system_activate
</UL>
<BR>[Calls]<UL><LI><a href="#[2a0]">&gt;&gt;</a>&nbsp;&nbsp;&nbsp;sfud_log_debug
</UL>
<BR>[Called By]<UL><LI><a href="#[2de]">&gt;&gt;</a>&nbsp;&nbsp;&nbsp;sfud_read
<LI><a href="#[2ac]">&gt;&gt;</a>&nbsp;&nbsp;&nbsp;sfud_erase
<LI><a href="#[2a2]">&gt;&gt;</a>&nbsp;&nbsp;&nbsp;page256_or_1_byte_write
<LI><a href="#[29f]">&gt;&gt;</a>&nbsp;&nbsp;&nbsp;aai_write
</UL>

<P><STRONG><a name="[2a2]"></a>page256_or_1_byte_write</STRONG> (Thumb, 368 bytes, Stack size 56 bytes, sfud.o(i.page256_or_1_byte_write))
<BR><BR>[Stack]<UL><LI>Max Depth = 368<LI>Call Chain = page256_or_1_byte_write &rArr; wait_busy &rArr; sfud_read_status &rArr; sfud_log_debug &rArr; INFO &rArr; _txe_mutex_put &rArr; _tx_mutex_put &rArr; _tx_mutex_priority_change &rArr; _tx_thread_system_suspend &rArr; _tx_timer_system_activate
</UL>
<BR>[Calls]<UL><LI><a href="#[2a1]">&gt;&gt;</a>&nbsp;&nbsp;&nbsp;sfud_log_info
<LI><a href="#[2a0]">&gt;&gt;</a>&nbsp;&nbsp;&nbsp;sfud_log_debug
<LI><a href="#[2a5]">&gt;&gt;</a>&nbsp;&nbsp;&nbsp;wait_busy
<LI><a href="#[2a3]">&gt;&gt;</a>&nbsp;&nbsp;&nbsp;set_write_enabled
<LI><a href="#[2a4]">&gt;&gt;</a>&nbsp;&nbsp;&nbsp;make_adress_byte_array
<LI><a href="#[13b]">&gt;&gt;</a>&nbsp;&nbsp;&nbsp;__aeabi_memcpy
<LI><a href="#[5f]">&gt;&gt;</a>&nbsp;&nbsp;&nbsp;__aeabi_uidivmod
</UL>
<BR>[Called By]<UL><LI><a href="#[2f7]">&gt;&gt;</a>&nbsp;&nbsp;&nbsp;sfud_write
<LI><a href="#[29f]">&gt;&gt;</a>&nbsp;&nbsp;&nbsp;aai_write
</UL>

<P><STRONG><a name="[2cb]"></a>read_jedec_id</STRONG> (Thumb, 112 bytes, Stack size 40 bytes, sfud.o(i.read_jedec_id))
<BR><BR>[Stack]<UL><LI>Max Depth = 296<LI>Call Chain = read_jedec_id &rArr; sfud_log_debug &rArr; INFO &rArr; _txe_mutex_put &rArr; _tx_mutex_put &rArr; _tx_mutex_priority_change &rArr; _tx_thread_system_suspend &rArr; _tx_timer_system_activate
</UL>
<BR>[Calls]<UL><LI><a href="#[2a1]">&gt;&gt;</a>&nbsp;&nbsp;&nbsp;sfud_log_info
<LI><a href="#[2a0]">&gt;&gt;</a>&nbsp;&nbsp;&nbsp;sfud_log_debug
</UL>
<BR>[Called By]<UL><LI><a href="#[2c9]">&gt;&gt;</a>&nbsp;&nbsp;&nbsp;hardware_init
</UL>

<P><STRONG><a name="[2cd]"></a>reset</STRONG> (Thumb, 146 bytes, Stack size 32 bytes, sfud.o(i.reset))
<BR><BR>[Stack]<UL><LI>Max Depth = 344<LI>Call Chain = reset &rArr; wait_busy &rArr; sfud_read_status &rArr; sfud_log_debug &rArr; INFO &rArr; _txe_mutex_put &rArr; _tx_mutex_put &rArr; _tx_mutex_priority_change &rArr; _tx_thread_system_suspend &rArr; _tx_timer_system_activate
</UL>
<BR>[Calls]<UL><LI><a href="#[2a1]">&gt;&gt;</a>&nbsp;&nbsp;&nbsp;sfud_log_info
<LI><a href="#[2a0]">&gt;&gt;</a>&nbsp;&nbsp;&nbsp;sfud_log_debug
<LI><a href="#[2a5]">&gt;&gt;</a>&nbsp;&nbsp;&nbsp;wait_busy
</UL>
<BR>[Called By]<UL><LI><a href="#[2c9]">&gt;&gt;</a>&nbsp;&nbsp;&nbsp;hardware_init
</UL>

<P><STRONG><a name="[2cf]"></a>set_4_byte_address_mode</STRONG> (Thumb, 140 bytes, Stack size 32 bytes, sfud.o(i.set_4_byte_address_mode))
<BR><BR>[Stack]<UL><LI>Max Depth = 344<LI>Call Chain = set_4_byte_address_mode &rArr; set_write_enabled &rArr; sfud_read_status &rArr; sfud_log_debug &rArr; INFO &rArr; _txe_mutex_put &rArr; _tx_mutex_put &rArr; _tx_mutex_priority_change &rArr; _tx_thread_system_suspend &rArr; _tx_timer_system_activate
</UL>
<BR>[Calls]<UL><LI><a href="#[2a1]">&gt;&gt;</a>&nbsp;&nbsp;&nbsp;sfud_log_info
<LI><a href="#[2a0]">&gt;&gt;</a>&nbsp;&nbsp;&nbsp;sfud_log_debug
<LI><a href="#[2a3]">&gt;&gt;</a>&nbsp;&nbsp;&nbsp;set_write_enabled
</UL>
<BR>[Called By]<UL><LI><a href="#[2c9]">&gt;&gt;</a>&nbsp;&nbsp;&nbsp;hardware_init
</UL>

<P><STRONG><a name="[2a3]"></a>set_write_enabled</STRONG> (Thumb, 140 bytes, Stack size 32 bytes, sfud.o(i.set_write_enabled))
<BR><BR>[Stack]<UL><LI>Max Depth = 312<LI>Call Chain = set_write_enabled &rArr; sfud_read_status &rArr; sfud_log_debug &rArr; INFO &rArr; _txe_mutex_put &rArr; _tx_mutex_put &rArr; _tx_mutex_priority_change &rArr; _tx_thread_system_suspend &rArr; _tx_timer_system_activate
</UL>
<BR>[Calls]<UL><LI><a href="#[2a1]">&gt;&gt;</a>&nbsp;&nbsp;&nbsp;sfud_log_info
<LI><a href="#[2a0]">&gt;&gt;</a>&nbsp;&nbsp;&nbsp;sfud_log_debug
<LI><a href="#[2f0]">&gt;&gt;</a>&nbsp;&nbsp;&nbsp;sfud_read_status
</UL>
<BR>[Called By]<UL><LI><a href="#[2ac]">&gt;&gt;</a>&nbsp;&nbsp;&nbsp;sfud_erase
<LI><a href="#[2ce]">&gt;&gt;</a>&nbsp;&nbsp;&nbsp;sfud_write_status
<LI><a href="#[2f1]">&gt;&gt;</a>&nbsp;&nbsp;&nbsp;sfud_chip_erase
<LI><a href="#[2cf]">&gt;&gt;</a>&nbsp;&nbsp;&nbsp;set_4_byte_address_mode
<LI><a href="#[2a2]">&gt;&gt;</a>&nbsp;&nbsp;&nbsp;page256_or_1_byte_write
<LI><a href="#[29f]">&gt;&gt;</a>&nbsp;&nbsp;&nbsp;aai_write
</UL>

<P><STRONG><a name="[2f3]"></a>software_init</STRONG> (Thumb, 36 bytes, Stack size 16 bytes, sfud.o(i.software_init))
<BR><BR>[Stack]<UL><LI>Max Depth = 272<LI>Call Chain = software_init &rArr; sfud_log_debug &rArr; INFO &rArr; _txe_mutex_put &rArr; _tx_mutex_put &rArr; _tx_mutex_priority_change &rArr; _tx_thread_system_suspend &rArr; _tx_timer_system_activate
</UL>
<BR>[Calls]<UL><LI><a href="#[2a0]">&gt;&gt;</a>&nbsp;&nbsp;&nbsp;sfud_log_debug
</UL>
<BR>[Called By]<UL><LI><a href="#[2f2]">&gt;&gt;</a>&nbsp;&nbsp;&nbsp;sfud_device_init
</UL>

<P><STRONG><a name="[2a5]"></a>wait_busy</STRONG> (Thumb, 112 bytes, Stack size 32 bytes, sfud.o(i.wait_busy))
<BR><BR>[Stack]<UL><LI>Max Depth = 312<LI>Call Chain = wait_busy &rArr; sfud_read_status &rArr; sfud_log_debug &rArr; INFO &rArr; _txe_mutex_put &rArr; _tx_mutex_put &rArr; _tx_mutex_priority_change &rArr; _tx_thread_system_suspend &rArr; _tx_timer_system_activate
</UL>
<BR>[Calls]<UL><LI><a href="#[2a1]">&gt;&gt;</a>&nbsp;&nbsp;&nbsp;sfud_log_info
<LI><a href="#[2a0]">&gt;&gt;</a>&nbsp;&nbsp;&nbsp;sfud_log_debug
<LI><a href="#[2f0]">&gt;&gt;</a>&nbsp;&nbsp;&nbsp;sfud_read_status
</UL>
<BR>[Called By]<UL><LI><a href="#[2de]">&gt;&gt;</a>&nbsp;&nbsp;&nbsp;sfud_read
<LI><a href="#[2ac]">&gt;&gt;</a>&nbsp;&nbsp;&nbsp;sfud_erase
<LI><a href="#[2f1]">&gt;&gt;</a>&nbsp;&nbsp;&nbsp;sfud_chip_erase
<LI><a href="#[2cd]">&gt;&gt;</a>&nbsp;&nbsp;&nbsp;reset
<LI><a href="#[2a2]">&gt;&gt;</a>&nbsp;&nbsp;&nbsp;page256_or_1_byte_write
<LI><a href="#[29f]">&gt;&gt;</a>&nbsp;&nbsp;&nbsp;aai_write
</UL>

<P><STRONG><a name="[2e2]"></a>read_basic_header</STRONG> (Thumb, 206 bytes, Stack size 40 bytes, sfud_sfdp.o(i.read_basic_header))
<BR><BR>[Stack]<UL><LI>Max Depth = 344<LI>Call Chain = read_basic_header &rArr; read_sfdp_data &rArr; sfud_log_debug &rArr; INFO &rArr; _txe_mutex_put &rArr; _tx_mutex_put &rArr; _tx_mutex_priority_change &rArr; _tx_thread_system_suspend &rArr; _tx_timer_system_activate
</UL>
<BR>[Calls]<UL><LI><a href="#[2e3]">&gt;&gt;</a>&nbsp;&nbsp;&nbsp;read_sfdp_data
<LI><a href="#[2a1]">&gt;&gt;</a>&nbsp;&nbsp;&nbsp;sfud_log_info
<LI><a href="#[2a0]">&gt;&gt;</a>&nbsp;&nbsp;&nbsp;sfud_log_debug
</UL>
<BR>[Called By]<UL><LI><a href="#[2cc]">&gt;&gt;</a>&nbsp;&nbsp;&nbsp;sfud_read_sfdp
</UL>

<P><STRONG><a name="[2e4]"></a>read_basic_table</STRONG> (Thumb, 1610 bytes, Stack size 88 bytes, sfud_sfdp.o(i.read_basic_table))
<BR><BR>[Stack]<UL><LI>Max Depth = 392<LI>Call Chain = read_basic_table &rArr; read_sfdp_data &rArr; sfud_log_debug &rArr; INFO &rArr; _txe_mutex_put &rArr; _tx_mutex_put &rArr; _tx_mutex_priority_change &rArr; _tx_thread_system_suspend &rArr; _tx_timer_system_activate
</UL>
<BR>[Calls]<UL><LI><a href="#[2e3]">&gt;&gt;</a>&nbsp;&nbsp;&nbsp;read_sfdp_data
<LI><a href="#[2a1]">&gt;&gt;</a>&nbsp;&nbsp;&nbsp;sfud_log_info
<LI><a href="#[2a0]">&gt;&gt;</a>&nbsp;&nbsp;&nbsp;sfud_log_debug
<LI><a href="#[8f]">&gt;&gt;</a>&nbsp;&nbsp;&nbsp;__aeabi_memclr4
</UL>
<BR>[Called By]<UL><LI><a href="#[2cc]">&gt;&gt;</a>&nbsp;&nbsp;&nbsp;sfud_read_sfdp
</UL>

<P><STRONG><a name="[2e3]"></a>read_sfdp_data</STRONG> (Thumb, 168 bytes, Stack size 48 bytes, sfud_sfdp.o(i.read_sfdp_data))
<BR><BR>[Stack]<UL><LI>Max Depth = 304<LI>Call Chain = read_sfdp_data &rArr; sfud_log_debug &rArr; INFO &rArr; _txe_mutex_put &rArr; _tx_mutex_put &rArr; _tx_mutex_priority_change &rArr; _tx_thread_system_suspend &rArr; _tx_timer_system_activate
</UL>
<BR>[Calls]<UL><LI><a href="#[2a0]">&gt;&gt;</a>&nbsp;&nbsp;&nbsp;sfud_log_debug
</UL>
<BR>[Called By]<UL><LI><a href="#[2e6]">&gt;&gt;</a>&nbsp;&nbsp;&nbsp;read_sfdp_header
<LI><a href="#[2e4]">&gt;&gt;</a>&nbsp;&nbsp;&nbsp;read_basic_table
<LI><a href="#[2e2]">&gt;&gt;</a>&nbsp;&nbsp;&nbsp;read_basic_header
</UL>

<P><STRONG><a name="[2e6]"></a>read_sfdp_header</STRONG> (Thumb, 176 bytes, Stack size 32 bytes, sfud_sfdp.o(i.read_sfdp_header))
<BR><BR>[Stack]<UL><LI>Max Depth = 336<LI>Call Chain = read_sfdp_header &rArr; read_sfdp_data &rArr; sfud_log_debug &rArr; INFO &rArr; _txe_mutex_put &rArr; _tx_mutex_put &rArr; _tx_mutex_priority_change &rArr; _tx_thread_system_suspend &rArr; _tx_timer_system_activate
</UL>
<BR>[Calls]<UL><LI><a href="#[2e3]">&gt;&gt;</a>&nbsp;&nbsp;&nbsp;read_sfdp_data
<LI><a href="#[2a1]">&gt;&gt;</a>&nbsp;&nbsp;&nbsp;sfud_log_info
<LI><a href="#[2a0]">&gt;&gt;</a>&nbsp;&nbsp;&nbsp;sfud_log_debug
</UL>
<BR>[Called By]<UL><LI><a href="#[2cc]">&gt;&gt;</a>&nbsp;&nbsp;&nbsp;sfud_read_sfdp
</UL>

<P><STRONG><a name="[44]"></a>retry_delay_100us</STRONG> (Thumb, 10 bytes, Stack size 8 bytes, sfud_port.o(i.retry_delay_100us))
<BR><BR>[Stack]<UL><LI>Max Depth = 16<LI>Call Chain = retry_delay_100us &rArr; TicksDelayUs
</UL>
<BR>[Calls]<UL><LI><a href="#[17a]">&gt;&gt;</a>&nbsp;&nbsp;&nbsp;TicksDelayUs
</UL>
<BR>[Address Reference Count : 1]<UL><LI> sfud_port.o(i.sfud_spi_port_init)
</UL>
<P><STRONG><a name="[2f6]"></a>spi_configuration</STRONG> (Thumb, 2 bytes, Stack size 0 bytes, sfud_port.o(i.spi_configuration))
<BR><BR>[Called By]<UL><LI><a href="#[2ca]">&gt;&gt;</a>&nbsp;&nbsp;&nbsp;sfud_spi_port_init
</UL>

<P><STRONG><a name="[42]"></a>spi_lock</STRONG> (Thumb, 4 bytes, Stack size 0 bytes, sfud_port.o(i.spi_lock))
<BR>[Address Reference Count : 1]<UL><LI> sfud_port.o(i.sfud_spi_port_init)
</UL>
<P><STRONG><a name="[43]"></a>spi_unlock</STRONG> (Thumb, 4 bytes, Stack size 0 bytes, sfud_port.o(i.spi_unlock))
<BR>[Address Reference Count : 1]<UL><LI> sfud_port.o(i.sfud_spi_port_init)
</UL>
<P><STRONG><a name="[41]"></a>spi_write_read</STRONG> (Thumb, 106 bytes, Stack size 48 bytes, sfud_port.o(i.spi_write_read))
<BR><BR>[Stack]<UL><LI>Max Depth = 312<LI>Call Chain = spi_write_read &rArr; Spi2WriteReadNByte &rArr; INFO &rArr; _txe_mutex_put &rArr; _tx_mutex_put &rArr; _tx_mutex_priority_change &rArr; _tx_thread_system_suspend &rArr; _tx_timer_system_activate
</UL>
<BR>[Calls]<UL><LI><a href="#[222]">&gt;&gt;</a>&nbsp;&nbsp;&nbsp;Spi2WriteReadNByte
<LI><a href="#[2a0]">&gt;&gt;</a>&nbsp;&nbsp;&nbsp;sfud_log_debug
<LI><a href="#[65]">&gt;&gt;</a>&nbsp;&nbsp;&nbsp;__aeabi_memset
</UL>
<BR>[Address Reference Count : 1]<UL><LI> sfud_port.o(i.sfud_spi_port_init)
</UL>
<P><STRONG><a name="[28e]"></a>_tx_thread_system_return_inline</STRONG> (Thumb, 34 bytes, Stack size 0 bytes, tx_thread_system_preempt_check.o(i._tx_thread_system_return_inline))
<BR><BR>[Called By]<UL><LI><a href="#[27d]">&gt;&gt;</a>&nbsp;&nbsp;&nbsp;_tx_thread_system_preempt_check
</UL>

<P><STRONG><a name="[290]"></a>_tx_thread_system_return_inline</STRONG> (Thumb, 34 bytes, Stack size 0 bytes, tx_thread_system_resume.o(i._tx_thread_system_return_inline))
<BR><BR>[Called By]<UL><LI><a href="#[278]">&gt;&gt;</a>&nbsp;&nbsp;&nbsp;_tx_thread_system_resume
</UL>

<P><STRONG><a name="[292]"></a>_tx_thread_system_return_inline</STRONG> (Thumb, 34 bytes, Stack size 0 bytes, tx_thread_system_suspend.o(i._tx_thread_system_return_inline))
<BR><BR>[Called By]<UL><LI><a href="#[27b]">&gt;&gt;</a>&nbsp;&nbsp;&nbsp;_tx_thread_system_suspend
</UL>

<P><STRONG><a name="[274]"></a>_fp_digits</STRONG> (Thumb, 344 bytes, Stack size 64 bytes, printfa.o(i._fp_digits), UNUSED)
<BR><BR>[Calls]<UL><LI><a href="#[77]">&gt;&gt;</a>&nbsp;&nbsp;&nbsp;__aeabi_dmul
<LI><a href="#[78]">&gt;&gt;</a>&nbsp;&nbsp;&nbsp;__aeabi_ddiv
<LI><a href="#[70]">&gt;&gt;</a>&nbsp;&nbsp;&nbsp;__aeabi_dadd
<LI><a href="#[275]">&gt;&gt;</a>&nbsp;&nbsp;&nbsp;__aeabi_cdrcmple
<LI><a href="#[83]">&gt;&gt;</a>&nbsp;&nbsp;&nbsp;__aeabi_d2ulz
<LI><a href="#[7f]">&gt;&gt;</a>&nbsp;&nbsp;&nbsp;__aeabi_uldivmod
</UL>
<BR>[Called By]<UL><LI><a href="#[262]">&gt;&gt;</a>&nbsp;&nbsp;&nbsp;_printf_core
</UL>

<P><STRONG><a name="[262]"></a>_printf_core</STRONG> (Thumb, 1760 bytes, Stack size 128 bytes, printfa.o(i._printf_core), UNUSED)
<BR><BR>[Calls]<UL><LI><a href="#[276]">&gt;&gt;</a>&nbsp;&nbsp;&nbsp;_printf_pre_padding
<LI><a href="#[277]">&gt;&gt;</a>&nbsp;&nbsp;&nbsp;_printf_post_padding
<LI><a href="#[274]">&gt;&gt;</a>&nbsp;&nbsp;&nbsp;_fp_digits
<LI><a href="#[5f]">&gt;&gt;</a>&nbsp;&nbsp;&nbsp;__aeabi_uidivmod
<LI><a href="#[7f]">&gt;&gt;</a>&nbsp;&nbsp;&nbsp;__aeabi_uldivmod
</UL>
<BR>[Called By]<UL><LI><a href="#[266]">&gt;&gt;</a>&nbsp;&nbsp;&nbsp;__0vsprintf
<LI><a href="#[265]">&gt;&gt;</a>&nbsp;&nbsp;&nbsp;__0vsnprintf
<LI><a href="#[264]">&gt;&gt;</a>&nbsp;&nbsp;&nbsp;__0sprintf
<LI><a href="#[263]">&gt;&gt;</a>&nbsp;&nbsp;&nbsp;__0snprintf
<LI><a href="#[261]">&gt;&gt;</a>&nbsp;&nbsp;&nbsp;__0printf
</UL>

<P><STRONG><a name="[277]"></a>_printf_post_padding</STRONG> (Thumb, 32 bytes, Stack size 24 bytes, printfa.o(i._printf_post_padding), UNUSED)
<BR><BR>[Called By]<UL><LI><a href="#[262]">&gt;&gt;</a>&nbsp;&nbsp;&nbsp;_printf_core
</UL>

<P><STRONG><a name="[276]"></a>_printf_pre_padding</STRONG> (Thumb, 44 bytes, Stack size 40 bytes, printfa.o(i._printf_pre_padding), UNUSED)
<BR><BR>[Called By]<UL><LI><a href="#[262]">&gt;&gt;</a>&nbsp;&nbsp;&nbsp;_printf_core
</UL>

<P><STRONG><a name="[36]"></a>_snputc</STRONG> (Thumb, 22 bytes, Stack size 0 bytes, printfa.o(i._snputc))
<BR>[Address Reference Count : 2]<UL><LI> printfa.o(i.__0vsnprintf)
<LI> printfa.o(i.__0snprintf)
</UL>
<P><STRONG><a name="[37]"></a>_sputc</STRONG> (Thumb, 10 bytes, Stack size 0 bytes, printfa.o(i._sputc))
<BR><BR>[Called By]<UL><LI><a href="#[266]">&gt;&gt;</a>&nbsp;&nbsp;&nbsp;__0vsprintf
<LI><a href="#[264]">&gt;&gt;</a>&nbsp;&nbsp;&nbsp;__0sprintf
</UL>
<BR>[Address Reference Count : 2]<UL><LI> printfa.o(i.__0sprintf)
<LI> printfa.o(i.__0vsprintf)
</UL><P>
<H3>
Undefined Global Symbols
</H3>
<P><STRONG><a name="[54]"></a>__arm_fini_</STRONG> (Unknown, 0 bytes, Stack size 0 bytes, UNDEFINED)
<BR><BR>[Called By]<UL><LI><a href="#[53]">&gt;&gt;</a>&nbsp;&nbsp;&nbsp;__rt_lib_shutdown_fini
</UL>
<HR></body></html>
