<!doctype html public "-//w3c//dtd html 4.0 transitional//en">
<html><head>
<title>Static Call Graph - [.\Objects\LoRaWAN_Animals_Track.axf]</title></head>
<body><HR>
<H1>Static Call Graph for image .\Objects\LoRaWAN_Animals_Track.axf</H1><HR>
<BR><P>#&#060CALLGRAPH&#062# ARM Linker, 5060960: Last Updated: Tue Jul 07 21:59:24 2026
<BR><P>
<H3>Maximum Stack Usage =        872 bytes + Unknown(Cycles, Untraceable Function Pointers)</H3><H3>
Call chain for Maximum Stack Depth:</H3>
main &rArr; fromUartDataHandle &rArr; fromInfoDataHandle &rArr; fromBleDataHandle &rArr; cJSON_PrintUnformatted &rArr; print &rArr; print_value &rArr; print_number &rArr; sscanf &rArr; __vfscanf_char &rArr; __vfscanf &rArr; _scanf_longlong &rArr; __aeabi_lmul &rArr; __aeabi_llsl
<P>
<H3>
Mutually Recursive functions
</H3> <LI><a href="#[12]">ADC1_COMP_IRQHandler</a>&nbsp;&nbsp;&nbsp;&rArr;&nbsp;&nbsp;&nbsp;<a href="#[12]">ADC1_COMP_IRQHandler</a><BR>
 <LI><a href="#[1af]">print_object</a>&nbsp;&nbsp;&nbsp;&rArr;&nbsp;&nbsp;&nbsp;<a href="#[1a9]">print_value</a><BR>
 <LI><a href="#[1ab]">print_array</a>&nbsp;&nbsp;&nbsp;&rArr;&nbsp;&nbsp;&nbsp;<a href="#[1a9]">print_value</a><BR>
 <LI><a href="#[173]">cJSON_Delete</a>&nbsp;&nbsp;&nbsp;&rArr;&nbsp;&nbsp;&nbsp;<a href="#[173]">cJSON_Delete</a><BR>
</UL>
<P>
<H3>
Function Pointers
</H3><UL>
 <LI><a href="#[12]">ADC1_COMP_IRQHandler</a> from startup_stm32l051xx.o(.text) referenced from startup_stm32l051xx.o(RESET)
 <LI><a href="#[28]">BUTTON1_DOUBLE_CLICK_Handler</a> from gpio.o(i.BUTTON1_DOUBLE_CLICK_Handler) referenced from gpio.o(i.App_PortCfg)
 <LI><a href="#[29]">BUTTON1_LONG_RRESS_START_Handler</a> from gpio.o(i.BUTTON1_LONG_RRESS_START_Handler) referenced from gpio.o(i.App_PortCfg)
 <LI><a href="#[27]">BUTTON1_SINGLE_CLICK_Handler</a> from gpio.o(i.BUTTON1_SINGLE_CLICK_Handler) referenced from gpio.o(i.App_PortCfg)
 <LI><a href="#[f]">DMA1_Channel1_IRQHandler</a> from startup_stm32l051xx.o(.text) referenced from startup_stm32l051xx.o(RESET)
 <LI><a href="#[10]">DMA1_Channel2_3_IRQHandler</a> from startup_stm32l051xx.o(.text) referenced from startup_stm32l051xx.o(RESET)
 <LI><a href="#[11]">DMA1_Channel4_5_6_7_IRQHandler</a> from startup_stm32l051xx.o(.text) referenced from startup_stm32l051xx.o(RESET)
 <LI><a href="#[c]">EXTI0_1_IRQHandler</a> from gpio.o(i.EXTI0_1_IRQHandler) referenced from startup_stm32l051xx.o(RESET)
 <LI><a href="#[d]">EXTI2_3_IRQHandler</a> from startup_stm32l051xx.o(.text) referenced from startup_stm32l051xx.o(RESET)
 <LI><a href="#[e]">EXTI4_15_IRQHandler</a> from gpio.o(i.EXTI4_15_IRQHandler) referenced from startup_stm32l051xx.o(RESET)
 <LI><a href="#[a]">FLASH_IRQHandler</a> from startup_stm32l051xx.o(.text) referenced from startup_stm32l051xx.o(RESET)
 <LI><a href="#[3]">HardFault_Handler</a> from control_center.o(i.HardFault_Handler) referenced from startup_stm32l051xx.o(RESET)
 <LI><a href="#[18]">I2C1_IRQHandler</a> from startup_stm32l051xx.o(.text) referenced from startup_stm32l051xx.o(RESET)
 <LI><a href="#[19]">I2C2_IRQHandler</a> from startup_stm32l051xx.o(.text) referenced from startup_stm32l051xx.o(RESET)
 <LI><a href="#[13]">LPTIM1_IRQHandler</a> from startup_stm32l051xx.o(.text) referenced from startup_stm32l051xx.o(RESET)
 <LI><a href="#[1e]">LPUART1_IRQHandler</a> from uart.o(i.LPUART1_IRQHandler) referenced from startup_stm32l051xx.o(RESET)
 <LI><a href="#[2]">NMI_Handler</a> from stm32l0xx_it.o(i.NMI_Handler) referenced from startup_stm32l051xx.o(RESET)
 <LI><a href="#[8]">PVD_IRQHandler</a> from startup_stm32l051xx.o(.text) referenced from startup_stm32l051xx.o(RESET)
 <LI><a href="#[5]">PendSV_Handler</a> from stm32l0xx_it.o(i.PendSV_Handler) referenced from startup_stm32l051xx.o(RESET)
 <LI><a href="#[b]">RCC_IRQHandler</a> from startup_stm32l051xx.o(.text) referenced from startup_stm32l051xx.o(RESET)
 <LI><a href="#[9]">RTC_IRQHandler</a> from tim.o(i.RTC_IRQHandler) referenced from startup_stm32l051xx.o(RESET)
 <LI><a href="#[30]">Reset_Handler</a> from startup_stm32l051xx.o(.text) referenced from startup_stm32l051xx.o(RESET)
 <LI><a href="#[1a]">SPI1_IRQHandler</a> from startup_stm32l051xx.o(.text) referenced from startup_stm32l051xx.o(RESET)
 <LI><a href="#[1b]">SPI2_IRQHandler</a> from startup_stm32l051xx.o(.text) referenced from startup_stm32l051xx.o(RESET)
 <LI><a href="#[4]">SVC_Handler</a> from stm32l0xx_it.o(i.SVC_Handler) referenced from startup_stm32l051xx.o(RESET)
 <LI><a href="#[6]">SysTick_Handler</a> from systick.o(i.SysTick_Handler) referenced from startup_stm32l051xx.o(RESET)
 <LI><a href="#[20]">SystemInit</a> from system_stm32l0xx.o(i.SystemInit) referenced from startup_stm32l051xx.o(.text)
 <LI><a href="#[16]">TIM21_IRQHandler</a> from uart.o(i.TIM21_IRQHandler) referenced from startup_stm32l051xx.o(RESET)
 <LI><a href="#[17]">TIM22_IRQHandler</a> from startup_stm32l051xx.o(.text) referenced from startup_stm32l051xx.o(RESET)
 <LI><a href="#[14]">TIM2_IRQHandler</a> from startup_stm32l051xx.o(.text) referenced from startup_stm32l051xx.o(RESET)
 <LI><a href="#[15]">TIM6_IRQHandler</a> from tim.o(i.TIM6_IRQHandler) referenced from startup_stm32l051xx.o(RESET)
 <LI><a href="#[1c]">USART1_IRQHandler</a> from uart.o(i.USART1_IRQHandler) referenced from startup_stm32l051xx.o(RESET)
 <LI><a href="#[1d]">USART2_IRQHandler</a> from uart.o(i.USART2_IRQHandler) referenced from startup_stm32l051xx.o(RESET)
 <LI><a href="#[7]">WWDG_IRQHandler</a> from startup_stm32l051xx.o(.text) referenced from startup_stm32l051xx.o(RESET)
 <LI><a href="#[21]">__main</a> from entry.o(.ARM.Collect$$$$00000000) referenced from startup_stm32l051xx.o(.text)
 <LI><a href="#[23]">_sbackspace</a> from _sgetc.o(.text) referenced 2 times from sscanf.o(.text)
 <LI><a href="#[24]">_scanf_char_input</a> from scanf_char.o(.text) referenced from scanf_char.o(.text)
 <LI><a href="#[22]">_sgetc</a> from _sgetc.o(.text) referenced 2 times from sscanf.o(.text)
 <LI><a href="#[2a]">_snputc</a> from printfa.o(i._snputc) referenced from printfa.o(i.__0snprintf)
 <LI><a href="#[2a]">_snputc</a> from printfa.o(i._snputc) referenced from printfa.o(i.__0vsnprintf)
 <LI><a href="#[2b]">_sputc</a> from printfa.o(i._sputc) referenced from printfa.o(i.__0sprintf)
 <LI><a href="#[26]">button_read_pin_status</a> from gpio.o(i.button_read_pin_status) referenced from gpio.o(i.App_PortCfg)
 <LI><a href="#[2e]">free</a> from mallocr.o(i.__free$realloc) referenced from cjson.o(.data)
 <LI><a href="#[25]">isspace</a> from isspace_o.o(.text) referenced 2 times from scanf_char.o(.text)
 <LI><a href="#[1f]">main</a> from main.o(i.main) referenced from entry9a.o(.ARM.Collect$$$$0000000B)
 <LI><a href="#[2d]">malloc</a> from mallocr.o(i.__malloc$realloc) referenced from cjson.o(.data)
 <LI><a href="#[2c]">my_buff_evt_fn</a> from communicate.o(i.my_buff_evt_fn) referenced from communicate.o(i.lwrbDataInit)
 <LI><a href="#[2f]">realloc</a> from mallocr.o(i.realloc) referenced from cjson.o(.data)
</UL>
<P>
<H3>
Global Symbols
</H3>
<P><STRONG><a name="[21]"></a>__main</STRONG> (Thumb, 0 bytes, Stack size unknown bytes, entry.o(.ARM.Collect$$$$00000000))
<BR>[Address Reference Count : 1]<UL><LI> startup_stm32l051xx.o(.text)
</UL>
<P><STRONG><a name="[1ba]"></a>_main_stk</STRONG> (Thumb, 0 bytes, Stack size unknown bytes, entry2.o(.ARM.Collect$$$$00000001))

<P><STRONG><a name="[31]"></a>_main_scatterload</STRONG> (Thumb, 0 bytes, Stack size unknown bytes, entry5.o(.ARM.Collect$$$$00000004))
<BR><BR>[Calls]<UL><LI><a href="#[32]">&gt;&gt;</a>&nbsp;&nbsp;&nbsp;__scatterload
</UL>

<P><STRONG><a name="[64]"></a>__main_after_scatterload</STRONG> (Thumb, 0 bytes, Stack size unknown bytes, entry5.o(.ARM.Collect$$$$00000004))
<BR><BR>[Called By]<UL><LI><a href="#[32]">&gt;&gt;</a>&nbsp;&nbsp;&nbsp;__scatterload
</UL>

<P><STRONG><a name="[1bb]"></a>_main_clock</STRONG> (Thumb, 0 bytes, Stack size unknown bytes, entry7b.o(.ARM.Collect$$$$00000008))

<P><STRONG><a name="[1bc]"></a>_main_cpp_init</STRONG> (Thumb, 0 bytes, Stack size unknown bytes, entry8b.o(.ARM.Collect$$$$0000000A))

<P><STRONG><a name="[1bd]"></a>_main_init</STRONG> (Thumb, 0 bytes, Stack size unknown bytes, entry9a.o(.ARM.Collect$$$$0000000B))

<P><STRONG><a name="[33]"></a>__rt_lib_shutdown_fini</STRONG> (Thumb, 0 bytes, Stack size unknown bytes, entry12b.o(.ARM.Collect$$$$0000000E))
<BR><BR>[Calls]<UL><LI><a href="#[34]">&gt;&gt;</a>&nbsp;&nbsp;&nbsp;__arm_fini_ (Weak Reference)
</UL>

<P><STRONG><a name="[1be]"></a>__rt_final_cpp</STRONG> (Thumb, 0 bytes, Stack size unknown bytes, entry10a.o(.ARM.Collect$$$$0000000F))

<P><STRONG><a name="[1bf]"></a>__rt_final_exit</STRONG> (Thumb, 0 bytes, Stack size unknown bytes, entry11a.o(.ARM.Collect$$$$00000011))

<P><STRONG><a name="[30]"></a>Reset_Handler</STRONG> (Thumb, 8 bytes, Stack size 0 bytes, startup_stm32l051xx.o(.text))

<P><STRONG><a name="[12]"></a>ADC1_COMP_IRQHandler</STRONG> (Thumb, 0 bytes, Stack size 0 bytes, startup_stm32l051xx.o(.text))
<BR><BR>[Calls]<UL><LI><a href="#[12]">&gt;&gt;</a>&nbsp;&nbsp;&nbsp;ADC1_COMP_IRQHandler
</UL>
<BR>[Called By]<UL><LI><a href="#[12]">&gt;&gt;</a>&nbsp;&nbsp;&nbsp;ADC1_COMP_IRQHandler
</UL>
<BR>[Address Reference Count : 1]<UL><LI> startup_stm32l051xx.o(RESET)
</UL>
<P><STRONG><a name="[f]"></a>DMA1_Channel1_IRQHandler</STRONG> (Thumb, 0 bytes, Stack size 0 bytes, startup_stm32l051xx.o(.text))
<BR>[Address Reference Count : 1]<UL><LI> startup_stm32l051xx.o(RESET)
</UL>
<P><STRONG><a name="[10]"></a>DMA1_Channel2_3_IRQHandler</STRONG> (Thumb, 0 bytes, Stack size 0 bytes, startup_stm32l051xx.o(.text))
<BR>[Address Reference Count : 1]<UL><LI> startup_stm32l051xx.o(RESET)
</UL>
<P><STRONG><a name="[11]"></a>DMA1_Channel4_5_6_7_IRQHandler</STRONG> (Thumb, 0 bytes, Stack size 0 bytes, startup_stm32l051xx.o(.text))
<BR>[Address Reference Count : 1]<UL><LI> startup_stm32l051xx.o(RESET)
</UL>
<P><STRONG><a name="[d]"></a>EXTI2_3_IRQHandler</STRONG> (Thumb, 0 bytes, Stack size 0 bytes, startup_stm32l051xx.o(.text))
<BR>[Address Reference Count : 1]<UL><LI> startup_stm32l051xx.o(RESET)
</UL>
<P><STRONG><a name="[a]"></a>FLASH_IRQHandler</STRONG> (Thumb, 0 bytes, Stack size 0 bytes, startup_stm32l051xx.o(.text))
<BR>[Address Reference Count : 1]<UL><LI> startup_stm32l051xx.o(RESET)
</UL>
<P><STRONG><a name="[18]"></a>I2C1_IRQHandler</STRONG> (Thumb, 0 bytes, Stack size 0 bytes, startup_stm32l051xx.o(.text))
<BR>[Address Reference Count : 1]<UL><LI> startup_stm32l051xx.o(RESET)
</UL>
<P><STRONG><a name="[19]"></a>I2C2_IRQHandler</STRONG> (Thumb, 0 bytes, Stack size 0 bytes, startup_stm32l051xx.o(.text))
<BR>[Address Reference Count : 1]<UL><LI> startup_stm32l051xx.o(RESET)
</UL>
<P><STRONG><a name="[13]"></a>LPTIM1_IRQHandler</STRONG> (Thumb, 0 bytes, Stack size 0 bytes, startup_stm32l051xx.o(.text))
<BR>[Address Reference Count : 1]<UL><LI> startup_stm32l051xx.o(RESET)
</UL>
<P><STRONG><a name="[8]"></a>PVD_IRQHandler</STRONG> (Thumb, 0 bytes, Stack size 0 bytes, startup_stm32l051xx.o(.text))
<BR>[Address Reference Count : 1]<UL><LI> startup_stm32l051xx.o(RESET)
</UL>
<P><STRONG><a name="[b]"></a>RCC_IRQHandler</STRONG> (Thumb, 0 bytes, Stack size 0 bytes, startup_stm32l051xx.o(.text))
<BR>[Address Reference Count : 1]<UL><LI> startup_stm32l051xx.o(RESET)
</UL>
<P><STRONG><a name="[1a]"></a>SPI1_IRQHandler</STRONG> (Thumb, 0 bytes, Stack size 0 bytes, startup_stm32l051xx.o(.text))
<BR>[Address Reference Count : 1]<UL><LI> startup_stm32l051xx.o(RESET)
</UL>
<P><STRONG><a name="[1b]"></a>SPI2_IRQHandler</STRONG> (Thumb, 0 bytes, Stack size 0 bytes, startup_stm32l051xx.o(.text))
<BR>[Address Reference Count : 1]<UL><LI> startup_stm32l051xx.o(RESET)
</UL>
<P><STRONG><a name="[17]"></a>TIM22_IRQHandler</STRONG> (Thumb, 0 bytes, Stack size 0 bytes, startup_stm32l051xx.o(.text))
<BR>[Address Reference Count : 1]<UL><LI> startup_stm32l051xx.o(RESET)
</UL>
<P><STRONG><a name="[14]"></a>TIM2_IRQHandler</STRONG> (Thumb, 0 bytes, Stack size 0 bytes, startup_stm32l051xx.o(.text))
<BR>[Address Reference Count : 1]<UL><LI> startup_stm32l051xx.o(RESET)
</UL>
<P><STRONG><a name="[7]"></a>WWDG_IRQHandler</STRONG> (Thumb, 0 bytes, Stack size 0 bytes, startup_stm32l051xx.o(.text))
<BR>[Address Reference Count : 1]<UL><LI> startup_stm32l051xx.o(RESET)
</UL>
<P><STRONG><a name="[1c0]"></a>__aeabi_uidiv</STRONG> (Thumb, 0 bytes, Stack size 12 bytes, uidiv.o(.text), UNUSED)

<P><STRONG><a name="[36]"></a>__aeabi_uidivmod</STRONG> (Thumb, 44 bytes, Stack size 12 bytes, uidiv.o(.text))
<BR><BR>[Stack]<UL><LI>Max Depth = 12<LI>Call Chain = __aeabi_uidivmod
</UL>
<BR>[Called By]<UL><LI><a href="#[151]">&gt;&gt;</a>&nbsp;&nbsp;&nbsp;RTC_Init
<LI><a href="#[ca]">&gt;&gt;</a>&nbsp;&nbsp;&nbsp;BEEP_RUN
<LI><a href="#[117]">&gt;&gt;</a>&nbsp;&nbsp;&nbsp;LL_Init1msTick
<LI><a href="#[bb]">&gt;&gt;</a>&nbsp;&nbsp;&nbsp;LL_USART_Init
<LI><a href="#[132]">&gt;&gt;</a>&nbsp;&nbsp;&nbsp;LL_RTC_TIME_Init
<LI><a href="#[129]">&gt;&gt;</a>&nbsp;&nbsp;&nbsp;LL_RTC_DATE_Init
<LI><a href="#[123]">&gt;&gt;</a>&nbsp;&nbsp;&nbsp;LL_RTC_ALMA_Init
<LI><a href="#[14c]">&gt;&gt;</a>&nbsp;&nbsp;&nbsp;RTC_AlarmInit
<LI><a href="#[14b]">&gt;&gt;</a>&nbsp;&nbsp;&nbsp;RCC_PLL_GetFreqDomain_SYS
<LI><a href="#[160]">&gt;&gt;</a>&nbsp;&nbsp;&nbsp;_printf_core
<LI><a href="#[3d]">&gt;&gt;</a>&nbsp;&nbsp;&nbsp;localtime_r
<LI><a href="#[35]">&gt;&gt;</a>&nbsp;&nbsp;&nbsp;__aeabi_idivmod
</UL>

<P><STRONG><a name="[1c1]"></a>__aeabi_idiv</STRONG> (Thumb, 0 bytes, Stack size 16 bytes, idiv.o(.text), UNUSED)

<P><STRONG><a name="[35]"></a>__aeabi_idivmod</STRONG> (Thumb, 40 bytes, Stack size 16 bytes, idiv.o(.text))
<BR><BR>[Stack]<UL><LI>Max Depth = 28<LI>Call Chain = __aeabi_idivmod &rArr; __aeabi_uidivmod
</UL>
<BR>[Calls]<UL><LI><a href="#[36]">&gt;&gt;</a>&nbsp;&nbsp;&nbsp;__aeabi_uidivmod
</UL>
<BR>[Called By]<UL><LI><a href="#[18c]">&gt;&gt;</a>&nbsp;&nbsp;&nbsp;whatday
<LI><a href="#[94]">&gt;&gt;</a>&nbsp;&nbsp;&nbsp;filter_calculate
<LI><a href="#[156]">&gt;&gt;</a>&nbsp;&nbsp;&nbsp;SystemTimer
<LI><a href="#[3e]">&gt;&gt;</a>&nbsp;&nbsp;&nbsp;mktime
</UL>

<P><STRONG><a name="[37]"></a>__aeabi_uldivmod</STRONG> (Thumb, 96 bytes, Stack size 48 bytes, uldiv.o(.text))
<BR><BR>[Stack]<UL><LI>Max Depth = 56<LI>Call Chain = __aeabi_uldivmod &rArr; __aeabi_llsr
</UL>
<BR>[Calls]<UL><LI><a href="#[38]">&gt;&gt;</a>&nbsp;&nbsp;&nbsp;__aeabi_llsr
<LI><a href="#[39]">&gt;&gt;</a>&nbsp;&nbsp;&nbsp;__aeabi_llsl
</UL>
<BR>[Called By]<UL><LI><a href="#[a6]">&gt;&gt;</a>&nbsp;&nbsp;&nbsp;LL_LPUART_Init
<LI><a href="#[160]">&gt;&gt;</a>&nbsp;&nbsp;&nbsp;_printf_core
<LI><a href="#[164]">&gt;&gt;</a>&nbsp;&nbsp;&nbsp;_fp_digits
</UL>

<P><STRONG><a name="[3a]"></a>__rt_ctype_table</STRONG> (Thumb, 4 bytes, Stack size 0 bytes, ctype_o.o(.text))
<BR><BR>[Called By]<UL><LI><a href="#[25]">&gt;&gt;</a>&nbsp;&nbsp;&nbsp;isspace
<LI><a href="#[46]">&gt;&gt;</a>&nbsp;&nbsp;&nbsp;strtol
</UL>

<P><STRONG><a name="[25]"></a>isspace</STRONG> (Thumb, 18 bytes, Stack size 8 bytes, isspace_o.o(.text))
<BR><BR>[Stack]<UL><LI>Max Depth = 8<LI>Call Chain = isspace
</UL>
<BR>[Calls]<UL><LI><a href="#[3a]">&gt;&gt;</a>&nbsp;&nbsp;&nbsp;__rt_ctype_table
</UL>
<BR>[Address Reference Count : 2]<UL><LI> scanf_char.o(.text)
<LI> strtod.o(.text)
</UL>
<P><STRONG><a name="[3b]"></a>localtime</STRONG> (Thumb, 10 bytes, Stack size 8 bytes, localtime_w.o(.text))
<BR><BR>[Stack]<UL><LI>Max Depth = 24<LI>Call Chain = localtime &rArr; _localtime
</UL>
<BR>[Calls]<UL><LI><a href="#[3c]">&gt;&gt;</a>&nbsp;&nbsp;&nbsp;_localtime
</UL>
<BR>[Called By]<UL><LI><a href="#[18a]">&gt;&gt;</a>&nbsp;&nbsp;&nbsp;fromInfoDataHandle
</UL>

<P><STRONG><a name="[3c]"></a>_localtime</STRONG> (Thumb, 0 bytes, Stack size 16 bytes, localtime_r.o(.text))
<BR><BR>[Stack]<UL><LI>Max Depth = 16<LI>Call Chain = _localtime
</UL>
<BR>[Called By]<UL><LI><a href="#[3e]">&gt;&gt;</a>&nbsp;&nbsp;&nbsp;mktime
<LI><a href="#[3b]">&gt;&gt;</a>&nbsp;&nbsp;&nbsp;localtime
</UL>

<P><STRONG><a name="[3d]"></a>localtime_r</STRONG> (Thumb, 104 bytes, Stack size 16 bytes, localtime_r.o(.text))
<BR><BR>[Stack]<UL><LI>Max Depth = 28<LI>Call Chain = localtime_r &rArr; __aeabi_uidivmod
</UL>
<BR>[Calls]<UL><LI><a href="#[36]">&gt;&gt;</a>&nbsp;&nbsp;&nbsp;__aeabi_uidivmod
</UL>
<BR>[Called By]<UL><LI><a href="#[19d]">&gt;&gt;</a>&nbsp;&nbsp;&nbsp;lpmSleepTimeInit
</UL>

<P><STRONG><a name="[3e]"></a>mktime</STRONG> (Thumb, 124 bytes, Stack size 16 bytes, mktime.o(.text))
<BR><BR>[Stack]<UL><LI>Max Depth = 44<LI>Call Chain = mktime &rArr; __aeabi_idivmod &rArr; __aeabi_uidivmod
</UL>
<BR>[Calls]<UL><LI><a href="#[3c]">&gt;&gt;</a>&nbsp;&nbsp;&nbsp;_localtime
<LI><a href="#[35]">&gt;&gt;</a>&nbsp;&nbsp;&nbsp;__aeabi_idivmod
</UL>
<BR>[Called By]<UL><LI><a href="#[18d]">&gt;&gt;</a>&nbsp;&nbsp;&nbsp;getTimestamp
</UL>

<P><STRONG><a name="[1c2]"></a>___aeabi_memcpy8$ret</STRONG> (Thumb, 0 bytes, Stack size 8 bytes, memcpy.o(.text), UNUSED)

<P><STRONG><a name="[143]"></a>__aeabi_memcpy</STRONG> (Thumb, 40 bytes, Stack size 8 bytes, memcpy.o(.text))
<BR><BR>[Stack]<UL><LI>Max Depth = 8<LI>Call Chain = __aeabi_memcpy
</UL>
<BR>[Called By]<UL><LI><a href="#[d6]">&gt;&gt;</a>&nbsp;&nbsp;&nbsp;lwrb_write
<LI><a href="#[d8]">&gt;&gt;</a>&nbsp;&nbsp;&nbsp;lwrb_read
<LI><a href="#[188]">&gt;&gt;</a>&nbsp;&nbsp;&nbsp;fromGpsDataHandle
<LI><a href="#[d4]">&gt;&gt;</a>&nbsp;&nbsp;&nbsp;setDataPackage
<LI><a href="#[d9]">&gt;&gt;</a>&nbsp;&nbsp;&nbsp;sendLoRaWANData
<LI><a href="#[18f]">&gt;&gt;</a>&nbsp;&nbsp;&nbsp;fromLoRaWANDataHandle
<LI><a href="#[13f]">&gt;&gt;</a>&nbsp;&nbsp;&nbsp;LoRaWAN_Init
<LI><a href="#[163]">&gt;&gt;</a>&nbsp;&nbsp;&nbsp;internal_alloc
</UL>

<P><STRONG><a name="[88]"></a>__aeabi_memcpy4</STRONG> (Thumb, 0 bytes, Stack size 8 bytes, memcpy.o(.text))
<BR><BR>[Stack]<UL><LI>Max Depth = 8<LI>Call Chain = __aeabi_memcpy4
</UL>
<BR>[Called By]<UL><LI><a href="#[89]">&gt;&gt;</a>&nbsp;&nbsp;&nbsp;AT_LoRaWAN_setAPPKEY
<LI><a href="#[87]">&gt;&gt;</a>&nbsp;&nbsp;&nbsp;AT_LoRaWAN_setAPPEUI
</UL>

<P><STRONG><a name="[17b]"></a>memcpy</STRONG> (Thumb, 0 bytes, Stack size 8 bytes, memcpy.o(.text))
<BR><BR>[Stack]<UL><LI>Max Depth = 8<LI>Call Chain = memcpy
</UL>
<BR>[Called By]<UL><LI><a href="#[1a9]">&gt;&gt;</a>&nbsp;&nbsp;&nbsp;print_value
<LI><a href="#[1b0]">&gt;&gt;</a>&nbsp;&nbsp;&nbsp;print_string_ptr
<LI><a href="#[17a]">&gt;&gt;</a>&nbsp;&nbsp;&nbsp;print
<LI><a href="#[185]">&gt;&gt;</a>&nbsp;&nbsp;&nbsp;ensure
<LI><a href="#[16b]">&gt;&gt;</a>&nbsp;&nbsp;&nbsp;cJSON_strdup
</UL>

<P><STRONG><a name="[40]"></a>__aeabi_memset</STRONG> (Thumb, 14 bytes, Stack size 0 bytes, memseta.o(.text))
<BR><BR>[Called By]<UL><LI><a href="#[41]">&gt;&gt;</a>&nbsp;&nbsp;&nbsp;memset
<LI><a href="#[3f]">&gt;&gt;</a>&nbsp;&nbsp;&nbsp;__aeabi_memclr
</UL>

<P><STRONG><a name="[1c3]"></a>__aeabi_memset4</STRONG> (Thumb, 0 bytes, Stack size 0 bytes, memseta.o(.text), UNUSED)

<P><STRONG><a name="[1c4]"></a>__aeabi_memset8</STRONG> (Thumb, 0 bytes, Stack size 0 bytes, memseta.o(.text), UNUSED)

<P><STRONG><a name="[3f]"></a>__aeabi_memclr</STRONG> (Thumb, 4 bytes, Stack size 0 bytes, memseta.o(.text))
<BR><BR>[Calls]<UL><LI><a href="#[40]">&gt;&gt;</a>&nbsp;&nbsp;&nbsp;__aeabi_memset
</UL>
<BR>[Called By]<UL><LI><a href="#[eb]">&gt;&gt;</a>&nbsp;&nbsp;&nbsp;FLASH_Reset_Param
<LI><a href="#[18f]">&gt;&gt;</a>&nbsp;&nbsp;&nbsp;fromLoRaWANDataHandle
<LI><a href="#[192]">&gt;&gt;</a>&nbsp;&nbsp;&nbsp;fromUartDataHandle
<LI><a href="#[d7]">&gt;&gt;</a>&nbsp;&nbsp;&nbsp;DeviceStateProcess
<LI><a href="#[e6]">&gt;&gt;</a>&nbsp;&nbsp;&nbsp;FLASH_Read_Gps_Locate_Interval
<LI><a href="#[69]">&gt;&gt;</a>&nbsp;&nbsp;&nbsp;AT_Exec_SendCMD
<LI><a href="#[8d]">&gt;&gt;</a>&nbsp;&nbsp;&nbsp;AT_LoRaWAN_setJOIN
<LI><a href="#[6e]">&gt;&gt;</a>&nbsp;&nbsp;&nbsp;AT_Exec_SendCMD
</UL>

<P><STRONG><a name="[74]"></a>__aeabi_memclr4</STRONG> (Thumb, 0 bytes, Stack size 0 bytes, memseta.o(.text))
<BR><BR>[Called By]<UL><LI><a href="#[19d]">&gt;&gt;</a>&nbsp;&nbsp;&nbsp;lpmSleepTimeInit
<LI><a href="#[19f]">&gt;&gt;</a>&nbsp;&nbsp;&nbsp;lwrb_init
<LI><a href="#[18d]">&gt;&gt;</a>&nbsp;&nbsp;&nbsp;getTimestamp
<LI><a href="#[188]">&gt;&gt;</a>&nbsp;&nbsp;&nbsp;fromGpsDataHandle
<LI><a href="#[f4]">&gt;&gt;</a>&nbsp;&nbsp;&nbsp;FLASH_Write_DevEUI_AppEUI_AppKEY
<LI><a href="#[ef]">&gt;&gt;</a>&nbsp;&nbsp;&nbsp;FLASH_Write_DevADDR_AppSKEY_NwkSKEY
<LI><a href="#[18f]">&gt;&gt;</a>&nbsp;&nbsp;&nbsp;fromLoRaWANDataHandle
<LI><a href="#[18a]">&gt;&gt;</a>&nbsp;&nbsp;&nbsp;fromInfoDataHandle
<LI><a href="#[186]">&gt;&gt;</a>&nbsp;&nbsp;&nbsp;fromBleDataHandle
<LI><a href="#[dc]">&gt;&gt;</a>&nbsp;&nbsp;&nbsp;Device_SyncData
<LI><a href="#[db]">&gt;&gt;</a>&nbsp;&nbsp;&nbsp;Device_PeriodicReport
<LI><a href="#[d3]">&gt;&gt;</a>&nbsp;&nbsp;&nbsp;DeciceEvent_Process
<LI><a href="#[fd]">&gt;&gt;</a>&nbsp;&nbsp;&nbsp;I2C1_Init
<LI><a href="#[d7]">&gt;&gt;</a>&nbsp;&nbsp;&nbsp;DeviceStateProcess
<LI><a href="#[c1]">&gt;&gt;</a>&nbsp;&nbsp;&nbsp;App_Uart2Cfg
<LI><a href="#[b9]">&gt;&gt;</a>&nbsp;&nbsp;&nbsp;App_Uart1Cfg
<LI><a href="#[aa]">&gt;&gt;</a>&nbsp;&nbsp;&nbsp;App_PortCfg
<LI><a href="#[a0]">&gt;&gt;</a>&nbsp;&nbsp;&nbsp;App_LpUart1Cfg
<LI><a href="#[90]">&gt;&gt;</a>&nbsp;&nbsp;&nbsp;Acc_Handler
<LI><a href="#[b6]">&gt;&gt;</a>&nbsp;&nbsp;&nbsp;button_init
<LI><a href="#[c2]">&gt;&gt;</a>&nbsp;&nbsp;&nbsp;BEEP_Init
<LI><a href="#[1ac]">&gt;&gt;</a>&nbsp;&nbsp;&nbsp;print_number
<LI><a href="#[80]">&gt;&gt;</a>&nbsp;&nbsp;&nbsp;AT_LoRaWAN_getNwkSKEY
<LI><a href="#[7d]">&gt;&gt;</a>&nbsp;&nbsp;&nbsp;AT_LoRaWAN_getDEVEUI
<LI><a href="#[7c]">&gt;&gt;</a>&nbsp;&nbsp;&nbsp;AT_LoRaWAN_getDEVADDR
<LI><a href="#[78]">&gt;&gt;</a>&nbsp;&nbsp;&nbsp;AT_LoRaWAN_getAPPSKEY
<LI><a href="#[77]">&gt;&gt;</a>&nbsp;&nbsp;&nbsp;AT_LoRaWAN_getAPPKEY
<LI><a href="#[73]">&gt;&gt;</a>&nbsp;&nbsp;&nbsp;AT_LoRaWAN_getAPPEUI
</UL>

<P><STRONG><a name="[1c5]"></a>__aeabi_memclr8</STRONG> (Thumb, 0 bytes, Stack size 0 bytes, memseta.o(.text), UNUSED)

<P><STRONG><a name="[41]"></a>memset</STRONG> (Thumb, 18 bytes, Stack size 8 bytes, memseta.o(.text))
<BR><BR>[Stack]<UL><LI>Max Depth = 8<LI>Call Chain = memset
</UL>
<BR>[Calls]<UL><LI><a href="#[40]">&gt;&gt;</a>&nbsp;&nbsp;&nbsp;__aeabi_memset
</UL>
<BR>[Called By]<UL><LI><a href="#[17a]">&gt;&gt;</a>&nbsp;&nbsp;&nbsp;print
<LI><a href="#[176]">&gt;&gt;</a>&nbsp;&nbsp;&nbsp;cJSON_New_Item
</UL>

<P><STRONG><a name="[6c]"></a>strstr</STRONG> (Thumb, 40 bytes, Stack size 12 bytes, strstr.o(.text))
<BR><BR>[Stack]<UL><LI>Max Depth = 12<LI>Call Chain = strstr
</UL>
<BR>[Called By]<UL><LI><a href="#[188]">&gt;&gt;</a>&nbsp;&nbsp;&nbsp;fromGpsDataHandle
<LI><a href="#[18a]">&gt;&gt;</a>&nbsp;&nbsp;&nbsp;fromInfoDataHandle
<LI><a href="#[186]">&gt;&gt;</a>&nbsp;&nbsp;&nbsp;fromBleDataHandle
<LI><a href="#[69]">&gt;&gt;</a>&nbsp;&nbsp;&nbsp;AT_Exec_SendCMD
<LI><a href="#[83]">&gt;&gt;</a>&nbsp;&nbsp;&nbsp;AT_LoRaWAN_getVer
<LI><a href="#[82]">&gt;&gt;</a>&nbsp;&nbsp;&nbsp;AT_LoRaWAN_getRX2
<LI><a href="#[81]">&gt;&gt;</a>&nbsp;&nbsp;&nbsp;AT_LoRaWAN_getPORT
<LI><a href="#[80]">&gt;&gt;</a>&nbsp;&nbsp;&nbsp;AT_LoRaWAN_getNwkSKEY
<LI><a href="#[7f]">&gt;&gt;</a>&nbsp;&nbsp;&nbsp;AT_LoRaWAN_getFREQ
<LI><a href="#[7e]">&gt;&gt;</a>&nbsp;&nbsp;&nbsp;AT_LoRaWAN_getDataRate
<LI><a href="#[7d]">&gt;&gt;</a>&nbsp;&nbsp;&nbsp;AT_LoRaWAN_getDEVEUI
<LI><a href="#[7c]">&gt;&gt;</a>&nbsp;&nbsp;&nbsp;AT_LoRaWAN_getDEVADDR
<LI><a href="#[7b]">&gt;&gt;</a>&nbsp;&nbsp;&nbsp;AT_LoRaWAN_getConfirm
<LI><a href="#[7a]">&gt;&gt;</a>&nbsp;&nbsp;&nbsp;AT_LoRaWAN_getClass
<LI><a href="#[79]">&gt;&gt;</a>&nbsp;&nbsp;&nbsp;AT_LoRaWAN_getBAND
<LI><a href="#[78]">&gt;&gt;</a>&nbsp;&nbsp;&nbsp;AT_LoRaWAN_getAPPSKEY
<LI><a href="#[77]">&gt;&gt;</a>&nbsp;&nbsp;&nbsp;AT_LoRaWAN_getAPPKEY
<LI><a href="#[73]">&gt;&gt;</a>&nbsp;&nbsp;&nbsp;AT_LoRaWAN_getAPPEUI
<LI><a href="#[6e]">&gt;&gt;</a>&nbsp;&nbsp;&nbsp;AT_Exec_SendCMD
</UL>

<P><STRONG><a name="[ce]"></a>strlen</STRONG> (Thumb, 14 bytes, Stack size 0 bytes, strlen.o(.text))
<BR><BR>[Called By]<UL><LI><a href="#[188]">&gt;&gt;</a>&nbsp;&nbsp;&nbsp;fromGpsDataHandle
<LI><a href="#[17f]">&gt;&gt;</a>&nbsp;&nbsp;&nbsp;cmd_string_to_hex
<LI><a href="#[75]">&gt;&gt;</a>&nbsp;&nbsp;&nbsp;cmd_split
<LI><a href="#[6b]">&gt;&gt;</a>&nbsp;&nbsp;&nbsp;Ble_SendCMD
<LI><a href="#[18a]">&gt;&gt;</a>&nbsp;&nbsp;&nbsp;fromInfoDataHandle
<LI><a href="#[186]">&gt;&gt;</a>&nbsp;&nbsp;&nbsp;fromBleDataHandle
<LI><a href="#[6d]">&gt;&gt;</a>&nbsp;&nbsp;&nbsp;INFO
<LI><a href="#[1a5]">&gt;&gt;</a>&nbsp;&nbsp;&nbsp;nmea_write
<LI><a href="#[71]">&gt;&gt;</a>&nbsp;&nbsp;&nbsp;LoRa_SendCMD
<LI><a href="#[1aa]">&gt;&gt;</a>&nbsp;&nbsp;&nbsp;update_offset
<LI><a href="#[1a9]">&gt;&gt;</a>&nbsp;&nbsp;&nbsp;print_value
<LI><a href="#[16b]">&gt;&gt;</a>&nbsp;&nbsp;&nbsp;cJSON_strdup
</UL>

<P><STRONG><a name="[17d]"></a>memcmp</STRONG> (Thumb, 26 bytes, Stack size 12 bytes, memcmp.o(.text))
<BR><BR>[Stack]<UL><LI>Max Depth = 12<LI>Call Chain = memcmp
</UL>
<BR>[Called By]<UL><LI><a href="#[17c]">&gt;&gt;</a>&nbsp;&nbsp;&nbsp;checkDataSyncHead
</UL>

<P><STRONG><a name="[1b2]"></a>strcpy</STRONG> (Thumb, 18 bytes, Stack size 0 bytes, strcpy.o(.text))
<BR><BR>[Called By]<UL><LI><a href="#[1a9]">&gt;&gt;</a>&nbsp;&nbsp;&nbsp;print_value
<LI><a href="#[1b0]">&gt;&gt;</a>&nbsp;&nbsp;&nbsp;print_string_ptr
</UL>

<P><STRONG><a name="[17e]"></a>strtok</STRONG> (Thumb, 68 bytes, Stack size 16 bytes, strtok.o(.text))
<BR><BR>[Stack]<UL><LI>Max Depth = 16<LI>Call Chain = strtok
</UL>
<BR>[Called By]<UL><LI><a href="#[75]">&gt;&gt;</a>&nbsp;&nbsp;&nbsp;cmd_split
</UL>

<P><STRONG><a name="[1a6]"></a>strlcpy</STRONG> (Thumb, 50 bytes, Stack size 8 bytes, strlcpy.o(.text))
<BR><BR>[Stack]<UL><LI>Max Depth = 8<LI>Call Chain = strlcpy
</UL>
<BR>[Called By]<UL><LI><a href="#[1a5]">&gt;&gt;</a>&nbsp;&nbsp;&nbsp;nmea_write
</UL>

<P><STRONG><a name="[1a7]"></a>strlcat</STRONG> (Thumb, 70 bytes, Stack size 8 bytes, strlcat.o(.text))
<BR><BR>[Stack]<UL><LI>Max Depth = 8<LI>Call Chain = strlcat
</UL>
<BR>[Called By]<UL><LI><a href="#[1a5]">&gt;&gt;</a>&nbsp;&nbsp;&nbsp;nmea_write
</UL>

<P><STRONG><a name="[42]"></a>sscanf</STRONG> (Thumb, 50 bytes, Stack size 72 bytes, sscanf.o(.text))
<BR><BR>[Stack]<UL><LI>Max Depth = 288<LI>Call Chain = sscanf &rArr; __vfscanf_char &rArr; __vfscanf &rArr; _scanf_longlong &rArr; __aeabi_lmul &rArr; __aeabi_llsl
</UL>
<BR>[Calls]<UL><LI><a href="#[43]">&gt;&gt;</a>&nbsp;&nbsp;&nbsp;__vfscanf_char
</UL>
<BR>[Called By]<UL><LI><a href="#[1ac]">&gt;&gt;</a>&nbsp;&nbsp;&nbsp;print_number
</UL>

<P><STRONG><a name="[44]"></a>atoi</STRONG> (Thumb, 26 bytes, Stack size 16 bytes, atoi.o(.text))
<BR><BR>[Stack]<UL><LI>Max Depth = 88<LI>Call Chain = atoi &rArr; strtol &rArr; _strtoul
</UL>
<BR>[Calls]<UL><LI><a href="#[46]">&gt;&gt;</a>&nbsp;&nbsp;&nbsp;strtol
<LI><a href="#[45]">&gt;&gt;</a>&nbsp;&nbsp;&nbsp;__aeabi_errno_addr
</UL>
<BR>[Called By]<UL><LI><a href="#[18a]">&gt;&gt;</a>&nbsp;&nbsp;&nbsp;fromInfoDataHandle
<LI><a href="#[186]">&gt;&gt;</a>&nbsp;&nbsp;&nbsp;fromBleDataHandle
</UL>

<P><STRONG><a name="[47]"></a>__aeabi_dadd</STRONG> (Thumb, 330 bytes, Stack size 48 bytes, dadd.o(.text))
<BR><BR>[Stack]<UL><LI>Max Depth = 104<LI>Call Chain = __aeabi_dadd &rArr; _double_epilogue &rArr; __aeabi_llsr
</UL>
<BR>[Calls]<UL><LI><a href="#[48]">&gt;&gt;</a>&nbsp;&nbsp;&nbsp;__aeabi_lasr
<LI><a href="#[39]">&gt;&gt;</a>&nbsp;&nbsp;&nbsp;__aeabi_llsl
<LI><a href="#[4a]">&gt;&gt;</a>&nbsp;&nbsp;&nbsp;_double_round
<LI><a href="#[49]">&gt;&gt;</a>&nbsp;&nbsp;&nbsp;_double_epilogue
</UL>
<BR>[Called By]<UL><LI><a href="#[66]">&gt;&gt;</a>&nbsp;&nbsp;&nbsp;ADC_BatterySglConvert
<LI><a href="#[156]">&gt;&gt;</a>&nbsp;&nbsp;&nbsp;SystemTimer
<LI><a href="#[182]">&gt;&gt;</a>&nbsp;&nbsp;&nbsp;do_lat_lon
<LI><a href="#[4b]">&gt;&gt;</a>&nbsp;&nbsp;&nbsp;__aeabi_dsub
<LI><a href="#[164]">&gt;&gt;</a>&nbsp;&nbsp;&nbsp;_fp_digits
<LI><a href="#[4c]">&gt;&gt;</a>&nbsp;&nbsp;&nbsp;__aeabi_drsub
</UL>

<P><STRONG><a name="[4b]"></a>__aeabi_dsub</STRONG> (Thumb, 12 bytes, Stack size 8 bytes, dadd.o(.text))
<BR><BR>[Stack]<UL><LI>Max Depth = 112<LI>Call Chain = __aeabi_dsub &rArr; __aeabi_dadd &rArr; _double_epilogue &rArr; __aeabi_llsr
</UL>
<BR>[Calls]<UL><LI><a href="#[47]">&gt;&gt;</a>&nbsp;&nbsp;&nbsp;__aeabi_dadd
</UL>
<BR>[Called By]<UL><LI><a href="#[180]">&gt;&gt;</a>&nbsp;&nbsp;&nbsp;compare_double
<LI><a href="#[183]">&gt;&gt;</a>&nbsp;&nbsp;&nbsp;modf
</UL>

<P><STRONG><a name="[4c]"></a>__aeabi_drsub</STRONG> (Thumb, 12 bytes, Stack size 8 bytes, dadd.o(.text), UNUSED)
<BR><BR>[Calls]<UL><LI><a href="#[47]">&gt;&gt;</a>&nbsp;&nbsp;&nbsp;__aeabi_dadd
</UL>

<P><STRONG><a name="[4d]"></a>__aeabi_dmul</STRONG> (Thumb, 202 bytes, Stack size 72 bytes, dmul.o(.text))
<BR><BR>[Stack]<UL><LI>Max Depth = 128<LI>Call Chain = __aeabi_dmul &rArr; _double_epilogue &rArr; __aeabi_llsr
</UL>
<BR>[Calls]<UL><LI><a href="#[49]">&gt;&gt;</a>&nbsp;&nbsp;&nbsp;_double_epilogue
</UL>
<BR>[Called By]<UL><LI><a href="#[66]">&gt;&gt;</a>&nbsp;&nbsp;&nbsp;ADC_BatterySglConvert
<LI><a href="#[f8]">&gt;&gt;</a>&nbsp;&nbsp;&nbsp;Gps_Handler
<LI><a href="#[156]">&gt;&gt;</a>&nbsp;&nbsp;&nbsp;SystemTimer
<LI><a href="#[189]">&gt;&gt;</a>&nbsp;&nbsp;&nbsp;processRMC
<LI><a href="#[182]">&gt;&gt;</a>&nbsp;&nbsp;&nbsp;do_lat_lon
<LI><a href="#[180]">&gt;&gt;</a>&nbsp;&nbsp;&nbsp;compare_double
<LI><a href="#[164]">&gt;&gt;</a>&nbsp;&nbsp;&nbsp;_fp_digits
<LI><a href="#[59]">&gt;&gt;</a>&nbsp;&nbsp;&nbsp;_fp_value
</UL>

<P><STRONG><a name="[4e]"></a>__aeabi_ddiv</STRONG> (Thumb, 234 bytes, Stack size 40 bytes, ddiv.o(.text))
<BR><BR>[Stack]<UL><LI>Max Depth = 48<LI>Call Chain = __aeabi_ddiv &rArr; _double_round
</UL>
<BR>[Calls]<UL><LI><a href="#[4a]">&gt;&gt;</a>&nbsp;&nbsp;&nbsp;_double_round
</UL>
<BR>[Called By]<UL><LI><a href="#[66]">&gt;&gt;</a>&nbsp;&nbsp;&nbsp;ADC_BatterySglConvert
<LI><a href="#[182]">&gt;&gt;</a>&nbsp;&nbsp;&nbsp;do_lat_lon
<LI><a href="#[164]">&gt;&gt;</a>&nbsp;&nbsp;&nbsp;_fp_digits
<LI><a href="#[59]">&gt;&gt;</a>&nbsp;&nbsp;&nbsp;_fp_value
</UL>

<P><STRONG><a name="[4f]"></a>__aeabi_i2d</STRONG> (Thumb, 34 bytes, Stack size 16 bytes, dflti.o(.text))
<BR><BR>[Stack]<UL><LI>Max Depth = 72<LI>Call Chain = __aeabi_i2d &rArr; _double_epilogue &rArr; __aeabi_llsr
</UL>
<BR>[Calls]<UL><LI><a href="#[49]">&gt;&gt;</a>&nbsp;&nbsp;&nbsp;_double_epilogue
</UL>
<BR>[Called By]<UL><LI><a href="#[156]">&gt;&gt;</a>&nbsp;&nbsp;&nbsp;SystemTimer
<LI><a href="#[1ac]">&gt;&gt;</a>&nbsp;&nbsp;&nbsp;print_number
</UL>

<P><STRONG><a name="[50]"></a>__aeabi_ui2d</STRONG> (Thumb, 24 bytes, Stack size 16 bytes, dfltui.o(.text))
<BR><BR>[Stack]<UL><LI>Max Depth = 72<LI>Call Chain = __aeabi_ui2d &rArr; _double_epilogue &rArr; __aeabi_llsr
</UL>
<BR>[Calls]<UL><LI><a href="#[49]">&gt;&gt;</a>&nbsp;&nbsp;&nbsp;_double_epilogue
</UL>
<BR>[Called By]<UL><LI><a href="#[186]">&gt;&gt;</a>&nbsp;&nbsp;&nbsp;fromBleDataHandle
<LI><a href="#[66]">&gt;&gt;</a>&nbsp;&nbsp;&nbsp;ADC_BatterySglConvert
</UL>

<P><STRONG><a name="[51]"></a>__aeabi_d2iz</STRONG> (Thumb, 62 bytes, Stack size 16 bytes, dfixi.o(.text))
<BR><BR>[Stack]<UL><LI>Max Depth = 24<LI>Call Chain = __aeabi_d2iz &rArr; __aeabi_llsr
</UL>
<BR>[Calls]<UL><LI><a href="#[38]">&gt;&gt;</a>&nbsp;&nbsp;&nbsp;__aeabi_llsr
</UL>
<BR>[Called By]<UL><LI><a href="#[172]">&gt;&gt;</a>&nbsp;&nbsp;&nbsp;cJSON_CreateNumber
</UL>

<P><STRONG><a name="[52]"></a>__aeabi_d2uiz</STRONG> (Thumb, 50 bytes, Stack size 8 bytes, dfixui.o(.text))
<BR><BR>[Stack]<UL><LI>Max Depth = 16<LI>Call Chain = __aeabi_d2uiz &rArr; __aeabi_llsr
</UL>
<BR>[Calls]<UL><LI><a href="#[38]">&gt;&gt;</a>&nbsp;&nbsp;&nbsp;__aeabi_llsr
</UL>
<BR>[Called By]<UL><LI><a href="#[66]">&gt;&gt;</a>&nbsp;&nbsp;&nbsp;ADC_BatterySglConvert
<LI><a href="#[f8]">&gt;&gt;</a>&nbsp;&nbsp;&nbsp;Gps_Handler
<LI><a href="#[156]">&gt;&gt;</a>&nbsp;&nbsp;&nbsp;SystemTimer
</UL>

<P><STRONG><a name="[fa]"></a>__aeabi_cdcmpeq</STRONG> (Thumb, 0 bytes, Stack size 0 bytes, cdcmple.o(.text))
<BR><BR>[Called By]<UL><LI><a href="#[f8]">&gt;&gt;</a>&nbsp;&nbsp;&nbsp;Gps_Handler
<LI><a href="#[1ac]">&gt;&gt;</a>&nbsp;&nbsp;&nbsp;print_number
</UL>

<P><STRONG><a name="[177]"></a>__aeabi_cdcmple</STRONG> (Thumb, 38 bytes, Stack size 0 bytes, cdcmple.o(.text))
<BR><BR>[Called By]<UL><LI><a href="#[189]">&gt;&gt;</a>&nbsp;&nbsp;&nbsp;processRMC
<LI><a href="#[172]">&gt;&gt;</a>&nbsp;&nbsp;&nbsp;cJSON_CreateNumber
<LI><a href="#[180]">&gt;&gt;</a>&nbsp;&nbsp;&nbsp;compare_double
</UL>

<P><STRONG><a name="[fb]"></a>__aeabi_cdrcmple</STRONG> (Thumb, 38 bytes, Stack size 0 bytes, cdrcmple.o(.text))
<BR><BR>[Called By]<UL><LI><a href="#[f8]">&gt;&gt;</a>&nbsp;&nbsp;&nbsp;Gps_Handler
<LI><a href="#[172]">&gt;&gt;</a>&nbsp;&nbsp;&nbsp;cJSON_CreateNumber
<LI><a href="#[180]">&gt;&gt;</a>&nbsp;&nbsp;&nbsp;compare_double
<LI><a href="#[164]">&gt;&gt;</a>&nbsp;&nbsp;&nbsp;_fp_digits
</UL>

<P><STRONG><a name="[53]"></a>__aeabi_d2f</STRONG> (Thumb, 56 bytes, Stack size 8 bytes, d2f.o(.text), UNUSED)
<BR><BR>[Calls]<UL><LI><a href="#[54]">&gt;&gt;</a>&nbsp;&nbsp;&nbsp;_float_round
</UL>
<BR>[Called By]<UL><LI><a href="#[5b]">&gt;&gt;</a>&nbsp;&nbsp;&nbsp;_scanf_really_real
</UL>

<P><STRONG><a name="[39]"></a>__aeabi_llsl</STRONG> (Thumb, 32 bytes, Stack size 8 bytes, llshl.o(.text))
<BR><BR>[Stack]<UL><LI>Max Depth = 8<LI>Call Chain = __aeabi_llsl
</UL>
<BR>[Called By]<UL><LI><a href="#[47]">&gt;&gt;</a>&nbsp;&nbsp;&nbsp;__aeabi_dadd
<LI><a href="#[63]">&gt;&gt;</a>&nbsp;&nbsp;&nbsp;__aeabi_d2ulz
<LI><a href="#[37]">&gt;&gt;</a>&nbsp;&nbsp;&nbsp;__aeabi_uldivmod
<LI><a href="#[56]">&gt;&gt;</a>&nbsp;&nbsp;&nbsp;__aeabi_lmul
<LI><a href="#[49]">&gt;&gt;</a>&nbsp;&nbsp;&nbsp;_double_epilogue
</UL>

<P><STRONG><a name="[1c6]"></a>_ll_shift_l</STRONG> (Thumb, 0 bytes, Stack size 8 bytes, llshl.o(.text), UNUSED)

<P><STRONG><a name="[38]"></a>__aeabi_llsr</STRONG> (Thumb, 34 bytes, Stack size 8 bytes, llushr.o(.text))
<BR><BR>[Stack]<UL><LI>Max Depth = 8<LI>Call Chain = __aeabi_llsr
</UL>
<BR>[Called By]<UL><LI><a href="#[52]">&gt;&gt;</a>&nbsp;&nbsp;&nbsp;__aeabi_d2uiz
<LI><a href="#[51]">&gt;&gt;</a>&nbsp;&nbsp;&nbsp;__aeabi_d2iz
<LI><a href="#[63]">&gt;&gt;</a>&nbsp;&nbsp;&nbsp;__aeabi_d2ulz
<LI><a href="#[37]">&gt;&gt;</a>&nbsp;&nbsp;&nbsp;__aeabi_uldivmod
<LI><a href="#[49]">&gt;&gt;</a>&nbsp;&nbsp;&nbsp;_double_epilogue
</UL>

<P><STRONG><a name="[1c7]"></a>_ll_ushift_r</STRONG> (Thumb, 0 bytes, Stack size 8 bytes, llushr.o(.text), UNUSED)

<P><STRONG><a name="[48]"></a>__aeabi_lasr</STRONG> (Thumb, 38 bytes, Stack size 8 bytes, llsshr.o(.text))
<BR><BR>[Stack]<UL><LI>Max Depth = 8<LI>Call Chain = __aeabi_lasr
</UL>
<BR>[Called By]<UL><LI><a href="#[47]">&gt;&gt;</a>&nbsp;&nbsp;&nbsp;__aeabi_dadd
</UL>

<P><STRONG><a name="[1c8]"></a>_ll_sshift_r</STRONG> (Thumb, 0 bytes, Stack size 8 bytes, llsshr.o(.text), UNUSED)

<P><STRONG><a name="[55]"></a>_scanf_longlong</STRONG> (Thumb, 330 bytes, Stack size 56 bytes, _scanf_longlong.o(.text))
<BR><BR>[Stack]<UL><LI>Max Depth = 128<LI>Call Chain = _scanf_longlong &rArr; __aeabi_lmul &rArr; __aeabi_llsl
</UL>
<BR>[Calls]<UL><LI><a href="#[57]">&gt;&gt;</a>&nbsp;&nbsp;&nbsp;_chval
<LI><a href="#[56]">&gt;&gt;</a>&nbsp;&nbsp;&nbsp;__aeabi_lmul
</UL>
<BR>[Called By]<UL><LI><a href="#[5d]">&gt;&gt;</a>&nbsp;&nbsp;&nbsp;__vfscanf
</UL>

<P><STRONG><a name="[58]"></a>_scanf_int</STRONG> (Thumb, 330 bytes, Stack size 48 bytes, _scanf_int.o(.text))
<BR><BR>[Stack]<UL><LI>Max Depth = 48<LI>Call Chain = _scanf_int
</UL>
<BR>[Calls]<UL><LI><a href="#[57]">&gt;&gt;</a>&nbsp;&nbsp;&nbsp;_chval
</UL>
<BR>[Called By]<UL><LI><a href="#[5d]">&gt;&gt;</a>&nbsp;&nbsp;&nbsp;__vfscanf
</UL>

<P><STRONG><a name="[65]"></a>_scanf_string</STRONG> (Thumb, 232 bytes, Stack size 48 bytes, _scanf_str.o(.text))
<BR><BR>[Stack]<UL><LI>Max Depth = 48<LI>Call Chain = _scanf_string
</UL>
<BR>[Called By]<UL><LI><a href="#[5d]">&gt;&gt;</a>&nbsp;&nbsp;&nbsp;__vfscanf
</UL>

<P><STRONG><a name="[5f]"></a>_scanf_real</STRONG> (Thumb, 0 bytes, Stack size 104 bytes, scanf_fp.o(.text))
<BR><BR>[Stack]<UL><LI>Max Depth = 104<LI>Call Chain = _scanf_real
</UL>
<BR>[Called By]<UL><LI><a href="#[5d]">&gt;&gt;</a>&nbsp;&nbsp;&nbsp;__vfscanf
<LI><a href="#[5e]">&gt;&gt;</a>&nbsp;&nbsp;&nbsp;_local_sscanf
</UL>

<P><STRONG><a name="[5b]"></a>_scanf_really_real</STRONG> (Thumb, 586 bytes, Stack size 104 bytes, scanf_fp.o(.text), UNUSED)
<BR><BR>[Calls]<UL><LI><a href="#[53]">&gt;&gt;</a>&nbsp;&nbsp;&nbsp;__aeabi_d2f
<LI><a href="#[5c]">&gt;&gt;</a>&nbsp;&nbsp;&nbsp;_is_digit
<LI><a href="#[59]">&gt;&gt;</a>&nbsp;&nbsp;&nbsp;_fp_value
</UL>

<P><STRONG><a name="[43]"></a>__vfscanf_char</STRONG> (Thumb, 24 bytes, Stack size 8 bytes, scanf_char.o(.text))
<BR><BR>[Stack]<UL><LI>Max Depth = 216<LI>Call Chain = __vfscanf_char &rArr; __vfscanf &rArr; _scanf_longlong &rArr; __aeabi_lmul &rArr; __aeabi_llsl
</UL>
<BR>[Calls]<UL><LI><a href="#[5d]">&gt;&gt;</a>&nbsp;&nbsp;&nbsp;__vfscanf
</UL>
<BR>[Called By]<UL><LI><a href="#[42]">&gt;&gt;</a>&nbsp;&nbsp;&nbsp;sscanf
</UL>

<P><STRONG><a name="[22]"></a>_sgetc</STRONG> (Thumb, 32 bytes, Stack size 0 bytes, _sgetc.o(.text))
<BR>[Address Reference Count : 2]<UL><LI> sscanf.o(.text)
<LI> strtod.o(.text)
</UL>
<P><STRONG><a name="[23]"></a>_sbackspace</STRONG> (Thumb, 36 bytes, Stack size 0 bytes, _sgetc.o(.text))
<BR>[Address Reference Count : 2]<UL><LI> sscanf.o(.text)
<LI> strtod.o(.text)
</UL>
<P><STRONG><a name="[60]"></a>__strtod_int</STRONG> (Thumb, 94 bytes, Stack size 40 bytes, strtod.o(.text))
<BR><BR>[Stack]<UL><LI>Max Depth = 200<LI>Call Chain = __strtod_int &rArr; _local_sscanf &rArr; _scanf_real
</UL>
<BR>[Calls]<UL><LI><a href="#[5e]">&gt;&gt;</a>&nbsp;&nbsp;&nbsp;_local_sscanf
</UL>
<BR>[Called By]<UL><LI><a href="#[16c]">&gt;&gt;</a>&nbsp;&nbsp;&nbsp;atof
</UL>

<P><STRONG><a name="[46]"></a>strtol</STRONG> (Thumb, 108 bytes, Stack size 32 bytes, strtol.o(.text))
<BR><BR>[Stack]<UL><LI>Max Depth = 72<LI>Call Chain = strtol &rArr; _strtoul
</UL>
<BR>[Calls]<UL><LI><a href="#[3a]">&gt;&gt;</a>&nbsp;&nbsp;&nbsp;__rt_ctype_table
<LI><a href="#[61]">&gt;&gt;</a>&nbsp;&nbsp;&nbsp;_strtoul
<LI><a href="#[45]">&gt;&gt;</a>&nbsp;&nbsp;&nbsp;__aeabi_errno_addr
</UL>
<BR>[Called By]<UL><LI><a href="#[44]">&gt;&gt;</a>&nbsp;&nbsp;&nbsp;atoi
</UL>

<P><STRONG><a name="[1c9]"></a>__I$use$fp</STRONG> (Thumb, 0 bytes, Stack size 0 bytes, iusefp.o(.text), UNUSED)

<P><STRONG><a name="[54]"></a>_float_round</STRONG> (Thumb, 16 bytes, Stack size 0 bytes, fepilogue.o(.text), UNUSED)
<BR><BR>[Called By]<UL><LI><a href="#[53]">&gt;&gt;</a>&nbsp;&nbsp;&nbsp;__aeabi_d2f
</UL>

<P><STRONG><a name="[1ca]"></a>_float_epilogue</STRONG> (Thumb, 114 bytes, Stack size 12 bytes, fepilogue.o(.text), UNUSED)

<P><STRONG><a name="[4a]"></a>_double_round</STRONG> (Thumb, 26 bytes, Stack size 8 bytes, depilogue.o(.text))
<BR><BR>[Stack]<UL><LI>Max Depth = 8<LI>Call Chain = _double_round
</UL>
<BR>[Called By]<UL><LI><a href="#[4e]">&gt;&gt;</a>&nbsp;&nbsp;&nbsp;__aeabi_ddiv
<LI><a href="#[47]">&gt;&gt;</a>&nbsp;&nbsp;&nbsp;__aeabi_dadd
<LI><a href="#[49]">&gt;&gt;</a>&nbsp;&nbsp;&nbsp;_double_epilogue
</UL>

<P><STRONG><a name="[49]"></a>_double_epilogue</STRONG> (Thumb, 164 bytes, Stack size 48 bytes, depilogue.o(.text))
<BR><BR>[Stack]<UL><LI>Max Depth = 56<LI>Call Chain = _double_epilogue &rArr; __aeabi_llsr
</UL>
<BR>[Calls]<UL><LI><a href="#[62]">&gt;&gt;</a>&nbsp;&nbsp;&nbsp;__ARM_clz
<LI><a href="#[38]">&gt;&gt;</a>&nbsp;&nbsp;&nbsp;__aeabi_llsr
<LI><a href="#[39]">&gt;&gt;</a>&nbsp;&nbsp;&nbsp;__aeabi_llsl
<LI><a href="#[4a]">&gt;&gt;</a>&nbsp;&nbsp;&nbsp;_double_round
</UL>
<BR>[Called By]<UL><LI><a href="#[50]">&gt;&gt;</a>&nbsp;&nbsp;&nbsp;__aeabi_ui2d
<LI><a href="#[47]">&gt;&gt;</a>&nbsp;&nbsp;&nbsp;__aeabi_dadd
<LI><a href="#[4f]">&gt;&gt;</a>&nbsp;&nbsp;&nbsp;__aeabi_i2d
<LI><a href="#[4d]">&gt;&gt;</a>&nbsp;&nbsp;&nbsp;__aeabi_dmul
<LI><a href="#[5a]">&gt;&gt;</a>&nbsp;&nbsp;&nbsp;__aeabi_ul2d
</UL>

<P><STRONG><a name="[63]"></a>__aeabi_d2ulz</STRONG> (Thumb, 54 bytes, Stack size 8 bytes, dfixul.o(.text), UNUSED)
<BR><BR>[Calls]<UL><LI><a href="#[38]">&gt;&gt;</a>&nbsp;&nbsp;&nbsp;__aeabi_llsr
<LI><a href="#[39]">&gt;&gt;</a>&nbsp;&nbsp;&nbsp;__aeabi_llsl
</UL>
<BR>[Called By]<UL><LI><a href="#[164]">&gt;&gt;</a>&nbsp;&nbsp;&nbsp;_fp_digits
</UL>

<P><STRONG><a name="[32]"></a>__scatterload</STRONG> (Thumb, 28 bytes, Stack size 0 bytes, init.o(.text))
<BR><BR>[Calls]<UL><LI><a href="#[64]">&gt;&gt;</a>&nbsp;&nbsp;&nbsp;__main_after_scatterload
</UL>
<BR>[Called By]<UL><LI><a href="#[31]">&gt;&gt;</a>&nbsp;&nbsp;&nbsp;_main_scatterload
</UL>

<P><STRONG><a name="[1cb]"></a>__scatterload_rt2</STRONG> (Thumb, 0 bytes, Stack size 0 bytes, init.o(.text), UNUSED)

<P><STRONG><a name="[56]"></a>__aeabi_lmul</STRONG> (Thumb, 122 bytes, Stack size 64 bytes, llmul.o(.text))
<BR><BR>[Stack]<UL><LI>Max Depth = 72<LI>Call Chain = __aeabi_lmul &rArr; __aeabi_llsl
</UL>
<BR>[Calls]<UL><LI><a href="#[39]">&gt;&gt;</a>&nbsp;&nbsp;&nbsp;__aeabi_llsl
</UL>
<BR>[Called By]<UL><LI><a href="#[59]">&gt;&gt;</a>&nbsp;&nbsp;&nbsp;_fp_value
<LI><a href="#[55]">&gt;&gt;</a>&nbsp;&nbsp;&nbsp;_scanf_longlong
</UL>

<P><STRONG><a name="[1cc]"></a>_ll_mul</STRONG> (Thumb, 0 bytes, Stack size 64 bytes, llmul.o(.text), UNUSED)

<P><STRONG><a name="[57]"></a>_chval</STRONG> (Thumb, 30 bytes, Stack size 0 bytes, _chval.o(.text))
<BR><BR>[Called By]<UL><LI><a href="#[61]">&gt;&gt;</a>&nbsp;&nbsp;&nbsp;_strtoul
<LI><a href="#[58]">&gt;&gt;</a>&nbsp;&nbsp;&nbsp;_scanf_int
<LI><a href="#[55]">&gt;&gt;</a>&nbsp;&nbsp;&nbsp;_scanf_longlong
</UL>

<P><STRONG><a name="[5d]"></a>__vfscanf</STRONG> (Thumb, 814 bytes, Stack size 80 bytes, _scanf.o(.text))
<BR><BR>[Stack]<UL><LI>Max Depth = 208<LI>Call Chain = __vfscanf &rArr; _scanf_longlong &rArr; __aeabi_lmul &rArr; __aeabi_llsl
</UL>
<BR>[Calls]<UL><LI><a href="#[5f]">&gt;&gt;</a>&nbsp;&nbsp;&nbsp;_scanf_real
<LI><a href="#[65]">&gt;&gt;</a>&nbsp;&nbsp;&nbsp;_scanf_string
<LI><a href="#[58]">&gt;&gt;</a>&nbsp;&nbsp;&nbsp;_scanf_int
<LI><a href="#[55]">&gt;&gt;</a>&nbsp;&nbsp;&nbsp;_scanf_longlong
</UL>
<BR>[Called By]<UL><LI><a href="#[43]">&gt;&gt;</a>&nbsp;&nbsp;&nbsp;__vfscanf_char
</UL>

<P><STRONG><a name="[61]"></a>_strtoul</STRONG> (Thumb, 166 bytes, Stack size 40 bytes, _strtoul.o(.text))
<BR><BR>[Stack]<UL><LI>Max Depth = 40<LI>Call Chain = _strtoul
</UL>
<BR>[Calls]<UL><LI><a href="#[57]">&gt;&gt;</a>&nbsp;&nbsp;&nbsp;_chval
<LI><a href="#[45]">&gt;&gt;</a>&nbsp;&nbsp;&nbsp;__aeabi_errno_addr
</UL>
<BR>[Called By]<UL><LI><a href="#[46]">&gt;&gt;</a>&nbsp;&nbsp;&nbsp;strtol
</UL>

<P><STRONG><a name="[5a]"></a>__aeabi_ul2d</STRONG> (Thumb, 22 bytes, Stack size 16 bytes, dfltul.o(.text), UNUSED)
<BR><BR>[Calls]<UL><LI><a href="#[49]">&gt;&gt;</a>&nbsp;&nbsp;&nbsp;_double_epilogue
</UL>
<BR>[Called By]<UL><LI><a href="#[59]">&gt;&gt;</a>&nbsp;&nbsp;&nbsp;_fp_value
</UL>

<P><STRONG><a name="[66]"></a>ADC_BatterySglConvert</STRONG> (Thumb, 136 bytes, Stack size 40 bytes, adc.o(i.ADC_BatterySglConvert))
<BR><BR>[Stack]<UL><LI>Max Depth = 168<LI>Call Chain = ADC_BatterySglConvert &rArr; __aeabi_dmul &rArr; _double_epilogue &rArr; __aeabi_llsr
</UL>
<BR>[Calls]<UL><LI><a href="#[50]">&gt;&gt;</a>&nbsp;&nbsp;&nbsp;__aeabi_ui2d
<LI><a href="#[4e]">&gt;&gt;</a>&nbsp;&nbsp;&nbsp;__aeabi_ddiv
<LI><a href="#[47]">&gt;&gt;</a>&nbsp;&nbsp;&nbsp;__aeabi_dadd
<LI><a href="#[52]">&gt;&gt;</a>&nbsp;&nbsp;&nbsp;__aeabi_d2uiz
<LI><a href="#[4d]">&gt;&gt;</a>&nbsp;&nbsp;&nbsp;__aeabi_dmul
</UL>
<BR>[Called By]<UL><LI><a href="#[d9]">&gt;&gt;</a>&nbsp;&nbsp;&nbsp;sendLoRaWANData
<LI><a href="#[18f]">&gt;&gt;</a>&nbsp;&nbsp;&nbsp;fromLoRaWANDataHandle
</UL>

<P><STRONG><a name="[67]"></a>AT_Ble_setSleep</STRONG> (Thumb, 62 bytes, Stack size 24 bytes, tb_03f.o(i.AT_Ble_setSleep))
<BR><BR>[Stack]<UL><LI>Max Depth = 112<LI>Call Chain = AT_Ble_setSleep &rArr; AT_Exec_SendCMD &rArr; INFO &rArr; Ble_SendData
</UL>
<BR>[Calls]<UL><LI><a href="#[6a]">&gt;&gt;</a>&nbsp;&nbsp;&nbsp;mDelay
<LI><a href="#[69]">&gt;&gt;</a>&nbsp;&nbsp;&nbsp;AT_Exec_SendCMD
<LI><a href="#[68]">&gt;&gt;</a>&nbsp;&nbsp;&nbsp;__2sprintf
</UL>
<BR>[Called By]<UL><LI><a href="#[186]">&gt;&gt;</a>&nbsp;&nbsp;&nbsp;fromBleDataHandle
</UL>

<P><STRONG><a name="[6e]"></a>AT_Exec_SendCMD</STRONG> (Thumb, 260 bytes, Stack size 40 bytes, lorawan_atcmd.o(i.AT_Exec_SendCMD))
<BR><BR>[Stack]<UL><LI>Max Depth = 96<LI>Call Chain = AT_Exec_SendCMD &rArr; INFO &rArr; Ble_SendData
</UL>
<BR>[Calls]<UL><LI><a href="#[70]">&gt;&gt;</a>&nbsp;&nbsp;&nbsp;getLoRaWANStatus
<LI><a href="#[6f]">&gt;&gt;</a>&nbsp;&nbsp;&nbsp;getLoRaWANMode
<LI><a href="#[6d]">&gt;&gt;</a>&nbsp;&nbsp;&nbsp;INFO
<LI><a href="#[71]">&gt;&gt;</a>&nbsp;&nbsp;&nbsp;LoRa_SendCMD
<LI><a href="#[72]">&gt;&gt;</a>&nbsp;&nbsp;&nbsp;LoRa_DelayMs
<LI><a href="#[6c]">&gt;&gt;</a>&nbsp;&nbsp;&nbsp;strstr
<LI><a href="#[3f]">&gt;&gt;</a>&nbsp;&nbsp;&nbsp;__aeabi_memclr
</UL>
<BR>[Called By]<UL><LI><a href="#[8f]">&gt;&gt;</a>&nbsp;&nbsp;&nbsp;AT_LoRaWAN_setPORT
<LI><a href="#[8e]">&gt;&gt;</a>&nbsp;&nbsp;&nbsp;AT_LoRaWAN_setOTAA
<LI><a href="#[8d]">&gt;&gt;</a>&nbsp;&nbsp;&nbsp;AT_LoRaWAN_setJOIN
<LI><a href="#[8c]">&gt;&gt;</a>&nbsp;&nbsp;&nbsp;AT_LoRaWAN_setConfirm
<LI><a href="#[8b]">&gt;&gt;</a>&nbsp;&nbsp;&nbsp;AT_LoRaWAN_setClass
<LI><a href="#[8a]">&gt;&gt;</a>&nbsp;&nbsp;&nbsp;AT_LoRaWAN_setBAND
<LI><a href="#[89]">&gt;&gt;</a>&nbsp;&nbsp;&nbsp;AT_LoRaWAN_setAPPKEY
<LI><a href="#[87]">&gt;&gt;</a>&nbsp;&nbsp;&nbsp;AT_LoRaWAN_setAPPEUI
<LI><a href="#[86]">&gt;&gt;</a>&nbsp;&nbsp;&nbsp;AT_LoRaWAN_saveEEPROM
<LI><a href="#[84]">&gt;&gt;</a>&nbsp;&nbsp;&nbsp;AT_LoRaWAN_restFactory
<LI><a href="#[83]">&gt;&gt;</a>&nbsp;&nbsp;&nbsp;AT_LoRaWAN_getVer
<LI><a href="#[82]">&gt;&gt;</a>&nbsp;&nbsp;&nbsp;AT_LoRaWAN_getRX2
<LI><a href="#[81]">&gt;&gt;</a>&nbsp;&nbsp;&nbsp;AT_LoRaWAN_getPORT
<LI><a href="#[80]">&gt;&gt;</a>&nbsp;&nbsp;&nbsp;AT_LoRaWAN_getNwkSKEY
<LI><a href="#[7f]">&gt;&gt;</a>&nbsp;&nbsp;&nbsp;AT_LoRaWAN_getFREQ
<LI><a href="#[7e]">&gt;&gt;</a>&nbsp;&nbsp;&nbsp;AT_LoRaWAN_getDataRate
<LI><a href="#[7d]">&gt;&gt;</a>&nbsp;&nbsp;&nbsp;AT_LoRaWAN_getDEVEUI
<LI><a href="#[7c]">&gt;&gt;</a>&nbsp;&nbsp;&nbsp;AT_LoRaWAN_getDEVADDR
<LI><a href="#[7b]">&gt;&gt;</a>&nbsp;&nbsp;&nbsp;AT_LoRaWAN_getConfirm
<LI><a href="#[7a]">&gt;&gt;</a>&nbsp;&nbsp;&nbsp;AT_LoRaWAN_getClass
<LI><a href="#[79]">&gt;&gt;</a>&nbsp;&nbsp;&nbsp;AT_LoRaWAN_getBAND
<LI><a href="#[78]">&gt;&gt;</a>&nbsp;&nbsp;&nbsp;AT_LoRaWAN_getAPPSKEY
<LI><a href="#[77]">&gt;&gt;</a>&nbsp;&nbsp;&nbsp;AT_LoRaWAN_getAPPKEY
<LI><a href="#[73]">&gt;&gt;</a>&nbsp;&nbsp;&nbsp;AT_LoRaWAN_getAPPEUI
</UL>

<P><STRONG><a name="[73]"></a>AT_LoRaWAN_getAPPEUI</STRONG> (Thumb, 208 bytes, Stack size 48 bytes, lorawan_atcmd.o(i.AT_LoRaWAN_getAPPEUI))
<BR><BR>[Stack]<UL><LI>Max Depth = 144<LI>Call Chain = AT_LoRaWAN_getAPPEUI &rArr; AT_Exec_SendCMD &rArr; INFO &rArr; Ble_SendData
</UL>
<BR>[Calls]<UL><LI><a href="#[75]">&gt;&gt;</a>&nbsp;&nbsp;&nbsp;cmd_split
<LI><a href="#[76]">&gt;&gt;</a>&nbsp;&nbsp;&nbsp;cmd_get_hexstr2hex
<LI><a href="#[6d]">&gt;&gt;</a>&nbsp;&nbsp;&nbsp;INFO
<LI><a href="#[72]">&gt;&gt;</a>&nbsp;&nbsp;&nbsp;LoRa_DelayMs
<LI><a href="#[6e]">&gt;&gt;</a>&nbsp;&nbsp;&nbsp;AT_Exec_SendCMD
<LI><a href="#[6c]">&gt;&gt;</a>&nbsp;&nbsp;&nbsp;strstr
<LI><a href="#[74]">&gt;&gt;</a>&nbsp;&nbsp;&nbsp;__aeabi_memclr4
</UL>
<BR>[Called By]<UL><LI><a href="#[13f]">&gt;&gt;</a>&nbsp;&nbsp;&nbsp;LoRaWAN_Init
</UL>

<P><STRONG><a name="[77]"></a>AT_LoRaWAN_getAPPKEY</STRONG> (Thumb, 258 bytes, Stack size 80 bytes, lorawan_atcmd.o(i.AT_LoRaWAN_getAPPKEY))
<BR><BR>[Stack]<UL><LI>Max Depth = 176<LI>Call Chain = AT_LoRaWAN_getAPPKEY &rArr; AT_Exec_SendCMD &rArr; INFO &rArr; Ble_SendData
</UL>
<BR>[Calls]<UL><LI><a href="#[75]">&gt;&gt;</a>&nbsp;&nbsp;&nbsp;cmd_split
<LI><a href="#[76]">&gt;&gt;</a>&nbsp;&nbsp;&nbsp;cmd_get_hexstr2hex
<LI><a href="#[6d]">&gt;&gt;</a>&nbsp;&nbsp;&nbsp;INFO
<LI><a href="#[72]">&gt;&gt;</a>&nbsp;&nbsp;&nbsp;LoRa_DelayMs
<LI><a href="#[6e]">&gt;&gt;</a>&nbsp;&nbsp;&nbsp;AT_Exec_SendCMD
<LI><a href="#[6c]">&gt;&gt;</a>&nbsp;&nbsp;&nbsp;strstr
<LI><a href="#[74]">&gt;&gt;</a>&nbsp;&nbsp;&nbsp;__aeabi_memclr4
</UL>
<BR>[Called By]<UL><LI><a href="#[13f]">&gt;&gt;</a>&nbsp;&nbsp;&nbsp;LoRaWAN_Init
</UL>

<P><STRONG><a name="[78]"></a>AT_LoRaWAN_getAPPSKEY</STRONG> (Thumb, 244 bytes, Stack size 80 bytes, lorawan_atcmd.o(i.AT_LoRaWAN_getAPPSKEY))
<BR><BR>[Stack]<UL><LI>Max Depth = 176<LI>Call Chain = AT_LoRaWAN_getAPPSKEY &rArr; AT_Exec_SendCMD &rArr; INFO &rArr; Ble_SendData
</UL>
<BR>[Calls]<UL><LI><a href="#[75]">&gt;&gt;</a>&nbsp;&nbsp;&nbsp;cmd_split
<LI><a href="#[76]">&gt;&gt;</a>&nbsp;&nbsp;&nbsp;cmd_get_hexstr2hex
<LI><a href="#[6d]">&gt;&gt;</a>&nbsp;&nbsp;&nbsp;INFO
<LI><a href="#[72]">&gt;&gt;</a>&nbsp;&nbsp;&nbsp;LoRa_DelayMs
<LI><a href="#[6e]">&gt;&gt;</a>&nbsp;&nbsp;&nbsp;AT_Exec_SendCMD
<LI><a href="#[6c]">&gt;&gt;</a>&nbsp;&nbsp;&nbsp;strstr
<LI><a href="#[74]">&gt;&gt;</a>&nbsp;&nbsp;&nbsp;__aeabi_memclr4
</UL>
<BR>[Called By]<UL><LI><a href="#[13f]">&gt;&gt;</a>&nbsp;&nbsp;&nbsp;LoRaWAN_Init
</UL>

<P><STRONG><a name="[79]"></a>AT_LoRaWAN_getBAND</STRONG> (Thumb, 70 bytes, Stack size 16 bytes, lorawan_atcmd.o(i.AT_LoRaWAN_getBAND))
<BR><BR>[Stack]<UL><LI>Max Depth = 112<LI>Call Chain = AT_LoRaWAN_getBAND &rArr; AT_Exec_SendCMD &rArr; INFO &rArr; Ble_SendData
</UL>
<BR>[Calls]<UL><LI><a href="#[6d]">&gt;&gt;</a>&nbsp;&nbsp;&nbsp;INFO
<LI><a href="#[72]">&gt;&gt;</a>&nbsp;&nbsp;&nbsp;LoRa_DelayMs
<LI><a href="#[6e]">&gt;&gt;</a>&nbsp;&nbsp;&nbsp;AT_Exec_SendCMD
<LI><a href="#[6c]">&gt;&gt;</a>&nbsp;&nbsp;&nbsp;strstr
</UL>
<BR>[Called By]<UL><LI><a href="#[13f]">&gt;&gt;</a>&nbsp;&nbsp;&nbsp;LoRaWAN_Init
</UL>

<P><STRONG><a name="[7a]"></a>AT_LoRaWAN_getClass</STRONG> (Thumb, 70 bytes, Stack size 16 bytes, lorawan_atcmd.o(i.AT_LoRaWAN_getClass))
<BR><BR>[Stack]<UL><LI>Max Depth = 112<LI>Call Chain = AT_LoRaWAN_getClass &rArr; AT_Exec_SendCMD &rArr; INFO &rArr; Ble_SendData
</UL>
<BR>[Calls]<UL><LI><a href="#[6d]">&gt;&gt;</a>&nbsp;&nbsp;&nbsp;INFO
<LI><a href="#[72]">&gt;&gt;</a>&nbsp;&nbsp;&nbsp;LoRa_DelayMs
<LI><a href="#[6e]">&gt;&gt;</a>&nbsp;&nbsp;&nbsp;AT_Exec_SendCMD
<LI><a href="#[6c]">&gt;&gt;</a>&nbsp;&nbsp;&nbsp;strstr
</UL>
<BR>[Called By]<UL><LI><a href="#[13f]">&gt;&gt;</a>&nbsp;&nbsp;&nbsp;LoRaWAN_Init
</UL>

<P><STRONG><a name="[7b]"></a>AT_LoRaWAN_getConfirm</STRONG> (Thumb, 70 bytes, Stack size 16 bytes, lorawan_atcmd.o(i.AT_LoRaWAN_getConfirm))
<BR><BR>[Stack]<UL><LI>Max Depth = 112<LI>Call Chain = AT_LoRaWAN_getConfirm &rArr; AT_Exec_SendCMD &rArr; INFO &rArr; Ble_SendData
</UL>
<BR>[Calls]<UL><LI><a href="#[6d]">&gt;&gt;</a>&nbsp;&nbsp;&nbsp;INFO
<LI><a href="#[72]">&gt;&gt;</a>&nbsp;&nbsp;&nbsp;LoRa_DelayMs
<LI><a href="#[6e]">&gt;&gt;</a>&nbsp;&nbsp;&nbsp;AT_Exec_SendCMD
<LI><a href="#[6c]">&gt;&gt;</a>&nbsp;&nbsp;&nbsp;strstr
</UL>
<BR>[Called By]<UL><LI><a href="#[13f]">&gt;&gt;</a>&nbsp;&nbsp;&nbsp;LoRaWAN_Init
</UL>

<P><STRONG><a name="[7c]"></a>AT_LoRaWAN_getDEVADDR</STRONG> (Thumb, 170 bytes, Stack size 32 bytes, lorawan_atcmd.o(i.AT_LoRaWAN_getDEVADDR))
<BR><BR>[Stack]<UL><LI>Max Depth = 128<LI>Call Chain = AT_LoRaWAN_getDEVADDR &rArr; AT_Exec_SendCMD &rArr; INFO &rArr; Ble_SendData
</UL>
<BR>[Calls]<UL><LI><a href="#[75]">&gt;&gt;</a>&nbsp;&nbsp;&nbsp;cmd_split
<LI><a href="#[76]">&gt;&gt;</a>&nbsp;&nbsp;&nbsp;cmd_get_hexstr2hex
<LI><a href="#[6d]">&gt;&gt;</a>&nbsp;&nbsp;&nbsp;INFO
<LI><a href="#[72]">&gt;&gt;</a>&nbsp;&nbsp;&nbsp;LoRa_DelayMs
<LI><a href="#[6e]">&gt;&gt;</a>&nbsp;&nbsp;&nbsp;AT_Exec_SendCMD
<LI><a href="#[6c]">&gt;&gt;</a>&nbsp;&nbsp;&nbsp;strstr
<LI><a href="#[74]">&gt;&gt;</a>&nbsp;&nbsp;&nbsp;__aeabi_memclr4
</UL>
<BR>[Called By]<UL><LI><a href="#[13f]">&gt;&gt;</a>&nbsp;&nbsp;&nbsp;LoRaWAN_Init
</UL>

<P><STRONG><a name="[7d]"></a>AT_LoRaWAN_getDEVEUI</STRONG> (Thumb, 208 bytes, Stack size 48 bytes, lorawan_atcmd.o(i.AT_LoRaWAN_getDEVEUI))
<BR><BR>[Stack]<UL><LI>Max Depth = 144<LI>Call Chain = AT_LoRaWAN_getDEVEUI &rArr; AT_Exec_SendCMD &rArr; INFO &rArr; Ble_SendData
</UL>
<BR>[Calls]<UL><LI><a href="#[75]">&gt;&gt;</a>&nbsp;&nbsp;&nbsp;cmd_split
<LI><a href="#[76]">&gt;&gt;</a>&nbsp;&nbsp;&nbsp;cmd_get_hexstr2hex
<LI><a href="#[6d]">&gt;&gt;</a>&nbsp;&nbsp;&nbsp;INFO
<LI><a href="#[72]">&gt;&gt;</a>&nbsp;&nbsp;&nbsp;LoRa_DelayMs
<LI><a href="#[6e]">&gt;&gt;</a>&nbsp;&nbsp;&nbsp;AT_Exec_SendCMD
<LI><a href="#[6c]">&gt;&gt;</a>&nbsp;&nbsp;&nbsp;strstr
<LI><a href="#[74]">&gt;&gt;</a>&nbsp;&nbsp;&nbsp;__aeabi_memclr4
</UL>
<BR>[Called By]<UL><LI><a href="#[13f]">&gt;&gt;</a>&nbsp;&nbsp;&nbsp;LoRaWAN_Init
</UL>

<P><STRONG><a name="[7e]"></a>AT_LoRaWAN_getDataRate</STRONG> (Thumb, 70 bytes, Stack size 16 bytes, lorawan_atcmd.o(i.AT_LoRaWAN_getDataRate))
<BR><BR>[Stack]<UL><LI>Max Depth = 112<LI>Call Chain = AT_LoRaWAN_getDataRate &rArr; AT_Exec_SendCMD &rArr; INFO &rArr; Ble_SendData
</UL>
<BR>[Calls]<UL><LI><a href="#[6d]">&gt;&gt;</a>&nbsp;&nbsp;&nbsp;INFO
<LI><a href="#[72]">&gt;&gt;</a>&nbsp;&nbsp;&nbsp;LoRa_DelayMs
<LI><a href="#[6e]">&gt;&gt;</a>&nbsp;&nbsp;&nbsp;AT_Exec_SendCMD
<LI><a href="#[6c]">&gt;&gt;</a>&nbsp;&nbsp;&nbsp;strstr
</UL>
<BR>[Called By]<UL><LI><a href="#[13f]">&gt;&gt;</a>&nbsp;&nbsp;&nbsp;LoRaWAN_Init
</UL>

<P><STRONG><a name="[7f]"></a>AT_LoRaWAN_getFREQ</STRONG> (Thumb, 70 bytes, Stack size 16 bytes, lorawan_atcmd.o(i.AT_LoRaWAN_getFREQ))
<BR><BR>[Stack]<UL><LI>Max Depth = 112<LI>Call Chain = AT_LoRaWAN_getFREQ &rArr; AT_Exec_SendCMD &rArr; INFO &rArr; Ble_SendData
</UL>
<BR>[Calls]<UL><LI><a href="#[6d]">&gt;&gt;</a>&nbsp;&nbsp;&nbsp;INFO
<LI><a href="#[72]">&gt;&gt;</a>&nbsp;&nbsp;&nbsp;LoRa_DelayMs
<LI><a href="#[6e]">&gt;&gt;</a>&nbsp;&nbsp;&nbsp;AT_Exec_SendCMD
<LI><a href="#[6c]">&gt;&gt;</a>&nbsp;&nbsp;&nbsp;strstr
</UL>
<BR>[Called By]<UL><LI><a href="#[13f]">&gt;&gt;</a>&nbsp;&nbsp;&nbsp;LoRaWAN_Init
</UL>

<P><STRONG><a name="[80]"></a>AT_LoRaWAN_getNwkSKEY</STRONG> (Thumb, 244 bytes, Stack size 80 bytes, lorawan_atcmd.o(i.AT_LoRaWAN_getNwkSKEY))
<BR><BR>[Stack]<UL><LI>Max Depth = 176<LI>Call Chain = AT_LoRaWAN_getNwkSKEY &rArr; AT_Exec_SendCMD &rArr; INFO &rArr; Ble_SendData
</UL>
<BR>[Calls]<UL><LI><a href="#[75]">&gt;&gt;</a>&nbsp;&nbsp;&nbsp;cmd_split
<LI><a href="#[76]">&gt;&gt;</a>&nbsp;&nbsp;&nbsp;cmd_get_hexstr2hex
<LI><a href="#[6d]">&gt;&gt;</a>&nbsp;&nbsp;&nbsp;INFO
<LI><a href="#[72]">&gt;&gt;</a>&nbsp;&nbsp;&nbsp;LoRa_DelayMs
<LI><a href="#[6e]">&gt;&gt;</a>&nbsp;&nbsp;&nbsp;AT_Exec_SendCMD
<LI><a href="#[6c]">&gt;&gt;</a>&nbsp;&nbsp;&nbsp;strstr
<LI><a href="#[74]">&gt;&gt;</a>&nbsp;&nbsp;&nbsp;__aeabi_memclr4
</UL>
<BR>[Called By]<UL><LI><a href="#[13f]">&gt;&gt;</a>&nbsp;&nbsp;&nbsp;LoRaWAN_Init
</UL>

<P><STRONG><a name="[81]"></a>AT_LoRaWAN_getPORT</STRONG> (Thumb, 70 bytes, Stack size 16 bytes, lorawan_atcmd.o(i.AT_LoRaWAN_getPORT))
<BR><BR>[Stack]<UL><LI>Max Depth = 112<LI>Call Chain = AT_LoRaWAN_getPORT &rArr; AT_Exec_SendCMD &rArr; INFO &rArr; Ble_SendData
</UL>
<BR>[Calls]<UL><LI><a href="#[6d]">&gt;&gt;</a>&nbsp;&nbsp;&nbsp;INFO
<LI><a href="#[72]">&gt;&gt;</a>&nbsp;&nbsp;&nbsp;LoRa_DelayMs
<LI><a href="#[6e]">&gt;&gt;</a>&nbsp;&nbsp;&nbsp;AT_Exec_SendCMD
<LI><a href="#[6c]">&gt;&gt;</a>&nbsp;&nbsp;&nbsp;strstr
</UL>
<BR>[Called By]<UL><LI><a href="#[13f]">&gt;&gt;</a>&nbsp;&nbsp;&nbsp;LoRaWAN_Init
</UL>

<P><STRONG><a name="[82]"></a>AT_LoRaWAN_getRX2</STRONG> (Thumb, 70 bytes, Stack size 16 bytes, lorawan_atcmd.o(i.AT_LoRaWAN_getRX2))
<BR><BR>[Stack]<UL><LI>Max Depth = 112<LI>Call Chain = AT_LoRaWAN_getRX2 &rArr; AT_Exec_SendCMD &rArr; INFO &rArr; Ble_SendData
</UL>
<BR>[Calls]<UL><LI><a href="#[6d]">&gt;&gt;</a>&nbsp;&nbsp;&nbsp;INFO
<LI><a href="#[72]">&gt;&gt;</a>&nbsp;&nbsp;&nbsp;LoRa_DelayMs
<LI><a href="#[6e]">&gt;&gt;</a>&nbsp;&nbsp;&nbsp;AT_Exec_SendCMD
<LI><a href="#[6c]">&gt;&gt;</a>&nbsp;&nbsp;&nbsp;strstr
</UL>
<BR>[Called By]<UL><LI><a href="#[13f]">&gt;&gt;</a>&nbsp;&nbsp;&nbsp;LoRaWAN_Init
</UL>

<P><STRONG><a name="[83]"></a>AT_LoRaWAN_getVer</STRONG> (Thumb, 70 bytes, Stack size 16 bytes, lorawan_atcmd.o(i.AT_LoRaWAN_getVer))
<BR><BR>[Stack]<UL><LI>Max Depth = 112<LI>Call Chain = AT_LoRaWAN_getVer &rArr; AT_Exec_SendCMD &rArr; INFO &rArr; Ble_SendData
</UL>
<BR>[Calls]<UL><LI><a href="#[6d]">&gt;&gt;</a>&nbsp;&nbsp;&nbsp;INFO
<LI><a href="#[72]">&gt;&gt;</a>&nbsp;&nbsp;&nbsp;LoRa_DelayMs
<LI><a href="#[6e]">&gt;&gt;</a>&nbsp;&nbsp;&nbsp;AT_Exec_SendCMD
<LI><a href="#[6c]">&gt;&gt;</a>&nbsp;&nbsp;&nbsp;strstr
</UL>
<BR>[Called By]<UL><LI><a href="#[13f]">&gt;&gt;</a>&nbsp;&nbsp;&nbsp;LoRaWAN_Init
</UL>

<P><STRONG><a name="[84]"></a>AT_LoRaWAN_restFactory</STRONG> (Thumb, 66 bytes, Stack size 8 bytes, lorawan_atcmd.o(i.AT_LoRaWAN_restFactory))
<BR><BR>[Stack]<UL><LI>Max Depth = 104<LI>Call Chain = AT_LoRaWAN_restFactory &rArr; AT_Exec_SendCMD &rArr; INFO &rArr; Ble_SendData
</UL>
<BR>[Calls]<UL><LI><a href="#[85]">&gt;&gt;</a>&nbsp;&nbsp;&nbsp;getLoRaWANBusyIOLevel
<LI><a href="#[72]">&gt;&gt;</a>&nbsp;&nbsp;&nbsp;LoRa_DelayMs
<LI><a href="#[6e]">&gt;&gt;</a>&nbsp;&nbsp;&nbsp;AT_Exec_SendCMD
</UL>
<BR>[Called By]<UL><LI><a href="#[13f]">&gt;&gt;</a>&nbsp;&nbsp;&nbsp;LoRaWAN_Init
</UL>

<P><STRONG><a name="[86]"></a>AT_LoRaWAN_saveEEPROM</STRONG> (Thumb, 42 bytes, Stack size 8 bytes, lorawan_atcmd.o(i.AT_LoRaWAN_saveEEPROM))
<BR><BR>[Stack]<UL><LI>Max Depth = 104<LI>Call Chain = AT_LoRaWAN_saveEEPROM &rArr; AT_Exec_SendCMD &rArr; INFO &rArr; Ble_SendData
</UL>
<BR>[Calls]<UL><LI><a href="#[72]">&gt;&gt;</a>&nbsp;&nbsp;&nbsp;LoRa_DelayMs
<LI><a href="#[6e]">&gt;&gt;</a>&nbsp;&nbsp;&nbsp;AT_Exec_SendCMD
</UL>
<BR>[Called By]<UL><LI><a href="#[13f]">&gt;&gt;</a>&nbsp;&nbsp;&nbsp;LoRaWAN_Init
</UL>

<P><STRONG><a name="[87]"></a>AT_LoRaWAN_setAPPEUI</STRONG> (Thumb, 106 bytes, Stack size 72 bytes, lorawan_atcmd.o(i.AT_LoRaWAN_setAPPEUI))
<BR><BR>[Stack]<UL><LI>Max Depth = 168<LI>Call Chain = AT_LoRaWAN_setAPPEUI &rArr; AT_Exec_SendCMD &rArr; INFO &rArr; Ble_SendData
</UL>
<BR>[Calls]<UL><LI><a href="#[72]">&gt;&gt;</a>&nbsp;&nbsp;&nbsp;LoRa_DelayMs
<LI><a href="#[6e]">&gt;&gt;</a>&nbsp;&nbsp;&nbsp;AT_Exec_SendCMD
<LI><a href="#[68]">&gt;&gt;</a>&nbsp;&nbsp;&nbsp;__2sprintf
<LI><a href="#[88]">&gt;&gt;</a>&nbsp;&nbsp;&nbsp;__aeabi_memcpy4
</UL>
<BR>[Called By]<UL><LI><a href="#[13f]">&gt;&gt;</a>&nbsp;&nbsp;&nbsp;LoRaWAN_Init
</UL>

<P><STRONG><a name="[89]"></a>AT_LoRaWAN_setAPPKEY</STRONG> (Thumb, 168 bytes, Stack size 128 bytes, lorawan_atcmd.o(i.AT_LoRaWAN_setAPPKEY))
<BR><BR>[Stack]<UL><LI>Max Depth = 224<LI>Call Chain = AT_LoRaWAN_setAPPKEY &rArr; AT_Exec_SendCMD &rArr; INFO &rArr; Ble_SendData
</UL>
<BR>[Calls]<UL><LI><a href="#[72]">&gt;&gt;</a>&nbsp;&nbsp;&nbsp;LoRa_DelayMs
<LI><a href="#[6e]">&gt;&gt;</a>&nbsp;&nbsp;&nbsp;AT_Exec_SendCMD
<LI><a href="#[68]">&gt;&gt;</a>&nbsp;&nbsp;&nbsp;__2sprintf
<LI><a href="#[88]">&gt;&gt;</a>&nbsp;&nbsp;&nbsp;__aeabi_memcpy4
</UL>
<BR>[Called By]<UL><LI><a href="#[13f]">&gt;&gt;</a>&nbsp;&nbsp;&nbsp;LoRaWAN_Init
</UL>

<P><STRONG><a name="[8a]"></a>AT_LoRaWAN_setBAND</STRONG> (Thumb, 54 bytes, Stack size 24 bytes, lorawan_atcmd.o(i.AT_LoRaWAN_setBAND))
<BR><BR>[Stack]<UL><LI>Max Depth = 120<LI>Call Chain = AT_LoRaWAN_setBAND &rArr; AT_Exec_SendCMD &rArr; INFO &rArr; Ble_SendData
</UL>
<BR>[Calls]<UL><LI><a href="#[72]">&gt;&gt;</a>&nbsp;&nbsp;&nbsp;LoRa_DelayMs
<LI><a href="#[6e]">&gt;&gt;</a>&nbsp;&nbsp;&nbsp;AT_Exec_SendCMD
<LI><a href="#[68]">&gt;&gt;</a>&nbsp;&nbsp;&nbsp;__2sprintf
</UL>
<BR>[Called By]<UL><LI><a href="#[13f]">&gt;&gt;</a>&nbsp;&nbsp;&nbsp;LoRaWAN_Init
</UL>

<P><STRONG><a name="[8b]"></a>AT_LoRaWAN_setClass</STRONG> (Thumb, 62 bytes, Stack size 24 bytes, lorawan_atcmd.o(i.AT_LoRaWAN_setClass))
<BR><BR>[Stack]<UL><LI>Max Depth = 120<LI>Call Chain = AT_LoRaWAN_setClass &rArr; AT_Exec_SendCMD &rArr; INFO &rArr; Ble_SendData
</UL>
<BR>[Calls]<UL><LI><a href="#[72]">&gt;&gt;</a>&nbsp;&nbsp;&nbsp;LoRa_DelayMs
<LI><a href="#[6e]">&gt;&gt;</a>&nbsp;&nbsp;&nbsp;AT_Exec_SendCMD
<LI><a href="#[68]">&gt;&gt;</a>&nbsp;&nbsp;&nbsp;__2sprintf
</UL>
<BR>[Called By]<UL><LI><a href="#[13f]">&gt;&gt;</a>&nbsp;&nbsp;&nbsp;LoRaWAN_Init
</UL>

<P><STRONG><a name="[8c]"></a>AT_LoRaWAN_setConfirm</STRONG> (Thumb, 70 bytes, Stack size 32 bytes, lorawan_atcmd.o(i.AT_LoRaWAN_setConfirm))
<BR><BR>[Stack]<UL><LI>Max Depth = 128<LI>Call Chain = AT_LoRaWAN_setConfirm &rArr; AT_Exec_SendCMD &rArr; INFO &rArr; Ble_SendData
</UL>
<BR>[Calls]<UL><LI><a href="#[72]">&gt;&gt;</a>&nbsp;&nbsp;&nbsp;LoRa_DelayMs
<LI><a href="#[6e]">&gt;&gt;</a>&nbsp;&nbsp;&nbsp;AT_Exec_SendCMD
<LI><a href="#[68]">&gt;&gt;</a>&nbsp;&nbsp;&nbsp;__2sprintf
</UL>
<BR>[Called By]<UL><LI><a href="#[13f]">&gt;&gt;</a>&nbsp;&nbsp;&nbsp;LoRaWAN_Init
</UL>

<P><STRONG><a name="[8d]"></a>AT_LoRaWAN_setJOIN</STRONG> (Thumb, 60 bytes, Stack size 8 bytes, lorawan_atcmd.o(i.AT_LoRaWAN_setJOIN))
<BR><BR>[Stack]<UL><LI>Max Depth = 104<LI>Call Chain = AT_LoRaWAN_setJOIN &rArr; AT_Exec_SendCMD &rArr; INFO &rArr; Ble_SendData
</UL>
<BR>[Calls]<UL><LI><a href="#[72]">&gt;&gt;</a>&nbsp;&nbsp;&nbsp;LoRa_DelayMs
<LI><a href="#[6e]">&gt;&gt;</a>&nbsp;&nbsp;&nbsp;AT_Exec_SendCMD
<LI><a href="#[3f]">&gt;&gt;</a>&nbsp;&nbsp;&nbsp;__aeabi_memclr
</UL>
<BR>[Called By]<UL><LI><a href="#[13f]">&gt;&gt;</a>&nbsp;&nbsp;&nbsp;LoRaWAN_Init
</UL>

<P><STRONG><a name="[8e]"></a>AT_LoRaWAN_setOTAA</STRONG> (Thumb, 42 bytes, Stack size 8 bytes, lorawan_atcmd.o(i.AT_LoRaWAN_setOTAA))
<BR><BR>[Stack]<UL><LI>Max Depth = 104<LI>Call Chain = AT_LoRaWAN_setOTAA &rArr; AT_Exec_SendCMD &rArr; INFO &rArr; Ble_SendData
</UL>
<BR>[Calls]<UL><LI><a href="#[72]">&gt;&gt;</a>&nbsp;&nbsp;&nbsp;LoRa_DelayMs
<LI><a href="#[6e]">&gt;&gt;</a>&nbsp;&nbsp;&nbsp;AT_Exec_SendCMD
</UL>
<BR>[Called By]<UL><LI><a href="#[13f]">&gt;&gt;</a>&nbsp;&nbsp;&nbsp;LoRaWAN_Init
</UL>

<P><STRONG><a name="[8f]"></a>AT_LoRaWAN_setPORT</STRONG> (Thumb, 62 bytes, Stack size 24 bytes, lorawan_atcmd.o(i.AT_LoRaWAN_setPORT))
<BR><BR>[Stack]<UL><LI>Max Depth = 120<LI>Call Chain = AT_LoRaWAN_setPORT &rArr; AT_Exec_SendCMD &rArr; INFO &rArr; Ble_SendData
</UL>
<BR>[Calls]<UL><LI><a href="#[72]">&gt;&gt;</a>&nbsp;&nbsp;&nbsp;LoRa_DelayMs
<LI><a href="#[6e]">&gt;&gt;</a>&nbsp;&nbsp;&nbsp;AT_Exec_SendCMD
<LI><a href="#[68]">&gt;&gt;</a>&nbsp;&nbsp;&nbsp;__2sprintf
</UL>
<BR>[Called By]<UL><LI><a href="#[13f]">&gt;&gt;</a>&nbsp;&nbsp;&nbsp;LoRaWAN_Init
</UL>

<P><STRONG><a name="[90]"></a>Acc_Handler</STRONG> (Thumb, 438 bytes, Stack size 16 bytes, acc.o(i.Acc_Handler))
<BR><BR>[Stack]<UL><LI>Max Depth = 176<LI>Call Chain = Acc_Handler &rArr; lis3dh_new_data &rArr; lis3dh_reg_read &rArr; lis3dh_i2c_read &rArr; i2c_slave_read &rArr; I2C1_MasterRead &rArr; I2C1_WriteMemAddr
</UL>
<BR>[Calls]<UL><LI><a href="#[92]">&gt;&gt;</a>&nbsp;&nbsp;&nbsp;lis3dh_new_data
<LI><a href="#[93]">&gt;&gt;</a>&nbsp;&nbsp;&nbsp;lis3dh_get_raw_data
<LI><a href="#[91]">&gt;&gt;</a>&nbsp;&nbsp;&nbsp;get_syspant_ms
<LI><a href="#[95]">&gt;&gt;</a>&nbsp;&nbsp;&nbsp;slid_update
<LI><a href="#[98]">&gt;&gt;</a>&nbsp;&nbsp;&nbsp;peak_value_init
<LI><a href="#[96]">&gt;&gt;</a>&nbsp;&nbsp;&nbsp;peak_update
<LI><a href="#[94]">&gt;&gt;</a>&nbsp;&nbsp;&nbsp;filter_calculate
<LI><a href="#[97]">&gt;&gt;</a>&nbsp;&nbsp;&nbsp;detect_step
<LI><a href="#[74]">&gt;&gt;</a>&nbsp;&nbsp;&nbsp;__aeabi_memclr4
</UL>
<BR>[Called By]<UL><LI><a href="#[1f]">&gt;&gt;</a>&nbsp;&nbsp;&nbsp;main
</UL>

<P><STRONG><a name="[99]"></a>Acc_Init</STRONG> (Thumb, 148 bytes, Stack size 16 bytes, acc.o(i.Acc_Init))
<BR><BR>[Stack]<UL><LI>Max Depth = 200<LI>Call Chain = Acc_Init &rArr; lis3dh_init_sensor &rArr; lis3dh_reset &rArr; lis3dh_reg_write &rArr; lis3dh_i2c_write &rArr; i2c_slave_write &rArr; I2C1_MasterWrite &rArr; I2C1_WriteMemAddr
</UL>
<BR>[Calls]<UL><LI><a href="#[9e]">&gt;&gt;</a>&nbsp;&nbsp;&nbsp;lis3dh_set_scale
<LI><a href="#[9f]">&gt;&gt;</a>&nbsp;&nbsp;&nbsp;lis3dh_set_mode
<LI><a href="#[9a]">&gt;&gt;</a>&nbsp;&nbsp;&nbsp;lis3dh_init_sensor
<LI><a href="#[9c]">&gt;&gt;</a>&nbsp;&nbsp;&nbsp;lis3dh_get_hpf_ref
<LI><a href="#[9d]">&gt;&gt;</a>&nbsp;&nbsp;&nbsp;lis3dh_enable_adc
<LI><a href="#[9b]">&gt;&gt;</a>&nbsp;&nbsp;&nbsp;lis3dh_config_hpf
<LI><a href="#[98]">&gt;&gt;</a>&nbsp;&nbsp;&nbsp;peak_value_init
<LI><a href="#[6d]">&gt;&gt;</a>&nbsp;&nbsp;&nbsp;INFO
</UL>
<BR>[Called By]<UL><LI><a href="#[1f]">&gt;&gt;</a>&nbsp;&nbsp;&nbsp;main
</UL>

<P><STRONG><a name="[a0]"></a>App_LpUart1Cfg</STRONG> (Thumb, 264 bytes, Stack size 56 bytes, uart.o(i.App_LpUart1Cfg))
<BR><BR>[Stack]<UL><LI>Max Depth = 164<LI>Call Chain = App_LpUart1Cfg &rArr; LL_LPUART_Init &rArr; LL_RCC_GetLPUARTClockFreq &rArr; RCC_GetSystemClockFreq &rArr; RCC_PLL_GetFreqDomain_SYS &rArr; __aeabi_uidivmod
</UL>
<BR>[Calls]<UL><LI><a href="#[a3]">&gt;&gt;</a>&nbsp;&nbsp;&nbsp;LL_GPIO_Init
<LI><a href="#[a6]">&gt;&gt;</a>&nbsp;&nbsp;&nbsp;LL_LPUART_Init
<LI><a href="#[a9]">&gt;&gt;</a>&nbsp;&nbsp;&nbsp;__set_PRIMASK
<LI><a href="#[a8]">&gt;&gt;</a>&nbsp;&nbsp;&nbsp;__get_PRIMASK
<LI><a href="#[a4]">&gt;&gt;</a>&nbsp;&nbsp;&nbsp;__NVIC_SetPriority
<LI><a href="#[a5]">&gt;&gt;</a>&nbsp;&nbsp;&nbsp;__NVIC_EnableIRQ
<LI><a href="#[a7]">&gt;&gt;</a>&nbsp;&nbsp;&nbsp;LL_LPUART_EnableIT_RXNE
<LI><a href="#[a2]">&gt;&gt;</a>&nbsp;&nbsp;&nbsp;LL_IOP_GRP1_EnableClock
<LI><a href="#[a1]">&gt;&gt;</a>&nbsp;&nbsp;&nbsp;LL_APB1_GRP1_EnableClock
<LI><a href="#[74]">&gt;&gt;</a>&nbsp;&nbsp;&nbsp;__aeabi_memclr4
</UL>
<BR>[Called By]<UL><LI><a href="#[1a3]">&gt;&gt;</a>&nbsp;&nbsp;&nbsp;systemLowPowerMode_Config
<LI><a href="#[1f]">&gt;&gt;</a>&nbsp;&nbsp;&nbsp;main
</UL>

<P><STRONG><a name="[aa]"></a>App_PortCfg</STRONG> (Thumb, 644 bytes, Stack size 40 bytes, gpio.o(i.App_PortCfg))
<BR><BR>[Stack]<UL><LI>Max Depth = 64<LI>Call Chain = App_PortCfg &rArr; button_init
</UL>
<BR>[Calls]<UL><LI><a href="#[af]">&gt;&gt;</a>&nbsp;&nbsp;&nbsp;LL_GPIO_WriteOutputPin
<LI><a href="#[b8]">&gt;&gt;</a>&nbsp;&nbsp;&nbsp;button_start
<LI><a href="#[b6]">&gt;&gt;</a>&nbsp;&nbsp;&nbsp;button_init
<LI><a href="#[b7]">&gt;&gt;</a>&nbsp;&nbsp;&nbsp;button_attach
<LI><a href="#[a3]">&gt;&gt;</a>&nbsp;&nbsp;&nbsp;LL_GPIO_Init
<LI><a href="#[ac]">&gt;&gt;</a>&nbsp;&nbsp;&nbsp;LL_GPIO_DeInit
<LI><a href="#[b3]">&gt;&gt;</a>&nbsp;&nbsp;&nbsp;LL_EXTI_Init
<LI><a href="#[b4]">&gt;&gt;</a>&nbsp;&nbsp;&nbsp;__NVIC_SetPriority
<LI><a href="#[b5]">&gt;&gt;</a>&nbsp;&nbsp;&nbsp;__NVIC_EnableIRQ
<LI><a href="#[b0]">&gt;&gt;</a>&nbsp;&nbsp;&nbsp;LL_SYSCFG_SetEXTISource
<LI><a href="#[ab]">&gt;&gt;</a>&nbsp;&nbsp;&nbsp;LL_IOP_GRP1_EnableClock
<LI><a href="#[b1]">&gt;&gt;</a>&nbsp;&nbsp;&nbsp;LL_GPIO_SetPinPull
<LI><a href="#[b2]">&gt;&gt;</a>&nbsp;&nbsp;&nbsp;LL_GPIO_SetPinMode
<LI><a href="#[ae]">&gt;&gt;</a>&nbsp;&nbsp;&nbsp;LL_GPIO_SetOutputPin
<LI><a href="#[ad]">&gt;&gt;</a>&nbsp;&nbsp;&nbsp;LL_GPIO_ResetOutputPin
<LI><a href="#[74]">&gt;&gt;</a>&nbsp;&nbsp;&nbsp;__aeabi_memclr4
</UL>
<BR>[Called By]<UL><LI><a href="#[1a3]">&gt;&gt;</a>&nbsp;&nbsp;&nbsp;systemLowPowerMode_Config
<LI><a href="#[1f]">&gt;&gt;</a>&nbsp;&nbsp;&nbsp;main
</UL>

<P><STRONG><a name="[b9]"></a>App_Uart1Cfg</STRONG> (Thumb, 184 bytes, Stack size 56 bytes, uart.o(i.App_Uart1Cfg))
<BR><BR>[Stack]<UL><LI>Max Depth = 164<LI>Call Chain = App_Uart1Cfg &rArr; LL_USART_Init &rArr; LL_RCC_GetUSARTClockFreq &rArr; RCC_GetSystemClockFreq &rArr; RCC_PLL_GetFreqDomain_SYS &rArr; __aeabi_uidivmod
</UL>
<BR>[Calls]<UL><LI><a href="#[a3]">&gt;&gt;</a>&nbsp;&nbsp;&nbsp;LL_GPIO_Init
<LI><a href="#[bb]">&gt;&gt;</a>&nbsp;&nbsp;&nbsp;LL_USART_Init
<LI><a href="#[a4]">&gt;&gt;</a>&nbsp;&nbsp;&nbsp;__NVIC_SetPriority
<LI><a href="#[a5]">&gt;&gt;</a>&nbsp;&nbsp;&nbsp;__NVIC_EnableIRQ
<LI><a href="#[be]">&gt;&gt;</a>&nbsp;&nbsp;&nbsp;LL_USART_EnableIT_RXNE
<LI><a href="#[bf]">&gt;&gt;</a>&nbsp;&nbsp;&nbsp;LL_USART_EnableIT_PE
<LI><a href="#[bd]">&gt;&gt;</a>&nbsp;&nbsp;&nbsp;LL_USART_Enable
<LI><a href="#[bc]">&gt;&gt;</a>&nbsp;&nbsp;&nbsp;LL_USART_ConfigAsyncMode
<LI><a href="#[c0]">&gt;&gt;</a>&nbsp;&nbsp;&nbsp;LL_USART_ClearFlag_PE
<LI><a href="#[a2]">&gt;&gt;</a>&nbsp;&nbsp;&nbsp;LL_IOP_GRP1_EnableClock
<LI><a href="#[ba]">&gt;&gt;</a>&nbsp;&nbsp;&nbsp;LL_APB2_GRP1_EnableClock
<LI><a href="#[74]">&gt;&gt;</a>&nbsp;&nbsp;&nbsp;__aeabi_memclr4
</UL>
<BR>[Called By]<UL><LI><a href="#[1a3]">&gt;&gt;</a>&nbsp;&nbsp;&nbsp;systemLowPowerMode_Config
<LI><a href="#[1f]">&gt;&gt;</a>&nbsp;&nbsp;&nbsp;main
</UL>

<P><STRONG><a name="[c1]"></a>App_Uart2Cfg</STRONG> (Thumb, 214 bytes, Stack size 56 bytes, uart.o(i.App_Uart2Cfg))
<BR><BR>[Stack]<UL><LI>Max Depth = 164<LI>Call Chain = App_Uart2Cfg &rArr; LL_USART_Init &rArr; LL_RCC_GetUSARTClockFreq &rArr; RCC_GetSystemClockFreq &rArr; RCC_PLL_GetFreqDomain_SYS &rArr; __aeabi_uidivmod
</UL>
<BR>[Calls]<UL><LI><a href="#[a3]">&gt;&gt;</a>&nbsp;&nbsp;&nbsp;LL_GPIO_Init
<LI><a href="#[bb]">&gt;&gt;</a>&nbsp;&nbsp;&nbsp;LL_USART_Init
<LI><a href="#[a4]">&gt;&gt;</a>&nbsp;&nbsp;&nbsp;__NVIC_SetPriority
<LI><a href="#[a5]">&gt;&gt;</a>&nbsp;&nbsp;&nbsp;__NVIC_EnableIRQ
<LI><a href="#[be]">&gt;&gt;</a>&nbsp;&nbsp;&nbsp;LL_USART_EnableIT_RXNE
<LI><a href="#[bf]">&gt;&gt;</a>&nbsp;&nbsp;&nbsp;LL_USART_EnableIT_PE
<LI><a href="#[bd]">&gt;&gt;</a>&nbsp;&nbsp;&nbsp;LL_USART_Enable
<LI><a href="#[bc]">&gt;&gt;</a>&nbsp;&nbsp;&nbsp;LL_USART_ConfigAsyncMode
<LI><a href="#[c0]">&gt;&gt;</a>&nbsp;&nbsp;&nbsp;LL_USART_ClearFlag_PE
<LI><a href="#[a2]">&gt;&gt;</a>&nbsp;&nbsp;&nbsp;LL_IOP_GRP1_EnableClock
<LI><a href="#[a1]">&gt;&gt;</a>&nbsp;&nbsp;&nbsp;LL_APB1_GRP1_EnableClock
<LI><a href="#[74]">&gt;&gt;</a>&nbsp;&nbsp;&nbsp;__aeabi_memclr4
</UL>
<BR>[Called By]<UL><LI><a href="#[1a3]">&gt;&gt;</a>&nbsp;&nbsp;&nbsp;systemLowPowerMode_Config
<LI><a href="#[1f]">&gt;&gt;</a>&nbsp;&nbsp;&nbsp;main
</UL>

<P><STRONG><a name="[c2]"></a>BEEP_Init</STRONG> (Thumb, 294 bytes, Stack size 88 bytes, tim.o(i.BEEP_Init))
<BR><BR>[Stack]<UL><LI>Max Depth = 128<LI>Call Chain = BEEP_Init &rArr; LL_TIM_OC_Init &rArr; OC4Config
</UL>
<BR>[Calls]<UL><LI><a href="#[c8]">&gt;&gt;</a>&nbsp;&nbsp;&nbsp;__NVIC_SetPriority
<LI><a href="#[c9]">&gt;&gt;</a>&nbsp;&nbsp;&nbsp;__NVIC_EnableIRQ
<LI><a href="#[c6]">&gt;&gt;</a>&nbsp;&nbsp;&nbsp;LL_TIM_SetTriggerOutput
<LI><a href="#[c7]">&gt;&gt;</a>&nbsp;&nbsp;&nbsp;LL_TIM_DisableMasterSlaveMode
<LI><a href="#[c3]">&gt;&gt;</a>&nbsp;&nbsp;&nbsp;LL_APB1_GRP1_EnableClock
<LI><a href="#[a3]">&gt;&gt;</a>&nbsp;&nbsp;&nbsp;LL_GPIO_Init
<LI><a href="#[c5]">&gt;&gt;</a>&nbsp;&nbsp;&nbsp;LL_TIM_OC_Init
<LI><a href="#[c4]">&gt;&gt;</a>&nbsp;&nbsp;&nbsp;LL_TIM_Init
<LI><a href="#[74]">&gt;&gt;</a>&nbsp;&nbsp;&nbsp;__aeabi_memclr4
</UL>
<BR>[Called By]<UL><LI><a href="#[ca]">&gt;&gt;</a>&nbsp;&nbsp;&nbsp;BEEP_RUN
</UL>

<P><STRONG><a name="[ca]"></a>BEEP_RUN</STRONG> (Thumb, 92 bytes, Stack size 24 bytes, tim.o(i.BEEP_RUN))
<BR><BR>[Stack]<UL><LI>Max Depth = 152<LI>Call Chain = BEEP_RUN &rArr; BEEP_Init &rArr; LL_TIM_OC_Init &rArr; OC4Config
</UL>
<BR>[Calls]<UL><LI><a href="#[6a]">&gt;&gt;</a>&nbsp;&nbsp;&nbsp;mDelay
<LI><a href="#[cc]">&gt;&gt;</a>&nbsp;&nbsp;&nbsp;LL_TIM_EnableCounter
<LI><a href="#[cb]">&gt;&gt;</a>&nbsp;&nbsp;&nbsp;LL_TIM_EnableARRPreload
<LI><a href="#[cd]">&gt;&gt;</a>&nbsp;&nbsp;&nbsp;LL_TIM_DeInit
<LI><a href="#[c2]">&gt;&gt;</a>&nbsp;&nbsp;&nbsp;BEEP_Init
<LI><a href="#[36]">&gt;&gt;</a>&nbsp;&nbsp;&nbsp;__aeabi_uidivmod
</UL>
<BR>[Called By]<UL><LI><a href="#[dd]">&gt;&gt;</a>&nbsp;&nbsp;&nbsp;GpioEventProcess
<LI><a href="#[146]">&gt;&gt;</a>&nbsp;&nbsp;&nbsp;LoRaWAN_JoinInit
<LI><a href="#[1f]">&gt;&gt;</a>&nbsp;&nbsp;&nbsp;main
</UL>

<P><STRONG><a name="[28]"></a>BUTTON1_DOUBLE_CLICK_Handler</STRONG> (Thumb, 64 bytes, Stack size 4 bytes, gpio.o(i.BUTTON1_DOUBLE_CLICK_Handler))
<BR><BR>[Stack]<UL><LI>Max Depth = 4<LI>Call Chain = BUTTON1_DOUBLE_CLICK_Handler
</UL>
<BR>[Calls]<UL><LI><a href="#[af]">&gt;&gt;</a>&nbsp;&nbsp;&nbsp;LL_GPIO_WriteOutputPin
</UL>
<BR>[Address Reference Count : 1]<UL><LI> gpio.o(i.App_PortCfg)
</UL>
<P><STRONG><a name="[29]"></a>BUTTON1_LONG_RRESS_START_Handler</STRONG> (Thumb, 76 bytes, Stack size 4 bytes, gpio.o(i.BUTTON1_LONG_RRESS_START_Handler))
<BR><BR>[Stack]<UL><LI>Max Depth = 4<LI>Call Chain = BUTTON1_LONG_RRESS_START_Handler
</UL>
<BR>[Calls]<UL><LI><a href="#[af]">&gt;&gt;</a>&nbsp;&nbsp;&nbsp;LL_GPIO_WriteOutputPin
</UL>
<BR>[Address Reference Count : 1]<UL><LI> gpio.o(i.App_PortCfg)
</UL>
<P><STRONG><a name="[27]"></a>BUTTON1_SINGLE_CLICK_Handler</STRONG> (Thumb, 110 bytes, Stack size 0 bytes, gpio.o(i.BUTTON1_SINGLE_CLICK_Handler))
<BR>[Address Reference Count : 1]<UL><LI> gpio.o(i.App_PortCfg)
</UL>
<P><STRONG><a name="[6b]"></a>Ble_SendCMD</STRONG> (Thumb, 22 bytes, Stack size 16 bytes, uart.o(i.Ble_SendCMD))
<BR><BR>[Stack]<UL><LI>Max Depth = 40<LI>Call Chain = Ble_SendCMD &rArr; Ble_SendData
</UL>
<BR>[Calls]<UL><LI><a href="#[cf]">&gt;&gt;</a>&nbsp;&nbsp;&nbsp;Ble_SendData
<LI><a href="#[ce]">&gt;&gt;</a>&nbsp;&nbsp;&nbsp;strlen
</UL>
<BR>[Called By]<UL><LI><a href="#[186]">&gt;&gt;</a>&nbsp;&nbsp;&nbsp;fromBleDataHandle
<LI><a href="#[69]">&gt;&gt;</a>&nbsp;&nbsp;&nbsp;AT_Exec_SendCMD
</UL>

<P><STRONG><a name="[cf]"></a>Ble_SendData</STRONG> (Thumb, 44 bytes, Stack size 24 bytes, uart.o(i.Ble_SendData))
<BR><BR>[Stack]<UL><LI>Max Depth = 24<LI>Call Chain = Ble_SendData
</UL>
<BR>[Calls]<UL><LI><a href="#[d0]">&gt;&gt;</a>&nbsp;&nbsp;&nbsp;LL_USART_TransmitData8
<LI><a href="#[d1]">&gt;&gt;</a>&nbsp;&nbsp;&nbsp;LL_USART_IsActiveFlag_TC
</UL>
<BR>[Called By]<UL><LI><a href="#[6b]">&gt;&gt;</a>&nbsp;&nbsp;&nbsp;Ble_SendCMD
<LI><a href="#[6d]">&gt;&gt;</a>&nbsp;&nbsp;&nbsp;INFO
</UL>

<P><STRONG><a name="[d2]"></a>DebugHexInfo</STRONG> (Thumb, 42 bytes, Stack size 24 bytes, uart.o(i.DebugHexInfo))
<BR><BR>[Stack]<UL><LI>Max Depth = 80<LI>Call Chain = DebugHexInfo &rArr; INFO &rArr; Ble_SendData
</UL>
<BR>[Calls]<UL><LI><a href="#[6d]">&gt;&gt;</a>&nbsp;&nbsp;&nbsp;INFO
</UL>
<BR>[Called By]<UL><LI><a href="#[d9]">&gt;&gt;</a>&nbsp;&nbsp;&nbsp;sendLoRaWANData
<LI><a href="#[18f]">&gt;&gt;</a>&nbsp;&nbsp;&nbsp;fromLoRaWANDataHandle
</UL>

<P><STRONG><a name="[d3]"></a>DeciceEvent_Process</STRONG> (Thumb, 340 bytes, Stack size 8 bytes, communicate.o(i.DeciceEvent_Process))
<BR><BR>[Stack]<UL><LI>Max Depth = 64<LI>Call Chain = DeciceEvent_Process &rArr; INFO &rArr; Ble_SendData
</UL>
<BR>[Calls]<UL><LI><a href="#[d6]">&gt;&gt;</a>&nbsp;&nbsp;&nbsp;lwrb_write
<LI><a href="#[d5]">&gt;&gt;</a>&nbsp;&nbsp;&nbsp;lwrb_get_free
<LI><a href="#[d4]">&gt;&gt;</a>&nbsp;&nbsp;&nbsp;setDataPackage
<LI><a href="#[6d]">&gt;&gt;</a>&nbsp;&nbsp;&nbsp;INFO
<LI><a href="#[74]">&gt;&gt;</a>&nbsp;&nbsp;&nbsp;__aeabi_memclr4
</UL>
<BR>[Called By]<UL><LI><a href="#[d7]">&gt;&gt;</a>&nbsp;&nbsp;&nbsp;DeviceStateProcess
</UL>

<P><STRONG><a name="[d7]"></a>DeviceStateProcess</STRONG> (Thumb, 186 bytes, Stack size 8 bytes, communicate.o(i.DeviceStateProcess))
<BR><BR>[Stack]<UL><LI>Max Depth = 200<LI>Call Chain = DeviceStateProcess &rArr; GpioEventProcess &rArr; lis3dh_set_mode &rArr; lis3dh_reg_write &rArr; lis3dh_i2c_write &rArr; i2c_slave_write &rArr; I2C1_MasterWrite &rArr; I2C1_WriteMemAddr
</UL>
<BR>[Calls]<UL><LI><a href="#[da]">&gt;&gt;</a>&nbsp;&nbsp;&nbsp;lwrb_reset
<LI><a href="#[d8]">&gt;&gt;</a>&nbsp;&nbsp;&nbsp;lwrb_read
<LI><a href="#[dd]">&gt;&gt;</a>&nbsp;&nbsp;&nbsp;GpioEventProcess
<LI><a href="#[d9]">&gt;&gt;</a>&nbsp;&nbsp;&nbsp;sendLoRaWANData
<LI><a href="#[dc]">&gt;&gt;</a>&nbsp;&nbsp;&nbsp;Device_SyncData
<LI><a href="#[db]">&gt;&gt;</a>&nbsp;&nbsp;&nbsp;Device_PeriodicReport
<LI><a href="#[d3]">&gt;&gt;</a>&nbsp;&nbsp;&nbsp;DeciceEvent_Process
<LI><a href="#[74]">&gt;&gt;</a>&nbsp;&nbsp;&nbsp;__aeabi_memclr4
<LI><a href="#[3f]">&gt;&gt;</a>&nbsp;&nbsp;&nbsp;__aeabi_memclr
</UL>
<BR>[Called By]<UL><LI><a href="#[1f]">&gt;&gt;</a>&nbsp;&nbsp;&nbsp;main
</UL>

<P><STRONG><a name="[db]"></a>Device_PeriodicReport</STRONG> (Thumb, 224 bytes, Stack size 16 bytes, communicate.o(i.Device_PeriodicReport))
<BR><BR>[Stack]<UL><LI>Max Depth = 192<LI>Call Chain = Device_PeriodicReport &rArr; sendLoRaWANData &rArr; ADC_BatterySglConvert &rArr; __aeabi_dmul &rArr; _double_epilogue &rArr; __aeabi_llsr
</UL>
<BR>[Calls]<UL><LI><a href="#[d4]">&gt;&gt;</a>&nbsp;&nbsp;&nbsp;setDataPackage
<LI><a href="#[d9]">&gt;&gt;</a>&nbsp;&nbsp;&nbsp;sendLoRaWANData
<LI><a href="#[74]">&gt;&gt;</a>&nbsp;&nbsp;&nbsp;__aeabi_memclr4
</UL>
<BR>[Called By]<UL><LI><a href="#[d7]">&gt;&gt;</a>&nbsp;&nbsp;&nbsp;DeviceStateProcess
</UL>

<P><STRONG><a name="[dc]"></a>Device_SyncData</STRONG> (Thumb, 48 bytes, Stack size 16 bytes, communicate.o(i.Device_SyncData))
<BR><BR>[Stack]<UL><LI>Max Depth = 192<LI>Call Chain = Device_SyncData &rArr; sendLoRaWANData &rArr; ADC_BatterySglConvert &rArr; __aeabi_dmul &rArr; _double_epilogue &rArr; __aeabi_llsr
</UL>
<BR>[Calls]<UL><LI><a href="#[d4]">&gt;&gt;</a>&nbsp;&nbsp;&nbsp;setDataPackage
<LI><a href="#[d9]">&gt;&gt;</a>&nbsp;&nbsp;&nbsp;sendLoRaWANData
<LI><a href="#[74]">&gt;&gt;</a>&nbsp;&nbsp;&nbsp;__aeabi_memclr4
</UL>
<BR>[Called By]<UL><LI><a href="#[d7]">&gt;&gt;</a>&nbsp;&nbsp;&nbsp;DeviceStateProcess
</UL>

<P><STRONG><a name="[c]"></a>EXTI0_1_IRQHandler</STRONG> (Thumb, 140 bytes, Stack size 8 bytes, gpio.o(i.EXTI0_1_IRQHandler))
<BR><BR>[Stack]<UL><LI>Max Depth = 8<LI>Call Chain = EXTI0_1_IRQHandler
</UL>
<BR>[Calls]<UL><LI><a href="#[de]">&gt;&gt;</a>&nbsp;&nbsp;&nbsp;LL_EXTI_IsActiveFlag_0_31
<LI><a href="#[df]">&gt;&gt;</a>&nbsp;&nbsp;&nbsp;LL_EXTI_ClearFlag_0_31
</UL>
<BR>[Address Reference Count : 1]<UL><LI> startup_stm32l051xx.o(RESET)
</UL>
<P><STRONG><a name="[e]"></a>EXTI4_15_IRQHandler</STRONG> (Thumb, 84 bytes, Stack size 8 bytes, gpio.o(i.EXTI4_15_IRQHandler))
<BR><BR>[Stack]<UL><LI>Max Depth = 8<LI>Call Chain = EXTI4_15_IRQHandler
</UL>
<BR>[Calls]<UL><LI><a href="#[de]">&gt;&gt;</a>&nbsp;&nbsp;&nbsp;LL_EXTI_IsActiveFlag_0_31
<LI><a href="#[df]">&gt;&gt;</a>&nbsp;&nbsp;&nbsp;LL_EXTI_ClearFlag_0_31
</UL>
<BR>[Address Reference Count : 1]<UL><LI> startup_stm32l051xx.o(RESET)
</UL>
<P><STRONG><a name="[e0]"></a>EnterStopMode</STRONG> (Thumb, 36 bytes, Stack size 8 bytes, tim.o(i.EnterStopMode))
<BR><BR>[Stack]<UL><LI>Max Depth = 8<LI>Call Chain = EnterStopMode
</UL>
<BR>[Calls]<UL><LI><a href="#[e2]">&gt;&gt;</a>&nbsp;&nbsp;&nbsp;LL_PWR_SetPowerMode
<LI><a href="#[e1]">&gt;&gt;</a>&nbsp;&nbsp;&nbsp;LL_PWR_EnableUltraLowPower
<LI><a href="#[e3]">&gt;&gt;</a>&nbsp;&nbsp;&nbsp;LL_LPM_EnableDeepSleep
</UL>
<BR>[Called By]<UL><LI><a href="#[1a3]">&gt;&gt;</a>&nbsp;&nbsp;&nbsp;systemLowPowerMode_Config
</UL>

<P><STRONG><a name="[152]"></a>Enter_RTC_InitMode</STRONG> (Thumb, 34 bytes, Stack size 0 bytes, tim.o(i.Enter_RTC_InitMode))
<BR><BR>[Called By]<UL><LI><a href="#[151]">&gt;&gt;</a>&nbsp;&nbsp;&nbsp;RTC_Init
</UL>

<P><STRONG><a name="[e4]"></a>Exit_RTC_InitMode</STRONG> (Thumb, 20 bytes, Stack size 4 bytes, tim.o(i.Exit_RTC_InitMode))
<BR><BR>[Stack]<UL><LI>Max Depth = 4<LI>Call Chain = Exit_RTC_InitMode
</UL>
<BR>[Calls]<UL><LI><a href="#[e5]">&gt;&gt;</a>&nbsp;&nbsp;&nbsp;WaitForSynchro_RTC
</UL>
<BR>[Called By]<UL><LI><a href="#[151]">&gt;&gt;</a>&nbsp;&nbsp;&nbsp;RTC_Init
</UL>

<P><STRONG><a name="[fc]"></a>FLASH_PageErase</STRONG> (Thumb, 42 bytes, Stack size 0 bytes, stm32l0xx_hal_flash_ex.o(i.FLASH_PageErase))
<BR><BR>[Called By]<UL><LI><a href="#[f1]">&gt;&gt;</a>&nbsp;&nbsp;&nbsp;HAL_FLASHEx_Erase
</UL>

<P><STRONG><a name="[e6]"></a>FLASH_Read_Gps_Locate_Interval</STRONG> (Thumb, 284 bytes, Stack size 48 bytes, flash.o(i.FLASH_Read_Gps_Locate_Interval))
<BR><BR>[Stack]<UL><LI>Max Depth = 104<LI>Call Chain = FLASH_Read_Gps_Locate_Interval &rArr; INFO &rArr; Ble_SendData
</UL>
<BR>[Calls]<UL><LI><a href="#[6d]">&gt;&gt;</a>&nbsp;&nbsp;&nbsp;INFO
<LI><a href="#[e7]">&gt;&gt;</a>&nbsp;&nbsp;&nbsp;FLASH_Read_NWord
<LI><a href="#[3f]">&gt;&gt;</a>&nbsp;&nbsp;&nbsp;__aeabi_memclr
</UL>
<BR>[Called By]<UL><LI><a href="#[e9]">&gt;&gt;</a>&nbsp;&nbsp;&nbsp;FLASH_Read_Param
</UL>

[...]
</UL>

<P><STRONG><a name="[1af]"></a>print_object</STRONG> (Thumb, 396 bytes, Stack size 32 bytes, cjson.o(i.print_object))
<BR><BR>[Stack]<UL><LI>Max Depth = 104 + In Cycle
<LI>Call Chain = print_object &rArr;  print_value (Cycle)
</UL>
<BR>[Calls]<UL><LI><a href="#[1aa]">&gt;&gt;</a>&nbsp;&nbsp;&nbsp;update_offset
<LI><a href="#[1a9]">&gt;&gt;</a>&nbsp;&nbsp;&nbsp;print_value
<LI><a href="#[1b0]">&gt;&gt;</a>&nbsp;&nbsp;&nbsp;print_string_ptr
<LI><a href="#[185]">&gt;&gt;</a>&nbsp;&nbsp;&nbsp;ensure
</UL>
<BR>[Called By]<UL><LI><a href="#[1a9]">&gt;&gt;</a>&nbsp;&nbsp;&nbsp;print_value
</UL>

<P><STRONG><a name="[1b1]"></a>print_string</STRONG> (Thumb, 16 bytes, Stack size 16 bytes, cjson.o(i.print_string))
<BR><BR>[Stack]<UL><LI>Max Depth = 88<LI>Call Chain = print_string &rArr; print_string_ptr &rArr; ensure &rArr; memcpy
</UL>
<BR>[Calls]<UL><LI><a href="#[1b0]">&gt;&gt;</a>&nbsp;&nbsp;&nbsp;print_string_ptr
</UL>
<BR>[Called By]<UL><LI><a href="#[1a9]">&gt;&gt;</a>&nbsp;&nbsp;&nbsp;print_value
</UL>

<P><STRONG><a name="[1b0]"></a>print_string_ptr</STRONG> (Thumb, 370 bytes, Stack size 40 bytes, cjson.o(i.print_string_ptr))
<BR><BR>[Stack]<UL><LI>Max Depth = 72<LI>Call Chain = print_string_ptr &rArr; ensure &rArr; memcpy
</UL>
<BR>[Calls]<UL><LI><a href="#[185]">&gt;&gt;</a>&nbsp;&nbsp;&nbsp;ensure
<LI><a href="#[1ae]">&gt;&gt;</a>&nbsp;&nbsp;&nbsp;sprintf
<LI><a href="#[1b2]">&gt;&gt;</a>&nbsp;&nbsp;&nbsp;strcpy
<LI><a href="#[17b]">&gt;&gt;</a>&nbsp;&nbsp;&nbsp;memcpy
</UL>
<BR>[Called By]<UL><LI><a href="#[1b1]">&gt;&gt;</a>&nbsp;&nbsp;&nbsp;print_string
<LI><a href="#[1af]">&gt;&gt;</a>&nbsp;&nbsp;&nbsp;print_object
</UL>

<P><STRONG><a name="[1a9]"></a>print_value</STRONG> (Thumb, 236 bytes, Stack size 24 bytes, cjson.o(i.print_value))
<BR><BR>[Stack]<UL><LI>Max Depth = 400<LI>Call Chain = print_value &rArr; print_number &rArr; sscanf &rArr; __vfscanf_char &rArr; __vfscanf &rArr; _scanf_longlong &rArr; __aeabi_lmul &rArr; __aeabi_llsl
</UL>
<BR>[Calls]<UL><LI><a href="#[1b1]">&gt;&gt;</a>&nbsp;&nbsp;&nbsp;print_string
<LI><a href="#[1af]">&gt;&gt;</a>&nbsp;&nbsp;&nbsp;print_object
<LI><a href="#[1ac]">&gt;&gt;</a>&nbsp;&nbsp;&nbsp;print_number
<LI><a href="#[1ab]">&gt;&gt;</a>&nbsp;&nbsp;&nbsp;print_array
<LI><a href="#[185]">&gt;&gt;</a>&nbsp;&nbsp;&nbsp;ensure
<LI><a href="#[1b2]">&gt;&gt;</a>&nbsp;&nbsp;&nbsp;strcpy
<LI><a href="#[ce]">&gt;&gt;</a>&nbsp;&nbsp;&nbsp;strlen
<LI><a href="#[17b]">&gt;&gt;</a>&nbsp;&nbsp;&nbsp;memcpy
</UL>
<BR>[Called By]<UL><LI><a href="#[1af]">&gt;&gt;</a>&nbsp;&nbsp;&nbsp;print_object
<LI><a href="#[1ab]">&gt;&gt;</a>&nbsp;&nbsp;&nbsp;print_array
<LI><a href="#[17a]">&gt;&gt;</a>&nbsp;&nbsp;&nbsp;print
</UL>

<P><STRONG><a name="[168]"></a>suffix_object</STRONG> (Thumb, 6 bytes, Stack size 0 bytes, cjson.o(i.suffix_object))
<BR><BR>[Called By]<UL><LI><a href="#[167]">&gt;&gt;</a>&nbsp;&nbsp;&nbsp;add_item_to_array
</UL>

<P><STRONG><a name="[1aa]"></a>update_offset</STRONG> (Thumb, 40 bytes, Stack size 16 bytes, cjson.o(i.update_offset))
<BR><BR>[Stack]<UL><LI>Max Depth = 16<LI>Call Chain = update_offset
</UL>
<BR>[Calls]<UL><LI><a href="#[ce]">&gt;&gt;</a>&nbsp;&nbsp;&nbsp;strlen
</UL>
<BR>[Called By]<UL><LI><a href="#[1af]">&gt;&gt;</a>&nbsp;&nbsp;&nbsp;print_object
<LI><a href="#[1ab]">&gt;&gt;</a>&nbsp;&nbsp;&nbsp;print_array
<LI><a href="#[17a]">&gt;&gt;</a>&nbsp;&nbsp;&nbsp;print
</UL>

<P><STRONG><a name="[145]"></a>MDK_MONTH</STRONG> (Thumb, 126 bytes, Stack size 0 bytes, lorawan_apply.o(i.MDK_MONTH))
<BR><BR>[Called By]<UL><LI><a href="#[13f]">&gt;&gt;</a>&nbsp;&nbsp;&nbsp;LoRaWAN_Init
</UL>

<P><STRONG><a name="[10f]"></a>LL_EXTI_DisableEvent_0_31</STRONG> (Thumb, 12 bytes, Stack size 0 bytes, stm32l0xx_ll_exti.o(i.LL_EXTI_DisableEvent_0_31))
<BR><BR>[Called By]<UL><LI><a href="#[b3]">&gt;&gt;</a>&nbsp;&nbsp;&nbsp;LL_EXTI_Init
</UL>

<P><STRONG><a name="[111]"></a>LL_EXTI_DisableIT_0_31</STRONG> (Thumb, 12 bytes, Stack size 0 bytes, stm32l0xx_ll_exti.o(i.LL_EXTI_DisableIT_0_31))
<BR><BR>[Called By]<UL><LI><a href="#[b3]">&gt;&gt;</a>&nbsp;&nbsp;&nbsp;LL_EXTI_Init
</UL>

<P><STRONG><a name="[112]"></a>LL_EXTI_EnableEvent_0_31</STRONG> (Thumb, 12 bytes, Stack size 0 bytes, stm32l0xx_ll_exti.o(i.LL_EXTI_EnableEvent_0_31))
<BR><BR>[Called By]<UL><LI><a href="#[b3]">&gt;&gt;</a>&nbsp;&nbsp;&nbsp;LL_EXTI_Init
</UL>

<P><STRONG><a name="[114]"></a>LL_EXTI_EnableFallingTrig_0_31</STRONG> (Thumb, 12 bytes, Stack size 0 bytes, stm32l0xx_ll_exti.o(i.LL_EXTI_EnableFallingTrig_0_31))
<BR><BR>[Called By]<UL><LI><a href="#[b3]">&gt;&gt;</a>&nbsp;&nbsp;&nbsp;LL_EXTI_Init
</UL>

<P><STRONG><a name="[110]"></a>LL_EXTI_EnableIT_0_31</STRONG> (Thumb, 12 bytes, Stack size 0 bytes, stm32l0xx_ll_exti.o(i.LL_EXTI_EnableIT_0_31))
<BR><BR>[Called By]<UL><LI><a href="#[b3]">&gt;&gt;</a>&nbsp;&nbsp;&nbsp;LL_EXTI_Init
</UL>

<P><STRONG><a name="[113]"></a>LL_EXTI_EnableRisingTrig_0_31</STRONG> (Thumb, 12 bytes, Stack size 0 bytes, stm32l0xx_ll_exti.o(i.LL_EXTI_EnableRisingTrig_0_31))
<BR><BR>[Called By]<UL><LI><a href="#[b3]">&gt;&gt;</a>&nbsp;&nbsp;&nbsp;LL_EXTI_Init
</UL>

<P><STRONG><a name="[115]"></a>LL_IOP_GRP1_ForceReset</STRONG> (Thumb, 12 bytes, Stack size 0 bytes, stm32l0xx_ll_gpio.o(i.LL_IOP_GRP1_ForceReset))
<BR><BR>[Called By]<UL><LI><a href="#[ac]">&gt;&gt;</a>&nbsp;&nbsp;&nbsp;LL_GPIO_DeInit
</UL>

<P><STRONG><a name="[116]"></a>LL_IOP_GRP1_ReleaseReset</STRONG> (Thumb, 12 bytes, Stack size 0 bytes, stm32l0xx_ll_gpio.o(i.LL_IOP_GRP1_ReleaseReset))
<BR><BR>[Called By]<UL><LI><a href="#[ac]">&gt;&gt;</a>&nbsp;&nbsp;&nbsp;LL_GPIO_DeInit
</UL>

<P><STRONG><a name="[121]"></a>LL_RCC_GetUSARTClockSource</STRONG> (Thumb, 14 bytes, Stack size 0 bytes, stm32l0xx_ll_rcc.o(i.LL_RCC_GetUSARTClockSource))
<BR><BR>[Called By]<UL><LI><a href="#[120]">&gt;&gt;</a>&nbsp;&nbsp;&nbsp;LL_RCC_GetUSARTClockFreq
</UL>

<P><STRONG><a name="[11b]"></a>LL_RCC_HSI_IsReady</STRONG> (Thumb, 12 bytes, Stack size 0 bytes, stm32l0xx_ll_rcc.o(i.LL_RCC_HSI_IsReady))
<BR><BR>[Called By]<UL><LI><a href="#[120]">&gt;&gt;</a>&nbsp;&nbsp;&nbsp;LL_RCC_GetUSARTClockFreq
<LI><a href="#[118]">&gt;&gt;</a>&nbsp;&nbsp;&nbsp;LL_RCC_GetLPUARTClockFreq
</UL>

<P><STRONG><a name="[11c]"></a>LL_RCC_IsActiveFlag_HSIDIV</STRONG> (Thumb, 12 bytes, Stack size 0 bytes, stm32l0xx_ll_rcc.o(i.LL_RCC_IsActiveFlag_HSIDIV))
<BR><BR>[Called By]<UL><LI><a href="#[120]">&gt;&gt;</a>&nbsp;&nbsp;&nbsp;LL_RCC_GetUSARTClockFreq
<LI><a href="#[14b]">&gt;&gt;</a>&nbsp;&nbsp;&nbsp;RCC_PLL_GetFreqDomain_SYS
<LI><a href="#[11a]">&gt;&gt;</a>&nbsp;&nbsp;&nbsp;RCC_GetSystemClockFreq
<LI><a href="#[118]">&gt;&gt;</a>&nbsp;&nbsp;&nbsp;LL_RCC_GetLPUARTClockFreq
</UL>

<P><STRONG><a name="[11d]"></a>LL_RCC_LSE_IsReady</STRONG> (Thumb, 14 bytes, Stack size 0 bytes, stm32l0xx_ll_rcc.o(i.LL_RCC_LSE_IsReady))
<BR><BR>[Called By]<UL><LI><a href="#[120]">&gt;&gt;</a>&nbsp;&nbsp;&nbsp;LL_RCC_GetUSARTClockFreq
<LI><a href="#[118]">&gt;&gt;</a>&nbsp;&nbsp;&nbsp;LL_RCC_GetLPUARTClockFreq
</UL>

<P><STRONG><a name="[14a]"></a>LL_RCC_MSI_GetRange</STRONG> (Thumb, 12 bytes, Stack size 0 bytes, stm32l0xx_ll_rcc.o(i.LL_RCC_MSI_GetRange))
<BR><BR>[Called By]<UL><LI><a href="#[11a]">&gt;&gt;</a>&nbsp;&nbsp;&nbsp;RCC_GetSystemClockFreq
</UL>

<P><STRONG><a name="[11e]"></a>RCC_GetHCLKClockFreq</STRONG> (Thumb, 26 bytes, Stack size 0 bytes, stm32l0xx_ll_rcc.o(i.RCC_GetHCLKClockFreq))
<BR><BR>[Called By]<UL><LI><a href="#[120]">&gt;&gt;</a>&nbsp;&nbsp;&nbsp;LL_RCC_GetUSARTClockFreq
<LI><a href="#[118]">&gt;&gt;</a>&nbsp;&nbsp;&nbsp;LL_RCC_GetLPUARTClockFreq
</UL>

<P><STRONG><a name="[11f]"></a>RCC_GetPCLK1ClockFreq</STRONG> (Thumb, 26 bytes, Stack size 0 bytes, stm32l0xx_ll_rcc.o(i.RCC_GetPCLK1ClockFreq))
<BR><BR>[Called By]<UL><LI><a href="#[120]">&gt;&gt;</a>&nbsp;&nbsp;&nbsp;LL_RCC_GetUSARTClockFreq
<LI><a href="#[118]">&gt;&gt;</a>&nbsp;&nbsp;&nbsp;LL_RCC_GetLPUARTClockFreq
</UL>

<P><STRONG><a name="[122]"></a>RCC_GetPCLK2ClockFreq</STRONG> (Thumb, 26 bytes, Stack size 0 bytes, stm32l0xx_ll_rcc.o(i.RCC_GetPCLK2ClockFreq))
<BR><BR>[Called By]<UL><LI><a href="#[120]">&gt;&gt;</a>&nbsp;&nbsp;&nbsp;LL_RCC_GetUSARTClockFreq
</UL>

<P><STRONG><a name="[11a]"></a>RCC_GetSystemClockFreq</STRONG> (Thumb, 96 bytes, Stack size 8 bytes, stm32l0xx_ll_rcc.o(i.RCC_GetSystemClockFreq))
<BR><BR>[Stack]<UL><LI>Max Depth = 44<LI>Call Chain = RCC_GetSystemClockFreq &rArr; RCC_PLL_GetFreqDomain_SYS &rArr; __aeabi_uidivmod
</UL>
<BR>[Calls]<UL><LI><a href="#[14b]">&gt;&gt;</a>&nbsp;&nbsp;&nbsp;RCC_PLL_GetFreqDomain_SYS
<LI><a href="#[14a]">&gt;&gt;</a>&nbsp;&nbsp;&nbsp;LL_RCC_MSI_GetRange
<LI><a href="#[11c]">&gt;&gt;</a>&nbsp;&nbsp;&nbsp;LL_RCC_IsActiveFlag_HSIDIV
</UL>
<BR>[Called By]<UL><LI><a href="#[120]">&gt;&gt;</a>&nbsp;&nbsp;&nbsp;LL_RCC_GetUSARTClockFreq
<LI><a href="#[118]">&gt;&gt;</a>&nbsp;&nbsp;&nbsp;LL_RCC_GetLPUARTClockFreq
</UL>

<P><STRONG><a name="[14b]"></a>RCC_PLL_GetFreqDomain_SYS</STRONG> (Thumb, 86 bytes, Stack size 24 bytes, stm32l0xx_ll_rcc.o(i.RCC_PLL_GetFreqDomain_SYS))
<BR><BR>[Stack]<UL><LI>Max Depth = 36<LI>Call Chain = RCC_PLL_GetFreqDomain_SYS &rArr; __aeabi_uidivmod
</UL>
<BR>[Calls]<UL><LI><a href="#[11c]">&gt;&gt;</a>&nbsp;&nbsp;&nbsp;LL_RCC_IsActiveFlag_HSIDIV
<LI><a href="#[36]">&gt;&gt;</a>&nbsp;&nbsp;&nbsp;__aeabi_uidivmod
</UL>
<BR>[Called By]<UL><LI><a href="#[11a]">&gt;&gt;</a>&nbsp;&nbsp;&nbsp;RCC_GetSystemClockFreq
</UL>

<P><STRONG><a name="[127]"></a>LL_RTC_ALMA_ConfigTime</STRONG> (Thumb, 60 bytes, Stack size 24 bytes, stm32l0xx_ll_rtc.o(i.LL_RTC_ALMA_ConfigTime))
<BR><BR>[Stack]<UL><LI>Max Depth = 24<LI>Call Chain = LL_RTC_ALMA_ConfigTime
</UL>
<BR>[Called By]<UL><LI><a href="#[123]">&gt;&gt;</a>&nbsp;&nbsp;&nbsp;LL_RTC_ALMA_Init
</UL>

<P><STRONG><a name="[126]"></a>LL_RTC_ALMA_SetDay</STRONG> (Thumb, 28 bytes, Stack size 8 bytes, stm32l0xx_ll_rtc.o(i.LL_RTC_ALMA_SetDay))
<BR><BR>[Stack]<UL><LI>Max Depth = 8<LI>Call Chain = LL_RTC_ALMA_SetDay
</UL>
<BR>[Called By]<UL><LI><a href="#[123]">&gt;&gt;</a>&nbsp;&nbsp;&nbsp;LL_RTC_ALMA_Init
</UL>

<P><STRONG><a name="[12b]"></a>LL_RTC_DATE_Config</STRONG> (Thumb, 62 bytes, Stack size 24 bytes, stm32l0xx_ll_rtc.o(i.LL_RTC_DATE_Config))
<BR><BR>[Stack]<UL><LI>Max Depth = 24<LI>Call Chain = LL_RTC_DATE_Config
</UL>
<BR>[Called By]<UL><LI><a href="#[129]">&gt;&gt;</a>&nbsp;&nbsp;&nbsp;LL_RTC_DATE_Init
</UL>

<P><STRONG><a name="[12c]"></a>LL_RTC_DisableInitMode</STRONG> (Thumb, 8 bytes, Stack size 0 bytes, stm32l0xx_ll_rtc.o(i.LL_RTC_DisableInitMode))
<BR><BR>[Called By]<UL><LI><a href="#[132]">&gt;&gt;</a>&nbsp;&nbsp;&nbsp;LL_RTC_TIME_Init
<LI><a href="#[129]">&gt;&gt;</a>&nbsp;&nbsp;&nbsp;LL_RTC_DATE_Init
</UL>

<P><STRONG><a name="[125]"></a>LL_RTC_DisableWriteProtection</STRONG> (Thumb, 10 bytes, Stack size 0 bytes, stm32l0xx_ll_rtc.o(i.LL_RTC_DisableWriteProtection))
<BR><BR>[Called By]<UL><LI><a href="#[132]">&gt;&gt;</a>&nbsp;&nbsp;&nbsp;LL_RTC_TIME_Init
<LI><a href="#[12f]">&gt;&gt;</a>&nbsp;&nbsp;&nbsp;LL_RTC_DeInit
<LI><a href="#[129]">&gt;&gt;</a>&nbsp;&nbsp;&nbsp;LL_RTC_DATE_Init
<LI><a href="#[123]">&gt;&gt;</a>&nbsp;&nbsp;&nbsp;LL_RTC_ALMA_Init
</UL>

<P><STRONG><a name="[128]"></a>LL_RTC_EnableWriteProtection</STRONG> (Thumb, 6 bytes, Stack size 0 bytes, stm32l0xx_ll_rtc.o(i.LL_RTC_EnableWriteProtection))
<BR><BR>[Called By]<UL><LI><a href="#[132]">&gt;&gt;</a>&nbsp;&nbsp;&nbsp;LL_RTC_TIME_Init
<LI><a href="#[12f]">&gt;&gt;</a>&nbsp;&nbsp;&nbsp;LL_RTC_DeInit
<LI><a href="#[129]">&gt;&gt;</a>&nbsp;&nbsp;&nbsp;LL_RTC_DATE_Init
<LI><a href="#[123]">&gt;&gt;</a>&nbsp;&nbsp;&nbsp;LL_RTC_ALMA_Init
</UL>

<P><STRONG><a name="[124]"></a>LL_RTC_GetHourFormat</STRONG> (Thumb, 10 bytes, Stack size 0 bytes, stm32l0xx_ll_rtc.o(i.LL_RTC_GetHourFormat))
<BR><BR>[Called By]<UL><LI><a href="#[132]">&gt;&gt;</a>&nbsp;&nbsp;&nbsp;LL_RTC_TIME_Init
<LI><a href="#[123]">&gt;&gt;</a>&nbsp;&nbsp;&nbsp;LL_RTC_ALMA_Init
</UL>

<P><STRONG><a name="[130]"></a>LL_RTC_IsActiveFlag_INIT</STRONG> (Thumb, 12 bytes, Stack size 0 bytes, stm32l0xx_ll_rtc.o(i.LL_RTC_IsActiveFlag_INIT))
<BR><BR>[Called By]<UL><LI><a href="#[12a]">&gt;&gt;</a>&nbsp;&nbsp;&nbsp;LL_RTC_EnterInitMode
</UL>

<P><STRONG><a name="[134]"></a>LL_RTC_IsActiveFlag_RS</STRONG> (Thumb, 12 bytes, Stack size 0 bytes, stm32l0xx_ll_rtc.o(i.LL_RTC_IsActiveFlag_RS))
<BR><BR>[Called By]<UL><LI><a href="#[12e]">&gt;&gt;</a>&nbsp;&nbsp;&nbsp;LL_RTC_WaitForSynchro
</UL>

<P><STRONG><a name="[12d]"></a>LL_RTC_IsShadowRegBypassEnabled</STRONG> (Thumb, 12 bytes, Stack size 0 bytes, stm32l0xx_ll_rtc.o(i.LL_RTC_IsShadowRegBypassEnabled))
<BR><BR>[Called By]<UL><LI><a href="#[132]">&gt;&gt;</a>&nbsp;&nbsp;&nbsp;LL_RTC_TIME_Init
<LI><a href="#[129]">&gt;&gt;</a>&nbsp;&nbsp;&nbsp;LL_RTC_DATE_Init
</UL>

<P><STRONG><a name="[133]"></a>LL_RTC_TIME_Config</STRONG> (Thumb, 60 bytes, Stack size 24 bytes, stm32l0xx_ll_rtc.o(i.LL_RTC_TIME_Config))
<BR><BR>[Stack]<UL><LI>Max Depth = 24<LI>Call Chain = LL_RTC_TIME_Config
</UL>
<BR>[Called By]<UL><LI><a href="#[132]">&gt;&gt;</a>&nbsp;&nbsp;&nbsp;LL_RTC_TIME_Init
</UL>

<P><STRONG><a name="[131]"></a>LL_SYSTICK_IsActiveCounterFlag</STRONG> (Thumb, 14 bytes, Stack size 0 bytes, stm32l0xx_ll_rtc.o(i.LL_SYSTICK_IsActiveCounterFlag))
<BR><BR>[Called By]<UL><LI><a href="#[12e]">&gt;&gt;</a>&nbsp;&nbsp;&nbsp;LL_RTC_WaitForSynchro
<LI><a href="#[12a]">&gt;&gt;</a>&nbsp;&nbsp;&nbsp;LL_RTC_EnterInitMode
</UL>

<P><STRONG><a name="[135]"></a>LL_APB1_GRP1_ForceReset</STRONG> (Thumb, 12 bytes, Stack size 0 bytes, stm32l0xx_ll_tim.o(i.LL_APB1_GRP1_ForceReset))
<BR><BR>[Called By]<UL><LI><a href="#[cd]">&gt;&gt;</a>&nbsp;&nbsp;&nbsp;LL_TIM_DeInit
</UL>

<P><STRONG><a name="[136]"></a>LL_APB1_GRP1_ReleaseReset</STRONG> (Thumb, 12 bytes, Stack size 0 bytes, stm32l0xx_ll_tim.o(i.LL_APB1_GRP1_ReleaseReset))
<BR><BR>[Called By]<UL><LI><a href="#[cd]">&gt;&gt;</a>&nbsp;&nbsp;&nbsp;LL_TIM_DeInit
</UL>

<P><STRONG><a name="[137]"></a>LL_APB2_GRP1_ForceReset</STRONG> (Thumb, 12 bytes, Stack size 0 bytes, stm32l0xx_ll_tim.o(i.LL_APB2_GRP1_ForceReset))
<BR><BR>[Called By]<UL><LI><a href="#[cd]">&gt;&gt;</a>&nbsp;&nbsp;&nbsp;LL_TIM_DeInit
</UL>

<P><STRONG><a name="[138]"></a>LL_APB2_GRP1_ReleaseReset</STRONG> (Thumb, 12 bytes, Stack size 0 bytes, stm32l0xx_ll_tim.o(i.LL_APB2_GRP1_ReleaseReset))
<BR><BR>[Called By]<UL><LI><a href="#[cd]">&gt;&gt;</a>&nbsp;&nbsp;&nbsp;LL_TIM_DeInit
</UL>

<P><STRONG><a name="[139]"></a>OC1Config</STRONG> (Thumb, 72 bytes, Stack size 16 bytes, stm32l0xx_ll_tim.o(i.OC1Config))
<BR><BR>[Stack]<UL><LI>Max Depth = 16<LI>Call Chain = OC1Config
</UL>
<BR>[Called By]<UL><LI><a href="#[c5]">&gt;&gt;</a>&nbsp;&nbsp;&nbsp;LL_TIM_OC_Init
</UL>

<P><STRONG><a name="[13a]"></a>OC2Config</STRONG> (Thumb, 88 bytes, Stack size 16 bytes, stm32l0xx_ll_tim.o(i.OC2Config))
<BR><BR>[Stack]<UL><LI>Max Depth = 16<LI>Call Chain = OC2Config
</UL>
<BR>[Called By]<UL><LI><a href="#[c5]">&gt;&gt;</a>&nbsp;&nbsp;&nbsp;LL_TIM_OC_Init
</UL>

<P><STRONG><a name="[13b]"></a>OC3Config</STRONG> (Thumb, 84 bytes, Stack size 16 bytes, stm32l0xx_ll_tim.o(i.OC3Config))
<BR><BR>[Stack]<UL><LI>Max Depth = 16<LI>Call Chain = OC3Config
</UL>
<BR>[Called By]<UL><LI><a href="#[c5]">&gt;&gt;</a>&nbsp;&nbsp;&nbsp;LL_TIM_OC_Init
</UL>

<P><STRONG><a name="[13c]"></a>OC4Config</STRONG> (Thumb, 94 bytes, Stack size 16 bytes, stm32l0xx_ll_tim.o(i.OC4Config))
<BR><BR>[Stack]<UL><LI>Max Depth = 16<LI>Call Chain = OC4Config
</UL>
<BR>[Called By]<UL><LI><a href="#[c5]">&gt;&gt;</a>&nbsp;&nbsp;&nbsp;LL_TIM_OC_Init
</UL>

<P><STRONG><a name="[13d]"></a>LL_USART_IsEnabled</STRONG> (Thumb, 16 bytes, Stack size 0 bytes, stm32l0xx_ll_usart.o(i.LL_USART_IsEnabled))
<BR><BR>[Called By]<UL><LI><a href="#[bb]">&gt;&gt;</a>&nbsp;&nbsp;&nbsp;LL_USART_Init
</UL>

<P><STRONG><a name="[ee]"></a>FLASH_SetErrorCode</STRONG> (Thumb, 230 bytes, Stack size 0 bytes, stm32l0xx_hal_flash.o(i.FLASH_SetErrorCode))
<BR><BR>[Called By]<UL><LI><a href="#[ed]">&gt;&gt;</a>&nbsp;&nbsp;&nbsp;FLASH_WaitForLastOperation
</UL>

<P><STRONG><a name="[164]"></a>_fp_digits</STRONG> (Thumb, 344 bytes, Stack size 64 bytes, printfa.o(i._fp_digits), UNUSED)
<BR><BR>[Calls]<UL><LI><a href="#[4e]">&gt;&gt;</a>&nbsp;&nbsp;&nbsp;__aeabi_ddiv
<LI><a href="#[47]">&gt;&gt;</a>&nbsp;&nbsp;&nbsp;__aeabi_dadd
<LI><a href="#[4d]">&gt;&gt;</a>&nbsp;&nbsp;&nbsp;__aeabi_dmul
<LI><a href="#[fb]">&gt;&gt;</a>&nbsp;&nbsp;&nbsp;__aeabi_cdrcmple
<LI><a href="#[63]">&gt;&gt;</a>&nbsp;&nbsp;&nbsp;__aeabi_d2ulz
<LI><a href="#[37]">&gt;&gt;</a>&nbsp;&nbsp;&nbsp;__aeabi_uldivmod
</UL>
<BR>[Called By]<UL><LI><a href="#[160]">&gt;&gt;</a>&nbsp;&nbsp;&nbsp;_printf_core
</UL>

<P><STRONG><a name="[160]"></a>_printf_core</STRONG> (Thumb, 1760 bytes, Stack size 128 bytes, printfa.o(i._printf_core), UNUSED)
<BR><BR>[Calls]<UL><LI><a href="#[165]">&gt;&gt;</a>&nbsp;&nbsp;&nbsp;_printf_pre_padding
<LI><a href="#[166]">&gt;&gt;</a>&nbsp;&nbsp;&nbsp;_printf_post_padding
<LI><a href="#[164]">&gt;&gt;</a>&nbsp;&nbsp;&nbsp;_fp_digits
<LI><a href="#[37]">&gt;&gt;</a>&nbsp;&nbsp;&nbsp;__aeabi_uldivmod
<LI><a href="#[36]">&gt;&gt;</a>&nbsp;&nbsp;&nbsp;__aeabi_uidivmod
</UL>
<BR>[Called By]<UL><LI><a href="#[162]">&gt;&gt;</a>&nbsp;&nbsp;&nbsp;__0vsnprintf
<LI><a href="#[161]">&gt;&gt;</a>&nbsp;&nbsp;&nbsp;__0sprintf
<LI><a href="#[15f]">&gt;&gt;</a>&nbsp;&nbsp;&nbsp;__0snprintf
</UL>

<P><STRONG><a name="[166]"></a>_printf_post_padding</STRONG> (Thumb, 32 bytes, Stack size 24 bytes, printfa.o(i._printf_post_padding), UNUSED)
<BR><BR>[Called By]<UL><LI><a href="#[160]">&gt;&gt;</a>&nbsp;&nbsp;&nbsp;_printf_core
</UL>

<P><STRONG><a name="[165]"></a>_printf_pre_padding</STRONG> (Thumb, 44 bytes, Stack size 40 bytes, printfa.o(i._printf_pre_padding), UNUSED)
<BR><BR>[Called By]<UL><LI><a href="#[160]">&gt;&gt;</a>&nbsp;&nbsp;&nbsp;_printf_core
</UL>

<P><STRONG><a name="[2a]"></a>_snputc</STRONG> (Thumb, 22 bytes, Stack size 0 bytes, printfa.o(i._snputc))
<BR>[Address Reference Count : 2]<UL><LI> printfa.o(i.__0snprintf)
<LI> printfa.o(i.__0vsnprintf)
</UL>
<P><STRONG><a name="[2b]"></a>_sputc</STRONG> (Thumb, 10 bytes, Stack size 0 bytes, printfa.o(i._sputc))
<BR><BR>[Called By]<UL><LI><a href="#[161]">&gt;&gt;</a>&nbsp;&nbsp;&nbsp;__0sprintf
</UL>
<BR>[Address Reference Count : 1]<UL><LI> printfa.o(i.__0sprintf)
</UL>
<P><STRONG><a name="[163]"></a>internal_alloc</STRONG> (Thumb, 74 bytes, Stack size 24 bytes, mallocr.o(i.internal_alloc))
<BR><BR>[Stack]<UL><LI>Max Depth = 32<LI>Call Chain = internal_alloc &rArr; __aeabi_memcpy
</UL>
<BR>[Calls]<UL><LI><a href="#[143]">&gt;&gt;</a>&nbsp;&nbsp;&nbsp;__aeabi_memcpy
</UL>
<BR>[Called By]<UL><LI><a href="#[2f]">&gt;&gt;</a>&nbsp;&nbsp;&nbsp;realloc
<LI><a href="#[2d]">&gt;&gt;</a>&nbsp;&nbsp;&nbsp;malloc
</UL>

<P><STRONG><a name="[59]"></a>_fp_value</STRONG> (Thumb, 286 bytes, Stack size 72 bytes, scanf_fp.o(.text), UNUSED)
<BR><BR>[Calls]<UL><LI><a href="#[4e]">&gt;&gt;</a>&nbsp;&nbsp;&nbsp;__aeabi_ddiv
<LI><a href="#[4d]">&gt;&gt;</a>&nbsp;&nbsp;&nbsp;__aeabi_dmul
<LI><a href="#[56]">&gt;&gt;</a>&nbsp;&nbsp;&nbsp;__aeabi_lmul
<LI><a href="#[5a]">&gt;&gt;</a>&nbsp;&nbsp;&nbsp;__aeabi_ul2d
</UL>
<BR>[Called By]<UL><LI><a href="#[5b]">&gt;&gt;</a>&nbsp;&nbsp;&nbsp;_scanf_really_real
</UL>

<P><STRONG><a name="[24]"></a>_scanf_char_input</STRONG> (Thumb, 12 bytes, Stack size 0 bytes, scanf_char.o(.text))
<BR>[Address Reference Count : 1]<UL><LI> scanf_char.o(.text)
</UL>
<P><STRONG><a name="[5e]"></a>_local_sscanf</STRONG> (Thumb, 54 bytes, Stack size 56 bytes, strtod.o(.text))
<BR><BR>[Stack]<UL><LI>Max Depth = 160<LI>Call Chain = _local_sscanf &rArr; _scanf_real
</UL>
<BR>[Calls]<UL><LI><a href="#[5f]">&gt;&gt;</a>&nbsp;&nbsp;&nbsp;_scanf_real
</UL>
<BR>[Called By]<UL><LI><a href="#[60]">&gt;&gt;</a>&nbsp;&nbsp;&nbsp;__strtod_int
</UL>
<P>
<H3>
Undefined Global Symbols
</H3>
<P><STRONG><a name="[34]"></a>__arm_fini_</STRONG> (Unknown, 0 bytes, Stack size 0 bytes, UNDEFINED)
<BR><BR>[Called By]<UL><LI><a href="#[33]">&gt;&gt;</a>&nbsp;&nbsp;&nbsp;__rt_lib_shutdown_fini
</UL>
<HR></body></html>
